    Blocking waiting for file lock on build directory
   Compiling rusty-db v0.1.0 (F:\temp\rusty-db)
error[E0412]: cannot find type `Mutex` in this scope
   --> src\security\secure_gc.rs:354:18
    |
354 |     free_blocks: Mutex<VecDeque<*mut u8>>,
    |                  ^^^^^ not found in this scope
    |
help: consider importing one of these items
    |
41  + use std::sync::Mutex;
    |
41  + use futures::lock::Mutex;
    |
41  + use futures_util::lock::Mutex;
    |
41  + use parking_lot::Mutex;
    |
      and 1 other candidate

error[E0433]: failed to resolve: use of undeclared type `Mutex`
   --> src\security\secure_gc.rs:368:26
    |
368 |             free_blocks: Mutex::new(VecDeque::with_capacity(initial_capacity)),
    |                          ^^^^^ use of undeclared type `Mutex`
    |
help: consider importing one of these items
    |
41  + use std::sync::Mutex;
    |
41  + use futures::lock::Mutex;
    |
41  + use futures_util::lock::Mutex;
    |
41  + use parking_lot::Mutex;
    |
      and 1 other candidate

error[E0412]: cannot find type `Mutex` in this scope
   --> src\security\secure_gc.rs:597:16
    |
597 |     queue: Arc<Mutex<VecDeque<SanitizationTask>>>,
    |                ^^^^^ not found in this scope
    |
help: consider importing one of these items
    |
41  + use std::sync::Mutex;
    |
41  + use futures::lock::Mutex;
    |
41  + use futures_util::lock::Mutex;
    |
41  + use parking_lot::Mutex;
    |
      and 1 other candidate

error[E0433]: failed to resolve: use of undeclared type `Mutex`
   --> src\security\secure_gc.rs:617:29
    |
617 |             queue: Arc::new(Mutex::new(VecDeque::with_capacity(max_queue_size))),
    |                             ^^^^^ use of undeclared type `Mutex`
    |
help: consider importing one of these items
    |
41  + use std::sync::Mutex;
    |
41  + use futures::lock::Mutex;
    |
41  + use futures_util::lock::Mutex;
    |
41  + use parking_lot::Mutex;
    |
      and 1 other candidate

error[E0412]: cannot find type `Mutex` in this scope
   --> src\security\secure_gc.rs:712:18
    |
712 |     regions: Arc<Mutex<HashMap<usize, HeapRegion>>>,
    |                  ^^^^^ not found in this scope
    |
help: consider importing one of these items
    |
41  + use std::sync::Mutex;
    |
41  + use futures::lock::Mutex;
    |
41  + use futures_util::lock::Mutex;
    |
41  + use parking_lot::Mutex;
    |
      and 1 other candidate

error[E0433]: failed to resolve: use of undeclared type `Mutex`
   --> src\security\secure_gc.rs:735:31
    |
735 |             regions: Arc::new(Mutex::new(HashMap::new())),
    |                               ^^^^^ use of undeclared type `Mutex`
    |
help: consider importing one of these items
    |
41  + use std::sync::Mutex;
    |
41  + use futures::lock::Mutex;
    |
41  + use futures_util::lock::Mutex;
    |
41  + use parking_lot::Mutex;
    |
      and 1 other candidate

error[E0412]: cannot find type `Mutex` in this scope
   --> src\security\auto_recovery.rs:243:25
    |
243 |     crash_callback: Arc<Mutex<Option<Box<dyn Fn(u32, String) + Send + Sync>>>>,
    |                         ^^^^^ not found in this scope
    |
help: consider importing one of these items
    |
42  + use std::sync::Mutex;
    |
42  + use futures::lock::Mutex;
    |
42  + use futures_util::lock::Mutex;
    |
42  + use parking_lot::Mutex;
    |
      and 1 other candidate

error[E0433]: failed to resolve: use of undeclared type `Mutex`
   --> src\security\auto_recovery.rs:261:38
    |
261 |             crash_callback: Arc::new(Mutex::new(None)),
    |                                      ^^^^^ use of undeclared type `Mutex`
    |
help: consider importing one of these items
    |
42  + use std::sync::Mutex;
    |
42  + use futures::lock::Mutex;
    |
42  + use futures_util::lock::Mutex;
    |
42  + use parking_lot::Mutex;
    |
      and 1 other candidate

error[E0425]: cannot find function `interval` in this scope
   --> src\security\auto_recovery.rs:306:28
    |
306 |         let mut interval = interval(Duration::from_secs(1));
    |                            ^^^^^^^^ not found in this scope
    |
help: consider importing this function
    |
42  + use tokio::time::interval;
    |

error[E0412]: cannot find type `Mutex` in this scope
   --> src\security\auto_recovery.rs:390:25
    |
390 |     rollback_queue: Arc<Mutex<VecDeque<u64>>>,
    |                         ^^^^^ not found in this scope
    |
help: consider importing one of these items
    |
42  + use std::sync::Mutex;
    |
42  + use futures::lock::Mutex;
    |
42  + use futures_util::lock::Mutex;
    |
42  + use parking_lot::Mutex;
    |
      and 1 other candidate

error[E0433]: failed to resolve: use of undeclared type `Mutex`
   --> src\security\auto_recovery.rs:408:38
    |
408 |             rollback_queue: Arc::new(Mutex::new(VecDeque::new())),
    |                                      ^^^^^ use of undeclared type `Mutex`
    |
help: consider importing one of these items
    |
42  + use std::sync::Mutex;
    |
42  + use futures::lock::Mutex;
    |
42  + use futures_util::lock::Mutex;
    |
42  + use parking_lot::Mutex;
    |
      and 1 other candidate

error[E0425]: cannot find function `sleep` in this scope
   --> src\security\auto_recovery.rs:494:9
    |
494 |         sleep(Duration::from_micros(100)).await;
    |         ^^^^^ not found in this scope
    |
help: consider importing one of these functions
    |
42  + use std::thread::sleep;
    |
42  + use tokio::time::sleep;
    |

error[E0412]: cannot find type `Mutex` in this scope
   --> src\security\auto_recovery.rs:556:30
    |
556 |     corruption_callback: Arc<Mutex<Option<Box<dyn Fn(PageCorruption) + Send + Sync>>>>,
    |                              ^^^^^ not found in this scope
    |
help: consider importing one of these items
    |
42  + use std::sync::Mutex;
    |
42  + use futures::lock::Mutex;
    |
42  + use futures_util::lock::Mutex;
    |
42  + use parking_lot::Mutex;
    |
      and 1 other candidate

error[E0433]: failed to resolve: use of undeclared type `Mutex`
   --> src\security\auto_recovery.rs:574:43
    |
574 |             corruption_callback: Arc::new(Mutex::new(None)),
    |                                           ^^^^^ use of undeclared type `Mutex`
    |
help: consider importing one of these items
    |
42  + use std::sync::Mutex;
    |
42  + use futures::lock::Mutex;
    |
42  + use futures_util::lock::Mutex;
    |
42  + use parking_lot::Mutex;
    |
      and 1 other candidate

error[E0425]: cannot find function `interval` in this scope
   --> src\security\auto_recovery.rs:589:28
    |
589 |         let mut interval = interval(Duration::from_millis(interval_ms as u64));
    |                            ^^^^^^^^ not found in this scope
    |
help: consider importing this function
    |
42  + use tokio::time::interval;
    |

error[E0425]: cannot find function `sleep` in this scope
   --> src\security\auto_recovery.rs:784:9
    |
784 |         sleep(Duration::from_millis(10)).await;
    |         ^^^^^ not found in this scope
    |
help: consider importing one of these functions
    |
42  + use std::thread::sleep;
    |
42  + use tokio::time::sleep;
    |

error[E0425]: cannot find function `sleep` in this scope
   --> src\security\auto_recovery.rs:800:9
    |
800 |         sleep(Duration::from_millis(5)).await;
    |         ^^^^^ not found in this scope
    |
help: consider importing one of these functions
    |
42  + use std::thread::sleep;
    |
42  + use tokio::time::sleep;
    |

error[E0425]: cannot find function `sleep` in this scope
   --> src\security\auto_recovery.rs:811:9
    |
811 |         sleep(Duration::from_millis(100)).await;
    |         ^^^^^ not found in this scope
    |
help: consider importing one of these functions
    |
42  + use std::thread::sleep;
    |
42  + use tokio::time::sleep;
    |

error[E0425]: cannot find function `interval` in this scope
   --> src\security\auto_recovery.rs:885:28
    |
885 |         let mut interval = interval(self.checkpoint_interval);
    |                            ^^^^^^^^ not found in this scope
    |
help: consider importing this function
    |
42  + use tokio::time::interval;
    |

error[E0425]: cannot find function `sleep` in this scope
   --> src\security\auto_recovery.rs:909:9
    |
909 |         sleep(Duration::from_millis(50)).await;
    |         ^^^^^ not found in this scope
    |
help: consider importing one of these functions
    |
42  + use std::thread::sleep;
    |
42  + use tokio::time::sleep;
    |

error[E0425]: cannot find function `sleep` in this scope
   --> src\security\auto_recovery.rs:955:9
    |
955 |         sleep(Duration::from_millis(100)).await;
    |         ^^^^^ not found in this scope
    |
help: consider importing one of these functions
    |
42  + use std::thread::sleep;
    |
42  + use tokio::time::sleep;
    |

error[E0412]: cannot find type `Mutex` in this scope
    --> src\security\auto_recovery.rs:1052:18
     |
1052 |     history: Arc<Mutex<VecDeque<HealthMetrics>>>,
     |                  ^^^^^ not found in this scope
     |
help: consider importing one of these items
     |
42   + use std::sync::Mutex;
     |
42   + use futures::lock::Mutex;
     |
42   + use futures_util::lock::Mutex;
     |
42   + use parking_lot::Mutex;
     |
       and 1 other candidate

error[E0412]: cannot find type `Mutex` in this scope
    --> src\security\auto_recovery.rs:1054:26
     |
1054 |     health_callback: Arc<Mutex<Option<Box<dyn Fn(HealthMetrics) + Send + Sync>>>>,
     |                          ^^^^^ not found in this scope
     |
help: consider importing one of these items
     |
42   + use std::sync::Mutex;
     |
42   + use futures::lock::Mutex;
     |
42   + use futures_util::lock::Mutex;
     |
42   + use parking_lot::Mutex;
     |
       and 1 other candidate

error[E0433]: failed to resolve: use of undeclared type `Mutex`
    --> src\security\auto_recovery.rs:1073:31
     |
1073 |             history: Arc::new(Mutex::new(VecDeque::with_capacity(1000))),
     |                               ^^^^^ use of undeclared type `Mutex`
     |
help: consider importing one of these items
     |
42   + use std::sync::Mutex;
     |
42   + use futures::lock::Mutex;
     |
42   + use futures_util::lock::Mutex;
     |
42   + use parking_lot::Mutex;
     |
       and 1 other candidate

error[E0433]: failed to resolve: use of undeclared type `Mutex`
    --> src\security\auto_recovery.rs:1074:39
     |
1074 |             health_callback: Arc::new(Mutex::new(None)),
     |                                       ^^^^^ use of undeclared type `Mutex`
     |
help: consider importing one of these items
     |
42   + use std::sync::Mutex;
     |
42   + use futures::lock::Mutex;
     |
42   + use futures_util::lock::Mutex;
     |
42   + use parking_lot::Mutex;
     |
       and 1 other candidate

error[E0425]: cannot find function `interval` in this scope
    --> src\security\auto_recovery.rs:1089:28
     |
1089 |         let mut interval = interval(self.interval);
     |                            ^^^^^^^^
     |
help: you might have meant to use the available field
     |
1089 |         let mut interval = self.interval(self.interval);
     |                            +++++
help: consider importing this function
     |
42   + use tokio::time::interval;
     |

error[E0425]: cannot find function `sleep` in this scope
    --> src\security\auto_recovery.rs:1344:9
     |
1344 |         sleep(Duration::from_millis(100)).await;
     |         ^^^^^ not found in this scope
     |
help: consider importing one of these functions
     |
42   + use std::thread::sleep;
     |
42   + use tokio::time::sleep;
     |

error[E0425]: cannot find function `sleep` in this scope
    --> src\security\auto_recovery.rs:1350:9
     |
1350 |         sleep(Duration::from_millis(50)).await;
     |         ^^^^^ not found in this scope
     |
help: consider importing one of these functions
     |
42   + use std::thread::sleep;
     |
42   + use tokio::time::sleep;
     |

error[E0425]: cannot find function `sleep` in this scope
    --> src\security\auto_recovery.rs:1356:9
     |
1356 |         sleep(Duration::from_millis(20)).await;
     |         ^^^^^ not found in this scope
     |
help: consider importing one of these functions
     |
42   + use std::thread::sleep;
     |
42   + use tokio::time::sleep;
     |

error[E0425]: cannot find function `sleep` in this scope
    --> src\security\auto_recovery.rs:1362:9
     |
1362 |         sleep(Duration::from_millis(10)).await;
     |         ^^^^^ not found in this scope
     |
help: consider importing one of these functions
     |
42   + use std::thread::sleep;
     |
42   + use tokio::time::sleep;
     |

error[E0425]: cannot find function `sleep` in this scope
    --> src\security\auto_recovery.rs:1608:13
     |
1608 |             sleep(Duration::from_secs(5)).await;
     |             ^^^^^ not found in this scope
     |
help: consider importing one of these functions
     |
42   + use std::thread::sleep;
     |
42   + use tokio::time::sleep;
     |

error[E0425]: cannot find function `interval` in this scope
    --> src\security\auto_recovery.rs:1722:28
     |
1722 |         let mut interval = interval(Duration::from_secs(10));
     |                            ^^^^^^^^ not found in this scope
     |
help: consider importing this function
     |
42   + use tokio::time::interval;
     |

error[E0425]: cannot find function `interval` in this scope
    --> src\security\auto_recovery.rs:1734:28
     |
1734 |         let mut interval = interval(Duration::from_secs(60));
     |                            ^^^^^^^^ not found in this scope
     |
help: consider importing this function
     |
42   + use tokio::time::interval;
     |

error[E0412]: cannot find type `Mutex` in this scope
   --> src\security\circuit_breaker.rs:161:24
    |
161 |     call_outcomes: Arc<Mutex<VecDeque<CallOutcome>>>,
    |                        ^^^^^ not found in this scope
    |
help: consider importing one of these items
    |
26  + use std::sync::Mutex;
    |
26  + use futures::lock::Mutex;
    |
26  + use futures_util::lock::Mutex;
    |
26  + use parking_lot::Mutex;
    |
      and 1 other candidate

error[E0433]: failed to resolve: use of undeclared type `Mutex`
   --> src\security\circuit_breaker.rs:179:37
    |
179 |             call_outcomes: Arc::new(Mutex::new(VecDeque::new())),
    |                                     ^^^^^ use of undeclared type `Mutex`
    |
help: consider importing one of these items
    |
26  + use std::sync::Mutex;
    |
26  + use futures::lock::Mutex;
    |
26  + use futures_util::lock::Mutex;
    |
26  + use parking_lot::Mutex;
    |
      and 1 other candidate

error[E0412]: cannot find type `Mutex` in this scope
   --> src\security\circuit_breaker.rs:397:16
    |
397 |     latencies: Mutex<VecDeque<Duration>>,
    |                ^^^^^ not found in this scope
    |
help: consider importing one of these items
    |
26  + use std::sync::Mutex;
    |
26  + use futures::lock::Mutex;
    |
26  + use futures_util::lock::Mutex;
    |
26  + use parking_lot::Mutex;
    |
      and 1 other candidate

error[E0433]: failed to resolve: use of undeclared type `Mutex`
   --> src\security\circuit_breaker.rs:407:24
    |
407 |             latencies: Mutex::new(VecDeque::new()),
    |                        ^^^^^ use of undeclared type `Mutex`
    |
help: consider importing one of these items
    |
26  + use std::sync::Mutex;
    |
26  + use futures::lock::Mutex;
    |
26  + use futures_util::lock::Mutex;
    |
26  + use parking_lot::Mutex;
    |
      and 1 other candidate

error[E0412]: cannot find type `Mutex` in this scope
    --> src\security\circuit_breaker.rs:1119:19
     |
1119 |     outcomes: Arc<Mutex<VecDeque<bool>>>, // true = success, false = failure
     |                   ^^^^^ not found in this scope
     |
help: consider importing one of these items
     |
26   + use std::sync::Mutex;
     |
26   + use futures::lock::Mutex;
     |
26   + use futures_util::lock::Mutex;
     |
26   + use parking_lot::Mutex;
     |
       and 1 other candidate

error[E0433]: failed to resolve: use of undeclared type `Mutex`
    --> src\security\circuit_breaker.rs:1133:32
     |
1133 |             outcomes: Arc::new(Mutex::new(VecDeque::new())),
     |                                ^^^^^ use of undeclared type `Mutex`
     |
help: consider importing one of these items
     |
26   + use std::sync::Mutex;
     |
26   + use futures::lock::Mutex;
     |
26   + use futures_util::lock::Mutex;
     |
26   + use parking_lot::Mutex;
     |
       and 1 other candidate

warning: unused imports: `IoSliceMut` and `IoSlice`
 --> src\storage\disk.rs:2:44
  |
2 | use std::io::{Read, Seek, SeekFrom, Write, IoSlice, IoSliceMut};
  |                                            ^^^^^^^  ^^^^^^^^^^
  |
  = note: `#[warn(unused_imports)]` on by default

warning: unused import: `INVALID_FRAME_ID`
  --> src\buffer\eviction.rs:21:55
   |
21 | use crate::buffer::page_cache::{BufferFrame, FrameId, INVALID_FRAME_ID};
   |                                                       ^^^^^^^^^^^^^^^^

warning: unused import: `AtomicUsize`
  --> src\buffer\eviction.rs:24:47
   |
24 | use std::sync::atomic::{AtomicU32, AtomicU64, AtomicUsize, Ordering};
   |                                               ^^^^^^^^^^^

warning: unused imports: `INVALID_FRAME_ID` and `PAGE_SIZE`
  --> src\buffer\manager.rs:39:5
   |
39 |     INVALID_FRAME_ID, INVALID_PAGE_ID, PAGE_SIZE,
   |     ^^^^^^^^^^^^^^^^                   ^^^^^^^^^

warning: unused import: `AtomicUsize`
  --> src\buffer\manager.rs:46:48
   |
46 | use std::sync::atomic::{AtomicBool, AtomicU64, AtomicUsize, Ordering};
   |                                                ^^^^^^^^^^^

warning: unexpected `cfg` condition value: `libc`
   --> src\buffer\manager.rs:384:36
    |
384 |     #[cfg(all(target_os = "linux", feature = "libc"))]
    |                                    ^^^^^^^^^^^^^^^^
    |
    = note: expected values for `feature` are: `default`, `iocp`, and `simd`
    = help: consider adding `libc` as a feature in `Cargo.toml`
    = note: see <https://doc.rust-lang.org/nightly/rustc/check-cfg/cargo-specifics.html> for more information about checking conditional configuration
    = note: `#[warn(unexpected_cfgs)]` on by default

warning: unexpected `cfg` condition value: `libc`
   --> src\buffer\manager.rs:390:40
    |
390 |     #[cfg(not(all(target_os = "linux", feature = "libc")))]
    |                                        ^^^^^^^^^^^^^^^^
    |
    = note: expected values for `feature` are: `default`, `iocp`, and `simd`
    = help: consider adding `libc` as a feature in `Cargo.toml`
    = note: see <https://doc.rust-lang.org/nightly/rustc/check-cfg/cargo-specifics.html> for more information about checking conditional configuration

warning: unused import: `Duration`
  --> src\buffer\page_cache.rs:17:17
   |
17 | use std::time::{Duration, Instant};
   |                 ^^^^^^^^

warning: unused import: `AtomicUsize`
  --> src\buffer\prefetch.rs:30:48
   |
30 | use std::sync::atomic::{AtomicBool, AtomicU64, AtomicUsize, Ordering};
   |                                                ^^^^^^^^^^^

warning: unused import: `HashSet`
  --> src\memory\buffer_pool.rs:37:53
   |
37 | use std::collections::{HashMap, VecDeque, BTreeMap, HashSet};
   |                                                     ^^^^^^^

warning: unused import: `RwLock`
  --> src\memory\buffer_pool.rs:39:22
   |
39 | use std::sync::{Arc, RwLock};
   |                      ^^^^^^

warning: unused import: `SystemTime`
  --> src\memory\buffer_pool.rs:40:36
   |
40 | use std::time::{Duration, Instant, SystemTime};
   |                                    ^^^^^^^^^^

warning: unused import: `AtomicBool`
  --> src\transaction\occ.rs:21:36
   |
21 | use std::sync::atomic::{AtomicU64, AtomicBool, Ordering};
   |                                    ^^^^^^^^^^

warning: unused import: `AggregateFunction`
 --> src\execution\optimizer.rs:1:43
  |
1 | use crate::execution::planner::{PlanNode, AggregateFunction};
  |                                           ^^^^^^^^^^^^^^^^^

warning: unused imports: `BTreeMap` and `HashSet`
 --> src\execution\optimizer.rs:4:33
  |
4 | use std::collections::{HashMap, HashSet, BTreeMap};
  |                                 ^^^^^^^  ^^^^^^^^

warning: unused import: `super::*`
   --> src\execution\cte.rs:811:9
    |
811 |     use super::*;
    |         ^^^^^^^^

warning: unused import: `std::collections::HashSet`
  --> src\execution\subquery.rs:14:5
   |
14 | use std::collections::HashSet;
   |     ^^^^^^^^^^^^^^^^^^^^^^^^^

warning: unused import: `tokio::task::JoinHandle`
  --> src\execution\parallel.rs:16:5
   |
16 | use tokio::task::JoinHandle;
   |     ^^^^^^^^^^^^^^^^^^^^^^^

warning: unused import: `crate::execution::QueryResult`
  --> src\execution\vectorized.rs:15:5
   |
15 | use crate::execution::QueryResult;
   |     ^^^^^^^^^^^^^^^^^^^^^^^^^^^^^

warning: unused import: `super::*`
   --> src\execution\vectorized.rs:573:9
    |
573 |     use super::*;
    |         ^^^^^^^^

warning: unused import: `Read`
  --> src\execution\hash_join.rs:31:33
   |
31 | use std::io::{Write as IoWrite, Read, BufWriter, BufReader};
   |                                 ^^^^

warning: unused import: `xxhash3_avx2`
  --> src\execution\hash_join_simd.rs:57:25
   |
57 | use crate::simd::hash::{xxhash3_avx2, hash_str};
   |                         ^^^^^^^^^^^^

warning: unused import: `Read`
  --> src\execution\sort_merge.rs:31:33
   |
31 | use std::io::{Write as IoWrite, Read, BufWriter, BufReader, BufRead};
   |                                 ^^^^

warning: unused import: `async_trait::async_trait`
 --> src\network\cluster_network.rs:5:5
  |
5 | use async_trait::async_trait;
  |     ^^^^^^^^^^^^^^^^^^^^^^^^

warning: unused imports: `BytesMut` and `Bytes`
 --> src\network\cluster_network.rs:6:13
  |
6 | use bytes::{Bytes, BytesMut};
  |             ^^^^^  ^^^^^^^^

warning: unused import: `Stream`
 --> src\network\cluster_network.rs:7:23
  |
7 | use futures::stream::{Stream, StreamExt};
  |                       ^^^^^^

warning: unused import: `BTreeMap`
  --> src\network\cluster_network.rs:10:42
   |
10 | use std::collections::{HashMap, HashSet, BTreeMap, VecDeque};
   |                                          ^^^^^^^^

warning: unused import: `TcpListener`
  --> src\network\cluster_network.rs:14:18
   |
14 | use tokio::net::{TcpListener, TcpStream, UdpSocket};
   |                  ^^^^^^^^^^^

warning: unused import: `Semaphore`
  --> src\network\cluster_network.rs:15:45
   |
15 | use tokio::sync::{mpsc, oneshot, broadcast, Semaphore, RwLock as TokioRwLock};
   |                                             ^^^^^^^^^

warning: unused import: `trace`
  --> src\network\cluster_network.rs:17:41
   |
17 | use tracing::{info, warn, error, debug, trace};
   |                                         ^^^^^

warning: unused import: `UNIX_EPOCH`
 --> src\monitoring\metrics.rs:8:48
  |
8 | use std::time::{Duration, Instant, SystemTime, UNIX_EPOCH};
  |                                                ^^^^^^^^^^

warning: unused import: `std::fmt`
 --> src\monitoring\metrics.rs:9:5
  |
9 | use std::fmt;
  |     ^^^^^^^^

warning: unused imports: `Instant` and `UNIX_EPOCH`
 --> src\monitoring\ash.rs:8:27
  |
8 | use std::time::{Duration, Instant, SystemTime, UNIX_EPOCH};
  |                           ^^^^^^^              ^^^^^^^^^^

warning: unused import: `Instant`
 --> src\monitoring\alerts.rs:8:27
  |
8 | use std::time::{Duration, Instant, SystemTime};
  |                           ^^^^^^^

warning: unused imports: `Duration` and `Instant`
 --> src\monitoring\statistics.rs:8:17
  |
8 | use std::time::{Duration, Instant, SystemTime};
  |                 ^^^^^^^^  ^^^^^^^

warning: unused import: `std::collections::HashMap`
  --> src\monitoring\mod.rs:57:5
   |
57 | use std::collections::HashMap;
   |     ^^^^^^^^^^^^^^^^^^^^^^^^^

warning: unused import: `OpenOptions`
 --> src\backup\manager.rs:6:15
  |
6 | use std::fs::{OpenOptions, create_dir_all};
  |               ^^^^^^^^^^^

warning: unused import: `Duration`
 --> src\backup\backup_encryption.rs:8:29
  |
8 | use std::time::{SystemTime, Duration};
  |                             ^^^^^^^^

warning: unused imports: `Deserialize` and `Serialize`
  --> src\flashback\time_travel.rs:26:13
   |
26 | use serde::{Deserialize, Serialize};
   |             ^^^^^^^^^^^  ^^^^^^^^^

warning: unused import: `Tuple`
  --> src\flashback\time_travel.rs:28:59
   |
28 | use crate::common::{TransactionId, TableId, RowId, Value, Tuple};
   |                                                           ^^^^^

warning: unused import: `BTreeMap`
  --> src\flashback\versions.rs:25:33
   |
25 | use std::collections::{HashMap, BTreeMap, VecDeque};
   |                                 ^^^^^^^^

warning: unused import: `HashSet`
  --> src\flashback\table_restore.rs:26:33
   |
26 | use std::collections::{HashMap, HashSet};
   |                                 ^^^^^^^

warning: unused imports: `Deserialize` and `Serialize`
  --> src\flashback\table_restore.rs:29:13
   |
29 | use serde::{Deserialize, Serialize};
   |             ^^^^^^^^^^^  ^^^^^^^^^

warning: unused import: `Duration`
  --> src\flashback\database.rs:28:29
   |
28 | use std::time::{SystemTime, Duration};
   |                             ^^^^^^^^

warning: unused imports: `Deserialize` and `Serialize`
  --> src\flashback\database.rs:30:13
   |
30 | use serde::{Deserialize, Serialize};
   |             ^^^^^^^^^^^  ^^^^^^^^^

warning: unused import: `current_timestamp`
  --> src\flashback\transaction.rs:34:42
   |
34 | use super::time_travel::{SCN, Timestamp, current_timestamp};
   |                                          ^^^^^^^^^^^^^^^^^

warning: unused import: `super::versions::UndoRecord`
  --> src\flashback\transaction.rs:35:5
   |
35 | use super::versions::UndoRecord;
   |     ^^^^^^^^^^^^^^^^^^^^^^^^^^^

warning: unused import: `DbError`
  --> src\analytics\caching.rs:11:20
   |
11 | use crate::error::{DbError, Result};
   |                    ^^^^^^^

warning: unused import: `VecDeque`
  --> src\analytics\materialized_views.rs:14:42
   |
14 | use std::collections::{HashMap, HashSet, VecDeque};
   |                                          ^^^^^^^^

warning: unused import: `UNIX_EPOCH`
  --> src\analytics\materialized_views.rs:17:39
   |
17 | use std::time::{Duration, SystemTime, UNIX_EPOCH};
   |                                       ^^^^^^^^^^

warning: unused import: `crate::catalog::Schema`
  --> src\analytics\warehouse.rs:13:5
   |
13 | use crate::catalog::Schema;
   |     ^^^^^^^^^^^^^^^^^^^^^^

warning: unused imports: `BTreeMap` and `HashSet`
  --> src\analytics\warehouse.rs:15:33
   |
15 | use std::collections::{HashMap, HashSet, BTreeMap};
   |                                 ^^^^^^^  ^^^^^^^^

warning: unused import: `UNIX_EPOCH`
  --> src\analytics\mod.rs:16:39
   |
16 | use std::time::{SystemTime, Duration, UNIX_EPOCH};
   |                                       ^^^^^^^^^^

warning: unused imports: `ColumnDataType`, `ColumnSegment`, and `ColumnValue`
  --> src\inmemory\population.rs:18:50
   |
18 | use crate::inmemory::column_store::{ColumnStore, ColumnSegment, ColumnDataType, ColumnValue};
   |                                                  ^^^^^^^^^^^^^  ^^^^^^^^^^^^^^  ^^^^^^^^^^^

warning: unused imports: `ColumnDataType` and `ColumnValue`
  --> src\inmemory\join_engine.rs:14:52
   |
14 | use crate::inmemory::column_store::{ColumnSegment, ColumnDataType, ColumnValue};
   |                                                    ^^^^^^^^^^^^^^  ^^^^^^^^^^^

warning: unused imports: `VectorBatch` and `VectorMask`
  --> src\inmemory\join_engine.rs:15:39
   |
15 | use crate::inmemory::vectorized_ops::{VectorBatch, VectorMask, VectorizedFilter};
   |                                       ^^^^^^^^^^^  ^^^^^^^^^^

warning: unused import: `BTreeMap`
 --> src\multitenancy\container.rs:4:33
  |
4 | use std::collections::{HashMap, BTreeMap};
  |                                 ^^^^^^^^

warning: unused imports: `Duration` and `Instant`
 --> src\multitenancy\tenant.rs:9:29
  |
9 | use std::time::{SystemTime, Duration, Instant};
  |                             ^^^^^^^^  ^^^^^^^

warning: unused import: `Semaphore`
 --> src\multitenancy\isolation.rs:6:27
  |
6 | use tokio::sync::{RwLock, Semaphore};
  |                           ^^^^^^^^^

warning: unused import: `BTreeMap`
 --> src\multitenancy\consolidation.rs:4:33
  |
4 | use std::collections::{HashMap, BTreeMap, HashSet};
  |                                 ^^^^^^^^

warning: unused import: `Duration`
 --> src\multitenancy\consolidation.rs:8:29
  |
8 | use std::time::{SystemTime, Duration};
  |                             ^^^^^^^^

warning: unused import: `tokio::sync::RwLock`
  --> src\multitenancy\mod.rs:38:5
   |
38 | use tokio::sync::RwLock;
   |     ^^^^^^^^^^^^^^^^^^^

warning: unused import: `PdbLifecycleState`
  --> src\multitenant\cdb.rs:30:55
   |
30 | use super::pdb::{PluggableDatabase, PdbId, PdbConfig, PdbLifecycleState, PdbCreateMode};
   |                                                       ^^^^^^^^^^^^^^^^^

warning: unused import: `HashSet`
  --> src\multitenant\cloning.rs:22:33
   |
22 | use std::collections::{HashMap, HashSet};
   |                                 ^^^^^^^

warning: unused import: `std::path::PathBuf`
  --> src\multitenant\cloning.rs:23:5
   |
23 | use std::path::PathBuf;
   |     ^^^^^^^^^^^^^^^^^^

warning: unused import: `PdbConfig`
  --> src\multitenant\cloning.rs:29:25
   |
29 | use super::pdb::{PdbId, PdbConfig, PdbSnapshot};
   |                         ^^^^^^^^^

warning: unused import: `PdbConfig`
  --> src\multitenant\relocation.rs:31:25
   |
31 | use super::pdb::{PdbId, PdbConfig};
   |                         ^^^^^^^^^

warning: unused import: `std::collections::HashMap`
   --> src\multitenant\mod.rs:194:5
    |
194 | use std::collections::HashMap;
    |     ^^^^^^^^^^^^^^^^^^^^^^^^^

warning: unused import: `DbError`
   --> src\multitenant\mod.rs:197:20
    |
197 | use crate::error::{DbError, Result};
    |                    ^^^^^^^

warning: unused import: `std::collections::HashMap`
 --> src\procedures\parser.rs:8:5
  |
8 | use std::collections::HashMap;
  |     ^^^^^^^^^^^^^^^^^^^^^^^^^

warning: unused import: `ExecutionResult`
 --> src\procedures\functions.rs:8:65
  |
8 | use crate::procedures::runtime::{RuntimeExecutor, RuntimeValue, ExecutionResult};
  |                                                                 ^^^^^^^^^^^^^^^

warning: unused import: `ExecutionContext`
 --> src\procedures\triggers.rs:9:65
  |
9 | use crate::procedures::runtime::{RuntimeExecutor, RuntimeValue, ExecutionContext};
  |                                                                 ^^^^^^^^^^^^^^^^

warning: unused import: `Declaration`
 --> src\procedures\packages.rs:8:56
  |
8 | use crate::procedures::parser::{PlSqlBlock, PlSqlType, Declaration};
  |                                                        ^^^^^^^^^^^

warning: unused imports: `ScalarFunction` and `TableFunction`
  --> src\procedures\packages.rs:10:36
   |
10 | use crate::procedures::functions::{ScalarFunction, TableFunction};
   |                                    ^^^^^^^^^^^^^^  ^^^^^^^^^^^^^

warning: unused import: `Declaration`
 --> src\procedures\compiler.rs:7:81
  |
7 | use crate::procedures::parser::{PlSqlParser, PlSqlBlock, Statement, Expression, Declaration, PlSqlType};
  |                                                                                 ^^^^^^^^^^^

warning: unused import: `Duration`
  --> src\replication\mod.rs:94:41
   |
94 | use std::time::{SystemTime, UNIX_EPOCH, Duration};
   |                                         ^^^^^^^^

warning: unused imports: `SystemTime` and `UNIX_EPOCH`
  --> src\advanced_replication\logical.rs:11:17
   |
11 | use std::time::{SystemTime, UNIX_EPOCH};
   |                 ^^^^^^^^^^  ^^^^^^^^^^

warning: unused imports: `BTreeMap` and `HashSet`
 --> src\advanced_replication\sharding.rs:7:33
  |
7 | use std::collections::{HashMap, HashSet, BTreeMap};
  |                                 ^^^^^^^  ^^^^^^^^

warning: unused imports: `SystemTime` and `UNIX_EPOCH`
  --> src\advanced_replication\sharding.rs:10:17
   |
10 | use std::time::{SystemTime, UNIX_EPOCH};
   |                 ^^^^^^^^^^  ^^^^^^^^^^

warning: unused import: `VecDeque`
 --> src\advanced_replication\gds.rs:7:33
  |
7 | use std::collections::{HashMap, VecDeque, BTreeMap};
  |                                 ^^^^^^^^

warning: unused import: `Duration`
  --> src\advanced_replication\gds.rs:10:41
   |
10 | use std::time::{SystemTime, UNIX_EPOCH, Duration};
   |                                         ^^^^^^^^

warning: unused import: `BTreeMap`
 --> src\advanced_replication\conflicts.rs:8:43
  |
8 | use std::collections::{HashMap, VecDeque, BTreeMap};
  |                                           ^^^^^^^^

warning: unused imports: `AtomicBool` and `AtomicUsize`
  --> src\advanced_replication\conflicts.rs:10:36
   |
10 | use std::sync::atomic::{AtomicU64, AtomicUsize, AtomicBool, Ordering};
   |                                    ^^^^^^^^^^^  ^^^^^^^^^^

warning: unused import: `BTreeMap`
 --> src\advanced_replication\monitoring.rs:7:43
  |
7 | use std::collections::{HashMap, VecDeque, BTreeMap};
  |                                           ^^^^^^^^

warning: unused import: `Duration`
  --> src\advanced_replication\monitoring.rs:10:41
   |
10 | use std::time::{SystemTime, UNIX_EPOCH, Duration};
   |                                         ^^^^^^^^

warning: unused import: `BTreeMap`
 --> src\advanced_replication\apply.rs:8:52
  |
8 | use std::collections::{HashMap, HashSet, VecDeque, BTreeMap};
  |                                                    ^^^^^^^^

warning: unused import: `AtomicBool`
  --> src\advanced_replication\apply.rs:10:49
   |
10 | use std::sync::atomic::{AtomicU64, AtomicUsize, AtomicBool, Ordering};
   |                                                 ^^^^^^^^^^

warning: unused import: `Duration`
  --> src\advanced_replication\xa.rs:10:41
   |
10 | use std::time::{SystemTime, UNIX_EPOCH, Duration};
   |                                         ^^^^^^^^

warning: unused import: `tokio::sync::mpsc`
  --> src\clustering\raft.rs:19:5
   |
19 | use tokio::sync::mpsc;
   |     ^^^^^^^^^^^^^^^^^

warning: unused imports: `interval` and `sleep`
  --> src\clustering\raft.rs:20:19
   |
20 | use tokio::time::{interval, sleep};
   |                   ^^^^^^^^  ^^^^^

warning: unused import: `rand::Rng`
  --> src\clustering\membership.rs:21:5
   |
21 | use rand::Rng;
   |     ^^^^^^^^^

warning: unused import: `HashSet`
  --> src\clustering\membership.rs:23:33
   |
23 | use std::collections::{HashMap, HashSet};
   |                                 ^^^^^^^

warning: unused import: `UNIX_EPOCH`
  --> src\clustering\geo_replication.rs:22:39
   |
22 | use std::time::{Duration, SystemTime, UNIX_EPOCH};
   |                                       ^^^^^^^^^^

warning: unused import: `tokio::sync::mpsc`
  --> src\clustering\coordinator.rs:22:5
   |
22 | use tokio::sync::mpsc;
   |     ^^^^^^^^^^^^^^^^^

warning: unused import: `SystemTime`
  --> src\rac\cache_fusion.rs:24:36
   |
24 | use std::time::{Duration, Instant, SystemTime};
   |                                    ^^^^^^^^^^

warning: unused import: `bytes::Bytes`
  --> src\rac\cache_fusion.rs:27:5
   |
27 | use bytes::Bytes;
   |     ^^^^^^^^^^^^

warning: unused import: `ResourceClass`
  --> src\rac\grd.rs:22:44
   |
22 | use crate::rac::cache_fusion::{ResourceId, ResourceClass, LockValueBlock, BlockMode};
   |                                            ^^^^^^^^^^^^^

warning: unused import: `BTreeMap`
  --> src\rac\grd.rs:24:42
   |
24 | use std::collections::{HashMap, HashSet, BTreeMap, VecDeque};
   |                                          ^^^^^^^^

warning: unused imports: `BTreeMap` and `HashSet`
  --> src\rac\interconnect.rs:22:33
   |
22 | use std::collections::{HashMap, HashSet, VecDeque, BTreeMap};
   |                                 ^^^^^^^            ^^^^^^^^

warning: unused import: `mpsc`
  --> src\rac\interconnect.rs:26:19
   |
26 | use tokio::sync::{mpsc, oneshot, broadcast};
   |                   ^^^^

warning: unused imports: `BufMut`, `Buf`, `BytesMut`, and `Bytes`
  --> src\rac\interconnect.rs:29:13
   |
29 | use bytes::{Bytes, BytesMut, Buf, BufMut};
   |             ^^^^^  ^^^^^^^^  ^^^  ^^^^^^

warning: unused import: `PageId`
  --> src\rac\recovery.rs:20:29
   |
20 | use crate::common::{NodeId, PageId, TransactionId, LogSequenceNumber};
   |                             ^^^^^^

warning: unused import: `BlockMode`
  --> src\rac\recovery.rs:21:44
   |
21 | use crate::rac::cache_fusion::{ResourceId, BlockMode};
   |                                            ^^^^^^^^^

warning: unused import: `GrdConfig`
  --> src\rac\recovery.rs:22:48
   |
22 | use crate::rac::grd::{GlobalResourceDirectory, GrdConfig};
   |                                                ^^^^^^^^^

warning: unused imports: `MessagePriority`, `MessageType`, and `NodeState`
  --> src\rac\recovery.rs:23:53
   |
23 | use crate::rac::interconnect::{ClusterInterconnect, NodeState, MessageType, MessagePriority};
   |                                                     ^^^^^^^^^  ^^^^^^^^^^^  ^^^^^^^^^^^^^^^

warning: unused import: `BTreeMap`
  --> src\rac\recovery.rs:25:52
   |
25 | use std::collections::{HashMap, HashSet, VecDeque, BTreeMap};
   |                                                    ^^^^^^^^

warning: unused import: `oneshot`
  --> src\rac\recovery.rs:29:25
   |
29 | use tokio::sync::{mpsc, oneshot};
   |                         ^^^^^^^

warning: unused import: `Schema`
  --> src\rac\parallel_query.rs:21:52
   |
21 | use crate::common::{NodeId, TableId, Value, Tuple, Schema};
   |                                                    ^^^^^^

warning: unused imports: `BTreeMap` and `HashSet`
  --> src\rac\parallel_query.rs:24:33
   |
24 | use std::collections::{HashMap, HashSet, VecDeque, BTreeMap};
   |                                 ^^^^^^^            ^^^^^^^^

warning: unused import: `SystemTime`
  --> src\rac\parallel_query.rs:26:36
   |
26 | use std::time::{Duration, Instant, SystemTime};
   |                                    ^^^^^^^^^^

warning: unused import: `bytes::Bytes`
  --> src\rac\parallel_query.rs:29:5
   |
29 | use bytes::Bytes;
   |     ^^^^^^^^^^^^

warning: unused import: `HashSet`
   --> src\rac\mod.rs:107:33
    |
107 | use std::collections::{HashMap, HashSet};
    |                                 ^^^^^^^

warning: unused import: `Instant`
   --> src\rac\mod.rs:109:27
    |
109 | use std::time::{Duration, Instant};
    |                           ^^^^^^^

warning: unused import: `OsRng`
  --> src\enterprise\config.rs:49:27
   |
49 |     aead::{Aead, KeyInit, OsRng},
   |                           ^^^^^

warning: unused import: `VecDeque`
  --> src\enterprise\cross_cutting.rs:45:33
   |
45 | use std::collections::{HashMap, VecDeque};
   |                                 ^^^^^^^^

warning: unused import: `std::fmt`
  --> src\orchestration\registry.rs:31:5
   |
31 | use std::fmt;
   |     ^^^^^^^^

warning: unused import: `warn`
  --> src\orchestration\registry.rs:35:28
   |
35 | use tracing::{debug, info, warn};
   |                            ^^^^

warning: unused import: `warn`
  --> src\orchestration\dependency_graph.rs:35:28
   |
35 | use tracing::{debug, info, warn};
   |                            ^^^^

warning: unused import: `AtomicUsize`
  --> src\orchestration\circuit_breaker.rs:37:36
   |
37 | use std::sync::atomic::{AtomicU64, AtomicUsize, Ordering};
   |                                    ^^^^^^^^^^^

warning: unused imports: `DbError` and `Result`
  --> src\orchestration\health.rs:34:20
   |
34 | use crate::error::{DbError, Result};
   |                    ^^^^^^^  ^^^^^^

warning: unnecessary parentheses around block return value
   --> src\orchestration\health.rs:330:9
    |
330 |         (total_score as f64 / self.total_count as f64)
    |         ^                                            ^
    |
    = note: `#[warn(unused_parens)]` on by default
help: remove these parentheses
    |
330 -         (total_score as f64 / self.total_count as f64)
330 +         total_score as f64 / self.total_count as f64
    |

warning: unused import: `Duration`
  --> src\orchestration\degradation.rs:25:17
   |
25 | use std::time::{Duration, Instant};
   |                 ^^^^^^^^

warning: unused imports: `DbError` and `Result`
  --> src\orchestration\degradation.rs:31:20
   |
31 | use crate::error::{DbError, Result};
   |                    ^^^^^^^  ^^^^^^

warning: unused import: `BTreeMap`
 --> src\streams\cdc.rs:7:43
  |
7 | use std::collections::{HashMap, VecDeque, BTreeMap};
  |                                           ^^^^^^^^

warning: unused import: `mpsc`
  --> src\streams\cdc.rs:13:19
   |
13 | use tokio::sync::{mpsc, broadcast};
   |                   ^^^^

warning: unused import: `LSN`
  --> src\streams\cdc.rs:17:52
   |
17 | use crate::transaction::wal::{LogRecord, WALEntry, LSN};
   |                                                    ^^^

warning: unused import: `BTreeMap`
 --> src\streams\publisher.rs:6:43
  |
6 | use std::collections::{HashMap, VecDeque, BTreeMap};
  |                                           ^^^^^^^^

warning: unused import: `mpsc`
  --> src\streams\publisher.rs:13:19
   |
13 | use tokio::sync::{mpsc, oneshot, Semaphore};
   |                   ^^^^

warning: unused import: `tokio::time::interval`
  --> src\streams\publisher.rs:14:5
   |
14 | use tokio::time::interval;
   |     ^^^^^^^^^^^^^^^^^^^^^

warning: unused import: `broadcast`
  --> src\streams\subscriber.rs:12:25
   |
12 | use tokio::sync::{mpsc, broadcast};
   |                         ^^^^^^^^^

warning: unused import: `DbError`
  --> src\streams\subscriber.rs:14:21
   |
14 | use crate::{Result, DbError};
   |                     ^^^^^^^

warning: unused import: `HashSet`
 --> src\streams\replication.rs:6:33
  |
6 | use std::collections::{HashMap, HashSet, VecDeque};
  |                                 ^^^^^^^

warning: unused imports: `mpsc` and `oneshot`
  --> src\streams\replication.rs:12:19
   |
12 | use tokio::sync::{mpsc, oneshot};
   |                   ^^^^  ^^^^^^^

warning: unused import: `TransactionId`
  --> src\streams\replication.rs:15:21
   |
15 | use crate::common::{TransactionId, TableId, Value};
   |                     ^^^^^^^^^^^^^

warning: unused import: `Instant`
 --> src\streams\integration.rs:9:39
  |
9 | use std::time::{SystemTime, Duration, Instant};
  |                                       ^^^^^^^

warning: unused import: `tokio::sync::mpsc`
  --> src\streams\integration.rs:12:5
   |
12 | use tokio::sync::mpsc;
   |     ^^^^^^^^^^^^^^^^^

warning: unused import: `ChangeType`
  --> src\streams\integration.rs:16:31
   |
16 | use super::cdc::{ChangeEvent, ChangeType};
   |                               ^^^^^^^^^^

warning: unused import: `crate::error::Result`
 --> src\event_processing\mod.rs:7:5
  |
7 | use crate::error::Result;
  |     ^^^^^^^^^^^^^^^^^^^^

warning: unused import: `EventValue`
 --> src\event_processing\analytics.rs:6:20
  |
6 | use super::{Event, EventValue};
  |                    ^^^^^^^^^^

warning: unused import: `EventBatch`
 --> src\event_processing\connectors.rs:6:20
  |
6 | use super::{Event, EventBatch, EventValue, StreamPosition};
  |                    ^^^^^^^^^^

warning: unused imports: `EventValue` and `StreamState`
 --> src\event_processing\cq.rs:6:20
  |
6 | use super::{Event, EventValue, StreamState, Watermark};
  |                    ^^^^^^^^^^  ^^^^^^^^^^^

warning: unused import: `std::sync::Arc`
  --> src\event_processing\operators.rs:11:5
   |
11 | use std::sync::Arc;
   |     ^^^^^^^^^^^^^^

warning: unused import: `BTreeMap`
 --> src\event_processing\sourcing.rs:9:24
  |
9 | use std::collections::{BTreeMap, HashMap, VecDeque};
  |                        ^^^^^^^^

warning: unused import: `Duration`
  --> src\event_processing\sourcing.rs:11:17
   |
11 | use std::time::{Duration, SystemTime};
   |                 ^^^^^^^^

warning: unused imports: `EventId`, `ProcessingGuarantee`, and `StreamState`
 --> src\event_processing\streams.rs:8:24
  |
8 |     Event, EventBatch, EventId, EventProcessingConfig, ProcessingGuarantee, StreamMetrics,
  |                        ^^^^^^^                         ^^^^^^^^^^^^^^^^^^^
9 |     StreamPosition, StreamState, Watermark,
  |                     ^^^^^^^^^^^

warning: unused import: `VecDeque`
  --> src\event_processing\streams.rs:13:43
   |
13 | use std::collections::{BTreeMap, HashMap, VecDeque};
   |                                           ^^^^^^^^

warning: unused import: `Metrics`
 --> src\ml\algorithms.rs:7:55
  |
7 | use super::{Dataset, Vector, Matrix, Hyperparameters, Metrics, MLError};
  |                                                       ^^^^^^^

warning: unused import: `simd_matrix_vector_multiply`
 --> src\ml\algorithms.rs:8:41
  |
8 | use super::simd_ops::{simd_dot_product, simd_matrix_vector_multiply};
  |                                         ^^^^^^^^^^^^^^^^^^^^^^^^^^^

warning: unused import: `SGDMomentum`
 --> src\ml\algorithms.rs:9:51
  |
9 | use super::optimizers::{Optimizer, AdamOptimizer, SGDMomentum, LRScheduler, LRSchedule};
  |                                                   ^^^^^^^^^^^

warning: unused import: `Dataset`
  --> src\ml\sql_integration.rs:34:5
   |
34 |     Dataset, Vector, Matrix, Hyperparameters, MLError,
   |     ^^^^^^^

warning: unused import: `Matrix`
  --> src\ml\quantization.rs:11:21
   |
11 | use super::{Vector, Matrix};
   |                     ^^^^^^

warning: unused imports: `Schema`, `TableId`, `Tuple`, and `Value`
  --> src\ml_engine\mod.rs:49:21
   |
49 | use crate::common::{TableId, Value, Tuple, Schema};
   |                     ^^^^^^^  ^^^^^  ^^^^^  ^^^^^^

warning: unused imports: `EvaluationMetrics` and `Hyperparameters`
 --> src\ml_engine\algorithms.rs:7:22
  |
7 | use super::{Dataset, Hyperparameters, EvaluationMetrics};
  |                      ^^^^^^^^^^^^^^^  ^^^^^^^^^^^^^^^^^

warning: unused imports: `ModelMetadata` and `ModelParameters`
 --> src\ml_engine\automl.rs:8:33
  |
8 | use super::model_store::{Model, ModelParameters, ModelMetadata};
  |                                 ^^^^^^^^^^^^^^^  ^^^^^^^^^^^^^

warning: unused import: `Instant`
 --> src\autonomous\self_tuning.rs:9:27
  |
9 | use std::time::{Duration, Instant, SystemTime};
  |                           ^^^^^^^

warning: unused import: `tokio::sync::mpsc`
  --> src\autonomous\self_tuning.rs:12:5
   |
12 | use tokio::sync::mpsc;
   |     ^^^^^^^^^^^^^^^^^

warning: unused import: `crate::error::DbError`
  --> src\autonomous\self_tuning.rs:15:5
   |
15 | use crate::error::DbError;
   |     ^^^^^^^^^^^^^^^^^^^^^

warning: unused import: `Instant`
 --> src\autonomous\self_healing.rs:8:27
  |
8 | use std::time::{Duration, Instant, SystemTime};
  |                           ^^^^^^^

warning: unused import: `tokio::sync::mpsc`
  --> src\autonomous\self_healing.rs:11:5
   |
11 | use tokio::sync::mpsc;
   |     ^^^^^^^^^^^^^^^^^

warning: unused import: `Duration`
  --> src\autonomous\workload_ml.rs:10:17
   |
10 | use std::time::{Duration, SystemTime};
   |                 ^^^^^^^^

warning: unused import: `HashSet`
 --> src\autonomous\auto_indexing.rs:6:33
  |
6 | use std::collections::{HashMap, HashSet};
  |                                 ^^^^^^^

warning: unused import: `crate::error::DbError`
  --> src\autonomous\auto_indexing.rs:12:5
   |
12 | use crate::error::DbError;
   |     ^^^^^^^^^^^^^^^^^^^^^

warning: unused import: `std::collections::HashMap`
  --> src\blockchain\crypto.rs:16:5
   |
16 | use std::collections::HashMap;
   |     ^^^^^^^^^^^^^^^^^^^^^^^^^

warning: unused import: `ChainLink`
  --> src\blockchain\ledger.rs:19:61
   |
19 | use super::crypto::{Hash256, sha256, MerkleTree, HashChain, ChainLink, hash_to_hex};
   |                                                             ^^^^^^^^^

warning: unused import: `crate::error::DbError`
  --> src\blockchain\verification.rs:19:5
   |
19 | use crate::error::DbError;
   |     ^^^^^^^^^^^^^^^^^^^^^

warning: unused import: `LedgerRow`
  --> src\blockchain\verification.rs:20:37
   |
20 | use super::ledger::{Block, BlockId, LedgerRow, BlockchainTable};
   |                                     ^^^^^^^^^

warning: unused imports: `Hash256`, `MerkleProof`, and `hash_to_hex`
  --> src\blockchain\verification.rs:22:21
   |
22 | use super::crypto::{Hash256, MerkleProof, hash_to_hex};
   |                     ^^^^^^^  ^^^^^^^^^^^  ^^^^^^^^^^^

warning: unused import: `BTreeMap`
  --> src\blockchain\retention.rs:13:33
   |
13 | use std::collections::{HashMap, BTreeMap};
   |                                 ^^^^^^^^

warning: unused import: `Duration`
  --> src\blockchain\retention.rs:15:17
   |
15 | use std::time::{Duration, SystemTime, UNIX_EPOCH};
   |                 ^^^^^^^^

warning: unused import: `Block`
  --> src\blockchain\retention.rs:19:41
   |
19 | use super::ledger::{BlockId, LedgerRow, Block};
   |                                         ^^^^^

warning: unused import: `UNIX_EPOCH`
 --> src\workload\repository.rs:7:39
  |
7 | use std::time::{Duration, SystemTime, UNIX_EPOCH};
  |                                       ^^^^^^^^^^

warning: unused imports: `HashSet` and `VecDeque`
 --> src\workload\sql_tuning.rs:5:33
  |
5 | use std::collections::{HashMap, HashSet, VecDeque};
  |                                 ^^^^^^^  ^^^^^^^^

warning: unused import: `Duration`
 --> src\workload\sql_tuning.rs:7:17
  |
7 | use std::time::{Duration, SystemTime};
  |                 ^^^^^^^^

warning: unused import: `crate::Result`
 --> src\workload\performance_hub.rs:9:5
  |
9 | use crate::Result;
  |     ^^^^^^^^^^^^^

warning: unused imports: `HashSet` and `VecDeque`
 --> src\workload\advisor.rs:5:33
  |
5 | use std::collections::{HashMap, HashSet, VecDeque};
  |                                 ^^^^^^^  ^^^^^^^^

warning: unused import: `Duration`
 --> src\workload\advisor.rs:7:17
  |
7 | use std::time::{Duration, SystemTime};
  |                 ^^^^^^^^

warning: unused import: `Duration`
  --> src\workload\mod.rs:56:17
   |
56 | use std::time::{Duration, SystemTime};
   |                 ^^^^^^^^

warning: unused import: `LineString`
  --> src\spatial\analysis.rs:12:67
   |
12 | use crate::spatial::geometry::{BoundingBox, Coordinate, Geometry, LineString, Point, Polygon, LinearRing};
   |                                                                   ^^^^^^^^^^

warning: unused import: `RTree`
  --> src\spatial\analysis.rs:13:45
   |
13 | use crate::spatial::indexes::{SpatialIndex, RTree};
   |                                             ^^^^^

warning: unused import: `VecDeque`
  --> src\spatial\analysis.rs:14:42
   |
14 | use std::collections::{HashMap, HashSet, VecDeque};
   |                                          ^^^^^^^^

warning: unused import: `std::cmp::Ordering`
  --> src\spatial\analysis.rs:15:5
   |
15 | use std::cmp::Ordering;
   |     ^^^^^^^^^^^^^^^^^^

warning: unused import: `std::fmt`
  --> src\spatial\geometry.rs:13:5
   |
13 | use std::fmt;
   |     ^^^^^^^^

warning: unused import: `Geometry`
  --> src\spatial\indexes.rs:11:57
   |
11 | use crate::spatial::geometry::{BoundingBox, Coordinate, Geometry};
   |                                                         ^^^^^^^^

warning: unused import: `VecDeque`
  --> src\spatial\indexes.rs:12:33
   |
12 | use std::collections::{HashMap, VecDeque};
   |                                 ^^^^^^^^

warning: unused import: `VecDeque`
  --> src\spatial\network.rs:13:54
   |
13 | use std::collections::{BinaryHeap, HashMap, HashSet, VecDeque};
   |                                                      ^^^^^^^^

warning: unused import: `BoundingBox`
  --> src\spatial\operators.rs:13:5
   |
13 |     BoundingBox, Coordinate, Geometry, LineString, LinearRing, Point, Polygon,
   |     ^^^^^^^^^^^

warning: unused import: `std::collections::HashSet`
  --> src\spatial\operators.rs:15:5
   |
15 | use std::collections::HashSet;
   |     ^^^^^^^^^^^^^^^^^^^^^^^^^

warning: unused import: `JsonPath`
  --> src\document_store\indexing.rs:24:23
   |
24 | use super::jsonpath::{JsonPath, JsonPathEvaluator};
   |                       ^^^^^^^^

warning: unused import: `HashSet`
 --> src\document_store\qbe.rs:8:33
  |
8 | use std::collections::{HashMap, HashSet};
  |                                 ^^^^^^^

warning: unused import: `std::collections::HashMap`
 --> src\document_store\sql_json.rs:8:5
  |
8 | use std::collections::HashMap;
  |     ^^^^^^^^^^^^^^^^^^^^^^^^^

warning: unused imports: `BTreeMap` and `HashSet`
  --> src\optimizer_pro\mod.rs:49:33
   |
49 | use std::collections::{HashMap, BTreeMap, HashSet, VecDeque};
   |                                 ^^^^^^^^  ^^^^^^^

warning: unused import: `Mutex`
  --> src\optimizer_pro\mod.rs:50:30
   |
50 | use std::sync::{Arc, RwLock, Mutex};
   |                              ^^^^^

warning: unused import: `std::arch::x86_64::*`
  --> src\optimizer_pro\cost_model.rs:13:5
   |
13 | use std::arch::x86_64::*;
   |     ^^^^^^^^^^^^^^^^^^^^

warning: unused import: `BTreeMap`
  --> src\optimizer_pro\cost_model.rs:20:33
   |
20 | use std::collections::{HashMap, BTreeMap};
   |                                 ^^^^^^^^

warning: unused import: `Value`
  --> src\optimizer_pro\plan_generator.rs:11:47
   |
11 | use crate::common::{TableId, IndexId, Schema, Value};
   |                                               ^^^^^

warning: unused import: `DbError`
  --> src\optimizer_pro\plan_generator.rs:12:20
   |
12 | use crate::error::{DbError, Result};
   |                    ^^^^^^^

warning: unused import: `CostEstimate`
  --> src\optimizer_pro\plan_generator.rs:15:76
   |
15 |     PlanId, PlanMetadata, Query, BinaryOperator, OptimizerHint, CostModel, CostEstimate,
   |                                                                            ^^^^^^^^^^^^

warning: unused imports: `BTreeMap` and `BinaryHeap`
  --> src\optimizer_pro\plan_generator.rs:17:42
   |
17 | use std::collections::{HashMap, HashSet, BTreeMap, BinaryHeap};
   |                                          ^^^^^^^^  ^^^^^^^^^^

warning: unused import: `DbError`
  --> src\optimizer_pro\adaptive.rs:11:20
   |
11 | use crate::error::{DbError, Result};
   |                    ^^^^^^^

warning: unused import: `Mutex`
  --> src\optimizer_pro\adaptive.rs:16:30
   |
16 | use std::sync::{Arc, RwLock, Mutex};
   |                              ^^^^^

warning: unused import: `BTreeMap`
  --> src\optimizer_pro\plan_baselines.rs:12:33
   |
12 | use std::collections::{HashMap, BTreeMap, VecDeque};
   |                                 ^^^^^^^^

warning: unused imports: `IndexId` and `Value`
  --> src\optimizer_pro\transformations.rs:11:30
   |
11 | use crate::common::{TableId, IndexId, Value};
   |                              ^^^^^^^  ^^^^^

warning: unused import: `DbError`
  --> src\optimizer_pro\transformations.rs:12:20
   |
12 | use crate::error::{DbError, Result};
   |                    ^^^^^^^

warning: unused imports: `IndexId` and `TableId`
 --> src\optimizer_pro\hints.rs:9:21
  |
9 | use crate::common::{TableId, IndexId};
  |                     ^^^^^^^  ^^^^^^^

warning: unused import: `HashSet`
 --> src\resource_manager\consumer_groups.rs:6:33
  |
6 | use std::collections::{HashMap, HashSet};
  |                                 ^^^^^^^

warning: unused import: `HashSet`
 --> src\resource_manager\plans.rs:6:33
  |
6 | use std::collections::{HashMap, HashSet};
  |                                 ^^^^^^^

warning: unused import: `Weekday`
  --> src\resource_manager\plans.rs:10:39
   |
10 | use chrono::{DateTime, Utc, Timelike, Weekday, NaiveTime};
   |                                       ^^^^^^^

warning: unused imports: `Duration` and `SystemTime`
  --> src\resource_manager\cpu_scheduler.rs:15:17
   |
15 | use std::time::{Duration, Instant, SystemTime};
   |                 ^^^^^^^^           ^^^^^^^^^^

warning: unused import: `super::plans::ResourcePlanId`
  --> src\resource_manager\cpu_scheduler.rs:21:5
   |
21 | use super::plans::ResourcePlanId;
   |     ^^^^^^^^^^^^^^^^^^^^^^^^^^^^

warning: unused import: `SystemTime`
  --> src\resource_manager\io_scheduler.rs:15:36
   |
15 | use std::time::{Duration, Instant, SystemTime};
   |                                    ^^^^^^^^^^

warning: unused import: `BTreeMap`
 --> src\resource_manager\memory_manager.rs:6:33
  |
6 | use std::collections::{HashMap, BTreeMap};
  |                                 ^^^^^^^^

warning: unused import: `Mutex`
 --> src\resource_manager\memory_manager.rs:7:30
  |
7 | use std::sync::{Arc, RwLock, Mutex};
  |                              ^^^^^

warning: unused import: `Duration`
 --> src\resource_manager\memory_manager.rs:8:17
  |
8 | use std::time::{Duration, Instant, SystemTime};
  |                 ^^^^^^^^

warning: unused import: `Duration`
 --> src\resource_manager\parallel_control.rs:8:17
  |
8 | use std::time::{Duration, Instant, SystemTime};
  |                 ^^^^^^^^

warning: unused import: `oneshot`
  --> src\pool\session_manager.rs:67:25
   |
67 | use tokio::sync::{mpsc, oneshot};
   |                         ^^^^^^^

warning: unused imports: `DateTime` and `Utc`
  --> src\pool\session_manager.rs:69:14
   |
69 | use chrono::{DateTime, Utc};
   |              ^^^^^^^^  ^^^

warning: unused import: `SessionId`
  --> src\pool\session_manager.rs:75:21
   |
75 | use crate::common::{SessionId, TransactionId, Value};
   |                     ^^^^^^^^^

warning: unused import: `AtomicUsize`
  --> src\pool\connection_pool.rs:24:36
   |
24 | use std::sync::atomic::{AtomicU64, AtomicUsize, AtomicBool, Ordering};
   |                                    ^^^^^^^^^^^

warning: unused import: `OwnedSemaphorePermit`
  --> src\pool\connection_pool.rs:28:30
   |
28 | use tokio::sync::{Semaphore, OwnedSemaphorePermit};
   |                              ^^^^^^^^^^^^^^^^^^^^

warning: unused import: `sleep`
  --> src\pool\connection_pool.rs:29:19
   |
29 | use tokio::time::{sleep, timeout};
   |                   ^^^^^

warning: unused imports: `PAGE_SIZE` and `SECTOR_SIZE`
 --> src\io\async_io.rs:7:17
  |
7 | use crate::io::{PAGE_SIZE, SECTOR_SIZE};
  |                 ^^^^^^^^^  ^^^^^^^^^^^

warning: unused import: `AtomicUsize`
 --> src\io\ring_buffer.rs:8:36
  |
8 | use std::sync::atomic::{AtomicU64, AtomicUsize, Ordering};
  |                                    ^^^^^^^^^^^

warning: unused import: `AtomicUsize`
 --> src\io\metrics.rs:5:36
  |
5 | use std::sync::atomic::{AtomicU64, AtomicUsize, Ordering};
  |                                    ^^^^^^^^^^^

warning: unused import: `AtomicUsize`
 --> src\io\windows_iocp.rs:8:36
  |
8 | use std::sync::atomic::{AtomicU64, AtomicUsize, Ordering};
  |                                    ^^^^^^^^^^^

warning: unused imports: `DbError` and `Result`
  --> src\simd\mod.rs:56:20
   |
56 | use crate::error::{DbError, Result};
   |                    ^^^^^^^  ^^^^^^

warning: unused imports: `Tuple` and `Value`
  --> src\simd\mod.rs:57:21
   |
57 | use crate::common::{Value, Tuple};
   |                     ^^^^^  ^^^^^

warning: unused imports: `ComparisonMask` and `prefetch_read`
 --> src\simd\filter.rs:6:13
  |
6 | use super::{ComparisonMask, SelectionVector, SimdContext, prefetch_read};
  |             ^^^^^^^^^^^^^^                                ^^^^^^^^^^^^^

warning: unused import: `prefetch_read`
 --> src\simd\scan.rs:8:25
  |
8 |     filter::SimdFilter, prefetch_read, BATCH_SIZE,
  |                         ^^^^^^^^^^^^^

warning: unused import: `Tuple`
  --> src\simd\scan.rs:10:28
   |
10 | use crate::common::{Value, Tuple};
   |                            ^^^^^

warning: unused import: `std::sync::Arc`
  --> src\simd\scan.rs:12:5
   |
12 | use std::sync::Arc;
   |     ^^^^^^^^^^^^^^

warning: unused import: `SelectionVector`
 --> src\simd\aggregate.rs:5:37
  |
5 | use super::{SimdContext, SimdStats, SelectionVector};
  |                                     ^^^^^^^^^^^^^^^

warning: unused import: `DbError`
 --> src\simd\string.rs:6:20
  |
6 | use crate::error::{DbError, Result};
  |                    ^^^^^^^

warning: unused import: `std::arch::x86_64::*`
  --> src\simd\hash.rs:22:5
   |
22 | use std::arch::x86_64::*;
   |     ^^^^^^^^^^^^^^^^^^^^

warning: unused doc comment
  --> src\concurrent\epoch.rs:27:1
   |
27 | /// Thread-local participant in epoch-based reclamation
   | ^^^^^^^^^^^^^^^^^^^^^^^^^^^^^^^^^^^^^^^^^^^^^^^^^^^^^^^ rustdoc does not generate documentation for macro invocations
   |
   = help: to document an item produced by a macro, the macro must produce the documentation as part of its expansion
   = note: `#[warn(unused_doc_comments)]` on by default

warning: unused import: `ManuallyDrop`
  --> src\concurrent\epoch.rs:12:22
   |
12 | use std::mem::{self, ManuallyDrop};
   |                      ^^^^^^^^^^^^

warning: unused import: `EpochGuard`
  --> src\concurrent\queue.rs:10:35
   |
10 | use super::epoch::{Atomic, Epoch, EpochGuard, Owned, Shared};
   |                                   ^^^^^^^^^^

warning: unused import: `std::marker::PhantomData`
  --> src\concurrent\queue.rs:12:5
   |
12 | use std::marker::PhantomData;
   |     ^^^^^^^^^^^^^^^^^^^^^^^^

warning: unused import: `AtomicPtr`
  --> src\concurrent\queue.rs:13:25
   |
13 | use std::sync::atomic::{AtomicPtr, AtomicU64, AtomicUsize, Ordering};
   |                         ^^^^^^^^^

warning: unused import: `super::tagged_ptr::TaggedPtr`
  --> src\concurrent\stack.rs:12:5
   |
12 | use super::tagged_ptr::TaggedPtr;
   |     ^^^^^^^^^^^^^^^^^^^^^^^^^^^^

warning: unused import: `EpochGuard`
 --> src\concurrent\hashmap.rs:9:35
  |
9 | use super::epoch::{Atomic, Epoch, EpochGuard, Owned, Shared};
  |                                   ^^^^^^^^^^

warning: unused imports: `Arc` and `RwLock`
  --> src\concurrent\hashmap.rs:14:17
   |
14 | use std::sync::{Arc, RwLock};
   |                 ^^^  ^^^^^^

warning: unused import: `std::any::TypeId`
   --> src\concurrent\hashmap.rs:154:13
    |
154 |         use std::any::TypeId;
    |             ^^^^^^^^^^^^^^^^

warning: unused import: `AtomicUsize`
  --> src\concurrent\work_stealing.rs:15:67
   |
15 | use std::sync::atomic::{fence, AtomicIsize, AtomicPtr, AtomicU64, AtomicUsize, Ordering};
   |                                                                   ^^^^^^^^^^^

warning: unused import: `std::ptr`
  --> src\concurrent\skiplist.rs:22:5
   |
22 | use std::ptr;
   |     ^^^^^^^^

warning: unexpected `cfg` condition value: `stats`
   --> src\concurrent\rwlock_wp.rs:450:7
    |
450 | #[cfg(feature = "stats")]
    |       ^^^^^^^^^^^^^^^^^
    |
    = note: expected values for `feature` are: `default`, `iocp`, and `simd`
    = help: consider adding `stats` as a feature in `Cargo.toml`
    = note: see <https://doc.rust-lang.org/nightly/rustc/check-cfg/cargo-specifics.html> for more information about checking conditional configuration

warning: unexpected `cfg` condition value: `stats`
   --> src\concurrent\rwlock_wp.rs:460:7
    |
460 | #[cfg(feature = "stats")]
    |       ^^^^^^^^^^^^^^^^^
    |
    = note: expected values for `feature` are: `default`, `iocp`, and `simd`
    = help: consider adding `stats` as a feature in `Cargo.toml`
    = note: see <https://doc.rust-lang.org/nightly/rustc/check-cfg/cargo-specifics.html> for more information about checking conditional configuration

warning: unexpected `cfg` condition value: `stats`
   --> src\concurrent\rwlock_wp.rs:500:7
    |
500 | #[cfg(feature = "stats")]
    |       ^^^^^^^^^^^^^^^^^
    |
    = note: expected values for `feature` are: `default`, `iocp`, and `simd`
    = help: consider adding `stats` as a feature in `Cargo.toml`
    = note: see <https://doc.rust-lang.org/nightly/rustc/check-cfg/cargo-specifics.html> for more information about checking conditional configuration

warning: unused import: `AtomicUsize`
  --> src\concurrent\rwlock_wp.rs:17:46
   |
17 | use std::sync::atomic::{AtomicU32, Ordering, AtomicUsize};
   |                                              ^^^^^^^^^^^

warning: unused import: `std::time::Duration`
  --> src\concurrent\rwlock_wp.rs:20:5
   |
20 | use std::time::Duration;
   |     ^^^^^^^^^^^^^^^^^^^

warning: unexpected `cfg` condition value: `stats`
  --> src\concurrent\rwlock_wp.rs:55:11
   |
55 |     #[cfg(feature = "stats")]
   |           ^^^^^^^^^^^^^^^^^
   |
   = note: expected values for `feature` are: `default`, `iocp`, and `simd`
   = help: consider adding `stats` as a feature in `Cargo.toml`
   = note: see <https://doc.rust-lang.org/nightly/rustc/check-cfg/cargo-specifics.html> for more information about checking conditional configuration

warning: unexpected `cfg` condition value: `stats`
   --> src\concurrent\rwlock_wp.rs:394:11
    |
394 |     #[cfg(feature = "stats")]
    |           ^^^^^^^^^^^^^^^^^
    |
    = note: expected values for `feature` are: `default`, `iocp`, and `simd`
    = help: consider adding `stats` as a feature in `Cargo.toml`
    = note: see <https://doc.rust-lang.org/nightly/rustc/check-cfg/cargo-specifics.html> for more information about checking conditional configuration

warning: unexpected `cfg` condition value: `stats`
  --> src\concurrent\rwlock_wp.rs:71:19
   |
71 |             #[cfg(feature = "stats")]
   |                   ^^^^^^^^^^^^^^^^^
   |
   = note: expected values for `feature` are: `default`, `iocp`, and `simd`
   = help: consider adding `stats` as a feature in `Cargo.toml`
   = note: see <https://doc.rust-lang.org/nightly/rustc/check-cfg/cargo-specifics.html> for more information about checking conditional configuration

warning: unexpected `cfg` condition value: `stats`
   --> src\concurrent\rwlock_wp.rs:147:23
    |
147 |                 #[cfg(feature = "stats")]
    |                       ^^^^^^^^^^^^^^^^^
    |
    = note: expected values for `feature` are: `default`, `iocp`, and `simd`
    = help: consider adding `stats` as a feature in `Cargo.toml`
    = note: see <https://doc.rust-lang.org/nightly/rustc/check-cfg/cargo-specifics.html> for more information about checking conditional configuration

warning: unexpected `cfg` condition value: `stats`
   --> src\concurrent\rwlock_wp.rs:189:15
    |
189 |         #[cfg(feature = "stats")]
    |               ^^^^^^^^^^^^^^^^^
    |
    = note: expected values for `feature` are: `default`, `iocp`, and `simd`
    = help: consider adding `stats` as a feature in `Cargo.toml`
    = note: see <https://doc.rust-lang.org/nightly/rustc/check-cfg/cargo-specifics.html> for more information about checking conditional configuration

warning: unexpected `cfg` condition value: `stats`
   --> src\concurrent\rwlock_wp.rs:217:27
    |
217 |                     #[cfg(feature = "stats")]
    |                           ^^^^^^^^^^^^^^^^^
    |
    = note: expected values for `feature` are: `default`, `iocp`, and `simd`
    = help: consider adding `stats` as a feature in `Cargo.toml`
    = note: see <https://doc.rust-lang.org/nightly/rustc/check-cfg/cargo-specifics.html> for more information about checking conditional configuration

warning: unexpected `cfg` condition value: `stats`
   --> src\concurrent\rwlock_wp.rs:266:15
    |
266 |         #[cfg(feature = "stats")]
    |               ^^^^^^^^^^^^^^^^^
    |
    = note: expected values for `feature` are: `default`, `iocp`, and `simd`
    = help: consider adding `stats` as a feature in `Cargo.toml`
    = note: see <https://doc.rust-lang.org/nightly/rustc/check-cfg/cargo-specifics.html> for more information about checking conditional configuration

warning: unused doc comment
   --> src\concurrent\hazard.rs:190:1
    |
190 | /// Thread-local hazard record and retire list
    | ^^^^^^^^^^^^^^^^^^^^^^^^^^^^^^^^^^^^^^^^^^^^^^ rustdoc does not generate documentation for macro invocations
    |
    = help: to document an item produced by a macro, the macro must produce the documentation as part of its expansion

warning: unused import: `std::mem`
  --> src\concurrent\hazard.rs:18:5
   |
18 | use std::mem;
   |     ^^^^^^^^

warning: unused import: `AtomicUsize`
  --> src\bench\mod.rs:51:36
   |
51 | use std::sync::atomic::{AtomicU64, AtomicUsize, Ordering};
   |                                    ^^^^^^^^^^^

warning: unused import: `self`
  --> src\api\rest_api.rs:21:18
   |
21 |     middleware::{self, Next},
   |                  ^^^^

warning: unused import: `ServiceBuilder`
  --> src\api\rest_api.rs:24:13
   |
24 | use tower::{ServiceBuilder, ServiceExt};
   |             ^^^^^^^^^^^^^^

warning: unused import: `limit::RequestBodyLimitLayer`
  --> src\api\rest_api.rs:29:5
   |
29 |     limit::RequestBodyLimitLayer,
   |     ^^^^^^^^^^^^^^^^^^^^^^^^^^^^

warning: unused import: `utoipa_swagger_ui::SwaggerUi`
  --> src\api\rest_api.rs:38:5
   |
38 | use utoipa_swagger_ui::SwaggerUi;
   |     ^^^^^^^^^^^^^^^^^^^^^^^^^^^^

warning: unused import: `Interface`
  --> src\api\graphql_api.rs:30:57
   |
30 |     Context, Enum, Error, ErrorExtensions, InputObject, Interface, Object,
   |                                                         ^^^^^^^^^

warning: unused import: `async_graphql::parser::types::Selection`
  --> src\api\graphql_api.rs:33:5
   |
33 | use async_graphql::parser::types::Selection;
   |     ^^^^^^^^^^^^^^^^^^^^^^^^^^^^^^^^^^^^^^^

warning: unused imports: `ColumnId`, `RowId`, `SessionId`, `TableId`, and `Value`
  --> src\api\graphql_api.rs:47:21
   |
47 | use crate::common::{Value, TableId, ColumnId, RowId, SessionId};
   |                     ^^^^^  ^^^^^^^  ^^^^^^^^  ^^^^^  ^^^^^^^^^

warning: unused import: `Sha512`
  --> src\api\gateway.rs:37:20
   |
37 | use sha2::{Sha256, Sha512, Digest};
   |                    ^^^^^^

warning: unused import: `Hmac`
  --> src\api\gateway.rs:38:12
   |
38 | use hmac::{Hmac, Mac};
   |            ^^^^

warning: use of deprecated function `base64::encode`: Use Engine::encode
   --> src\security\authentication.rs:798:17
    |
798 |         base64::encode(&bytes)
    |                 ^^^^^^
    |
    = note: `#[warn(deprecated)]` on by default

warning: use of deprecated function `base64::decode`: Use Engine::decode
   --> src\api\graphql_api.rs:124:21
    |
124 |             base64::decode(&s)
    |                     ^^^^^^

warning: use of deprecated function `base64::encode`: Use Engine::encode
   --> src\api\graphql_api.rs:133:46
    |
133 |         async_graphql::Value::String(base64::encode(&self.0))
    |                                              ^^^^^^

error[E0107]: enum takes 2 generic arguments but 1 generic argument was supplied
   --> src\advanced_replication\conflicts.rs:276:74
    |
276 |     custom_handlers: Arc<RwLock<HashMap<String, Box<dyn Fn(&Conflict) -> Result<ConflictResolution> + Send + Sync>>>>,
    |                                                                          ^^^^^^ ------------------ supplied 1 generic argument
    |                                                                          |
    |                                                                          expected 2 generic arguments
    |
note: enum defined here, with 2 generic parameters: `T`, `E`
   --> C:\Users\JustinSaadein\.rustup\toolchains\stable-x86_64-pc-windows-msvc\lib/rustlib/src/rust\library\core\src\result.rs:528:10
    |
528 | pub enum Result<T, E> {
    |          ^^^^^^ -  -
help: add missing generic argument
    |
276 |     custom_handlers: Arc<RwLock<HashMap<String, Box<dyn Fn(&Conflict) -> Result<ConflictResolution, E> + Send + Sync>>>>,
    |                                                                                                   +++

error[E0107]: enum takes 2 generic arguments but 1 generic argument was supplied
   --> src\rac\cache_fusion.rs:362:34
    |
362 |     response_tx: oneshot::Sender<Result<BlockGrant>>,
    |                                  ^^^^^^ ---------- supplied 1 generic argument
    |                                  |
    |                                  expected 2 generic arguments
    |
note: enum defined here, with 2 generic parameters: `T`, `E`
   --> C:\Users\JustinSaadein\.rustup\toolchains\stable-x86_64-pc-windows-msvc\lib/rustlib/src/rust\library\core\src\result.rs:528:10
    |
528 | pub enum Result<T, E> {
    |          ^^^^^^ -  -
help: add missing generic argument
    |
362 |     response_tx: oneshot::Sender<Result<BlockGrant, E>>,
    |                                                   +++

error[E0107]: enum takes 2 generic arguments but 1 generic argument was supplied
   --> src\rac\cache_fusion.rs:965:34
    |
965 |     response_tx: oneshot::Sender<Result<LockGrant>>,
    |                                  ^^^^^^ --------- supplied 1 generic argument
    |                                  |
    |                                  expected 2 generic arguments
    |
note: enum defined here, with 2 generic parameters: `T`, `E`
   --> C:\Users\JustinSaadein\.rustup\toolchains\stable-x86_64-pc-windows-msvc\lib/rustlib/src/rust\library\core\src\result.rs:528:10
    |
528 | pub enum Result<T, E> {
    |          ^^^^^^ -  -
help: add missing generic argument
    |
965 |     response_tx: oneshot::Sender<Result<LockGrant, E>>,
    |                                                  +++

error[E0107]: enum takes 2 generic arguments but 1 generic argument was supplied
   --> src\rac\parallel_query.rs:314:47
    |
314 |     pub completion_tx: Option<oneshot::Sender<Result<Vec<Tuple>>>>,
    |                                               ^^^^^^ ---------- supplied 1 generic argument
    |                                               |
    |                                               expected 2 generic arguments
    |
note: enum defined here, with 2 generic parameters: `T`, `E`
   --> C:\Users\JustinSaadein\.rustup\toolchains\stable-x86_64-pc-windows-msvc\lib/rustlib/src/rust\library\core\src\result.rs:528:10
    |
528 | pub enum Result<T, E> {
    |          ^^^^^^ -  -
help: add missing generic argument
    |
314 |     pub completion_tx: Option<oneshot::Sender<Result<Vec<Tuple>, E>>>,
    |                                                                +++

error[E0107]: enum takes 2 generic arguments but 1 generic argument was supplied
    --> src\api\enterprise_integration.rs:1974:30
     |
1974 |     handler: Arc<dyn Fn() -> Result<()> + Send + Sync>,
     |                              ^^^^^^ -- supplied 1 generic argument
     |                              |
     |                              expected 2 generic arguments
     |
note: enum defined here, with 2 generic parameters: `T`, `E`
    --> C:\Users\JustinSaadein\.rustup\toolchains\stable-x86_64-pc-windows-msvc\lib/rustlib/src/rust\library\core\src\result.rs:528:10
     |
528  | pub enum Result<T, E> {
     |          ^^^^^^ -  -
help: add missing generic argument
     |
1974 |     handler: Arc<dyn Fn() -> Result<(), E> + Send + Sync>,
     |                                       +++

error[E0107]: enum takes 2 generic arguments but 1 generic argument was supplied
    --> src\api\enterprise_integration.rs:2050:30
     |
2050 |     handler: Arc<dyn Fn() -> Result<()> + Send + Sync>,
     |                              ^^^^^^ -- supplied 1 generic argument
     |                              |
     |                              expected 2 generic arguments
     |
note: enum defined here, with 2 generic parameters: `T`, `E`
    --> C:\Users\JustinSaadein\.rustup\toolchains\stable-x86_64-pc-windows-msvc\lib/rustlib/src/rust\library\core\src\result.rs:528:10
     |
528  | pub enum Result<T, E> {
     |          ^^^^^^ -  -
help: add missing generic argument
     |
2050 |     handler: Arc<dyn Fn() -> Result<(), E> + Send + Sync>,
     |                                       +++

error[E0107]: enum takes 2 generic arguments but 1 generic argument was supplied
   --> src\api\enterprise_integration.rs:100:29
    |
100 |     fn initialize(&self) -> Result<()>;
    |                             ^^^^^^ -- supplied 1 generic argument
    |                             |
    |                             expected 2 generic arguments
    |
note: enum defined here, with 2 generic parameters: `T`, `E`
   --> C:\Users\JustinSaadein\.rustup\toolchains\stable-x86_64-pc-windows-msvc\lib/rustlib/src/rust\library\core\src\result.rs:528:10
    |
528 | pub enum Result<T, E> {
    |          ^^^^^^ -  -
help: add missing generic argument
    |
100 |     fn initialize(&self) -> Result<(), E>;
    |                                      +++

error[E0107]: enum takes 2 generic arguments but 1 generic argument was supplied
   --> src\api\enterprise_integration.rs:103:24
    |
103 |     fn start(&self) -> Result<()>;
    |                        ^^^^^^ -- supplied 1 generic argument
    |                        |
    |                        expected 2 generic arguments
    |
note: enum defined here, with 2 generic parameters: `T`, `E`
   --> C:\Users\JustinSaadein\.rustup\toolchains\stable-x86_64-pc-windows-msvc\lib/rustlib/src/rust\library\core\src\result.rs:528:10
    |
528 | pub enum Result<T, E> {
    |          ^^^^^^ -  -
help: add missing generic argument
    |
103 |     fn start(&self) -> Result<(), E>;
    |                                 +++

error[E0107]: enum takes 2 generic arguments but 1 generic argument was supplied
   --> src\api\enterprise_integration.rs:106:24
    |
106 |     fn pause(&self) -> Result<()>;
    |                        ^^^^^^ -- supplied 1 generic argument
    |                        |
    |                        expected 2 generic arguments
    |
note: enum defined here, with 2 generic parameters: `T`, `E`
   --> C:\Users\JustinSaadein\.rustup\toolchains\stable-x86_64-pc-windows-msvc\lib/rustlib/src/rust\library\core\src\result.rs:528:10
    |
528 | pub enum Result<T, E> {
    |          ^^^^^^ -  -
help: add missing generic argument
    |
106 |     fn pause(&self) -> Result<(), E>;
    |                                 +++

error[E0107]: enum takes 2 generic arguments but 1 generic argument was supplied
   --> src\api\enterprise_integration.rs:109:25
    |
109 |     fn resume(&self) -> Result<()>;
    |                         ^^^^^^ -- supplied 1 generic argument
    |                         |
    |                         expected 2 generic arguments
    |
note: enum defined here, with 2 generic parameters: `T`, `E`
   --> C:\Users\JustinSaadein\.rustup\toolchains\stable-x86_64-pc-windows-msvc\lib/rustlib/src/rust\library\core\src\result.rs:528:10
    |
528 | pub enum Result<T, E> {
    |          ^^^^^^ -  -
help: add missing generic argument
    |
109 |     fn resume(&self) -> Result<(), E>;
    |                                  +++

error[E0107]: enum takes 2 generic arguments but 1 generic argument was supplied
   --> src\api\enterprise_integration.rs:112:23
    |
112 |     fn stop(&self) -> Result<()>;
    |                       ^^^^^^ -- supplied 1 generic argument
    |                       |
    |                       expected 2 generic arguments
    |
note: enum defined here, with 2 generic parameters: `T`, `E`
   --> C:\Users\JustinSaadein\.rustup\toolchains\stable-x86_64-pc-windows-msvc\lib/rustlib/src/rust\library\core\src\result.rs:528:10
    |
528 | pub enum Result<T, E> {
    |          ^^^^^^ -  -
help: add missing generic argument
    |
112 |     fn stop(&self) -> Result<(), E>;
    |                                +++

error[E0107]: enum takes 2 generic arguments but 1 generic argument was supplied
   --> src\api\enterprise_integration.rs:115:29
    |
115 |     fn get_config(&self) -> Result<HashMap<String, String>>;
    |                             ^^^^^^ ----------------------- supplied 1 generic argument
    |                             |
    |                             expected 2 generic arguments
    |
note: enum defined here, with 2 generic parameters: `T`, `E`
   --> C:\Users\JustinSaadein\.rustup\toolchains\stable-x86_64-pc-windows-msvc\lib/rustlib/src/rust\library\core\src\result.rs:528:10
    |
528 | pub enum Result<T, E> {
    |          ^^^^^^ -  -
help: add missing generic argument
    |
115 |     fn get_config(&self) -> Result<HashMap<String, String>, E>;
    |                                                           +++

error[E0107]: enum takes 2 generic arguments but 1 generic argument was supplied
   --> src\api\enterprise_integration.rs:118:65
    |
118 |     fn update_config(&self, config: HashMap<String, String>) -> Result<()>;
    |                                                                 ^^^^^^ -- supplied 1 generic argument
    |                                                                 |
    |                                                                 expected 2 generic arguments
    |
note: enum defined here, with 2 generic parameters: `T`, `E`
   --> C:\Users\JustinSaadein\.rustup\toolchains\stable-x86_64-pc-windows-msvc\lib/rustlib/src/rust\library\core\src\result.rs:528:10
    |
528 | pub enum Result<T, E> {
    |          ^^^^^^ -  -
help: add missing generic argument
    |
118 |     fn update_config(&self, config: HashMap<String, String>) -> Result<(), E>;
    |                                                                          +++

error[E0107]: enum takes 2 generic arguments but 1 generic argument was supplied
   --> src\api\enterprise_integration.rs:707:41
    |
707 |     fn export(&self, spans: &[Span]) -> Result<()>;
    |                                         ^^^^^^ -- supplied 1 generic argument
    |                                         |
    |                                         expected 2 generic arguments
    |
note: enum defined here, with 2 generic parameters: `T`, `E`
   --> C:\Users\JustinSaadein\.rustup\toolchains\stable-x86_64-pc-windows-msvc\lib/rustlib/src/rust\library\core\src\result.rs:528:10
    |
528 | pub enum Result<T, E> {
    |          ^^^^^^ -  -
help: add missing generic argument
    |
707 |     fn export(&self, spans: &[Span]) -> Result<(), E>;
    |                                                  +++

error[E0107]: enum takes 2 generic arguments but 1 generic argument was supplied
    --> src\api\enterprise_integration.rs:1565:59
     |
1565 |     fn process(&self, request: &mut UnifiedApiRequest) -> Result<()>;
     |                                                           ^^^^^^ -- supplied 1 generic argument
     |                                                           |
     |                                                           expected 2 generic arguments
     |
note: enum defined here, with 2 generic parameters: `T`, `E`
    --> C:\Users\JustinSaadein\.rustup\toolchains\stable-x86_64-pc-windows-msvc\lib/rustlib/src/rust\library\core\src\result.rs:528:10
     |
528  | pub enum Result<T, E> {
     |          ^^^^^^ -  -
help: add missing generic argument
     |
1565 |     fn process(&self, request: &mut UnifiedApiRequest) -> Result<(), E>;
     |                                                                    +++

error[E0107]: enum takes 2 generic arguments but 1 generic argument was supplied
    --> src\api\enterprise_integration.rs:1769:61
     |
1769 |     fn transform(&self, request: &mut UnifiedApiRequest) -> Result<()>;
     |                                                             ^^^^^^ -- supplied 1 generic argument
     |                                                             |
     |                                                             expected 2 generic arguments
     |
note: enum defined here, with 2 generic parameters: `T`, `E`
    --> C:\Users\JustinSaadein\.rustup\toolchains\stable-x86_64-pc-windows-msvc\lib/rustlib/src/rust\library\core\src\result.rs:528:10
     |
528  | pub enum Result<T, E> {
     |          ^^^^^^ -  -
help: add missing generic argument
     |
1769 |     fn transform(&self, request: &mut UnifiedApiRequest) -> Result<(), E>;
     |                                                                      +++

error[E0107]: enum takes 2 generic arguments but 1 generic argument was supplied
    --> src\api\enterprise_integration.rs:2135:25
     |
2135 |     fn reload(&self) -> Result<()>;
     |                         ^^^^^^ -- supplied 1 generic argument
     |                         |
     |                         expected 2 generic arguments
     |
note: enum defined here, with 2 generic parameters: `T`, `E`
    --> C:\Users\JustinSaadein\.rustup\toolchains\stable-x86_64-pc-windows-msvc\lib/rustlib/src/rust\library\core\src\result.rs:528:10
     |
528  | pub enum Result<T, E> {
     |          ^^^^^^ -  -
help: add missing generic argument
     |
2135 |     fn reload(&self) -> Result<(), E>;
     |                                  +++

error[E0107]: enum takes 2 generic arguments but 1 generic argument was supplied
    --> src\api\enterprise_integration.rs:2136:27
     |
2136 |     fn validate(&self) -> Result<()>;
     |                           ^^^^^^ -- supplied 1 generic argument
     |                           |
     |                           expected 2 generic arguments
     |
note: enum defined here, with 2 generic parameters: `T`, `E`
    --> C:\Users\JustinSaadein\.rustup\toolchains\stable-x86_64-pc-windows-msvc\lib/rustlib/src/rust\library\core\src\result.rs:528:10
     |
528  | pub enum Result<T, E> {
     |          ^^^^^^ -  -
help: add missing generic argument
     |
2136 |     fn validate(&self) -> Result<(), E>;
     |                                    +++

error[E0107]: enum takes 2 generic arguments but 1 generic argument was supplied
    --> src\api\enterprise_integration.rs:2300:26
     |
2300 |     fn persist(&self) -> Result<Vec<u8>>;
     |                          ^^^^^^ ------- supplied 1 generic argument
     |                          |
     |                          expected 2 generic arguments
     |
note: enum defined here, with 2 generic parameters: `T`, `E`
    --> C:\Users\JustinSaadein\.rustup\toolchains\stable-x86_64-pc-windows-msvc\lib/rustlib/src/rust\library\core\src\result.rs:528:10
     |
528  | pub enum Result<T, E> {
     |          ^^^^^^ -  -
help: add missing generic argument
     |
2300 |     fn persist(&self) -> Result<Vec<u8>, E>;
     |                                        +++

error[E0107]: enum takes 2 generic arguments but 1 generic argument was supplied
    --> src\api\enterprise_integration.rs:2301:39
     |
2301 |     fn restore(&self, data: &[u8]) -> Result<()>;
     |                                       ^^^^^^ -- supplied 1 generic argument
     |                                       |
     |                                       expected 2 generic arguments
     |
note: enum defined here, with 2 generic parameters: `T`, `E`
    --> C:\Users\JustinSaadein\.rustup\toolchains\stable-x86_64-pc-windows-msvc\lib/rustlib/src/rust\library\core\src\result.rs:528:10
     |
528  | pub enum Result<T, E> {
     |          ^^^^^^ -  -
help: add missing generic argument
     |
2301 |     fn restore(&self, data: &[u8]) -> Result<(), E>;
     |                                                +++

error[E0107]: enum takes 2 generic arguments but 1 generic argument was supplied
    --> src\api\enterprise_integration.rs:2360:26
     |
2360 |     fn recover(&self) -> Result<()>;
     |                          ^^^^^^ -- supplied 1 generic argument
     |                          |
     |                          expected 2 generic arguments
     |
note: enum defined here, with 2 generic parameters: `T`, `E`
    --> C:\Users\JustinSaadein\.rustup\toolchains\stable-x86_64-pc-windows-msvc\lib/rustlib/src/rust\library\core\src\result.rs:528:10
     |
528  | pub enum Result<T, E> {
     |          ^^^^^^ -  -
help: add missing generic argument
     |
2360 |     fn recover(&self) -> Result<(), E>;
     |                                   +++

error[E0107]: enum takes 2 generic arguments but 1 generic argument was supplied
    --> src\api\enterprise_integration.rs:2361:36
     |
2361 |     fn validate_recovery(&self) -> Result<bool>;
     |                                    ^^^^^^ ---- supplied 1 generic argument
     |                                    |
     |                                    expected 2 generic arguments
     |
note: enum defined here, with 2 generic parameters: `T`, `E`
    --> C:\Users\JustinSaadein\.rustup\toolchains\stable-x86_64-pc-windows-msvc\lib/rustlib/src/rust\library\core\src\result.rs:528:10
     |
528  | pub enum Result<T, E> {
     |          ^^^^^^ -  -
help: add missing generic argument
     |
2361 |     fn validate_recovery(&self) -> Result<bool, E>;
     |                                               +++

warning: unused variable: `prepare_msg`
   --> src\transaction\distributed.rs:212:13
    |
212 |         let prepare_msg = TwoPhaseMessage::Prepare {
    |             ^^^^^^^^^^^ help: if this is intentional, prefix it with an underscore: `_prepare_msg`
    |
    = note: `#[warn(unused_variables)]` on by default

warning: unused variable: `commit_msg`
   --> src\transaction\distributed.rs:255:17
    |
255 |             let commit_msg = TwoPhaseMessage::Commit { global_txn_id };
    |                 ^^^^^^^^^^ help: if this is intentional, prefix it with an underscore: `_commit_msg`

warning: unused variable: `abort_msg`
   --> src\transaction\distributed.rs:270:17
    |
270 |             let abort_msg = TwoPhaseMessage::Abort { global_txn_id };
    |                 ^^^^^^^^^ help: if this is intentional, prefix it with an underscore: `_abort_msg`

warning: unused variable: `undo_next_lsn`
   --> src\transaction\recovery.rs:496:30
    |
496 |             LogRecord::CLR { undo_next_lsn, .. } => {
    |                              ^^^^^^^^^^^^^-
    |                              |
    |                              help: try removing the field

warning: unused variable: `page_id`
   --> src\transaction\recovery.rs:507:35
    |
507 |     async fn apply_to_page(&self, page_id: PageId, offset: u32, data: &[u8]) -> std::result::Result<(), DbError> {
    |                                   ^^^^^^^ help: if this is intentional, prefix it with an underscore: `_page_id`

warning: unused variable: `offset`
   --> src\transaction\recovery.rs:507:52
    |
507 |     async fn apply_to_page(&self, page_id: PageId, offset: u32, data: &[u8]) -> std::result::Result<(), DbError> {
    |                                                    ^^^^^^ help: if this is intentional, prefix it with an underscore: `_offset`

warning: unused variable: `data`
   --> src\transaction\recovery.rs:507:65
    |
507 |     async fn apply_to_page(&self, page_id: PageId, offset: u32, data: &[u8]) -> std::result::Result<(), DbError> {
    |                                                                 ^^^^ help: if this is intentional, prefix it with an underscore: `_data`

warning: unused variable: `begin_lsn`
   --> src\transaction\recovery.rs:590:13
    |
590 |         let begin_lsn = self.wal.append(LogRecord::CheckpointBegin {
    |             ^^^^^^^^^ help: if this is intentional, prefix it with an underscore: `_begin_lsn`

warning: unused variable: `target_lsn`
   --> src\transaction\recovery.rs:686:40
    |
686 |     async fn recovery_up_to_lsn(&self, target_lsn: LSN) -> std::result::Result<(), DbError> {
    |                                        ^^^^^^^^^^ help: if this is intentional, prefix it with an underscore: `_target_lsn`

warning: unused variable: `left`
   --> src\execution\parallel.rs:118:17
    |
118 |             let left = left.clone();
    |                 ^^^^ help: if this is intentional, prefix it with an underscore: `_left`

warning: unused variable: `right`
   --> src\execution\parallel.rs:126:17
    |
126 |             let right = right.clone();
    |                 ^^^^^ help: if this is intentional, prefix it with an underscore: `_right`

warning: unused variable: `input`
   --> src\execution\parallel.rs:216:9
    |
216 |         input: &PlanNode,
    |         ^^^^^ help: if this is intentional, prefix it with an underscore: `_input`

error[E0107]: enum takes 2 generic arguments but 1 generic argument was supplied
   --> src\execution\expressions.rs:519:83
    |
519 |     fn compare_values(&self, left: &ExprValue, right: &ExprValue) -> std::result::Result<i32> {
    |                                                                                   ^^^^^^ --- supplied 1 generic argument
    |                                                                                   |
    |                                                                                   expected 2 generic arguments
    |
note: enum defined here, with 2 generic parameters: `T`, `E`
   --> C:\Users\JustinSaadein\.rustup\toolchains\stable-x86_64-pc-windows-msvc\lib/rustlib/src/rust\library\core\src\result.rs:528:10
    |
528 | pub enum Result<T, E> {
    |          ^^^^^^ -  -
help: add missing generic argument
    |
519 |     fn compare_values(&self, left: &ExprValue, right: &ExprValue) -> std::result::Result<i32, E> {
    |                                                                                             +++

warning: unused variable: `node_id`
   --> src\network\cluster_network.rs:519:39
    |
519 |             SwimMessage::Ping { from: node_id, seq } => {
    |                                       ^^^^^^^ help: if this is intentional, prefix it with an underscore: `_node_id`

warning: unused variable: `msg`
    --> src\network\cluster_network.rs:1269:13
     |
1269 |         let msg = ClusterMessage::MetadataSync {
     |             ^^^ help: if this is intentional, prefix it with an underscore: `_msg`

warning: unused variable: `sql`
    --> src\network\cluster_network.rs:1562:9
     |
1562 |         sql: &str,
     |         ^^^ help: if this is intentional, prefix it with an underscore: `_sql`

warning: unused variable: `priority`
    --> src\network\cluster_network.rs:1563:9
     |
1563 |         priority: MessagePriority,
     |         ^^^^^^^^ help: if this is intentional, prefix it with an underscore: `_priority`

warning: unused variable: `term`
    --> src\network\cluster_network.rs:2018:13
     |
2018 |         let term = *self.current_term.read();
     |             ^^^^ help: if this is intentional, prefix it with an underscore: `_term`

warning: unused variable: `txn_id`
    --> src\network\cluster_network.rs:2223:40
     |
2223 |     async fn commit_transaction(&self, txn_id: Uuid) -> Result<()> {
     |                                        ^^^^^^ help: if this is intentional, prefix it with an underscore: `_txn_id`

warning: unused variable: `txn_id`
    --> src\network\cluster_network.rs:2228:39
     |
2228 |     async fn abort_transaction(&self, txn_id: Uuid) -> Result<()> {
     |                                       ^^^^^^ help: if this is intentional, prefix it with an underscore: `_txn_id`

warning: unused variable: `node_id`
    --> src\network\cluster_network.rs:2439:40
     |
2439 |     async fn detect_packet_loss(&self, node_id: NodeId) -> Result<f64> {
     |                                        ^^^^^^^ help: if this is intentional, prefix it with an underscore: `_node_id`

warning: unused variable: `failure`
    --> src\security\auto_recovery.rs:1695:43
     |
1695 |     async fn recover_from_deadlock(&self, failure: &DetectedFailure) -> Result<bool> {
     |                                           ^^^^^^^ help: if this is intentional, prefix it with an underscore: `_failure`

warning: unused variable: `failure`
    --> src\security\auto_recovery.rs:1708:49
     |
1708 |     async fn recover_from_health_failure(&self, failure: &DetectedFailure) -> Result<bool> {
     |                                                 ^^^^^^^ help: if this is intentional, prefix it with an underscore: `_failure`

warning: unused variable: `permit`
   --> src\security\circuit_breaker.rs:528:13
    |
528 |         let permit = match timeout(
    |             ^^^^^^ help: if this is intentional, prefix it with an underscore: `_permit`

warning: unused variable: `rule`
   --> src\analytics\caching.rs:621:13
    |
621 |         for rule in &self.preload_rules {
    |             ^^^^ help: if this is intentional, prefix it with an underscore: `_rule`

warning: unused variable: `admin_password`
   --> src\multitenancy\container.rs:364:9
    |
364 |         admin_password: String,
    |         ^^^^^^^^^^^^^^ help: if this is intentional, prefix it with an underscore: `_admin_password`

warning: unused variable: `operation_id`
   --> src\multitenancy\container.rs:509:9
    |
509 |         operation_id: u64,
    |         ^^^^^^^^^^^^ help: if this is intentional, prefix it with an underscore: `_operation_id`

warning: unused variable: `xml_content`
   --> src\multitenancy\container.rs:669:13
    |
669 |         let xml_content = self.generate_pdb_xml_metadata(&pdb_config);
    |             ^^^^^^^^^^^ help: if this is intentional, prefix it with an underscore: `_xml_content`

warning: unused variable: `query`
   --> src\multitenancy\tenant.rs:551:40
    |
551 |     pub async fn validate_query(&self, query: &str, schemas_accessed: &[String]) -> TenantResult<()> {
    |                                        ^^^^^ help: if this is intentional, prefix it with an underscore: `_query`

warning: unused variable: `allocation`
   --> src\multitenancy\isolation.rs:410:13
    |
410 |         let allocation = match self.calculate_allocation(tenant_id).await {
    |             ^^^^^^^^^^ help: if this is intentional, prefix it with an underscore: `_allocation`

warning: unused variable: `elapsed`
   --> src\multitenancy\isolation.rs:466:13
    |
466 |         let elapsed = SystemTime::now()
    |             ^^^^^^^ help: if this is intentional, prefix it with an underscore: `_elapsed`

warning: unused variable: `pdb_config`
   --> src\multitenant\tenant.rs:547:13
    |
547 |         let pdb_config = PdbConfig {
    |             ^^^^^^^^^^ help: if this is intentional, prefix it with an underscore: `_pdb_config`

warning: unused variable: `clone_name`
   --> src\multitenant\cloning.rs:130:9
    |
130 |         clone_name: &str,
    |         ^^^^^^^^^^ help: if this is intentional, prefix it with an underscore: `_clone_name`

warning: unused variable: `clone_name`
   --> src\multitenant\cloning.rs:171:9
    |
171 |         clone_name: &str,
    |         ^^^^^^^^^^ help: if this is intentional, prefix it with an underscore: `_clone_name`

warning: unused variable: `clone_name`
   --> src\multitenant\cloning.rs:215:9
    |
215 |         clone_name: &str,
    |         ^^^^^^^^^^ help: if this is intentional, prefix it with an underscore: `_clone_name`

error[E0505]: cannot move out of `snapshot_manager` because it is borrowed
   --> src\multitenant\cloning.rs:246:14
    |
221 |         let snapshot_manager = self.snapshot_manager.read().await;
    |             ---------------- binding `snapshot_manager` declared here
222 |         let snapshots = snapshot_manager.get(&source_pdb_id).ok_or_else(|| {
    |                         ---------------- borrow of `snapshot_manager` occurs here
...
246 |         drop(snapshot_manager);
    |              ^^^^^^^^^^^^^^^^ move out of `snapshot_manager` occurs here
...
256 |             meta.size_bytes = snapshot.size_bytes;
    |                               ------------------- borrow later used here

warning: unused variable: `clone_name`
   --> src\multitenant\cloning.rs:266:9
    |
266 |         clone_name: &str,
    |         ^^^^^^^^^^ help: if this is intentional, prefix it with an underscore: `_clone_name`

warning: variable does not need to be mutable
   --> src\multitenant\cloning.rs:341:21
    |
341 |         if let Some(mut meta) = clones.get_mut(&clone_id) {
    |                     ----^^^^
    |                     |
    |                     help: remove this `mut`
    |
    = note: `#[warn(unused_mut)]` on by default

warning: unused variable: `source_pdb_id`
   --> src\multitenant\relocation.rs:464:43
    |
464 |     pub async fn apply_incremental(&self, source_pdb_id: PdbId, target_pdb_id: PdbId) -> Result<()> {
    |                                           ^^^^^^^^^^^^^ help: if this is intentional, prefix it with an underscore: `_source_pdb_id`

warning: unused variable: `target_pdb_id`
   --> src\multitenant\relocation.rs:464:65
    |
464 |     pub async fn apply_incremental(&self, source_pdb_id: PdbId, target_pdb_id: PdbId) -> Result<()> {
    |                                                                 ^^^^^^^^^^^^^ help: if this is intentional, prefix it with an underscore: `_target_pdb_id`

warning: unused variable: `profile`
   --> src\multitenant\shared.rs:146:13
    |
146 |         let profile = self
    |             ^^^^^^^ help: if this is intentional, prefix it with an underscore: `_profile`

error[E0107]: enum takes 2 generic arguments but 1 generic argument was supplied
   --> src\replication\mod.rs:408:56
    |
408 |     pub fn add_replica(&self, replica: ReplicaNode) -> Result<()> {
    |                                                        ^^^^^^ -- supplied 1 generic argument
    |                                                        |
    |                                                        expected 2 generic arguments
    |
note: enum defined here, with 2 generic parameters: `T`, `E`
   --> C:\Users\JustinSaadein\.rustup\toolchains\stable-x86_64-pc-windows-msvc\lib/rustlib/src/rust\library\core\src\result.rs:528:10
    |
528 | pub enum Result<T, E> {
    |          ^^^^^^ -  -
help: add missing generic argument
    |
408 |     pub fn add_replica(&self, replica: ReplicaNode) -> Result<(), E> {
    |                                                                 +++

error[E0107]: enum takes 2 generic arguments but 1 generic argument was supplied
   --> src\replication\mod.rs:432:55
    |
432 |     pub fn remove_replica(&self, replica_id: &str) -> Result<()> {
    |                                                       ^^^^^^ -- supplied 1 generic argument
    |                                                       |
    |                                                       expected 2 generic arguments
    |
note: enum defined here, with 2 generic parameters: `T`, `E`
   --> C:\Users\JustinSaadein\.rustup\toolchains\stable-x86_64-pc-windows-msvc\lib/rustlib/src/rust\library\core\src\result.rs:528:10
    |
528 | pub enum Result<T, E> {
    |          ^^^^^^ -  -
help: add missing generic argument
    |
432 |     pub fn remove_replica(&self, replica_id: &str) -> Result<(), E> {
    |                                                                +++

error[E0107]: enum takes 2 generic arguments but 1 generic argument was supplied
   --> src\replication\mod.rs:451:85
    |
451 |     pub fn update_replica_status(&self, replica_id: &str, status: ReplicaStatus) -> Result<()> {
    |                                                                                     ^^^^^^ -- supplied 1 generic argument
    |                                                                                     |
    |                                                                                     expected 2 generic arguments
    |
note: enum defined here, with 2 generic parameters: `T`, `E`
   --> C:\Users\JustinSaadein\.rustup\toolchains\stable-x86_64-pc-windows-msvc\lib/rustlib/src/rust\library\core\src\result.rs:528:10
    |
528 | pub enum Result<T, E> {
    |          ^^^^^^ -  -
help: add missing generic argument
    |
451 |     pub fn update_replica_status(&self, replica_id: &str, status: ReplicaStatus) -> Result<(), E> {
    |                                                                                              +++

error[E0107]: enum takes 2 generic arguments but 1 generic argument was supplied
   --> src\replication\mod.rs:469:10
    |
469 |     ) -> Result<()> {
    |          ^^^^^^ -- supplied 1 generic argument
    |          |
    |          expected 2 generic arguments
    |
note: enum defined here, with 2 generic parameters: `T`, `E`
   --> C:\Users\JustinSaadein\.rustup\toolchains\stable-x86_64-pc-windows-msvc\lib/rustlib/src/rust\library\core\src\result.rs:528:10
    |
528 | pub enum Result<T, E> {
    |          ^^^^^^ -  -
help: add missing generic argument
    |
469 |     ) -> Result<(), E> {
    |                   +++

error[E0107]: enum takes 2 generic arguments but 1 generic argument was supplied
   --> src\replication\mod.rs:515:76
    |
515 |     async fn wait_for_all_replicas(&self, _entry: &ReplicationLogEntry) -> Result<()> {
    |                                                                            ^^^^^^ -- supplied 1 generic argument
    |                                                                            |
    |                                                                            expected 2 generic arguments
    |
note: enum defined here, with 2 generic parameters: `T`, `E`
   --> C:\Users\JustinSaadein\.rustup\toolchains\stable-x86_64-pc-windows-msvc\lib/rustlib/src/rust\library\core\src\result.rs:528:10
    |
528 | pub enum Result<T, E> {
    |          ^^^^^^ -  -
help: add missing generic argument
    |
515 |     async fn wait_for_all_replicas(&self, _entry: &ReplicationLogEntry) -> Result<(), E> {
    |                                                                                     +++

error[E0107]: enum takes 2 generic arguments but 1 generic argument was supplied
   --> src\replication\mod.rs:522:75
    |
522 |     async fn wait_for_one_replica(&self, _entry: &ReplicationLogEntry) -> Result<()> {
    |                                                                           ^^^^^^ -- supplied 1 generic argument
    |                                                                           |
    |                                                                           expected 2 generic arguments
    |
note: enum defined here, with 2 generic parameters: `T`, `E`
   --> C:\Users\JustinSaadein\.rustup\toolchains\stable-x86_64-pc-windows-msvc\lib/rustlib/src/rust\library\core\src\result.rs:528:10
    |
528 | pub enum Result<T, E> {
    |          ^^^^^^ -  -
help: add missing generic argument
    |
522 |     async fn wait_for_one_replica(&self, _entry: &ReplicationLogEntry) -> Result<(), E> {
    |                                                                                    +++

error[E0107]: enum takes 2 generic arguments but 1 generic argument was supplied
   --> src\replication\mod.rs:528:59
    |
528 |     pub async fn failover(&self, new_primary_id: &str) -> Result<()> {
    |                                                           ^^^^^^ -- supplied 1 generic argument
    |                                                           |
    |                                                           expected 2 generic arguments
    |
note: enum defined here, with 2 generic parameters: `T`, `E`
   --> C:\Users\JustinSaadein\.rustup\toolchains\stable-x86_64-pc-windows-msvc\lib/rustlib/src/rust\library\core\src\result.rs:528:10
    |
528 | pub enum Result<T, E> {
    |          ^^^^^^ -  -
help: add missing generic argument
    |
528 |     pub async fn failover(&self, new_primary_id: &str) -> Result<(), E> {
    |                                                                    +++

error[E0107]: enum takes 2 generic arguments but 1 generic argument was supplied
   --> src\replication\mod.rs:547:56
    |
547 |     pub fn get_replica_lag(&self, replica_id: &str) -> Result<u64> {
    |                                                        ^^^^^^ --- supplied 1 generic argument
    |                                                        |
    |                                                        expected 2 generic arguments
    |
note: enum defined here, with 2 generic parameters: `T`, `E`
   --> C:\Users\JustinSaadein\.rustup\toolchains\stable-x86_64-pc-windows-msvc\lib/rustlib/src/rust\library\core\src\result.rs:528:10
    |
528 | pub enum Result<T, E> {
    |          ^^^^^^ -  -
help: add missing generic argument
    |
547 |     pub fn get_replica_lag(&self, replica_id: &str) -> Result<u64, E> {
    |                                                                  +++

error[E0107]: enum takes 2 generic arguments but 1 generic argument was supplied
   --> src\replication\mod.rs:562:53
    |
562 |     pub fn append_to_wal(&self, entry: WALEntry) -> Result<()> {
    |                                                     ^^^^^^ -- supplied 1 generic argument
    |                                                     |
    |                                                     expected 2 generic arguments
    |
note: enum defined here, with 2 generic parameters: `T`, `E`
   --> C:\Users\JustinSaadein\.rustup\toolchains\stable-x86_64-pc-windows-msvc\lib/rustlib/src/rust\library\core\src\result.rs:528:10
    |
528 | pub enum Result<T, E> {
    |          ^^^^^^ -  -
help: add missing generic argument
    |
562 |     pub fn append_to_wal(&self, entry: WALEntry) -> Result<(), E> {
    |                                                              +++

error[E0107]: enum takes 2 generic arguments but 1 generic argument was supplied
   --> src\replication\mod.rs:586:51
    |
586 |     pub fn truncate_wal(&self, up_to_lsn: u64) -> Result<()> {
    |                                                   ^^^^^^ -- supplied 1 generic argument
    |                                                   |
    |                                                   expected 2 generic arguments
    |
note: enum defined here, with 2 generic parameters: `T`, `E`
   --> C:\Users\JustinSaadein\.rustup\toolchains\stable-x86_64-pc-windows-msvc\lib/rustlib/src/rust\library\core\src\result.rs:528:10
    |
528 | pub enum Result<T, E> {
    |          ^^^^^^ -  -
help: add missing generic argument
    |
586 |     pub fn truncate_wal(&self, up_to_lsn: u64) -> Result<(), E> {
    |                                                            +++

error[E0107]: enum takes 2 generic arguments but 1 generic argument was supplied
   --> src\replication\mod.rs:617:10
    |
617 |     ) -> Result<u64> {
    |          ^^^^^^ --- supplied 1 generic argument
    |          |
    |          expected 2 generic arguments
    |
note: enum defined here, with 2 generic parameters: `T`, `E`
   --> C:\Users\JustinSaadein\.rustup\toolchains\stable-x86_64-pc-windows-msvc\lib/rustlib/src/rust\library\core\src\result.rs:528:10
    |
528 | pub enum Result<T, E> {
    |          ^^^^^^ -  -
help: add missing generic argument
    |
617 |     ) -> Result<u64, E> {
    |                    +++

error[E0107]: enum takes 2 generic arguments but 1 generic argument was supplied
   --> src\replication\mod.rs:640:57
    |
640 |     pub fn resolve_conflict(&self, conflict_id: u64) -> Result<Vec<u8>> {
    |                                                         ^^^^^^ ------- supplied 1 generic argument
    |                                                         |
    |                                                         expected 2 generic arguments
    |
note: enum defined here, with 2 generic parameters: `T`, `E`
   --> C:\Users\JustinSaadein\.rustup\toolchains\stable-x86_64-pc-windows-msvc\lib/rustlib/src/rust\library\core\src\result.rs:528:10
    |
528 | pub enum Result<T, E> {
    |          ^^^^^^ -  -
help: add missing generic argument
    |
640 |     pub fn resolve_conflict(&self, conflict_id: u64) -> Result<Vec<u8>, E> {
    |                                                                       +++

error[E0107]: enum takes 2 generic arguments but 1 generic argument was supplied
   --> src\replication\mod.rs:696:47
    |
696 |     pub fn clear_resolved_conflicts(&self) -> Result<()> {
    |                                               ^^^^^^ -- supplied 1 generic argument
    |                                               |
    |                                               expected 2 generic arguments
    |
note: enum defined here, with 2 generic parameters: `T`, `E`
   --> C:\Users\JustinSaadein\.rustup\toolchains\stable-x86_64-pc-windows-msvc\lib/rustlib/src/rust\library\core\src\result.rs:528:10
    |
528 | pub enum Result<T, E> {
    |          ^^^^^^ -  -
help: add missing generic argument
    |
696 |     pub fn clear_resolved_conflicts(&self) -> Result<(), E> {
    |                                                        +++

error[E0107]: enum takes 2 generic arguments but 1 generic argument was supplied
   --> src\replication\mod.rs:705:59
    |
705 |     pub fn create_snapshot(&self, tables: Vec<String>) -> Result<ReplicationSnapshot> {
    |                                                           ^^^^^^ ------------------- supplied 1 generic argument
    |                                                           |
    |                                                           expected 2 generic arguments
    |
note: enum defined here, with 2 generic parameters: `T`, `E`
   --> C:\Users\JustinSaadein\.rustup\toolchains\stable-x86_64-pc-windows-msvc\lib/rustlib/src/rust\library\core\src\result.rs:528:10
    |
528 | pub enum Result<T, E> {
    |          ^^^^^^ -  -
help: add missing generic argument
    |
705 |     pub fn create_snapshot(&self, tables: Vec<String>) -> Result<ReplicationSnapshot, E> {
    |                                                                                     +++

error[E0107]: enum takes 2 generic arguments but 1 generic argument was supplied
   --> src\replication\mod.rs:728:54
    |
728 |     pub fn get_snapshot(&self, snapshot_id: &str) -> Result<ReplicationSnapshot> {
    |                                                      ^^^^^^ ------------------- supplied 1 generic argument
    |                                                      |
    |                                                      expected 2 generic arguments
    |
note: enum defined here, with 2 generic parameters: `T`, `E`
   --> C:\Users\JustinSaadein\.rustup\toolchains\stable-x86_64-pc-windows-msvc\lib/rustlib/src/rust\library\core\src\result.rs:528:10
    |
528 | pub enum Result<T, E> {
    |          ^^^^^^ -  -
help: add missing generic argument
    |
728 |     pub fn get_snapshot(&self, snapshot_id: &str) -> Result<ReplicationSnapshot, E> {
    |                                                                                +++

error[E0107]: enum takes 2 generic arguments but 1 generic argument was supplied
   --> src\replication\mod.rs:744:57
    |
744 |     pub fn delete_snapshot(&self, snapshot_id: &str) -> Result<()> {
    |                                                         ^^^^^^ -- supplied 1 generic argument
    |                                                         |
    |                                                         expected 2 generic arguments
    |
note: enum defined here, with 2 generic parameters: `T`, `E`
   --> C:\Users\JustinSaadein\.rustup\toolchains\stable-x86_64-pc-windows-msvc\lib/rustlib/src/rust\library\core\src\result.rs:528:10
    |
528 | pub enum Result<T, E> {
    |          ^^^^^^ -  -
help: add missing generic argument
    |
744 |     pub fn delete_snapshot(&self, snapshot_id: &str) -> Result<(), E> {
    |                                                                  +++

error[E0107]: enum takes 2 generic arguments but 1 generic argument was supplied
   --> src\replication\mod.rs:759:62
    |
759 |     pub async fn apply_snapshot(&self, snapshot_id: &str) -> Result<()> {
    |                                                              ^^^^^^ -- supplied 1 generic argument
    |                                                              |
    |                                                              expected 2 generic arguments
    |
note: enum defined here, with 2 generic parameters: `T`, `E`
   --> C:\Users\JustinSaadein\.rustup\toolchains\stable-x86_64-pc-windows-msvc\lib/rustlib/src/rust\library\core\src\result.rs:528:10
    |
528 | pub enum Result<T, E> {
    |          ^^^^^^ -  -
help: add missing generic argument
    |
759 |     pub async fn apply_snapshot(&self, snapshot_id: &str) -> Result<(), E> {
    |                                                                       +++

error[E0107]: enum takes 2 generic arguments but 1 generic argument was supplied
   --> src\replication\mod.rs:777:71
    |
777 |     pub fn update_replica_health(&self, health: ReplicationHealth) -> Result<()> {
    |                                                                       ^^^^^^ -- supplied 1 generic argument
    |                                                                       |
    |                                                                       expected 2 generic arguments
    |
note: enum defined here, with 2 generic parameters: `T`, `E`
   --> C:\Users\JustinSaadein\.rustup\toolchains\stable-x86_64-pc-windows-msvc\lib/rustlib/src/rust\library\core\src\result.rs:528:10
    |
528 | pub enum Result<T, E> {
    |          ^^^^^^ -  -
help: add missing generic argument
    |
777 |     pub fn update_replica_health(&self, health: ReplicationHealth) -> Result<(), E> {
    |                                                                                +++

error[E0107]: enum takes 2 generic arguments but 1 generic argument was supplied
   --> src\replication\mod.rs:784:59
    |
784 |     pub fn get_replica_health(&self, replica_id: &str) -> Result<ReplicationHealth> {
    |                                                           ^^^^^^ ----------------- supplied 1 generic argument
    |                                                           |
    |                                                           expected 2 generic arguments
    |
note: enum defined here, with 2 generic parameters: `T`, `E`
   --> C:\Users\JustinSaadein\.rustup\toolchains\stable-x86_64-pc-windows-msvc\lib/rustlib/src/rust\library\core\src\result.rs:528:10
    |
528 | pub enum Result<T, E> {
    |          ^^^^^^ -  -
help: add missing generic argument
    |
784 |     pub fn get_replica_health(&self, replica_id: &str) -> Result<ReplicationHealth, E> {
    |                                                                                   +++

error[E0107]: enum takes 2 generic arguments but 1 generic argument was supplied
   --> src\replication\mod.rs:823:67
    |
823 |     pub async fn discover_replicas(&self, network_range: &str) -> Result<Vec<String>> {
    |                                                                   ^^^^^^ ----------- supplied 1 generic argument
    |                                                                   |
    |                                                                   expected 2 generic arguments
    |
note: enum defined here, with 2 generic parameters: `T`, `E`
   --> C:\Users\JustinSaadein\.rustup\toolchains\stable-x86_64-pc-windows-msvc\lib/rustlib/src/rust\library\core\src\result.rs:528:10
    |
528 | pub enum Result<T, E> {
    |          ^^^^^^ -  -
help: add missing generic argument
    |
823 |     pub async fn discover_replicas(&self, network_range: &str) -> Result<Vec<String>, E> {
    |                                                                                     +++

error[E0107]: enum takes 2 generic arguments but 1 generic argument was supplied
   --> src\replication\mod.rs:834:56
    |
834 |     pub fn register_for_discovery(&self, port: u16) -> Result<()> {
    |                                                        ^^^^^^ -- supplied 1 generic argument
    |                                                        |
    |                                                        expected 2 generic arguments
    |
note: enum defined here, with 2 generic parameters: `T`, `E`
   --> C:\Users\JustinSaadein\.rustup\toolchains\stable-x86_64-pc-windows-msvc\lib/rustlib/src/rust\library\core\src\result.rs:528:10
    |
528 | pub enum Result<T, E> {
    |          ^^^^^^ -  -
help: add missing generic argument
    |
834 |     pub fn register_for_discovery(&self, port: u16) -> Result<(), E> {
    |                                                                 +++

error[E0107]: enum takes 2 generic arguments but 1 generic argument was supplied
   --> src\replication\mod.rs:850:10
    |
850 |     ) -> Result<()> {
    |          ^^^^^^ -- supplied 1 generic argument
    |          |
    |          expected 2 generic arguments
    |
note: enum defined here, with 2 generic parameters: `T`, `E`
   --> C:\Users\JustinSaadein\.rustup\toolchains\stable-x86_64-pc-windows-msvc\lib/rustlib/src/rust\library\core\src\result.rs:528:10
    |
528 | pub enum Result<T, E> {
    |          ^^^^^^ -  -
help: add missing generic argument
    |
850 |     ) -> Result<(), E> {
    |                   +++

error[E0107]: enum takes 2 generic arguments but 1 generic argument was supplied
   --> src\replication\mod.rs:873:62
    |
873 |     pub async fn promote_replica(&self, replica_id: &str) -> Result<()> {
    |                                                              ^^^^^^ -- supplied 1 generic argument
    |                                                              |
    |                                                              expected 2 generic arguments
    |
note: enum defined here, with 2 generic parameters: `T`, `E`
   --> C:\Users\JustinSaadein\.rustup\toolchains\stable-x86_64-pc-windows-msvc\lib/rustlib/src/rust\library\core\src\result.rs:528:10
    |
528 | pub enum Result<T, E> {
    |          ^^^^^^ -  -
help: add missing generic argument
    |
873 |     pub async fn promote_replica(&self, replica_id: &str) -> Result<(), E> {
    |                                                                       +++

error[E0107]: enum takes 2 generic arguments but 1 generic argument was supplied
   --> src\replication\mod.rs:901:58
    |
901 |     pub fn pause_replication(&self, replica_id: &str) -> Result<()> {
    |                                                          ^^^^^^ -- supplied 1 generic argument
    |                                                          |
    |                                                          expected 2 generic arguments
    |
note: enum defined here, with 2 generic parameters: `T`, `E`
   --> C:\Users\JustinSaadein\.rustup\toolchains\stable-x86_64-pc-windows-msvc\lib/rustlib/src/rust\library\core\src\result.rs:528:10
    |
528 | pub enum Result<T, E> {
    |          ^^^^^^ -  -
help: add missing generic argument
    |
901 |     pub fn pause_replication(&self, replica_id: &str) -> Result<(), E> {
    |                                                                   +++

error[E0107]: enum takes 2 generic arguments but 1 generic argument was supplied
   --> src\replication\mod.rs:906:59
    |
906 |     pub fn resume_replication(&self, replica_id: &str) -> Result<()> {
    |                                                           ^^^^^^ -- supplied 1 generic argument
    |                                                           |
    |                                                           expected 2 generic arguments
    |
note: enum defined here, with 2 generic parameters: `T`, `E`
   --> C:\Users\JustinSaadein\.rustup\toolchains\stable-x86_64-pc-windows-msvc\lib/rustlib/src/rust\library\core\src\result.rs:528:10
    |
528 | pub enum Result<T, E> {
    |          ^^^^^^ -  -
help: add missing generic argument
    |
906 |     pub fn resume_replication(&self, replica_id: &str) -> Result<(), E> {
    |                                                                    +++

error[E0107]: enum takes 2 generic arguments but 1 generic argument was supplied
   --> src\replication\mod.rs:941:59
    |
941 |     pub async fn sync_replica(&self, replica_id: &str) -> Result<()> {
    |                                                           ^^^^^^ -- supplied 1 generic argument
    |                                                           |
    |                                                           expected 2 generic arguments
    |
note: enum defined here, with 2 generic parameters: `T`, `E`
   --> C:\Users\JustinSaadein\.rustup\toolchains\stable-x86_64-pc-windows-msvc\lib/rustlib/src/rust\library\core\src\result.rs:528:10
    |
528 | pub enum Result<T, E> {
    |          ^^^^^^ -  -
help: add missing generic argument
    |
941 |     pub async fn sync_replica(&self, replica_id: &str) -> Result<(), E> {
    |                                                                    +++

error[E0107]: enum takes 2 generic arguments but 1 generic argument was supplied
   --> src\replication\mod.rs:967:65
    |
967 |     pub async fn verify_consistency(&self, replica_id: &str) -> Result<bool> {
    |                                                                 ^^^^^^ ---- supplied 1 generic argument
    |                                                                 |
    |                                                                 expected 2 generic arguments
    |
note: enum defined here, with 2 generic parameters: `T`, `E`
   --> C:\Users\JustinSaadein\.rustup\toolchains\stable-x86_64-pc-windows-msvc\lib/rustlib/src/rust\library\core\src\result.rs:528:10
    |
528 | pub enum Result<T, E> {
    |          ^^^^^^ -  -
help: add missing generic argument
    |
967 |     pub async fn verify_consistency(&self, replica_id: &str) -> Result<bool, E> {
    |                                                                            +++

error[E0107]: enum takes 2 generic arguments but 1 generic argument was supplied
   --> src\replication\mod.rs:990:58
    |
990 |     pub fn set_mode(&mut self, mode: ReplicationMode) -> Result<()> {
    |                                                          ^^^^^^ -- supplied 1 generic argument
    |                                                          |
    |                                                          expected 2 generic arguments
    |
note: enum defined here, with 2 generic parameters: `T`, `E`
   --> C:\Users\JustinSaadein\.rustup\toolchains\stable-x86_64-pc-windows-msvc\lib/rustlib/src/rust\library\core\src\result.rs:528:10
    |
528 | pub enum Result<T, E> {
    |          ^^^^^^ -  -
help: add missing generic argument
    |
990 |     pub fn set_mode(&mut self, mode: ReplicationMode) -> Result<(), E> {
    |                                                                   +++

error[E0107]: enum takes 2 generic arguments but 1 generic argument was supplied
    --> src\replication\mod.rs:1011:67
     |
1011 |     pub fn update_lag(&self, replica_id: &str, lag_bytes: u64) -> Result<()> {
     |                                                                   ^^^^^^ -- supplied 1 generic argument
     |                                                                   |
     |                                                                   expected 2 generic arguments
     |
note: enum defined here, with 2 generic parameters: `T`, `E`
    --> C:\Users\JustinSaadein\.rustup\toolchains\stable-x86_64-pc-windows-msvc\lib/rustlib/src/rust\library\core\src\result.rs:528:10
     |
528  | pub enum Result<T, E> {
     |          ^^^^^^ -  -
help: add missing generic argument
     |
1011 |     pub fn update_lag(&self, replica_id: &str, lag_bytes: u64) -> Result<(), E> {
     |                                                                            +++

error[E0107]: enum takes 2 generic arguments but 1 generic argument was supplied
    --> src\replication\mod.rs:1065:56
     |
1065 |     pub fn get_lag_monitor(&self, replica_id: &str) -> Result<LagMonitor> {
     |                                                        ^^^^^^ ---------- supplied 1 generic argument
     |                                                        |
     |                                                        expected 2 generic arguments
     |
note: enum defined here, with 2 generic parameters: `T`, `E`
    --> C:\Users\JustinSaadein\.rustup\toolchains\stable-x86_64-pc-windows-msvc\lib/rustlib/src/rust\library\core\src\result.rs:528:10
     |
528  | pub enum Result<T, E> {
     |          ^^^^^^ -  -
help: add missing generic argument
     |
1065 |     pub fn get_lag_monitor(&self, replica_id: &str) -> Result<LagMonitor, E> {
     |                                                                         +++

error[E0107]: enum takes 2 generic arguments but 1 generic argument was supplied
    --> src\replication\mod.rs:1082:65
     |
1082 |     pub fn enable_throttle(&self, max_bytes_per_second: u64) -> Result<()> {
     |                                                                 ^^^^^^ -- supplied 1 generic argument
     |                                                                 |
     |                                                                 expected 2 generic arguments
     |
note: enum defined here, with 2 generic parameters: `T`, `E`
    --> C:\Users\JustinSaadein\.rustup\toolchains\stable-x86_64-pc-windows-msvc\lib/rustlib/src/rust\library\core\src\result.rs:528:10
     |
528  | pub enum Result<T, E> {
     |          ^^^^^^ -  -
help: add missing generic argument
     |
1082 |     pub fn enable_throttle(&self, max_bytes_per_second: u64) -> Result<(), E> {
     |                                                                          +++

error[E0107]: enum takes 2 generic arguments but 1 generic argument was supplied
    --> src\replication\mod.rs:1093:39
     |
1093 |     pub fn disable_throttle(&self) -> Result<()> {
     |                                       ^^^^^^ -- supplied 1 generic argument
     |                                       |
     |                                       expected 2 generic arguments
     |
note: enum defined here, with 2 generic parameters: `T`, `E`
    --> C:\Users\JustinSaadein\.rustup\toolchains\stable-x86_64-pc-windows-msvc\lib/rustlib/src/rust\library\core\src\result.rs:528:10
     |
528  | pub enum Result<T, E> {
     |          ^^^^^^ -  -
help: add missing generic argument
     |
1093 |     pub fn disable_throttle(&self) -> Result<(), E> {
     |                                                +++

error[E0107]: enum takes 2 generic arguments but 1 generic argument was supplied
    --> src\replication\mod.rs:1099:68
     |
1099 |     pub fn update_bandwidth_usage(&self, bytes_per_second: u64) -> Result<()> {
     |                                                                    ^^^^^^ -- supplied 1 generic argument
     |                                                                    |
     |                                                                    expected 2 generic arguments
     |
note: enum defined here, with 2 generic parameters: `T`, `E`
    --> C:\Users\JustinSaadein\.rustup\toolchains\stable-x86_64-pc-windows-msvc\lib/rustlib/src/rust\library\core\src\result.rs:528:10
     |
528  | pub enum Result<T, E> {
     |          ^^^^^^ -  -
help: add missing generic argument
     |
1099 |     pub fn update_bandwidth_usage(&self, bytes_per_second: u64) -> Result<(), E> {
     |                                                                             +++

error[E0107]: enum takes 2 generic arguments but 1 generic argument was supplied
    --> src\replication\mod.rs:1123:58
     |
1123 |     pub fn create_checkpoint(&self, replica_id: &str) -> Result<ReplicationCheckpoint> {
     |                                                          ^^^^^^ --------------------- supplied 1 generic argument
     |                                                          |
     |                                                          expected 2 generic arguments
     |
note: enum defined here, with 2 generic parameters: `T`, `E`
    --> C:\Users\JustinSaadein\.rustup\toolchains\stable-x86_64-pc-windows-msvc\lib/rustlib/src/rust\library\core\src\result.rs:528:10
     |
528  | pub enum Result<T, E> {
     |          ^^^^^^ -  -
help: add missing generic argument
     |
1123 |     pub fn create_checkpoint(&self, replica_id: &str) -> Result<ReplicationCheckpoint, E> {
     |                                                                                      +++

error[E0107]: enum takes 2 generic arguments but 1 generic argument was supplied
    --> src\replication\mod.rs:1145:58
     |
1145 |     pub fn get_checkpoint(&self, checkpoint_id: &str) -> Result<ReplicationCheckpoint> {
     |                                                          ^^^^^^ --------------------- supplied 1 generic argument
     |                                                          |
     |                                                          expected 2 generic arguments
     |
note: enum defined here, with 2 generic parameters: `T`, `E`
    --> C:\Users\JustinSaadein\.rustup\toolchains\stable-x86_64-pc-windows-msvc\lib/rustlib/src/rust\library\core\src\result.rs:528:10
     |
528  | pub enum Result<T, E> {
     |          ^^^^^^ -  -
help: add missing generic argument
     |
1145 |     pub fn get_checkpoint(&self, checkpoint_id: &str) -> Result<ReplicationCheckpoint, E> {
     |                                                                                      +++

error[E0107]: enum takes 2 generic arguments but 1 generic argument was supplied
    --> src\replication\mod.rs:1169:73
     |
1169 |     pub async fn restore_from_checkpoint(&self, checkpoint_id: &str) -> Result<()> {
     |                                                                         ^^^^^^ -- supplied 1 generic argument
     |                                                                         |
     |                                                                         expected 2 generic arguments
     |
note: enum defined here, with 2 generic parameters: `T`, `E`
    --> C:\Users\JustinSaadein\.rustup\toolchains\stable-x86_64-pc-windows-msvc\lib/rustlib/src/rust\library\core\src\result.rs:528:10
     |
528  | pub enum Result<T, E> {
     |          ^^^^^^ -  -
help: add missing generic argument
     |
1169 |     pub async fn restore_from_checkpoint(&self, checkpoint_id: &str) -> Result<(), E> {
     |                                                                                  +++

error[E0107]: enum takes 2 generic arguments but 1 generic argument was supplied
    --> src\replication\mod.rs:1187:77
     |
1187 |     pub fn create_logical_slot(&self, slot_name: String, plugin: String) -> Result<()> {
     |                                                                             ^^^^^^ -- supplied 1 generic argument
     |                                                                             |
     |                                                                             expected 2 generic arguments
     |
note: enum defined here, with 2 generic parameters: `T`, `E`
    --> C:\Users\JustinSaadein\.rustup\toolchains\stable-x86_64-pc-windows-msvc\lib/rustlib/src/rust\library\core\src\result.rs:528:10
     |
528  | pub enum Result<T, E> {
     |          ^^^^^^ -  -
help: add missing generic argument
     |
1187 |     pub fn create_logical_slot(&self, slot_name: String, plugin: String) -> Result<(), E> {
     |                                                                                      +++

error[E0107]: enum takes 2 generic arguments but 1 generic argument was supplied
    --> src\replication\mod.rs:1209:57
     |
1209 |     pub fn drop_logical_slot(&self, slot_name: &str) -> Result<()> {
     |                                                         ^^^^^^ -- supplied 1 generic argument
     |                                                         |
     |                                                         expected 2 generic arguments
     |
note: enum defined here, with 2 generic parameters: `T`, `E`
    --> C:\Users\JustinSaadein\.rustup\toolchains\stable-x86_64-pc-windows-msvc\lib/rustlib/src/rust\library\core\src\result.rs:528:10
     |
528  | pub enum Result<T, E> {
     |          ^^^^^^ -  -
help: add missing generic argument
     |
1209 |     pub fn drop_logical_slot(&self, slot_name: &str) -> Result<(), E> {
     |                                                                  +++

error[E0107]: enum takes 2 generic arguments but 1 generic argument was supplied
    --> src\replication\mod.rs:1221:56
     |
1221 |     pub fn get_logical_slot(&self, slot_name: &str) -> Result<LogicalSlot> {
     |                                                        ^^^^^^ ----------- supplied 1 generic argument
     |                                                        |
     |                                                        expected 2 generic arguments
     |
note: enum defined here, with 2 generic parameters: `T`, `E`
    --> C:\Users\JustinSaadein\.rustup\toolchains\stable-x86_64-pc-windows-msvc\lib/rustlib/src/rust\library\core\src\result.rs:528:10
     |
528  | pub enum Result<T, E> {
     |          ^^^^^^ -  -
help: add missing generic argument
     |
1221 |     pub fn get_logical_slot(&self, slot_name: &str) -> Result<LogicalSlot, E> {
     |                                                                          +++

error[E0107]: enum takes 2 generic arguments but 1 generic argument was supplied
    --> src\replication\mod.rs:1236:70
     |
1236 |     pub fn advance_logical_slot(&self, slot_name: &str, lsn: u64) -> Result<()> {
     |                                                                      ^^^^^^ -- supplied 1 generic argument
     |                                                                      |
     |                                                                      expected 2 generic arguments
     |
note: enum defined here, with 2 generic parameters: `T`, `E`
    --> C:\Users\JustinSaadein\.rustup\toolchains\stable-x86_64-pc-windows-msvc\lib/rustlib/src/rust\library\core\src\result.rs:528:10
     |
528  | pub enum Result<T, E> {
     |          ^^^^^^ -  -
help: add missing generic argument
     |
1236 |     pub fn advance_logical_slot(&self, slot_name: &str, lsn: u64) -> Result<(), E> {
     |                                                                               +++

error[E0107]: enum takes 2 generic arguments but 1 generic argument was supplied
    --> src\replication\mod.rs:1258:79
     |
1258 |     pub fn create_physical_slot(&self, slot_name: String, temporary: bool) -> Result<()> {
     |                                                                               ^^^^^^ -- supplied 1 generic argument
     |                                                                               |
     |                                                                               expected 2 generic arguments
     |
note: enum defined here, with 2 generic parameters: `T`, `E`
    --> C:\Users\JustinSaadein\.rustup\toolchains\stable-x86_64-pc-windows-msvc\lib/rustlib/src/rust\library\core\src\result.rs:528:10
     |
528  | pub enum Result<T, E> {
     |          ^^^^^^ -  -
help: add missing generic argument
     |
1258 |     pub fn create_physical_slot(&self, slot_name: String, temporary: bool) -> Result<(), E> {
     |                                                                                        +++

error[E0107]: enum takes 2 generic arguments but 1 generic argument was supplied
    --> src\replication\mod.rs:1279:58
     |
1279 |     pub fn drop_physical_slot(&self, slot_name: &str) -> Result<()> {
     |                                                          ^^^^^^ -- supplied 1 generic argument
     |                                                          |
     |                                                          expected 2 generic arguments
     |
note: enum defined here, with 2 generic parameters: `T`, `E`
    --> C:\Users\JustinSaadein\.rustup\toolchains\stable-x86_64-pc-windows-msvc\lib/rustlib/src/rust\library\core\src\result.rs:528:10
     |
528  | pub enum Result<T, E> {
     |          ^^^^^^ -  -
help: add missing generic argument
     |
1279 |     pub fn drop_physical_slot(&self, slot_name: &str) -> Result<(), E> {
     |                                                                   +++

error[E0107]: enum takes 2 generic arguments but 1 generic argument was supplied
    --> src\replication\mod.rs:1291:57
     |
1291 |     pub fn get_physical_slot(&self, slot_name: &str) -> Result<PhysicalSlot> {
     |                                                         ^^^^^^ ------------ supplied 1 generic argument
     |                                                         |
     |                                                         expected 2 generic arguments
     |
note: enum defined here, with 2 generic parameters: `T`, `E`
    --> C:\Users\JustinSaadein\.rustup\toolchains\stable-x86_64-pc-windows-msvc\lib/rustlib/src/rust\library\core\src\result.rs:528:10
     |
528  | pub enum Result<T, E> {
     |          ^^^^^^ -  -
help: add missing generic argument
     |
1291 |     pub fn get_physical_slot(&self, slot_name: &str) -> Result<PhysicalSlot, E> {
     |                                                                            +++

error[E0107]: enum takes 2 generic arguments but 1 generic argument was supplied
    --> src\replication\mod.rs:1308:78
     |
1308 |     pub fn configure_geo_replication(&self, config: GeoReplicationConfig) -> Result<()> {
     |                                                                              ^^^^^^ -- supplied 1 generic argument
     |                                                                              |
     |                                                                              expected 2 generic arguments
     |
note: enum defined here, with 2 generic parameters: `T`, `E`
    --> C:\Users\JustinSaadein\.rustup\toolchains\stable-x86_64-pc-windows-msvc\lib/rustlib/src/rust\library\core\src\result.rs:528:10
     |
528  | pub enum Result<T, E> {
     |          ^^^^^^ -  -
help: add missing generic argument
     |
1308 |     pub fn configure_geo_replication(&self, config: GeoReplicationConfig) -> Result<(), E> {
     |                                                                                       +++

error[E0107]: enum takes 2 generic arguments but 1 generic argument was supplied
    --> src\replication\mod.rs:1511:72
     |
1511 |     pub fn set_replica_lag(&self, replica_id: &str, lag_bytes: u64) -> Result<()> {
     |                                                                        ^^^^^^ -- supplied 1 generic argument
     |                                                                        |
     |                                                                        expected 2 generic arguments
     |
note: enum defined here, with 2 generic parameters: `T`, `E`
    --> C:\Users\JustinSaadein\.rustup\toolchains\stable-x86_64-pc-windows-msvc\lib/rustlib/src/rust\library\core\src\result.rs:528:10
     |
528  | pub enum Result<T, E> {
     |          ^^^^^^ -  -
help: add missing generic argument
     |
1511 |     pub fn set_replica_lag(&self, replica_id: &str, lag_bytes: u64) -> Result<(), E> {
     |                                                                                 +++

error[E0107]: enum takes 2 generic arguments but 1 generic argument was supplied
    --> src\replication\mod.rs:1539:61
     |
1539 |     pub fn clean_old_snapshots(&self, keep_count: usize) -> Result<usize> {
     |                                                             ^^^^^^ ----- supplied 1 generic argument
     |                                                             |
     |                                                             expected 2 generic arguments
     |
note: enum defined here, with 2 generic parameters: `T`, `E`
    --> C:\Users\JustinSaadein\.rustup\toolchains\stable-x86_64-pc-windows-msvc\lib/rustlib/src/rust\library\core\src\result.rs:528:10
     |
528  | pub enum Result<T, E> {
     |          ^^^^^^ -  -
help: add missing generic argument
     |
1539 |     pub fn clean_old_snapshots(&self, keep_count: usize) -> Result<usize, E> {
     |                                                                         +++

error[E0107]: enum takes 2 generic arguments but 1 generic argument was supplied
    --> src\replication\mod.rs:1581:74
     |
1581 |     pub fn import_configuration(&mut self, config: ReplicationConfig) -> Result<()> {
     |                                                                          ^^^^^^ -- supplied 1 generic argument
     |                                                                          |
     |                                                                          expected 2 generic arguments
     |
note: enum defined here, with 2 generic parameters: `T`, `E`
    --> C:\Users\JustinSaadein\.rustup\toolchains\stable-x86_64-pc-windows-msvc\lib/rustlib/src/rust\library\core\src\result.rs:528:10
     |
528  | pub enum Result<T, E> {
     |          ^^^^^^ -  -
help: add missing generic argument
     |
1581 |     pub fn import_configuration(&mut self, config: ReplicationConfig) -> Result<(), E> {
     |                                                                                   +++

error[E0107]: enum takes 2 generic arguments but 1 generic argument was supplied
    --> src\replication\mod.rs:1607:65
     |
1607 |     pub fn get_replica_uptime_stats(&self, replica_id: &str) -> Result<UptimeStats> {
     |                                                                 ^^^^^^ ----------- supplied 1 generic argument
     |                                                                 |
     |                                                                 expected 2 generic arguments
     |
note: enum defined here, with 2 generic parameters: `T`, `E`
    --> C:\Users\JustinSaadein\.rustup\toolchains\stable-x86_64-pc-windows-msvc\lib/rustlib/src/rust\library\core\src\result.rs:528:10
     |
528  | pub enum Result<T, E> {
     |          ^^^^^^ -  -
help: add missing generic argument
     |
1607 |     pub fn get_replica_uptime_stats(&self, replica_id: &str) -> Result<UptimeStats, E> {
     |                                                                                   +++

error[E0107]: enum takes 2 generic arguments but 1 generic argument was supplied
   --> src\advanced_replication\multi_master.rs:160:60
    |
160 |     pub fn create_group(&self, group: ReplicationGroup) -> Result<()> {
    |                                                            ^^^^^^ -- supplied 1 generic argument
    |                                                            |
    |                                                            expected 2 generic arguments
    |
note: enum defined here, with 2 generic parameters: `T`, `E`
   --> C:\Users\JustinSaadein\.rustup\toolchains\stable-x86_64-pc-windows-msvc\lib/rustlib/src/rust\library\core\src\result.rs:528:10
    |
528 | pub enum Result<T, E> {
    |          ^^^^^^ -  -
help: add missing generic argument
    |
160 |     pub fn create_group(&self, group: ReplicationGroup) -> Result<(), E> {
    |                                                                     +++

error[E0107]: enum takes 2 generic arguments but 1 generic argument was supplied
   --> src\advanced_replication\multi_master.rs:174:72
    |
174 |     pub fn add_site_to_group(&self, group_id: &str, site: SiteInfo) -> Result<()> {
    |                                                                        ^^^^^^ -- supplied 1 generic argument
    |                                                                        |
    |                                                                        expected 2 generic arguments
    |
note: enum defined here, with 2 generic parameters: `T`, `E`
   --> C:\Users\JustinSaadein\.rustup\toolchains\stable-x86_64-pc-windows-msvc\lib/rustlib/src/rust\library\core\src\result.rs:528:10
    |
528 | pub enum Result<T, E> {
    |          ^^^^^^ -  -
help: add missing generic argument
    |
174 |     pub fn add_site_to_group(&self, group_id: &str, site: SiteInfo) -> Result<(), E> {
    |                                                                                 +++

error[E0107]: enum takes 2 generic arguments but 1 generic argument was supplied
   --> src\advanced_replication\multi_master.rs:193:76
    |
193 |     pub fn remove_site_from_group(&self, group_id: &str, site_id: &str) -> Result<()> {
    |                                                                            ^^^^^^ -- supplied 1 generic argument
    |                                                                            |
    |                                                                            expected 2 generic arguments
    |
note: enum defined here, with 2 generic parameters: `T`, `E`
   --> C:\Users\JustinSaadein\.rustup\toolchains\stable-x86_64-pc-windows-msvc\lib/rustlib/src/rust\library\core\src\result.rs:528:10
    |
528 | pub enum Result<T, E> {
    |          ^^^^^^ -  -
help: add missing generic argument
    |
193 |     pub fn remove_site_from_group(&self, group_id: &str, site_id: &str) -> Result<(), E> {
    |                                                                                     +++

error[E0107]: enum takes 2 generic arguments but 1 generic argument was supplied
   --> src\advanced_replication\multi_master.rs:206:76
    |
206 |     pub async fn quorum_write(&self, op: ReplicationOp, group_id: &str) -> Result<QuorumResult> {
    |                                                                            ^^^^^^ ------------ supplied 1 generic argument
    |                                                                            |
    |                                                                            expected 2 generic arguments
    |
note: enum defined here, with 2 generic parameters: `T`, `E`
   --> C:\Users\JustinSaadein\.rustup\toolchains\stable-x86_64-pc-windows-msvc\lib/rustlib/src/rust\library\core\src\result.rs:528:10
    |
528 | pub enum Result<T, E> {
    |          ^^^^^^ -  -
help: add missing generic argument
    |
206 |     pub async fn quorum_write(&self, op: ReplicationOp, group_id: &str) -> Result<QuorumResult, E> {
    |                                                                                               +++

error[E0107]: enum takes 2 generic arguments but 1 generic argument was supplied
   --> src\advanced_replication\multi_master.rs:271:75
    |
271 |     async fn send_to_site(&self, _op: &ReplicationOp, site: &SiteInfo) -> Result<()> {
    |                                                                           ^^^^^^ -- supplied 1 generic argument
    |                                                                           |
    |                                                                           expected 2 generic arguments
    |
note: enum defined here, with 2 generic parameters: `T`, `E`
   --> C:\Users\JustinSaadein\.rustup\toolchains\stable-x86_64-pc-windows-msvc\lib/rustlib/src/rust\library\core\src\result.rs:528:10
    |
528 | pub enum Result<T, E> {
    |          ^^^^^^ -  -
help: add missing generic argument
    |
271 |     async fn send_to_site(&self, _op: &ReplicationOp, site: &SiteInfo) -> Result<(), E> {
    |                                                                                    +++

error[E0107]: enum takes 2 generic arguments but 1 generic argument was supplied
   --> src\advanced_replication\multi_master.rs:287:64
    |
287 |     pub async fn apply_operation(&self, op: &ReplicationOp) -> Result<()> {
    |                                                                ^^^^^^ -- supplied 1 generic argument
    |                                                                |
    |                                                                expected 2 generic arguments
    |
note: enum defined here, with 2 generic parameters: `T`, `E`
   --> C:\Users\JustinSaadein\.rustup\toolchains\stable-x86_64-pc-windows-msvc\lib/rustlib/src/rust\library\core\src\result.rs:528:10
    |
528 | pub enum Result<T, E> {
    |          ^^^^^^ -  -
help: add missing generic argument
    |
287 |     pub async fn apply_operation(&self, op: &ReplicationOp) -> Result<(), E> {
    |                                                                         +++

error[E0107]: enum takes 2 generic arguments but 1 generic argument was supplied
   --> src\advanced_replication\multi_master.rs:375:56
    |
375 |     fn execute_operation(&self, op: &ReplicationOp) -> Result<()> {
    |                                                        ^^^^^^ -- supplied 1 generic argument
    |                                                        |
    |                                                        expected 2 generic arguments
    |
note: enum defined here, with 2 generic parameters: `T`, `E`
   --> C:\Users\JustinSaadein\.rustup\toolchains\stable-x86_64-pc-windows-msvc\lib/rustlib/src/rust\library\core\src\result.rs:528:10
    |
528 | pub enum Result<T, E> {
    |          ^^^^^^ -  -
help: add missing generic argument
    |
375 |     fn execute_operation(&self, op: &ReplicationOp) -> Result<(), E> {
    |                                                                 +++

error[E0107]: enum takes 2 generic arguments but 1 generic argument was supplied
   --> src\advanced_replication\multi_master.rs:399:65
    |
399 |     pub async fn receive_operation(&self, op: ReplicationOp) -> Result<()> {
    |                                                                 ^^^^^^ -- supplied 1 generic argument
    |                                                                 |
    |                                                                 expected 2 generic arguments
    |
note: enum defined here, with 2 generic parameters: `T`, `E`
   --> C:\Users\JustinSaadein\.rustup\toolchains\stable-x86_64-pc-windows-msvc\lib/rustlib/src/rust\library\core\src\result.rs:528:10
    |
528 | pub enum Result<T, E> {
    |          ^^^^^^ -  -
help: add missing generic argument
    |
399 |     pub async fn receive_operation(&self, op: ReplicationOp) -> Result<(), E> {
    |                                                                          +++

error[E0107]: enum takes 2 generic arguments but 1 generic argument was supplied
   --> src\advanced_replication\multi_master.rs:408:47
    |
408 |     pub async fn process_operations(&self) -> Result<()> {
    |                                               ^^^^^^ -- supplied 1 generic argument
    |                                               |
    |                                               expected 2 generic arguments
    |
note: enum defined here, with 2 generic parameters: `T`, `E`
   --> C:\Users\JustinSaadein\.rustup\toolchains\stable-x86_64-pc-windows-msvc\lib/rustlib/src/rust\library\core\src\result.rs:528:10
    |
528 | pub enum Result<T, E> {
    |          ^^^^^^ -  -
help: add missing generic argument
    |
408 |     pub async fn process_operations(&self) -> Result<(), E> {
    |                                                        +++

error[E0107]: enum takes 2 generic arguments but 1 generic argument was supplied
   --> src\advanced_replication\multi_master.rs:419:70
    |
419 |     pub fn update_heartbeat(&self, group_id: &str, site_id: &str) -> Result<()> {
    |                                                                      ^^^^^^ -- supplied 1 generic argument
    |                                                                      |
    |                                                                      expected 2 generic arguments
    |
note: enum defined here, with 2 generic parameters: `T`, `E`
   --> C:\Users\JustinSaadein\.rustup\toolchains\stable-x86_64-pc-windows-msvc\lib/rustlib/src/rust\library\core\src\result.rs:528:10
    |
528 | pub enum Result<T, E> {
    |          ^^^^^^ -  -
help: add missing generic argument
    |
419 |     pub fn update_heartbeat(&self, group_id: &str, site_id: &str) -> Result<(), E> {
    |                                                                               +++

error[E0107]: enum takes 2 generic arguments but 1 generic argument was supplied
   --> src\advanced_replication\multi_master.rs:458:72
    |
458 |     pub fn mark_site_inactive(&self, group_id: &str, site_id: &str) -> Result<()> {
    |                                                                        ^^^^^^ -- supplied 1 generic argument
    |                                                                        |
    |                                                                        expected 2 generic arguments
    |
note: enum defined here, with 2 generic parameters: `T`, `E`
   --> C:\Users\JustinSaadein\.rustup\toolchains\stable-x86_64-pc-windows-msvc\lib/rustlib/src/rust\library\core\src\result.rs:528:10
    |
528 | pub enum Result<T, E> {
    |          ^^^^^^ -  -
help: add missing generic argument
    |
458 |     pub fn mark_site_inactive(&self, group_id: &str, site_id: &str) -> Result<(), E> {
    |                                                                                 +++

error[E0107]: enum takes 2 generic arguments but 1 generic argument was supplied
   --> src\advanced_replication\multi_master.rs:477:70
    |
477 |     pub fn mark_site_active(&self, group_id: &str, site_id: &str) -> Result<()> {
    |                                                                      ^^^^^^ -- supplied 1 generic argument
    |                                                                      |
    |                                                                      expected 2 generic arguments
    |
note: enum defined here, with 2 generic parameters: `T`, `E`
   --> C:\Users\JustinSaadein\.rustup\toolchains\stable-x86_64-pc-windows-msvc\lib/rustlib/src/rust\library\core\src\result.rs:528:10
    |
528 | pub enum Result<T, E> {
    |          ^^^^^^ -  -
help: add missing generic argument
    |
477 |     pub fn mark_site_active(&self, group_id: &str, site_id: &str) -> Result<(), E> {
    |                                                                               +++

error[E0107]: enum takes 2 generic arguments but 1 generic argument was supplied
   --> src\advanced_replication\multi_master.rs:515:63
    |
515 |     pub async fn verify_convergence(&self, group_id: &str) -> Result<ConvergenceReport> {
    |                                                               ^^^^^^ ----------------- supplied 1 generic argument
    |                                                               |
    |                                                               expected 2 generic arguments
    |
note: enum defined here, with 2 generic parameters: `T`, `E`
   --> C:\Users\JustinSaadein\.rustup\toolchains\stable-x86_64-pc-windows-msvc\lib/rustlib/src/rust\library\core\src\result.rs:528:10
    |
528 | pub enum Result<T, E> {
    |          ^^^^^^ -  -
help: add missing generic argument
    |
515 |     pub async fn verify_convergence(&self, group_id: &str) -> Result<ConvergenceReport, E> {
    |                                                                                       +++

error[E0107]: enum takes 2 generic arguments but 1 generic argument was supplied
   --> src\advanced_replication\multi_master.rs:544:58
    |
544 |     async fn get_site_checksum(&self, _site_id: &str) -> Result<String> {
    |                                                          ^^^^^^ ------ supplied 1 generic argument
    |                                                          |
    |                                                          expected 2 generic arguments
    |
note: enum defined here, with 2 generic parameters: `T`, `E`
   --> C:\Users\JustinSaadein\.rustup\toolchains\stable-x86_64-pc-windows-msvc\lib/rustlib/src/rust\library\core\src\result.rs:528:10
    |
528 | pub enum Result<T, E> {
    |          ^^^^^^ -  -
help: add missing generic argument
    |
544 |     async fn get_site_checksum(&self, _site_id: &str) -> Result<String, E> {
    |                                                                       +++

error[E0107]: enum takes 2 generic arguments but 1 generic argument was supplied
   --> src\advanced_replication\conflicts.rs:386:10
    |
386 |     ) -> Result<Option<Conflict>> {
    |          ^^^^^^ ---------------- supplied 1 generic argument
    |          |
    |          expected 2 generic arguments
    |
note: enum defined here, with 2 generic parameters: `T`, `E`
   --> C:\Users\JustinSaadein\.rustup\toolchains\stable-x86_64-pc-windows-msvc\lib/rustlib/src/rust\library\core\src\result.rs:528:10
    |
528 | pub enum Result<T, E> {
    |          ^^^^^^ -  -
help: add missing generic argument
    |
386 |     ) -> Result<Option<Conflict>, E> {
    |                                 +++

error[E0107]: enum takes 2 generic arguments but 1 generic argument was supplied
   --> src\advanced_replication\conflicts.rs:473:64
    |
473 |     pub fn resolve_conflict(&self, conflict: &mut Conflict) -> Result<ConflictResolution> {
    |                                                                ^^^^^^ ------------------ supplied 1 generic argument
    |                                                                |
    |                                                                expected 2 generic arguments
    |
note: enum defined here, with 2 generic parameters: `T`, `E`
   --> C:\Users\JustinSaadein\.rustup\toolchains\stable-x86_64-pc-windows-msvc\lib/rustlib/src/rust\library\core\src\result.rs:528:10
    |
528 | pub enum Result<T, E> {
    |          ^^^^^^ -  -
help: add missing generic argument
    |
473 |     pub fn resolve_conflict(&self, conflict: &mut Conflict) -> Result<ConflictResolution, E> {
    |                                                                                         +++

error[E0107]: enum takes 2 generic arguments but 1 generic argument was supplied
   --> src\advanced_replication\logical.rs:204:67
    |
204 |     pub fn create_publication(&self, publication: Publication) -> Result<()> {
    |                                                                   ^^^^^^ -- supplied 1 generic argument
    |                                                                   |
    |                                                                   expected 2 generic arguments
    |
note: enum defined here, with 2 generic parameters: `T`, `E`
   --> C:\Users\JustinSaadein\.rustup\toolchains\stable-x86_64-pc-windows-msvc\lib/rustlib/src/rust\library\core\src\result.rs:528:10
    |
528 | pub enum Result<T, E> {
    |          ^^^^^^ -  -
help: add missing generic argument
    |
204 |     pub fn create_publication(&self, publication: Publication) -> Result<(), E> {
    |                                                                            +++

error[E0107]: enum takes 2 generic arguments but 1 generic argument was supplied
   --> src\advanced_replication\logical.rs:218:51
    |
218 |     pub fn drop_publication(&self, name: &str) -> Result<()> {
    |                                                   ^^^^^^ -- supplied 1 generic argument
    |                                                   |
    |                                                   expected 2 generic arguments
    |
note: enum defined here, with 2 generic parameters: `T`, `E`
   --> C:\Users\JustinSaadein\.rustup\toolchains\stable-x86_64-pc-windows-msvc\lib/rustlib/src/rust\library\core\src\result.rs:528:10
    |
528 | pub enum Result<T, E> {
    |          ^^^^^^ -  -
help: add missing generic argument
    |
218 |     pub fn drop_publication(&self, name: &str) -> Result<(), E> {
    |                                                            +++

error[E0107]: enum takes 2 generic arguments but 1 generic argument was supplied
   --> src\advanced_replication\logical.rs:234:10
    |
234 |     ) -> Result<()> {
    |          ^^^^^^ -- supplied 1 generic argument
    |          |
    |          expected 2 generic arguments
    |
note: enum defined here, with 2 generic parameters: `T`, `E`
   --> C:\Users\JustinSaadein\.rustup\toolchains\stable-x86_64-pc-windows-msvc\lib/rustlib/src/rust\library\core\src\result.rs:528:10
    |
528 | pub enum Result<T, E> {
    |          ^^^^^^ -  -
help: add missing generic argument
    |
234 |     ) -> Result<(), E> {
    |                   +++

error[E0107]: enum takes 2 generic arguments but 1 generic argument was supplied
   --> src\advanced_replication\logical.rs:247:70
    |
247 |     pub fn create_subscription(&self, subscription: Subscription) -> Result<()> {
    |                                                                      ^^^^^^ -- supplied 1 generic argument
    |                                                                      |
    |                                                                      expected 2 generic arguments
    |
note: enum defined here, with 2 generic parameters: `T`, `E`
   --> C:\Users\JustinSaadein\.rustup\toolchains\stable-x86_64-pc-windows-msvc\lib/rustlib/src/rust\library\core\src\result.rs:528:10
    |
528 | pub enum Result<T, E> {
    |          ^^^^^^ -  -
help: add missing generic argument
    |
247 |     pub fn create_subscription(&self, subscription: Subscription) -> Result<(), E> {
    |                                                                               +++

error[E0107]: enum takes 2 generic arguments but 1 generic argument was supplied
   --> src\advanced_replication\logical.rs:261:52
    |
261 |     pub fn drop_subscription(&self, name: &str) -> Result<()> {
    |                                                    ^^^^^^ -- supplied 1 generic argument
    |                                                    |
    |                                                    expected 2 generic arguments
    |
note: enum defined here, with 2 generic parameters: `T`, `E`
   --> C:\Users\JustinSaadein\.rustup\toolchains\stable-x86_64-pc-windows-msvc\lib/rustlib/src/rust\library\core\src\result.rs:528:10
    |
528 | pub enum Result<T, E> {
    |          ^^^^^^ -  -
help: add missing generic argument
    |
261 |     pub fn drop_subscription(&self, name: &str) -> Result<(), E> {
    |                                                             +++

error[E0107]: enum takes 2 generic arguments but 1 generic argument was supplied
   --> src\advanced_replication\logical.rs:273:54
    |
273 |     pub fn enable_subscription(&self, name: &str) -> Result<()> {
    |                                                      ^^^^^^ -- supplied 1 generic argument
    |                                                      |
    |                                                      expected 2 generic arguments
    |
note: enum defined here, with 2 generic parameters: `T`, `E`
   --> C:\Users\JustinSaadein\.rustup\toolchains\stable-x86_64-pc-windows-msvc\lib/rustlib/src/rust\library\core\src\result.rs:528:10
    |
528 | pub enum Result<T, E> {
    |          ^^^^^^ -  -
help: add missing generic argument
    |
273 |     pub fn enable_subscription(&self, name: &str) -> Result<(), E> {
    |                                                               +++

error[E0107]: enum takes 2 generic arguments but 1 generic argument was supplied
   --> src\advanced_replication\logical.rs:286:55
    |
286 |     pub fn disable_subscription(&self, name: &str) -> Result<()> {
    |                                                       ^^^^^^ -- supplied 1 generic argument
    |                                                       |
    |                                                       expected 2 generic arguments
    |
note: enum defined here, with 2 generic parameters: `T`, `E`
   --> C:\Users\JustinSaadein\.rustup\toolchains\stable-x86_64-pc-windows-msvc\lib/rustlib/src/rust\library\core\src\result.rs:528:10
    |
528 | pub enum Result<T, E> {
    |          ^^^^^^ -  -
help: add missing generic argument
    |
286 |     pub fn disable_subscription(&self, name: &str) -> Result<(), E> {
    |                                                                +++

error[E0107]: enum takes 2 generic arguments but 1 generic argument was supplied
   --> src\advanced_replication\logical.rs:299:66
    |
299 |     pub async fn capture_change(&self, change: LogicalChange) -> Result<()> {
    |                                                                  ^^^^^^ -- supplied 1 generic argument
    |                                                                  |
    |                                                                  expected 2 generic arguments
    |
note: enum defined here, with 2 generic parameters: `T`, `E`
   --> C:\Users\JustinSaadein\.rustup\toolchains\stable-x86_64-pc-windows-msvc\lib/rustlib/src/rust\library\core\src\result.rs:528:10
    |
528 | pub enum Result<T, E> {
    |          ^^^^^^ -  -
help: add missing generic argument
    |
299 |     pub async fn capture_change(&self, change: LogicalChange) -> Result<(), E> {
    |                                                                           +++

error[E0107]: enum takes 2 generic arguments but 1 generic argument was supplied
   --> src\advanced_replication\logical.rs:372:10
    |
372 |     ) -> Result<LogicalChange> {
    |          ^^^^^^ ------------- supplied 1 generic argument
    |          |
    |          expected 2 generic arguments
    |
note: enum defined here, with 2 generic parameters: `T`, `E`
   --> C:\Users\JustinSaadein\.rustup\toolchains\stable-x86_64-pc-windows-msvc\lib/rustlib/src/rust\library\core\src\result.rs:528:10
    |
528 | pub enum Result<T, E> {
    |          ^^^^^^ -  -
help: add missing generic argument
    |
372 |     ) -> Result<LogicalChange, E> {
    |                              +++

error[E0107]: enum takes 2 generic arguments but 1 generic argument was supplied
   --> src\advanced_replication\logical.rs:421:10
    |
421 |     ) -> Result<LogicalChange> {
    |          ^^^^^^ ------------- supplied 1 generic argument
    |          |
    |          expected 2 generic arguments
    |
note: enum defined here, with 2 generic parameters: `T`, `E`
   --> C:\Users\JustinSaadein\.rustup\toolchains\stable-x86_64-pc-windows-msvc\lib/rustlib/src/rust\library\core\src\result.rs:528:10
    |
528 | pub enum Result<T, E> {
    |          ^^^^^^ -  -
help: add missing generic argument
    |
421 |     ) -> Result<LogicalChange, E> {
    |                              +++

error[E0107]: enum takes 2 generic arguments but 1 generic argument was supplied
   --> src\advanced_replication\logical.rs:480:68
    |
480 |     pub async fn stream_changes(&self, subscription_name: &str) -> Result<Vec<LogicalChange>> {
    |                                                                    ^^^^^^ ------------------ supplied 1 generic argument
    |                                                                    |
    |                                                                    expected 2 generic arguments
    |
note: enum defined here, with 2 generic parameters: `T`, `E`
   --> C:\Users\JustinSaadein\.rustup\toolchains\stable-x86_64-pc-windows-msvc\lib/rustlib/src/rust\library\core\src\result.rs:528:10
    |
528 | pub enum Result<T, E> {
    |          ^^^^^^ -  -
help: add missing generic argument
    |
480 |     pub async fn stream_changes(&self, subscription_name: &str) -> Result<Vec<LogicalChange>, E> {
    |                                                                                             +++

error[E0107]: enum takes 2 generic arguments but 1 generic argument was supplied
   --> src\advanced_replication\logical.rs:510:68
    |
510 |     pub fn update_subscription_lsn(&self, name: &str, lsn: u64) -> Result<()> {
    |                                                                    ^^^^^^ -- supplied 1 generic argument
    |                                                                    |
    |                                                                    expected 2 generic arguments
    |
note: enum defined here, with 2 generic parameters: `T`, `E`
   --> C:\Users\JustinSaadein\.rustup\toolchains\stable-x86_64-pc-windows-msvc\lib/rustlib/src/rust\library\core\src\result.rs:528:10
    |
528 | pub enum Result<T, E> {
    |          ^^^^^^ -  -
help: add missing generic argument
    |
510 |     pub fn update_subscription_lsn(&self, name: &str, lsn: u64) -> Result<(), E> {
    |                                                                             +++

error[E0107]: enum takes 2 generic arguments but 1 generic argument was supplied
   --> src\advanced_replication\logical.rs:528:57
    |
528 |     pub fn get_subscription_state(&self, name: &str) -> Result<SubscriptionState> {
    |                                                         ^^^^^^ ----------------- supplied 1 generic argument
    |                                                         |
    |                                                         expected 2 generic arguments
    |
note: enum defined here, with 2 generic parameters: `T`, `E`
   --> C:\Users\JustinSaadein\.rustup\toolchains\stable-x86_64-pc-windows-msvc\lib/rustlib/src/rust\library\core\src\result.rs:528:10
    |
528 | pub enum Result<T, E> {
    |          ^^^^^^ -  -
help: add missing generic argument
    |
528 |     pub fn get_subscription_state(&self, name: &str) -> Result<SubscriptionState, E> {
    |                                                                                 +++

error[E0107]: enum takes 2 generic arguments but 1 generic argument was supplied
   --> src\advanced_replication\logical.rs:540:86
    |
540 |     pub fn update_subscription_state(&self, name: &str, state: SubscriptionState) -> Result<()> {
    |                                                                                      ^^^^^^ -- supplied 1 generic argument
    |                                                                                      |
    |                                                                                      expected 2 generic arguments
    |
note: enum defined here, with 2 generic parameters: `T`, `E`
   --> C:\Users\JustinSaadein\.rustup\toolchains\stable-x86_64-pc-windows-msvc\lib/rustlib/src/rust\library\core\src\result.rs:528:10
    |
528 | pub enum Result<T, E> {
    |          ^^^^^^ -  -
help: add missing generic argument
    |
540 |     pub fn update_subscription_state(&self, name: &str, state: SubscriptionState) -> Result<(), E> {
    |                                                                                               +++

error[E0107]: enum takes 2 generic arguments but 1 generic argument was supplied
   --> src\advanced_replication\logical.rs:558:10
    |
558 |     ) -> Result<()> {
    |          ^^^^^^ -- supplied 1 generic argument
    |          |
    |          expected 2 generic arguments
    |
note: enum defined here, with 2 generic parameters: `T`, `E`
   --> C:\Users\JustinSaadein\.rustup\toolchains\stable-x86_64-pc-windows-msvc\lib/rustlib/src/rust\library\core\src\result.rs:528:10
    |
528 | pub enum Result<T, E> {
    |          ^^^^^^ -  -
help: add missing generic argument
    |
558 |     ) -> Result<(), E> {
    |                   +++

error[E0107]: enum takes 2 generic arguments but 1 generic argument was supplied
   --> src\advanced_replication\sharding.rs:249:64
    |
249 |     pub fn create_sharded_table(&self, table: ShardedTable) -> Result<()> {
    |                                                                ^^^^^^ -- supplied 1 generic argument
    |                                                                |
    |                                                                expected 2 generic arguments
    |
note: enum defined here, with 2 generic parameters: `T`, `E`
   --> C:\Users\JustinSaadein\.rustup\toolchains\stable-x86_64-pc-windows-msvc\lib/rustlib/src/rust\library\core\src\result.rs:528:10
    |
528 | pub enum Result<T, E> {
    |          ^^^^^^ -  -
help: add missing generic argument
    |
249 |     pub fn create_sharded_table(&self, table: ShardedTable) -> Result<(), E> {
    |                                                                         +++

error[E0107]: enum takes 2 generic arguments but 1 generic argument was supplied
   --> src\advanced_replication\sharding.rs:276:69
    |
276 |     pub fn route_query(&self, table: &str, shard_key: &ShardKey) -> Result<Vec<String>> {
    |                                                                     ^^^^^^ ----------- supplied 1 generic argument
    |                                                                     |
    |                                                                     expected 2 generic arguments
    |
note: enum defined here, with 2 generic parameters: `T`, `E`
   --> C:\Users\JustinSaadein\.rustup\toolchains\stable-x86_64-pc-windows-msvc\lib/rustlib/src/rust\library\core\src\result.rs:528:10
    |
528 | pub enum Result<T, E> {
    |          ^^^^^^ -  -
help: add missing generic argument
    |
276 |     pub fn route_query(&self, table: &str, shard_key: &ShardKey) -> Result<Vec<String>, E> {
    |                                                                                       +++

error[E0107]: enum takes 2 generic arguments but 1 generic argument was supplied
   --> src\advanced_replication\sharding.rs:290:80
    |
290 |     fn determine_shards(&self, strategy: &ShardingStrategy, key: &ShardKey) -> Result<Vec<String>> {
    |                                                                                ^^^^^^ ----------- supplied 1 generic argument
    |                                                                                |
    |                                                                                expected 2 generic arguments
    |
note: enum defined here, with 2 generic parameters: `T`, `E`
   --> C:\Users\JustinSaadein\.rustup\toolchains\stable-x86_64-pc-windows-msvc\lib/rustlib/src/rust\library\core\src\result.rs:528:10
    |
528 | pub enum Result<T, E> {
    |          ^^^^^^ -  -
help: add missing generic argument
    |
290 |     fn determine_shards(&self, strategy: &ShardingStrategy, key: &ShardKey) -> Result<Vec<String>, E> {
    |                                                                                                  +++

error[E0107]: enum takes 2 generic arguments but 1 generic argument was supplied
   --> src\advanced_replication\sharding.rs:329:69
    |
329 |     pub fn plan_cross_shard_query(&self, table: &str, sql: &str) -> Result<CrossShardQuery> {
    |                                                                     ^^^^^^ --------------- supplied 1 generic argument
    |                                                                     |
    |                                                                     expected 2 generic arguments
    |
note: enum defined here, with 2 generic parameters: `T`, `E`
   --> C:\Users\JustinSaadein\.rustup\toolchains\stable-x86_64-pc-windows-msvc\lib/rustlib/src/rust\library\core\src\result.rs:528:10
    |
528 | pub enum Result<T, E> {
    |          ^^^^^^ -  -
help: add missing generic argument
    |
329 |     pub fn plan_cross_shard_query(&self, table: &str, sql: &str) -> Result<CrossShardQuery, E> {
    |                                                                                           +++

error[E0107]: enum takes 2 generic arguments but 1 generic argument was supplied
   --> src\advanced_replication\sharding.rs:370:10
    |
370 |     ) -> Result<Vec<Vec<u8>>> {
    |          ^^^^^^ ------------ supplied 1 generic argument
    |          |
    |          expected 2 generic arguments
    |
note: enum defined here, with 2 generic parameters: `T`, `E`
   --> C:\Users\JustinSaadein\.rustup\toolchains\stable-x86_64-pc-windows-msvc\lib/rustlib/src/rust\library\core\src\result.rs:528:10
    |
528 | pub enum Result<T, E> {
    |          ^^^^^^ -  -
help: add missing generic argument
    |
370 |     ) -> Result<Vec<Vec<u8>>, E> {
    |                             +++

error[E0107]: enum takes 2 generic arguments but 1 generic argument was supplied
   --> src\advanced_replication\sharding.rs:393:69
    |
393 |     async fn execute_on_shard(&self, shard_id: &str, _sql: &str) -> Result<Vec<Vec<u8>>> {
    |                                                                     ^^^^^^ ------------ supplied 1 generic argument
    |                                                                     |
    |                                                                     expected 2 generic arguments
    |
note: enum defined here, with 2 generic parameters: `T`, `E`
   --> C:\Users\JustinSaadein\.rustup\toolchains\stable-x86_64-pc-windows-msvc\lib/rustlib/src/rust\library\core\src\result.rs:528:10
    |
528 | pub enum Result<T, E> {
    |          ^^^^^^ -  -
help: add missing generic argument
    |
393 |     async fn execute_on_shard(&self, shard_id: &str, _sql: &str) -> Result<Vec<Vec<u8>>, E> {
    |                                                                                        +++

error[E0107]: enum takes 2 generic arguments but 1 generic argument was supplied
   --> src\advanced_replication\sharding.rs:411:10
    |
411 |     ) -> Result<Vec<Vec<u8>>> {
    |          ^^^^^^ ------------ supplied 1 generic argument
    |          |
    |          expected 2 generic arguments
    |
note: enum defined here, with 2 generic parameters: `T`, `E`
   --> C:\Users\JustinSaadein\.rustup\toolchains\stable-x86_64-pc-windows-msvc\lib/rustlib/src/rust\library\core\src\result.rs:528:10
    |
528 | pub enum Result<T, E> {
    |          ^^^^^^ -  -
help: add missing generic argument
    |
411 |     ) -> Result<Vec<Vec<u8>>, E> {
    |                             +++

error[E0107]: enum takes 2 generic arguments but 1 generic argument was supplied
   --> src\advanced_replication\sharding.rs:423:10
    |
423 |     ) -> Result<RebalancePlan> {
    |          ^^^^^^ ------------- supplied 1 generic argument
    |          |
    |          expected 2 generic arguments
    |
note: enum defined here, with 2 generic parameters: `T`, `E`
   --> C:\Users\JustinSaadein\.rustup\toolchains\stable-x86_64-pc-windows-msvc\lib/rustlib/src/rust\library\core\src\result.rs:528:10
    |
528 | pub enum Result<T, E> {
    |          ^^^^^^ -  -
help: add missing generic argument
    |
423 |     ) -> Result<RebalancePlan, E> {
    |                              +++

error[E0107]: enum takes 2 generic arguments but 1 generic argument was supplied
   --> src\advanced_replication\sharding.rs:453:61
    |
453 |     pub async fn execute_rebalance(&self, plan_id: &str) -> Result<()> {
    |                                                             ^^^^^^ -- supplied 1 generic argument
    |                                                             |
    |                                                             expected 2 generic arguments
    |
note: enum defined here, with 2 generic parameters: `T`, `E`
   --> C:\Users\JustinSaadein\.rustup\toolchains\stable-x86_64-pc-windows-msvc\lib/rustlib/src/rust\library\core\src\result.rs:528:10
    |
528 | pub enum Result<T, E> {
    |          ^^^^^^ -  -
help: add missing generic argument
    |
453 |     pub async fn execute_rebalance(&self, plan_id: &str) -> Result<(), E> {
    |                                                                      +++

error[E0107]: enum takes 2 generic arguments but 1 generic argument was supplied
   --> src\advanced_replication\sharding.rs:558:54
    |
558 |     pub fn get_shard_stats(&self, shard_id: &str) -> Result<ShardStatistics> {
    |                                                      ^^^^^^ --------------- supplied 1 generic argument
    |                                                      |
    |                                                      expected 2 generic arguments
    |
note: enum defined here, with 2 generic parameters: `T`, `E`
   --> C:\Users\JustinSaadein\.rustup\toolchains\stable-x86_64-pc-windows-msvc\lib/rustlib/src/rust\library\core\src\result.rs:528:10
    |
528 | pub enum Result<T, E> {
    |          ^^^^^^ -  -
help: add missing generic argument
    |
558 |     pub fn get_shard_stats(&self, shard_id: &str) -> Result<ShardStatistics, E> {
    |                                                                            +++

error[E0107]: enum takes 2 generic arguments but 1 generic argument was supplied
   --> src\advanced_replication\sharding.rs:583:46
    |
583 |     pub fn add_shard(&self, shard: Shard) -> Result<()> {
    |                                              ^^^^^^ -- supplied 1 generic argument
    |                                              |
    |                                              expected 2 generic arguments
    |
note: enum defined here, with 2 generic parameters: `T`, `E`
   --> C:\Users\JustinSaadein\.rustup\toolchains\stable-x86_64-pc-windows-msvc\lib/rustlib/src/rust\library\core\src\result.rs:528:10
    |
528 | pub enum Result<T, E> {
    |          ^^^^^^ -  -
help: add missing generic argument
    |
583 |     pub fn add_shard(&self, shard: Shard) -> Result<(), E> {
    |                                                       +++

error[E0107]: enum takes 2 generic arguments but 1 generic argument was supplied
   --> src\advanced_replication\sharding.rs:602:51
    |
602 |     pub fn remove_shard(&self, shard_id: &str) -> Result<()> {
    |                                                   ^^^^^^ -- supplied 1 generic argument
    |                                                   |
    |                                                   expected 2 generic arguments
    |
note: enum defined here, with 2 generic parameters: `T`, `E`
   --> C:\Users\JustinSaadein\.rustup\toolchains\stable-x86_64-pc-windows-msvc\lib/rustlib/src/rust\library\core\src\result.rs:528:10
    |
528 | pub enum Result<T, E> {
    |          ^^^^^^ -  -
help: add missing generic argument
    |
602 |     pub fn remove_shard(&self, shard_id: &str) -> Result<(), E> {
    |                                                            +++

error[E0107]: enum takes 2 generic arguments but 1 generic argument was supplied
   --> src\advanced_replication\sharding.rs:618:79
    |
618 |     pub fn update_shard_status(&self, shard_id: &str, status: ShardStatus) -> Result<()> {
    |                                                                               ^^^^^^ -- supplied 1 generic argument
    |                                                                               |
    |                                                                               expected 2 generic arguments
    |
note: enum defined here, with 2 generic parameters: `T`, `E`
   --> C:\Users\JustinSaadein\.rustup\toolchains\stable-x86_64-pc-windows-msvc\lib/rustlib/src/rust\library\core\src\result.rs:528:10
    |
528 | pub enum Result<T, E> {
    |          ^^^^^^ -  -
help: add missing generic argument
    |
618 |     pub fn update_shard_status(&self, shard_id: &str, status: ShardStatus) -> Result<(), E> {
    |                                                                                        +++

error[E0107]: enum takes 2 generic arguments but 1 generic argument was supplied
   --> src\advanced_replication\gds.rs:232:63
    |
232 |     pub fn register_service(&self, service: GlobalService) -> Result<()> {
    |                                                               ^^^^^^ -- supplied 1 generic argument
    |                                                               |
    |                                                               expected 2 generic arguments
    |
note: enum defined here, with 2 generic parameters: `T`, `E`
   --> C:\Users\JustinSaadein\.rustup\toolchains\stable-x86_64-pc-windows-msvc\lib/rustlib/src/rust\library\core\src\result.rs:528:10
    |
528 | pub enum Result<T, E> {
    |          ^^^^^^ -  -
help: add missing generic argument
    |
232 |     pub fn register_service(&self, service: GlobalService) -> Result<(), E> {
    |                                                                        +++

error[E0107]: enum takes 2 generic arguments but 1 generic argument was supplied
   --> src\advanced_replication\gds.rs:250:10
    |
250 |     ) -> Result<RoutingDecision> {
    |          ^^^^^^ --------------- supplied 1 generic argument
    |          |
    |          expected 2 generic arguments
    |
note: enum defined here, with 2 generic parameters: `T`, `E`
   --> C:\Users\JustinSaadein\.rustup\toolchains\stable-x86_64-pc-windows-msvc\lib/rustlib/src/rust\library\core\src\result.rs:528:10
    |
528 | pub enum Result<T, E> {
    |          ^^^^^^ -  -
help: add missing generic argument
    |
250 |     ) -> Result<RoutingDecision, E> {
    |                                +++

error[E0107]: enum takes 2 generic arguments but 1 generic argument was supplied
   --> src\advanced_replication\gds.rs:298:10
    |
298 |     ) -> Result<RoutingDecision> {
    |          ^^^^^^ --------------- supplied 1 generic argument
    |          |
    |          expected 2 generic arguments
    |
note: enum defined here, with 2 generic parameters: `T`, `E`
   --> C:\Users\JustinSaadein\.rustup\toolchains\stable-x86_64-pc-windows-msvc\lib/rustlib/src/rust\library\core\src\result.rs:528:10
    |
528 | pub enum Result<T, E> {
    |          ^^^^^^ -  -
help: add missing generic argument
    |
298 |     ) -> Result<RoutingDecision, E> {
    |                                +++

error[E0107]: enum takes 2 generic arguments but 1 generic argument was supplied
   --> src\advanced_replication\gds.rs:324:10
    |
324 |     ) -> Result<RoutingDecision> {
    |          ^^^^^^ --------------- supplied 1 generic argument
    |          |
    |          expected 2 generic arguments
    |
note: enum defined here, with 2 generic parameters: `T`, `E`
   --> C:\Users\JustinSaadein\.rustup\toolchains\stable-x86_64-pc-windows-msvc\lib/rustlib/src/rust\library\core\src\result.rs:528:10
    |
528 | pub enum Result<T, E> {
    |          ^^^^^^ -  -
help: add missing generic argument
    |
324 |     ) -> Result<RoutingDecision, E> {
    |                                +++

error[E0107]: enum takes 2 generic arguments but 1 generic argument was supplied
   --> src\advanced_replication\gds.rs:349:63
    |
349 |     fn round_robin_routing(&self, service: &GlobalService) -> Result<RoutingDecision> {
    |                                                               ^^^^^^ --------------- supplied 1 generic argument
    |                                                               |
    |                                                               expected 2 generic arguments
    |
note: enum defined here, with 2 generic parameters: `T`, `E`
   --> C:\Users\JustinSaadein\.rustup\toolchains\stable-x86_64-pc-windows-msvc\lib/rustlib/src/rust\library\core\src\result.rs:528:10
    |
528 | pub enum Result<T, E> {
    |          ^^^^^^ -  -
help: add missing generic argument
    |
349 |     fn round_robin_routing(&self, service: &GlobalService) -> Result<RoutingDecision, E> {
    |                                                                                     +++

error[E0107]: enum takes 2 generic arguments but 1 generic argument was supplied
   --> src\advanced_replication\gds.rs:372:69
    |
372 |     fn least_connections_routing(&self, service: &GlobalService) -> Result<RoutingDecision> {
    |                                                                     ^^^^^^ --------------- supplied 1 generic argument
    |                                                                     |
    |                                                                     expected 2 generic arguments
    |
note: enum defined here, with 2 generic parameters: `T`, `E`
   --> C:\Users\JustinSaadein\.rustup\toolchains\stable-x86_64-pc-windows-msvc\lib/rustlib/src/rust\library\core\src\result.rs:528:10
    |
528 | pub enum Result<T, E> {
    |          ^^^^^^ -  -
help: add missing generic argument
    |
372 |     fn least_connections_routing(&self, service: &GlobalService) -> Result<RoutingDecision, E> {
    |                                                                                           +++

error[E0107]: enum takes 2 generic arguments but 1 generic argument was supplied
   --> src\advanced_replication\gds.rs:418:10
    |
418 |     ) -> Result<RoutingDecision> {
    |          ^^^^^^ --------------- supplied 1 generic argument
    |          |
    |          expected 2 generic arguments
    |
note: enum defined here, with 2 generic parameters: `T`, `E`
   --> C:\Users\JustinSaadein\.rustup\toolchains\stable-x86_64-pc-windows-msvc\lib/rustlib/src/rust\library\core\src\result.rs:528:10
    |
528 | pub enum Result<T, E> {
    |          ^^^^^^ -  -
help: add missing generic argument
    |
418 |     ) -> Result<RoutingDecision, E> {
    |                                +++

error[E0107]: enum takes 2 generic arguments but 1 generic argument was supplied
   --> src\advanced_replication\gds.rs:466:10
    |
466 |     ) -> Result<RoutingDecision> {
    |          ^^^^^^ --------------- supplied 1 generic argument
    |          |
    |          expected 2 generic arguments
    |
note: enum defined here, with 2 generic parameters: `T`, `E`
   --> C:\Users\JustinSaadein\.rustup\toolchains\stable-x86_64-pc-windows-msvc\lib/rustlib/src/rust\library\core\src\result.rs:528:10
    |
528 | pub enum Result<T, E> {
    |          ^^^^^^ -  -
help: add missing generic argument
    |
466 |     ) -> Result<RoutingDecision, E> {
    |                                +++

error[E0107]: enum takes 2 generic arguments but 1 generic argument was supplied
   --> src\advanced_replication\gds.rs:509:10
    |
509 |     ) -> Result<RoutingDecision> {
    |          ^^^^^^ --------------- supplied 1 generic argument
    |          |
    |          expected 2 generic arguments
    |
note: enum defined here, with 2 generic parameters: `T`, `E`
   --> C:\Users\JustinSaadein\.rustup\toolchains\stable-x86_64-pc-windows-msvc\lib/rustlib/src/rust\library\core\src\result.rs:528:10
    |
528 | pub enum Result<T, E> {
    |          ^^^^^^ -  -
help: add missing generic argument
    |
509 |     ) -> Result<RoutingDecision, E> {
    |                                +++

error[E0107]: enum takes 2 generic arguments but 1 generic argument was supplied
   --> src\advanced_replication\gds.rs:543:10
    |
543 |     ) -> Result<String> {
    |          ^^^^^^ ------ supplied 1 generic argument
    |          |
    |          expected 2 generic arguments
    |
note: enum defined here, with 2 generic parameters: `T`, `E`
   --> C:\Users\JustinSaadein\.rustup\toolchains\stable-x86_64-pc-windows-msvc\lib/rustlib/src/rust\library\core\src\result.rs:528:10
    |
528 | pub enum Result<T, E> {
    |          ^^^^^^ -  -
help: add missing generic argument
    |
543 |     ) -> Result<String, E> {
    |                       +++

error[E0107]: enum takes 2 generic arguments but 1 generic argument was supplied
   --> src\advanced_replication\gds.rs:600:10
    |
600 |     ) -> Result<()> {
    |          ^^^^^^ -- supplied 1 generic argument
    |          |
    |          expected 2 generic arguments
    |
note: enum defined here, with 2 generic parameters: `T`, `E`
   --> C:\Users\JustinSaadein\.rustup\toolchains\stable-x86_64-pc-windows-msvc\lib/rustlib/src/rust\library\core\src\result.rs:528:10
    |
528 | pub enum Result<T, E> {
    |          ^^^^^^ -  -
help: add missing generic argument
    |
600 |     ) -> Result<(), E> {
    |                   +++

error[E0107]: enum takes 2 generic arguments but 1 generic argument was supplied
   --> src\advanced_replication\gds.rs:624:10
    |
624 |     ) -> Result<()> {
    |          ^^^^^^ -- supplied 1 generic argument
    |          |
    |          expected 2 generic arguments
    |
note: enum defined here, with 2 generic parameters: `T`, `E`
   --> C:\Users\JustinSaadein\.rustup\toolchains\stable-x86_64-pc-windows-msvc\lib/rustlib/src/rust\library\core\src\result.rs:528:10
    |
528 | pub enum Result<T, E> {
    |          ^^^^^^ -  -
help: add missing generic argument
    |
624 |     ) -> Result<(), E> {
    |                   +++

error[E0107]: enum takes 2 generic arguments but 1 generic argument was supplied
   --> src\advanced_replication\conflicts.rs:147:50
    |
147 |     pub fn merge(&mut self, other: &CrdtType) -> Result<()> {
    |                                                  ^^^^^^ -- supplied 1 generic argument
    |                                                  |
    |                                                  expected 2 generic arguments
    |
note: enum defined here, with 2 generic parameters: `T`, `E`
   --> C:\Users\JustinSaadein\.rustup\toolchains\stable-x86_64-pc-windows-msvc\lib/rustlib/src/rust\library\core\src\result.rs:528:10
    |
528 | pub enum Result<T, E> {
    |          ^^^^^^ -  -
help: add missing generic argument
    |
147 |     pub fn merge(&mut self, other: &CrdtType) -> Result<(), E> {
    |                                                           +++

error[E0107]: enum takes 2 generic arguments but 1 generic argument was supplied
   --> src\advanced_replication\conflicts.rs:234:28
    |
234 |     pub fn value(&self) -> Result<Vec<u8>> {
    |                            ^^^^^^ ------- supplied 1 generic argument
    |                            |
    |                            expected 2 generic arguments
    |
note: enum defined here, with 2 generic parameters: `T`, `E`
   --> C:\Users\JustinSaadein\.rustup\toolchains\stable-x86_64-pc-windows-msvc\lib/rustlib/src/rust\library\core\src\result.rs:528:10
    |
528 | pub enum Result<T, E> {
    |          ^^^^^^ -  -
help: add missing generic argument
    |
234 |     pub fn value(&self) -> Result<Vec<u8>, E> {
    |                                          +++

error[E0107]: enum takes 2 generic arguments but 1 generic argument was supplied
   --> src\advanced_replication\conflicts.rs:540:51
    |
540 |     fn resolve_lww(&self, conflict: &Conflict) -> Result<ConflictResolution> {
    |                                                   ^^^^^^ ------------------ supplied 1 generic argument
    |                                                   |
    |                                                   expected 2 generic arguments
    |
note: enum defined here, with 2 generic parameters: `T`, `E`
   --> C:\Users\JustinSaadein\.rustup\toolchains\stable-x86_64-pc-windows-msvc\lib/rustlib/src/rust\library\core\src\result.rs:528:10
    |
528 | pub enum Result<T, E> {
    |          ^^^^^^ -  -
help: add missing generic argument
    |
540 |     fn resolve_lww(&self, conflict: &Conflict) -> Result<ConflictResolution, E> {
    |                                                                            +++

error[E0107]: enum takes 2 generic arguments but 1 generic argument was supplied
   --> src\advanced_replication\conflicts.rs:565:51
    |
565 |     fn resolve_fww(&self, conflict: &Conflict) -> Result<ConflictResolution> {
    |                                                   ^^^^^^ ------------------ supplied 1 generic argument
    |                                                   |
    |                                                   expected 2 generic arguments
    |
note: enum defined here, with 2 generic parameters: `T`, `E`
   --> C:\Users\JustinSaadein\.rustup\toolchains\stable-x86_64-pc-windows-msvc\lib/rustlib/src/rust\library\core\src\result.rs:528:10
    |
528 | pub enum Result<T, E> {
    |          ^^^^^^ -  -
help: add missing generic argument
    |
565 |     fn resolve_fww(&self, conflict: &Conflict) -> Result<ConflictResolution, E> {
    |                                                                            +++

error[E0107]: enum takes 2 generic arguments but 1 generic argument was supplied
   --> src\advanced_replication\conflicts.rs:589:56
    |
589 |     fn resolve_priority(&self, conflict: &Conflict) -> Result<ConflictResolution> {
    |                                                        ^^^^^^ ------------------ supplied 1 generic argument
    |                                                        |
    |                                                        expected 2 generic arguments
    |
note: enum defined here, with 2 generic parameters: `T`, `E`
   --> C:\Users\JustinSaadein\.rustup\toolchains\stable-x86_64-pc-windows-msvc\lib/rustlib/src/rust\library\core\src\result.rs:528:10
    |
528 | pub enum Result<T, E> {
    |          ^^^^^^ -  -
help: add missing generic argument
    |
589 |     fn resolve_priority(&self, conflict: &Conflict) -> Result<ConflictResolution, E> {
    |                                                                                 +++

error[E0107]: enum takes 2 generic arguments but 1 generic argument was supplied
   --> src\advanced_replication\conflicts.rs:606:74
    |
606 |     fn resolve_custom(&self, conflict: &Conflict, handler_name: &str) -> Result<ConflictResolution> {
    |                                                                          ^^^^^^ ------------------ supplied 1 generic argument
    |                                                                          |
    |                                                                          expected 2 generic arguments
    |
note: enum defined here, with 2 generic parameters: `T`, `E`
   --> C:\Users\JustinSaadein\.rustup\toolchains\stable-x86_64-pc-windows-msvc\lib/rustlib/src/rust\library\core\src\result.rs:528:10
    |
528 | pub enum Result<T, E> {
    |          ^^^^^^ -  -
help: add missing generic argument
    |
606 |     fn resolve_custom(&self, conflict: &Conflict, handler_name: &str) -> Result<ConflictResolution, E> {
    |                                                                                                   +++

error[E0107]: enum takes 2 generic arguments but 1 generic argument was supplied
   --> src\advanced_replication\conflicts.rs:617:52
    |
617 |     fn resolve_crdt(&self, conflict: &Conflict) -> Result<ConflictResolution> {
    |                                                    ^^^^^^ ------------------ supplied 1 generic argument
    |                                                    |
    |                                                    expected 2 generic arguments
    |
note: enum defined here, with 2 generic parameters: `T`, `E`
   --> C:\Users\JustinSaadein\.rustup\toolchains\stable-x86_64-pc-windows-msvc\lib/rustlib/src/rust\library\core\src\result.rs:528:10
    |
528 | pub enum Result<T, E> {
    |          ^^^^^^ -  -
help: add missing generic argument
    |
617 |     fn resolve_crdt(&self, conflict: &Conflict) -> Result<ConflictResolution, E> {
    |                                                                             +++

error[E0107]: enum takes 2 generic arguments but 1 generic argument was supplied
   --> src\advanced_replication\conflicts.rs:654:57
    |
654 |     fn resolve_max_value(&self, conflict: &Conflict) -> Result<ConflictResolution> {
    |                                                         ^^^^^^ ------------------ supplied 1 generic argument
    |                                                         |
    |                                                         expected 2 generic arguments
    |
note: enum defined here, with 2 generic parameters: `T`, `E`
   --> C:\Users\JustinSaadein\.rustup\toolchains\stable-x86_64-pc-windows-msvc\lib/rustlib/src/rust\library\core\src\result.rs:528:10
    |
528 | pub enum Result<T, E> {
    |          ^^^^^^ -  -
help: add missing generic argument
    |
654 |     fn resolve_max_value(&self, conflict: &Conflict) -> Result<ConflictResolution, E> {
    |                                                                                  +++

error[E0107]: enum takes 2 generic arguments but 1 generic argument was supplied
   --> src\advanced_replication\conflicts.rs:676:57
    |
676 |     fn resolve_min_value(&self, conflict: &Conflict) -> Result<ConflictResolution> {
    |                                                         ^^^^^^ ------------------ supplied 1 generic argument
    |                                                         |
    |                                                         expected 2 generic arguments
    |
note: enum defined here, with 2 generic parameters: `T`, `E`
   --> C:\Users\JustinSaadein\.rustup\toolchains\stable-x86_64-pc-windows-msvc\lib/rustlib/src/rust\library\core\src\result.rs:528:10
    |
528 | pub enum Result<T, E> {
    |          ^^^^^^ -  -
help: add missing generic argument
    |
676 |     fn resolve_min_value(&self, conflict: &Conflict) -> Result<ConflictResolution, E> {
    |                                                                                  +++

error[E0107]: enum takes 2 generic arguments but 1 generic argument was supplied
   --> src\advanced_replication\conflicts.rs:698:56
    |
698 |     fn resolve_additive(&self, conflict: &Conflict) -> Result<ConflictResolution> {
    |                                                        ^^^^^^ ------------------ supplied 1 generic argument
    |                                                        |
    |                                                        expected 2 generic arguments
    |
note: enum defined here, with 2 generic parameters: `T`, `E`
   --> C:\Users\JustinSaadein\.rustup\toolchains\stable-x86_64-pc-windows-msvc\lib/rustlib/src/rust\library\core\src\result.rs:528:10
    |
528 | pub enum Result<T, E> {
    |          ^^^^^^ -  -
help: add missing generic argument
    |
698 |     fn resolve_additive(&self, conflict: &Conflict) -> Result<ConflictResolution, E> {
    |                                                                                 +++

error[E0107]: enum takes 2 generic arguments but 1 generic argument was supplied
   --> src\advanced_replication\conflicts.rs:726:29
    |
726 |         F: Fn(&Conflict) -> Result<ConflictResolution> + Send + Sync + 'static,
    |                             ^^^^^^ ------------------ supplied 1 generic argument
    |                             |
    |                             expected 2 generic arguments
    |
note: enum defined here, with 2 generic parameters: `T`, `E`
   --> C:\Users\JustinSaadein\.rustup\toolchains\stable-x86_64-pc-windows-msvc\lib/rustlib/src/rust\library\core\src\result.rs:528:10
    |
528 | pub enum Result<T, E> {
    |          ^^^^^^ -  -
help: add missing generic argument
    |
726 |         F: Fn(&Conflict) -> Result<ConflictResolution, E> + Send + Sync + 'static,
    |                                                      +++

error[E0107]: enum takes 2 generic arguments but 1 generic argument was supplied
   --> src\advanced_replication\conflicts.rs:742:90
    |
742 |     pub fn resolve_manually(&self, conflict_id: &str, resolution: ConflictResolution) -> Result<()> {
    |                                                                                          ^^^^^^ -- supplied 1 generic argument
    |                                                                                          |
    |                                                                                          expected 2 generic arguments
    |
note: enum defined here, with 2 generic parameters: `T`, `E`
   --> C:\Users\JustinSaadein\.rustup\toolchains\stable-x86_64-pc-windows-msvc\lib/rustlib/src/rust\library\core\src\result.rs:528:10
    |
528 | pub enum Result<T, E> {
    |          ^^^^^^ -  -
help: add missing generic argument
    |
742 |     pub fn resolve_manually(&self, conflict_id: &str, resolution: ConflictResolution) -> Result<(), E> {
    |                                                                                                   +++

error[E0107]: enum takes 2 generic arguments but 1 generic argument was supplied
   --> src\advanced_replication\conflicts.rs:765:62
    |
765 |     fn conflict_not_found_error(&self, conflict_id: &str) -> Result<()> {
    |                                                              ^^^^^^ -- supplied 1 generic argument
    |                                                              |
    |                                                              expected 2 generic arguments
    |
note: enum defined here, with 2 generic parameters: `T`, `E`
   --> C:\Users\JustinSaadein\.rustup\toolchains\stable-x86_64-pc-windows-msvc\lib/rustlib/src/rust\library\core\src\result.rs:528:10
    |
528 | pub enum Result<T, E> {
    |          ^^^^^^ -  -
help: add missing generic argument
    |
765 |     fn conflict_not_found_error(&self, conflict_id: &str) -> Result<(), E> {
    |                                                                       +++

error[E0107]: enum takes 2 generic arguments but 1 generic argument was supplied
   --> src\advanced_replication\conflicts.rs:789:50
    |
789 |     pub fn cleanup_resolved(&self, days: u64) -> Result<u64> {
    |                                                  ^^^^^^ --- supplied 1 generic argument
    |                                                  |
    |                                                  expected 2 generic arguments
    |
note: enum defined here, with 2 generic parameters: `T`, `E`
   --> C:\Users\JustinSaadein\.rustup\toolchains\stable-x86_64-pc-windows-msvc\lib/rustlib/src/rust\library\core\src\result.rs:528:10
    |
528 | pub enum Result<T, E> {
    |          ^^^^^^ -  -
help: add missing generic argument
    |
789 |     pub fn cleanup_resolved(&self, days: u64) -> Result<u64, E> {
    |                                                            +++

error[E0107]: enum takes 2 generic arguments but 1 generic argument was supplied
   --> src\advanced_replication\monitoring.rs:247:54
    |
247 |     pub fn record_lag(&self, lag: ReplicationLag) -> Result<()> {
    |                                                      ^^^^^^ -- supplied 1 generic argument
    |                                                      |
    |                                                      expected 2 generic arguments
    |
note: enum defined here, with 2 generic parameters: `T`, `E`
   --> C:\Users\JustinSaadein\.rustup\toolchains\stable-x86_64-pc-windows-msvc\lib/rustlib/src/rust\library\core\src\result.rs:528:10
    |
528 | pub enum Result<T, E> {
    |          ^^^^^^ -  -
help: add missing generic argument
    |
247 |     pub fn record_lag(&self, lag: ReplicationLag) -> Result<(), E> {
    |                                                               +++

error[E0107]: enum takes 2 generic arguments but 1 generic argument was supplied
   --> src\advanced_replication\monitoring.rs:264:68
    |
264 |     pub fn record_throughput(&self, metrics: ThroughputMetrics) -> Result<()> {
    |                                                                    ^^^^^^ -- supplied 1 generic argument
    |                                                                    |
    |                                                                    expected 2 generic arguments
    |
note: enum defined here, with 2 generic parameters: `T`, `E`
   --> C:\Users\JustinSaadein\.rustup\toolchains\stable-x86_64-pc-windows-msvc\lib/rustlib/src/rust\library\core\src\result.rs:528:10
    |
528 | pub enum Result<T, E> {
    |          ^^^^^^ -  -
help: add missing generic argument
    |
264 |     pub fn record_throughput(&self, metrics: ThroughputMetrics) -> Result<(), E> {
    |                                                                             +++

error[E0107]: enum takes 2 generic arguments but 1 generic argument was supplied
   --> src\advanced_replication\monitoring.rs:282:67
    |
282 |     pub fn record_error_rate(&self, metrics: ErrorRateMetrics) -> Result<()> {
    |                                                                   ^^^^^^ -- supplied 1 generic argument
    |                                                                   |
    |                                                                   expected 2 generic arguments
    |
note: enum defined here, with 2 generic parameters: `T`, `E`
   --> C:\Users\JustinSaadein\.rustup\toolchains\stable-x86_64-pc-windows-msvc\lib/rustlib/src/rust\library\core\src\result.rs:528:10
    |
528 | pub enum Result<T, E> {
    |          ^^^^^^ -  -
help: add missing generic argument
    |
282 |     pub fn record_error_rate(&self, metrics: ErrorRateMetrics) -> Result<(), E> {
    |                                                                            +++

error[E0107]: enum takes 2 generic arguments but 1 generic argument was supplied
   --> src\advanced_replication\monitoring.rs:299:73
    |
299 |     pub fn record_conflict_rate(&self, metrics: ConflictRateMetrics) -> Result<()> {
    |                                                                         ^^^^^^ -- supplied 1 generic argument
    |                                                                         |
    |                                                                         expected 2 generic arguments
    |
note: enum defined here, with 2 generic parameters: `T`, `E`
   --> C:\Users\JustinSaadein\.rustup\toolchains\stable-x86_64-pc-windows-msvc\lib/rustlib/src/rust\library\core\src\result.rs:528:10
    |
528 | pub enum Result<T, E> {
    |          ^^^^^^ -  -
help: add missing generic argument
    |
299 |     pub fn record_conflict_rate(&self, metrics: ConflictRateMetrics) -> Result<(), E> {
    |                                                                                  +++

error[E0107]: enum takes 2 generic arguments but 1 generic argument was supplied
   --> src\advanced_replication\monitoring.rs:345:63
    |
345 |     pub fn add_threshold(&self, threshold: AlertThreshold) -> Result<()> {
    |                                                               ^^^^^^ -- supplied 1 generic argument
    |                                                               |
    |                                                               expected 2 generic arguments
    |
note: enum defined here, with 2 generic parameters: `T`, `E`
   --> C:\Users\JustinSaadein\.rustup\toolchains\stable-x86_64-pc-windows-msvc\lib/rustlib/src/rust\library\core\src\result.rs:528:10
    |
528 | pub enum Result<T, E> {
    |          ^^^^^^ -  -
help: add missing generic argument
    |
345 |     pub fn add_threshold(&self, threshold: AlertThreshold) -> Result<(), E> {
    |                                                                        +++

error[E0107]: enum takes 2 generic arguments but 1 generic argument was supplied
   --> src\advanced_replication\monitoring.rs:352:51
    |
352 |     pub fn remove_threshold(&self, name: &str) -> Result<()> {
    |                                                   ^^^^^^ -- supplied 1 generic argument
    |                                                   |
    |                                                   expected 2 generic arguments
    |
note: enum defined here, with 2 generic parameters: `T`, `E`
   --> C:\Users\JustinSaadein\.rustup\toolchains\stable-x86_64-pc-windows-msvc\lib/rustlib/src/rust\library\core\src\result.rs:528:10
    |
528 | pub enum Result<T, E> {
    |          ^^^^^^ -  -
help: add missing generic argument
    |
352 |     pub fn remove_threshold(&self, name: &str) -> Result<(), E> {
    |                                                            +++

error[E0107]: enum takes 2 generic arguments but 1 generic argument was supplied
   --> src\advanced_replication\monitoring.rs:359:61
    |
359 |     fn check_lag_thresholds(&self, lag: &ReplicationLag) -> Result<()> {
    |                                                             ^^^^^^ -- supplied 1 generic argument
    |                                                             |
    |                                                             expected 2 generic arguments
    |
note: enum defined here, with 2 generic parameters: `T`, `E`
   --> C:\Users\JustinSaadein\.rustup\toolchains\stable-x86_64-pc-windows-msvc\lib/rustlib/src/rust\library\core\src\result.rs:528:10
    |
528 | pub enum Result<T, E> {
    |          ^^^^^^ -  -
help: add missing generic argument
    |
359 |     fn check_lag_thresholds(&self, lag: &ReplicationLag) -> Result<(), E> {
    |                                                                      +++

error[E0107]: enum takes 2 generic arguments but 1 generic argument was supplied
   --> src\advanced_replication\monitoring.rs:383:75
    |
383 |     fn check_throughput_thresholds(&self, metrics: &ThroughputMetrics) -> Result<()> {
    |                                                                           ^^^^^^ -- supplied 1 generic argument
    |                                                                           |
    |                                                                           expected 2 generic arguments
    |
note: enum defined here, with 2 generic parameters: `T`, `E`
   --> C:\Users\JustinSaadein\.rustup\toolchains\stable-x86_64-pc-windows-msvc\lib/rustlib/src/rust\library\core\src\result.rs:528:10
    |
528 | pub enum Result<T, E> {
    |          ^^^^^^ -  -
help: add missing generic argument
    |
383 |     fn check_throughput_thresholds(&self, metrics: &ThroughputMetrics) -> Result<(), E> {
    |                                                                                    +++

error[E0107]: enum takes 2 generic arguments but 1 generic argument was supplied
   --> src\advanced_replication\monitoring.rs:406:69
    |
406 |     fn check_error_thresholds(&self, metrics: &ErrorRateMetrics) -> Result<()> {
    |                                                                     ^^^^^^ -- supplied 1 generic argument
    |                                                                     |
    |                                                                     expected 2 generic arguments
    |
note: enum defined here, with 2 generic parameters: `T`, `E`
   --> C:\Users\JustinSaadein\.rustup\toolchains\stable-x86_64-pc-windows-msvc\lib/rustlib/src/rust\library\core\src\result.rs:528:10
    |
528 | pub enum Result<T, E> {
    |          ^^^^^^ -  -
help: add missing generic argument
    |
406 |     fn check_error_thresholds(&self, metrics: &ErrorRateMetrics) -> Result<(), E> {
    |                                                                              +++

error[E0107]: enum takes 2 generic arguments but 1 generic argument was supplied
   --> src\advanced_replication\monitoring.rs:425:75
    |
425 |     fn check_conflict_thresholds(&self, metrics: &ConflictRateMetrics) -> Result<()> {
    |                                                                           ^^^^^^ -- supplied 1 generic argument
    |                                                                           |
    |                                                                           expected 2 generic arguments
    |
note: enum defined here, with 2 generic parameters: `T`, `E`
   --> C:\Users\JustinSaadein\.rustup\toolchains\stable-x86_64-pc-windows-msvc\lib/rustlib/src/rust\library\core\src\result.rs:528:10
    |
528 | pub enum Result<T, E> {
    |          ^^^^^^ -  -
help: add missing generic argument
    |
425 |     fn check_conflict_thresholds(&self, metrics: &ConflictRateMetrics) -> Result<(), E> {
    |                                                                                    +++

error[E0107]: enum takes 2 generic arguments but 1 generic argument was supplied
   --> src\advanced_replication\monitoring.rs:455:72
    |
455 |     fn trigger_alert(&self, threshold: &AlertThreshold, value: f64) -> Result<()> {
    |                                                                        ^^^^^^ -- supplied 1 generic argument
    |                                                                        |
    |                                                                        expected 2 generic arguments
    |
note: enum defined here, with 2 generic parameters: `T`, `E`
   --> C:\Users\JustinSaadein\.rustup\toolchains\stable-x86_64-pc-windows-msvc\lib/rustlib/src/rust\library\core\src\result.rs:528:10
    |
528 | pub enum Result<T, E> {
    |          ^^^^^^ -  -
help: add missing generic argument
    |
455 |     fn trigger_alert(&self, threshold: &AlertThreshold, value: f64) -> Result<(), E> {
    |                                                                                 +++

error[E0107]: enum takes 2 generic arguments but 1 generic argument was supplied
   --> src\advanced_replication\monitoring.rs:486:56
    |
486 |     pub fn acknowledge_alert(&self, alert_id: &str) -> Result<()> {
    |                                                        ^^^^^^ -- supplied 1 generic argument
    |                                                        |
    |                                                        expected 2 generic arguments
    |
note: enum defined here, with 2 generic parameters: `T`, `E`
   --> C:\Users\JustinSaadein\.rustup\toolchains\stable-x86_64-pc-windows-msvc\lib/rustlib/src/rust\library\core\src\result.rs:528:10
    |
528 | pub enum Result<T, E> {
    |          ^^^^^^ -  -
help: add missing generic argument
    |
486 |     pub fn acknowledge_alert(&self, alert_id: &str) -> Result<(), E> {
    |                                                                 +++

error[E0107]: enum takes 2 generic arguments but 1 generic argument was supplied
   --> src\advanced_replication\monitoring.rs:504:67
    |
504 |     pub fn update_channel_status(&self, status: ChannelStatus) -> Result<()> {
    |                                                                   ^^^^^^ -- supplied 1 generic argument
    |                                                                   |
    |                                                                   expected 2 generic arguments
    |
note: enum defined here, with 2 generic parameters: `T`, `E`
   --> C:\Users\JustinSaadein\.rustup\toolchains\stable-x86_64-pc-windows-msvc\lib/rustlib/src/rust\library\core\src\result.rs:528:10
    |
528 | pub enum Result<T, E> {
    |          ^^^^^^ -  -
help: add missing generic argument
    |
504 |     pub fn update_channel_status(&self, status: ChannelStatus) -> Result<(), E> {
    |                                                                            +++

error[E0107]: enum takes 2 generic arguments but 1 generic argument was supplied
   --> src\advanced_replication\apply.rs:290:56
    |
290 |     pub fn queue_change(&self, change: ApplyChange) -> Result<()> {
    |                                                        ^^^^^^ -- supplied 1 generic argument
    |                                                        |
    |                                                        expected 2 generic arguments
    |
note: enum defined here, with 2 generic parameters: `T`, `E`
   --> C:\Users\JustinSaadein\.rustup\toolchains\stable-x86_64-pc-windows-msvc\lib/rustlib/src/rust\library\core\src\result.rs:528:10
    |
528 | pub enum Result<T, E> {
    |          ^^^^^^ -  -
help: add missing generic argument
    |
290 |     pub fn queue_change(&self, change: ApplyChange) -> Result<(), E> {
    |                                                                 +++

error[E0107]: enum takes 2 generic arguments but 1 generic argument was supplied
   --> src\advanced_replication\apply.rs:316:44
    |
316 |     pub async fn process_changes(&self) -> Result<()> {
    |                                            ^^^^^^ -- supplied 1 generic argument
    |                                            |
    |                                            expected 2 generic arguments
    |
note: enum defined here, with 2 generic parameters: `T`, `E`
   --> C:\Users\JustinSaadein\.rustup\toolchains\stable-x86_64-pc-windows-msvc\lib/rustlib/src/rust\library\core\src\result.rs:528:10
    |
528 | pub enum Result<T, E> {
    |          ^^^^^^ -  -
help: add missing generic argument
    |
316 |     pub async fn process_changes(&self) -> Result<(), E> {
    |                                                     +++

error[E0107]: enum takes 2 generic arguments but 1 generic argument was supplied
   --> src\advanced_replication\apply.rs:422:65
    |
422 |     async fn apply_group(&self, mut group: TransactionGroup) -> Result<()> {
    |                                                                 ^^^^^^ -- supplied 1 generic argument
    |                                                                 |
    |                                                                 expected 2 generic arguments
    |
note: enum defined here, with 2 generic parameters: `T`, `E`
   --> C:\Users\JustinSaadein\.rustup\toolchains\stable-x86_64-pc-windows-msvc\lib/rustlib/src/rust\library\core\src\result.rs:528:10
    |
528 | pub enum Result<T, E> {
    |          ^^^^^^ -  -
help: add missing generic argument
    |
422 |     async fn apply_group(&self, mut group: TransactionGroup) -> Result<(), E> {
    |                                                                          +++

error[E0107]: enum takes 2 generic arguments but 1 generic argument was supplied
   --> src\advanced_replication\apply.rs:491:58
    |
491 |     fn dependencies_satisfied(&self, deps: &[String]) -> Result<bool> {
    |                                                          ^^^^^^ ---- supplied 1 generic argument
    |                                                          |
    |                                                          expected 2 generic arguments
    |
note: enum defined here, with 2 generic parameters: `T`, `E`
   --> C:\Users\JustinSaadein\.rustup\toolchains\stable-x86_64-pc-windows-msvc\lib/rustlib/src/rust\library\core\src\result.rs:528:10
    |
528 | pub enum Result<T, E> {
    |          ^^^^^^ -  -
help: add missing generic argument
    |
491 |     fn dependencies_satisfied(&self, deps: &[String]) -> Result<bool, E> {
    |                                                                     +++

error[E0107]: enum takes 2 generic arguments but 1 generic argument was supplied
   --> src\advanced_replication\apply.rs:504:59
    |
504 |     async fn apply_change(&self, change: &ApplyChange) -> Result<()> {
    |                                                           ^^^^^^ -- supplied 1 generic argument
    |                                                           |
    |                                                           expected 2 generic arguments
    |
note: enum defined here, with 2 generic parameters: `T`, `E`
   --> C:\Users\JustinSaadein\.rustup\toolchains\stable-x86_64-pc-windows-msvc\lib/rustlib/src/rust\library\core\src\result.rs:528:10
    |
528 | pub enum Result<T, E> {
    |          ^^^^^^ -  -
help: add missing generic argument
    |
504 |     async fn apply_change(&self, change: &ApplyChange) -> Result<(), E> {
    |                                                                    +++

error[E0107]: enum takes 2 generic arguments but 1 generic argument was supplied
   --> src\advanced_replication\apply.rs:530:81
    |
530 |     async fn handle_apply_error(&self, change: &ApplyChange, error: DbError) -> Result<()> {
    |                                                                                 ^^^^^^ -- supplied 1 generic argument
    |                                                                                 |
    |                                                                                 expected 2 generic arguments
    |
note: enum defined here, with 2 generic parameters: `T`, `E`
   --> C:\Users\JustinSaadein\.rustup\toolchains\stable-x86_64-pc-windows-msvc\lib/rustlib/src/rust\library\core\src\result.rs:528:10
    |
528 | pub enum Result<T, E> {
    |          ^^^^^^ -  -
help: add missing generic argument
    |
530 |     async fn handle_apply_error(&self, change: &ApplyChange, error: DbError) -> Result<(), E> {
    |                                                                                          +++

error[E0107]: enum takes 2 generic arguments but 1 generic argument was supplied
   --> src\advanced_replication\apply.rs:563:49
    |
563 |     pub async fn retry_failed_changes(&self) -> Result<()> {
    |                                                 ^^^^^^ -- supplied 1 generic argument
    |                                                 |
    |                                                 expected 2 generic arguments
    |
note: enum defined here, with 2 generic parameters: `T`, `E`
   --> C:\Users\JustinSaadein\.rustup\toolchains\stable-x86_64-pc-windows-msvc\lib/rustlib/src/rust\library\core\src\result.rs:528:10
    |
528 | pub enum Result<T, E> {
    |          ^^^^^^ -  -
help: add missing generic argument
    |
563 |     pub async fn retry_failed_changes(&self) -> Result<(), E> {
    |                                                          +++

error[E0107]: enum takes 2 generic arguments but 1 generic argument was supplied
   --> src\advanced_replication\apply.rs:589:36
    |
589 |     fn create_checkpoint(&self) -> Result<()> {
    |                                    ^^^^^^ -- supplied 1 generic argument
    |                                    |
    |                                    expected 2 generic arguments
    |
note: enum defined here, with 2 generic parameters: `T`, `E`
   --> C:\Users\JustinSaadein\.rustup\toolchains\stable-x86_64-pc-windows-msvc\lib/rustlib/src/rust\library\core\src\result.rs:528:10
    |
528 | pub enum Result<T, E> {
    |          ^^^^^^ -  -
help: add missing generic argument
    |
589 |     fn create_checkpoint(&self) -> Result<(), E> {
    |                                             +++

error[E0107]: enum takes 2 generic arguments but 1 generic argument was supplied
   --> src\advanced_replication\apply.rs:615:67
    |
615 |     pub fn restore_from_checkpoint(&self, checkpoint_id: &str) -> Result<ApplyCheckpoint> {
    |                                                                   ^^^^^^ --------------- supplied 1 generic argument
    |                                                                   |
    |                                                                   expected 2 generic arguments
    |
note: enum defined here, with 2 generic parameters: `T`, `E`
   --> C:\Users\JustinSaadein\.rustup\toolchains\stable-x86_64-pc-windows-msvc\lib/rustlib/src/rust\library\core\src\result.rs:528:10
    |
528 | pub enum Result<T, E> {
    |          ^^^^^^ -  -
help: add missing generic argument
    |
615 |     pub fn restore_from_checkpoint(&self, checkpoint_id: &str) -> Result<ApplyCheckpoint, E> {
    |                                                                                         +++

error[E0107]: enum takes 2 generic arguments but 1 generic argument was supplied
   --> src\advanced_replication\xa.rs:204:69
    |
204 |     pub fn register_resource_manager(&self, rm: ResourceManager) -> Result<()> {
    |                                                                     ^^^^^^ -- supplied 1 generic argument
    |                                                                     |
    |                                                                     expected 2 generic arguments
    |
note: enum defined here, with 2 generic parameters: `T`, `E`
   --> C:\Users\JustinSaadein\.rustup\toolchains\stable-x86_64-pc-windows-msvc\lib/rustlib/src/rust\library\core\src\result.rs:528:10
    |
528 | pub enum Result<T, E> {
    |          ^^^^^^ -  -
help: add missing generic argument
    |
204 |     pub fn register_resource_manager(&self, rm: ResourceManager) -> Result<(), E> {
    |                                                                              +++

error[E0107]: enum takes 2 generic arguments but 1 generic argument was supplied
   --> src\advanced_replication\xa.rs:218:73
    |
218 |     pub fn xa_start(&self, xid: Xid, rms: Vec<String>, timeout: u64) -> Result<()> {
    |                                                                         ^^^^^^ -- supplied 1 generic argument
    |                                                                         |
    |                                                                         expected 2 generic arguments
    |
note: enum defined here, with 2 generic parameters: `T`, `E`
   --> C:\Users\JustinSaadein\.rustup\toolchains\stable-x86_64-pc-windows-msvc\lib/rustlib/src/rust\library\core\src\result.rs:528:10
    |
528 | pub enum Result<T, E> {
    |          ^^^^^^ -  -
help: add missing generic argument
    |
218 |     pub fn xa_start(&self, xid: Xid, rms: Vec<String>, timeout: u64) -> Result<(), E> {
    |                                                                                  +++

error[E0107]: enum takes 2 generic arguments but 1 generic argument was supplied
   --> src\advanced_replication\xa.rs:258:40
    |
258 |     pub fn xa_end(&self, xid: &Xid) -> Result<()> {
    |                                        ^^^^^^ -- supplied 1 generic argument
    |                                        |
    |                                        expected 2 generic arguments
    |
note: enum defined here, with 2 generic parameters: `T`, `E`
   --> C:\Users\JustinSaadein\.rustup\toolchains\stable-x86_64-pc-windows-msvc\lib/rustlib/src/rust\library\core\src\result.rs:528:10
    |
528 | pub enum Result<T, E> {
    |          ^^^^^^ -  -
help: add missing generic argument
    |
258 |     pub fn xa_end(&self, xid: &Xid) -> Result<(), E> {
    |                                                 +++

error[E0107]: enum takes 2 generic arguments but 1 generic argument was supplied
   --> src\advanced_replication\xa.rs:279:50
    |
279 |     pub async fn xa_prepare(&self, xid: &Xid) -> Result<Vec<Vote>> {
    |                                                  ^^^^^^ --------- supplied 1 generic argument
    |                                                  |
    |                                                  expected 2 generic arguments
    |
note: enum defined here, with 2 generic parameters: `T`, `E`
   --> C:\Users\JustinSaadein\.rustup\toolchains\stable-x86_64-pc-windows-msvc\lib/rustlib/src/rust\library\core\src\result.rs:528:10
    |
528 | pub enum Result<T, E> {
    |          ^^^^^^ -  -
help: add missing generic argument
    |
279 |     pub async fn xa_prepare(&self, xid: &Xid) -> Result<Vec<Vote>, E> {
    |                                                                  +++

error[E0107]: enum takes 2 generic arguments but 1 generic argument was supplied
   --> src\advanced_replication\xa.rs:339:62
    |
339 |     async fn send_prepare(&self, rm_id: &str, _xid: &Xid) -> Result<Vote> {
    |                                                              ^^^^^^ ---- supplied 1 generic argument
    |                                                              |
    |                                                              expected 2 generic arguments
    |
note: enum defined here, with 2 generic parameters: `T`, `E`
   --> C:\Users\JustinSaadein\.rustup\toolchains\stable-x86_64-pc-windows-msvc\lib/rustlib/src/rust\library\core\src\result.rs:528:10
    |
528 | pub enum Result<T, E> {
    |          ^^^^^^ -  -
help: add missing generic argument
    |
339 |     async fn send_prepare(&self, rm_id: &str, _xid: &Xid) -> Result<Vote, E> {
    |                                                                         +++

error[E0107]: enum takes 2 generic arguments but 1 generic argument was supplied
   --> src\advanced_replication\xa.rs:360:66
    |
360 |     pub async fn xa_commit(&self, xid: &Xid, one_phase: bool) -> Result<()> {
    |                                                                  ^^^^^^ -- supplied 1 generic argument
    |                                                                  |
    |                                                                  expected 2 generic arguments
    |
note: enum defined here, with 2 generic parameters: `T`, `E`
   --> C:\Users\JustinSaadein\.rustup\toolchains\stable-x86_64-pc-windows-msvc\lib/rustlib/src/rust\library\core\src\result.rs:528:10
    |
528 | pub enum Result<T, E> {
    |          ^^^^^^ -  -
help: add missing generic argument
    |
360 |     pub async fn xa_commit(&self, xid: &Xid, one_phase: bool) -> Result<(), E> {
    |                                                                           +++

error[E0107]: enum takes 2 generic arguments but 1 generic argument was supplied
   --> src\advanced_replication\xa.rs:443:55
    |
443 |     async fn xa_commit_one_phase(&self, xid: &Xid) -> Result<()> {
    |                                                       ^^^^^^ -- supplied 1 generic argument
    |                                                       |
    |                                                       expected 2 generic arguments
    |
note: enum defined here, with 2 generic parameters: `T`, `E`
   --> C:\Users\JustinSaadein\.rustup\toolchains\stable-x86_64-pc-windows-msvc\lib/rustlib/src/rust\library\core\src\result.rs:528:10
    |
528 | pub enum Result<T, E> {
    |          ^^^^^^ -  -
help: add missing generic argument
    |
443 |     async fn xa_commit_one_phase(&self, xid: &Xid) -> Result<(), E> {
    |                                                                +++

error[E0107]: enum takes 2 generic arguments but 1 generic argument was supplied
   --> src\advanced_replication\xa.rs:479:61
    |
479 |     async fn send_commit(&self, rm_id: &str, _xid: &Xid) -> Result<()> {
    |                                                             ^^^^^^ -- supplied 1 generic argument
    |                                                             |
    |                                                             expected 2 generic arguments
    |
note: enum defined here, with 2 generic parameters: `T`, `E`
   --> C:\Users\JustinSaadein\.rustup\toolchains\stable-x86_64-pc-windows-msvc\lib/rustlib/src/rust\library\core\src\result.rs:528:10
    |
528 | pub enum Result<T, E> {
    |          ^^^^^^ -  -
help: add missing generic argument
    |
479 |     async fn send_commit(&self, rm_id: &str, _xid: &Xid) -> Result<(), E> {
    |                                                                      +++

error[E0107]: enum takes 2 generic arguments but 1 generic argument was supplied
   --> src\advanced_replication\xa.rs:499:51
    |
499 |     pub async fn xa_rollback(&self, xid: &Xid) -> Result<()> {
    |                                                   ^^^^^^ -- supplied 1 generic argument
    |                                                   |
    |                                                   expected 2 generic arguments
    |
note: enum defined here, with 2 generic parameters: `T`, `E`
   --> C:\Users\JustinSaadein\.rustup\toolchains\stable-x86_64-pc-windows-msvc\lib/rustlib/src/rust\library\core\src\result.rs:528:10
    |
528 | pub enum Result<T, E> {
    |          ^^^^^^ -  -
help: add missing generic argument
    |
499 |     pub async fn xa_rollback(&self, xid: &Xid) -> Result<(), E> {
    |                                                            +++

error[E0107]: enum takes 2 generic arguments but 1 generic argument was supplied
   --> src\advanced_replication\xa.rs:549:63
    |
549 |     async fn send_rollback(&self, rm_id: &str, _xid: &Xid) -> Result<()> {
    |                                                               ^^^^^^ -- supplied 1 generic argument
    |                                                               |
    |                                                               expected 2 generic arguments
    |
note: enum defined here, with 2 generic parameters: `T`, `E`
   --> C:\Users\JustinSaadein\.rustup\toolchains\stable-x86_64-pc-windows-msvc\lib/rustlib/src/rust\library\core\src\result.rs:528:10
    |
528 | pub enum Result<T, E> {
    |          ^^^^^^ -  -
help: add missing generic argument
    |
549 |     async fn send_rollback(&self, rm_id: &str, _xid: &Xid) -> Result<(), E> {
    |                                                                        +++

error[E0107]: enum takes 2 generic arguments but 1 generic argument was supplied
   --> src\advanced_replication\xa.rs:564:39
    |
564 |     pub async fn xa_recover(&self) -> Result<Vec<Xid>> {
    |                                       ^^^^^^ -------- supplied 1 generic argument
    |                                       |
    |                                       expected 2 generic arguments
    |
note: enum defined here, with 2 generic parameters: `T`, `E`
   --> C:\Users\JustinSaadein\.rustup\toolchains\stable-x86_64-pc-windows-msvc\lib/rustlib/src/rust\library\core\src\result.rs:528:10
    |
528 | pub enum Result<T, E> {
    |          ^^^^^^ -  -
help: add missing generic argument
    |
564 |     pub async fn xa_recover(&self) -> Result<Vec<Xid>, E> {
    |                                                      +++

error[E0107]: enum takes 2 generic arguments but 1 generic argument was supplied
   --> src\advanced_replication\xa.rs:578:66
    |
578 |     async fn query_prepared_transactions(&self, _rm_id: &str) -> Result<Vec<Xid>> {
    |                                                                  ^^^^^^ -------- supplied 1 generic argument
    |                                                                  |
    |                                                                  expected 2 generic arguments
    |
note: enum defined here, with 2 generic parameters: `T`, `E`
   --> C:\Users\JustinSaadein\.rustup\toolchains\stable-x86_64-pc-windows-msvc\lib/rustlib/src/rust\library\core\src\result.rs:528:10
    |
528 | pub enum Result<T, E> {
    |          ^^^^^^ -  -
help: add missing generic argument
    |
578 |     async fn query_prepared_transactions(&self, _rm_id: &str) -> Result<Vec<Xid>, E> {
    |                                                                                 +++

error[E0107]: enum takes 2 generic arguments but 1 generic argument was supplied
   --> src\advanced_replication\xa.rs:585:43
    |
585 |     pub fn xa_forget(&self, xid: &Xid) -> Result<()> {
    |                                           ^^^^^^ -- supplied 1 generic argument
    |                                           |
    |                                           expected 2 generic arguments
    |
note: enum defined here, with 2 generic parameters: `T`, `E`
   --> C:\Users\JustinSaadein\.rustup\toolchains\stable-x86_64-pc-windows-msvc\lib/rustlib/src/rust\library\core\src\result.rs:528:10
    |
528 | pub enum Result<T, E> {
    |          ^^^^^^ -  -
help: add missing generic argument
    |
585 |     pub fn xa_forget(&self, xid: &Xid) -> Result<(), E> {
    |                                                    +++

error[E0107]: enum takes 2 generic arguments but 1 generic argument was supplied
   --> src\advanced_replication\xa.rs:609:56
    |
609 |     pub async fn heuristic_commit(&self, xid: &Xid) -> Result<()> {
    |                                                        ^^^^^^ -- supplied 1 generic argument
    |                                                        |
    |                                                        expected 2 generic arguments
    |
note: enum defined here, with 2 generic parameters: `T`, `E`
   --> C:\Users\JustinSaadein\.rustup\toolchains\stable-x86_64-pc-windows-msvc\lib/rustlib/src/rust\library\core\src\result.rs:528:10
    |
528 | pub enum Result<T, E> {
    |          ^^^^^^ -  -
help: add missing generic argument
    |
609 |     pub async fn heuristic_commit(&self, xid: &Xid) -> Result<(), E> {
    |                                                                 +++

error[E0107]: enum takes 2 generic arguments but 1 generic argument was supplied
   --> src\advanced_replication\xa.rs:650:58
    |
650 |     pub async fn heuristic_rollback(&self, xid: &Xid) -> Result<()> {
    |                                                          ^^^^^^ -- supplied 1 generic argument
    |                                                          |
    |                                                          expected 2 generic arguments
    |
note: enum defined here, with 2 generic parameters: `T`, `E`
   --> C:\Users\JustinSaadein\.rustup\toolchains\stable-x86_64-pc-windows-msvc\lib/rustlib/src/rust\library\core\src\result.rs:528:10
    |
528 | pub enum Result<T, E> {
    |          ^^^^^^ -  -
help: add missing generic argument
    |
650 |     pub async fn heuristic_rollback(&self, xid: &Xid) -> Result<(), E> {
    |                                                                   +++

error[E0107]: enum takes 2 generic arguments but 1 generic argument was supplied
    --> src\clustering\mod.rs:2049:51
     |
2049 |     pub fn score_all_nodes(&self) -> std::result::Result<HashMap<NodeId, f32>> {
     |                                                   ^^^^^^ -------------------- supplied 1 generic argument
     |                                                   |
     |                                                   expected 2 generic arguments
     |
note: enum defined here, with 2 generic parameters: `T`, `E`
    --> C:\Users\JustinSaadein\.rustup\toolchains\stable-x86_64-pc-windows-msvc\lib/rustlib/src/rust\library\core\src\result.rs:528:10
     |
528  | pub enum Result<T, E> {
     |          ^^^^^^ -  -
help: add missing generic argument
     |
2049 |     pub fn score_all_nodes(&self) -> std::result::Result<HashMap<NodeId, f32>, E> {
     |                                                                              +++

error[E0107]: enum takes 2 generic arguments but 1 generic argument was supplied
    --> src\clustering\mod.rs:2062:52
     |
2062 |     pub fn get_ranked_nodes(&self) -> std::result::Result<Vec<(NodeInfo, f32)>> {
     |                                                    ^^^^^^ -------------------- supplied 1 generic argument
     |                                                    |
     |                                                    expected 2 generic arguments
     |
note: enum defined here, with 2 generic parameters: `T`, `E`
    --> C:\Users\JustinSaadein\.rustup\toolchains\stable-x86_64-pc-windows-msvc\lib/rustlib/src/rust\library\core\src\result.rs:528:10
     |
528  | pub enum Result<T, E> {
     |          ^^^^^^ -  -
help: add missing generic argument
     |
2062 |     pub fn get_ranked_nodes(&self) -> std::result::Result<Vec<(NodeInfo, f32)>, E> {
     |                                                                               +++

error[E0107]: enum takes 2 generic arguments but 1 generic argument was supplied
    --> src\clustering\mod.rs:2282:51
     |
2282 |     pub fn get_utilization(&self) -> std::result::Result<HashMap<String, ResourceUtilization>> {
     |                                                   ^^^^^^ ------------------------------------ supplied 1 generic argument
     |                                                   |
     |                                                   expected 2 generic arguments
     |
note: enum defined here, with 2 generic parameters: `T`, `E`
    --> C:\Users\JustinSaadein\.rustup\toolchains\stable-x86_64-pc-windows-msvc\lib/rustlib/src/rust\library\core\src\result.rs:528:10
     |
528  | pub enum Result<T, E> {
     |          ^^^^^^ -  -
help: add missing generic argument
     |
2282 |     pub fn get_utilization(&self) -> std::result::Result<HashMap<String, ResourceUtilization>, E> {
     |                                                                                              +++

error[E0107]: enum takes 2 generic arguments but 1 generic argument was supplied
    --> src\clustering\mod.rs:2414:46
     |
2414 |     pub fn get_status(&self) -> std::result::Result<HashMap<NodeId, UpgradeStatus>> {
     |                                              ^^^^^^ ------------------------------ supplied 1 generic argument
     |                                              |
     |                                              expected 2 generic arguments
     |
note: enum defined here, with 2 generic parameters: `T`, `E`
    --> C:\Users\JustinSaadein\.rustup\toolchains\stable-x86_64-pc-windows-msvc\lib/rustlib/src/rust\library\core\src\result.rs:528:10
     |
528  | pub enum Result<T, E> {
     |          ^^^^^^ -  -
help: add missing generic argument
     |
2414 |     pub fn get_status(&self) -> std::result::Result<HashMap<NodeId, UpgradeStatus>, E> {
     |                                                                                   +++

error[E0107]: enum takes 2 generic arguments but 1 generic argument was supplied
    --> src\clustering\mod.rs:2837:57
     |
2837 |     pub fn get_cluster_resources(&self) -> std::result::Result<HashMap<NodeId, NodeResources>> {
     |                                                         ^^^^^^ ------------------------------ supplied 1 generic argument
     |                                                         |
     |                                                         expected 2 generic arguments
     |
note: enum defined here, with 2 generic parameters: `T`, `E`
    --> C:\Users\JustinSaadein\.rustup\toolchains\stable-x86_64-pc-windows-msvc\lib/rustlib/src/rust\library\core\src\result.rs:528:10
     |
528  | pub enum Result<T, E> {
     |          ^^^^^^ -  -
help: add missing generic argument
     |
2837 |     pub fn get_cluster_resources(&self) -> std::result::Result<HashMap<NodeId, NodeResources>, E> {
     |                                                                                              +++

error[E0107]: enum takes 2 generic arguments but 1 generic argument was supplied
   --> src\clustering\raft.rs:462:50
    |
462 |     pub fn start_election(&self) -> std::result::Result<VoteRequest> {
    |                                                  ^^^^^^ ----------- supplied 1 generic argument
    |                                                  |
    |                                                  expected 2 generic arguments
    |
note: enum defined here, with 2 generic parameters: `T`, `E`
   --> C:\Users\JustinSaadein\.rustup\toolchains\stable-x86_64-pc-windows-msvc\lib/rustlib/src/rust\library\core\src\result.rs:528:10
    |
528 | pub enum Result<T, E> {
    |          ^^^^^^ -  -
help: add missing generic argument
    |
462 |     pub fn start_election(&self) -> std::result::Result<VoteRequest, E> {
    |                                                                    +++

error[E0107]: enum takes 2 generic arguments but 1 generic argument was supplied
   --> src\clustering\raft.rs:493:77
    |
493 |     pub fn handle_vote_request(&self, request: VoteRequest) -> std::result::Result<VoteResponse> {
    |                                                                             ^^^^^^ ------------ supplied 1 generic argument
    |                                                                             |
    |                                                                             expected 2 generic arguments
    |
note: enum defined here, with 2 generic parameters: `T`, `E`
   --> C:\Users\JustinSaadein\.rustup\toolchains\stable-x86_64-pc-windows-msvc\lib/rustlib/src/rust\library\core\src\result.rs:528:10
    |
528 | pub enum Result<T, E> {
    |          ^^^^^^ -  -
help: add missing generic argument
    |
493 |     pub fn handle_vote_request(&self, request: VoteRequest) -> std::result::Result<VoteResponse, E> {
    |                                                                                                +++

error[E0107]: enum takes 2 generic arguments but 1 generic argument was supplied
   --> src\clustering\raft.rs:587:23
    |
587 |     ) -> std::result::Result<AppendEntriesResponse> {
    |                       ^^^^^^ --------------------- supplied 1 generic argument
    |                       |
    |                       expected 2 generic arguments
    |
note: enum defined here, with 2 generic parameters: `T`, `E`
   --> C:\Users\JustinSaadein\.rustup\toolchains\stable-x86_64-pc-windows-msvc\lib/rustlib/src/rust\library\core\src\result.rs:528:10
    |
528 | pub enum Result<T, E> {
    |          ^^^^^^ -  -
help: add missing generic argument
    |
587 |     ) -> std::result::Result<AppendEntriesResponse, E> {
    |                                                   +++

error[E0107]: enum takes 2 generic arguments but 1 generic argument was supplied
   --> src\clustering\raft.rs:678:73
    |
678 |     pub fn send_append_entries(&self, peer: RaftNodeId) -> std::result::Result<AppendEntriesRequest> {
    |                                                                         ^^^^^^ -------------------- supplied 1 generic argument
    |                                                                         |
    |                                                                         expected 2 generic arguments
    |
note: enum defined here, with 2 generic parameters: `T`, `E`
   --> C:\Users\JustinSaadein\.rustup\toolchains\stable-x86_64-pc-windows-msvc\lib/rustlib/src/rust\library\core\src\result.rs:528:10
    |
528 | pub enum Result<T, E> {
    |          ^^^^^^ -  -
help: add missing generic argument
    |
678 |     pub fn send_append_entries(&self, peer: RaftNodeId) -> std::result::Result<AppendEntriesRequest, E> {
    |                                                                                                    +++

error[E0107]: enum takes 2 generic arguments but 1 generic argument was supplied
   --> src\clustering\raft.rs:787:68
    |
787 |     pub fn append_command(&self, command: Vec<u8>) -> std::result::Result<LogIndex> {
    |                                                                    ^^^^^^ -------- supplied 1 generic argument
    |                                                                    |
    |                                                                    expected 2 generic arguments
    |
note: enum defined here, with 2 generic parameters: `T`, `E`
   --> C:\Users\JustinSaadein\.rustup\toolchains\stable-x86_64-pc-windows-msvc\lib/rustlib/src/rust\library\core\src\result.rs:528:10
    |
528 | pub enum Result<T, E> {
    |          ^^^^^^ -  -
help: add missing generic argument
    |
787 |     pub fn append_command(&self, command: Vec<u8>) -> std::result::Result<LogIndex, E> {
    |                                                                                   +++

error[E0107]: enum takes 2 generic arguments but 1 generic argument was supplied
   --> src\clustering\raft.rs:839:85
    |
839 |     pub fn install_snapshot(&self, request: InstallSnapshotRequest) -> std::result::Result<InstallSnapshotResponse> {
    |                                                                                     ^^^^^^ ----------------------- supplied 1 generic argument
    |                                                                                     |
    |                                                                                     expected 2 generic arguments
    |
note: enum defined here, with 2 generic parameters: `T`, `E`
   --> C:\Users\JustinSaadein\.rustup\toolchains\stable-x86_64-pc-windows-msvc\lib/rustlib/src/rust\library\core\src\result.rs:528:10
    |
528 | pub enum Result<T, E> {
    |          ^^^^^^ -  -
help: add missing generic argument
    |
839 |     pub fn install_snapshot(&self, request: InstallSnapshotRequest) -> std::result::Result<InstallSnapshotResponse, E> {
    |                                                                                                                   +++

error[E0107]: enum takes 2 generic arguments but 1 generic argument was supplied
   --> src\clustering\membership.rs:411:70
    |
411 |     pub fn handle_ping_timeout(&self, sequence: u64) -> std::result::Result<Vec<(MemberId, SwimMessage)>> {
    |                                                                      ^^^^^^ ---------------------------- supplied 1 generic argument
    |                                                                      |
    |                                                                      expected 2 generic arguments
    |
note: enum defined here, with 2 generic parameters: `T`, `E`
   --> C:\Users\JustinSaadein\.rustup\toolchains\stable-x86_64-pc-windows-msvc\lib/rustlib/src/rust\library\core\src\result.rs:528:10
    |
528 | pub enum Result<T, E> {
    |          ^^^^^^ -  -
help: add missing generic argument
    |
411 |     pub fn handle_ping_timeout(&self, sequence: u64) -> std::result::Result<Vec<(MemberId, SwimMessage)>, E> {
    |                                                                                                         +++

error[E0107]: enum takes 2 generic arguments but 1 generic argument was supplied
   --> src\clustering\membership.rs:448:59
    |
448 |     pub fn check_suspected_members(&self) -> std::result::Result<Vec<MemberId>> {
    |                                                           ^^^^^^ ------------- supplied 1 generic argument
    |                                                           |
    |                                                           expected 2 generic arguments
    |
note: enum defined here, with 2 generic parameters: `T`, `E`
   --> C:\Users\JustinSaadein\.rustup\toolchains\stable-x86_64-pc-windows-msvc\lib/rustlib/src/rust\library\core\src\result.rs:528:10
    |
528 | pub enum Result<T, E> {
    |          ^^^^^^ -  -
help: add missing generic argument
    |
448 |     pub fn check_suspected_members(&self) -> std::result::Result<Vec<MemberId>, E> {
    |                                                                               +++

error[E0107]: enum takes 2 generic arguments but 1 generic argument was supplied
   --> src\clustering\membership.rs:576:63
    |
576 |     pub fn handle_join(&self, member: Member) -> std::result::Result<Vec<Member>> {
    |                                                               ^^^^^^ ----------- supplied 1 generic argument
    |                                                               |
    |                                                               expected 2 generic arguments
    |
note: enum defined here, with 2 generic parameters: `T`, `E`
   --> C:\Users\JustinSaadein\.rustup\toolchains\stable-x86_64-pc-windows-msvc\lib/rustlib/src/rust\library\core\src\result.rs:528:10
    |
528 | pub enum Result<T, E> {
    |          ^^^^^^ -  -
help: add missing generic argument
    |
576 |     pub fn handle_join(&self, member: Member) -> std::result::Result<Vec<Member>, E> {
    |                                                                                 +++

error[E0107]: enum takes 2 generic arguments but 1 generic argument was supplied
   --> src\clustering\geo_replication.rs:405:23
    |
405 |     ) -> std::result::Result<u64> {
    |                       ^^^^^^ --- supplied 1 generic argument
    |                       |
    |                       expected 2 generic arguments
    |
note: enum defined here, with 2 generic parameters: `T`, `E`
   --> C:\Users\JustinSaadein\.rustup\toolchains\stable-x86_64-pc-windows-msvc\lib/rustlib/src/rust\library\core\src\result.rs:528:10
    |
528 | pub enum Result<T, E> {
    |          ^^^^^^ -  -
help: add missing generic argument
    |
405 |     ) -> std::result::Result<u64, E> {
    |                                 +++

error[E0107]: enum takes 2 generic arguments but 1 generic argument was supplied
   --> src\clustering\geo_replication.rs:453:66
    |
453 |     pub fn replicate_delete(&self, key: Vec<u8>) -> std::result::Result<u64> {
    |                                                                  ^^^^^^ --- supplied 1 generic argument
    |                                                                  |
    |                                                                  expected 2 generic arguments
    |
note: enum defined here, with 2 generic parameters: `T`, `E`
   --> C:\Users\JustinSaadein\.rustup\toolchains\stable-x86_64-pc-windows-msvc\lib/rustlib/src/rust\library\core\src\result.rs:528:10
    |
528 | pub enum Result<T, E> {
    |          ^^^^^^ -  -
help: add missing generic argument
    |
453 |     pub fn replicate_delete(&self, key: Vec<u8>) -> std::result::Result<u64, E> {
    |                                                                            +++

error[E0107]: enum takes 2 generic arguments but 1 generic argument was supplied
   --> src\clustering\geo_replication.rs:513:23
    |
513 |     ) -> std::result::Result<ConflictResolution> {
    |                       ^^^^^^ ------------------ supplied 1 generic argument
    |                       |
    |                       expected 2 generic arguments
    |
note: enum defined here, with 2 generic parameters: `T`, `E`
   --> C:\Users\JustinSaadein\.rustup\toolchains\stable-x86_64-pc-windows-msvc\lib/rustlib/src/rust\library\core\src\result.rs:528:10
    |
528 | pub enum Result<T, E> {
    |          ^^^^^^ -  -
help: add missing generic argument
    |
513 |     ) -> std::result::Result<ConflictResolution, E> {
    |                                                +++

error[E0107]: enum takes 2 generic arguments but 1 generic argument was supplied
   --> src\clustering\geo_replication.rs:569:89
    |
569 |     pub fn select_read_datacenter(&self, consistency: ConsistencyLevel) -> std::result::Result<DatacenterId> {
    |                                                                                         ^^^^^^ ------------ supplied 1 generic argument
    |                                                                                         |
    |                                                                                         expected 2 generic arguments
    |
note: enum defined here, with 2 generic parameters: `T`, `E`
   --> C:\Users\JustinSaadein\.rustup\toolchains\stable-x86_64-pc-windows-msvc\lib/rustlib/src/rust\library\core\src\result.rs:528:10
    |
528 | pub enum Result<T, E> {
    |          ^^^^^^ -  -
help: add missing generic argument
    |
569 |     pub fn select_read_datacenter(&self, consistency: ConsistencyLevel) -> std::result::Result<DatacenterId, E> {
    |                                                                                                            +++

error[E0107]: enum takes 2 generic arguments but 1 generic argument was supplied
   --> src\clustering\load_balancer.rs:623:86
    |
623 |     pub async fn acquire_connection(&self, session_id: Option<&str>) -> std::result::Result<(BackendId, ConnectionId)> {
    |                                                                                      ^^^^^^ ------------------------- supplied 1 generic argument
    |                                                                                      |
    |                                                                                      expected 2 generic arguments
    |
note: enum defined here, with 2 generic parameters: `T`, `E`
   --> C:\Users\JustinSaadein\.rustup\toolchains\stable-x86_64-pc-windows-msvc\lib/rustlib/src/rust\library\core\src\result.rs:528:10
    |
528 | pub enum Result<T, E> {
    |          ^^^^^^ -  -
help: add missing generic argument
    |
623 |     pub async fn acquire_connection(&self, session_id: Option<&str>) -> std::result::Result<(BackendId, ConnectionId), E> {
    |                                                                                                                      +++

warning: unused variable: `to_node`
   --> src\rac\mod.rs:647:53
    |
647 |     pub async fn failover(&self, from_node: NodeId, to_node: NodeId) -> std::result::Result<(), DbError> {
    |                                                     ^^^^^^^ help: if this is intentional, prefix it with an underscore: `_to_node`

warning: unused variable: `transaction_id`
   --> src\rac\cache_fusion.rs:601:9
    |
601 |         transaction_id: TransactionId,
    |         ^^^^^^^^^^^^^^ help: if this is intentional, prefix it with an underscore: `_transaction_id`

warning: unused variable: `message`
   --> src\rac\cache_fusion.rs:715:13
    |
715 |         let message = CacheFusionMessage::BlockInvalidate {
    |             ^^^^^^^ help: if this is intentional, prefix it with an underscore: `_message`

warning: unused variable: `source`
   --> src\rac\cache_fusion.rs:785:9
    |
785 |         source: NodeId,
    |         ^^^^^^ help: if this is intentional, prefix it with an underscore: `_source`

warning: unused variable: `block_data`
   --> src\rac\cache_fusion.rs:866:9
    |
866 |         block_data: Vec<u8>,
    |         ^^^^^^^^^^ help: if this is intentional, prefix it with an underscore: `_block_data`

error[E0107]: enum takes 2 generic arguments but 1 generic argument was supplied
   --> src\rac\grd.rs:921:79
    |
921 |     pub fn get_resource_info(&self, resource_id: &ResourceId) -> std::result::Result<ResourceEntry> {
    |                                                                               ^^^^^^ ------------- supplied 1 generic argument
    |                                                                               |
    |                                                                               expected 2 generic arguments
    |
note: enum defined here, with 2 generic parameters: `T`, `E`
   --> C:\Users\JustinSaadein\.rustup\toolchains\stable-x86_64-pc-windows-msvc\lib/rustlib/src/rust\library\core\src\result.rs:528:10
    |
528 | pub enum Result<T, E> {
    |          ^^^^^^ -  -
help: add missing generic argument
    |
921 |     pub fn get_resource_info(&self, resource_id: &ResourceId) -> std::result::Result<ResourceEntry, E> {
    |                                                                                                   +++

error[E0107]: enum takes 2 generic arguments but 1 generic argument was supplied
   --> src\rac\interconnect.rs:423:53
    |
423 |     async fn receive_message(&self) -> std::result::Result<Message> {
    |                                                     ^^^^^^ ------- supplied 1 generic argument
    |                                                     |
    |                                                     expected 2 generic arguments
    |
note: enum defined here, with 2 generic parameters: `T`, `E`
   --> C:\Users\JustinSaadein\.rustup\toolchains\stable-x86_64-pc-windows-msvc\lib/rustlib/src/rust\library\core\src\result.rs:528:10
    |
528 | pub enum Result<T, E> {
    |          ^^^^^^ -  -
help: add missing generic argument
    |
423 |     async fn receive_message(&self) -> std::result::Result<Message, E> {
    |                                                                   +++

error[E0107]: enum takes 2 generic arguments but 1 generic argument was supplied
   --> src\rac\interconnect.rs:757:23
    |
757 |     ) -> std::result::Result<MessageAck> {
    |                       ^^^^^^ ---------- supplied 1 generic argument
    |                       |
    |                       expected 2 generic arguments
    |
note: enum defined here, with 2 generic parameters: `T`, `E`
   --> C:\Users\JustinSaadein\.rustup\toolchains\stable-x86_64-pc-windows-msvc\lib/rustlib/src/rust\library\core\src\result.rs:528:10
    |
528 | pub enum Result<T, E> {
    |          ^^^^^^ -  -
help: add missing generic argument
    |
757 |     ) -> std::result::Result<MessageAck, E> {
    |                                        +++

error[E0107]: enum takes 2 generic arguments but 1 generic argument was supplied
   --> src\rac\interconnect.rs:885:54
    |
885 |     pub fn detect_split_brain(&self) -> std::result::Result<bool> {
    |                                                      ^^^^^^ ---- supplied 1 generic argument
    |                                                      |
    |                                                      expected 2 generic arguments
    |
note: enum defined here, with 2 generic parameters: `T`, `E`
   --> C:\Users\JustinSaadein\.rustup\toolchains\stable-x86_64-pc-windows-msvc\lib/rustlib/src/rust\library\core\src\result.rs:528:10
    |
528 | pub enum Result<T, E> {
    |          ^^^^^^ -  -
help: add missing generic argument
    |
885 |     pub fn detect_split_brain(&self) -> std::result::Result<bool, E> {
    |                                                                 +++

warning: unused variable: `handlers`
   --> src\rac\interconnect.rs:653:13
    |
653 |         let handlers = self.message_handlers.clone();
    |             ^^^^^^^^ help: if this is intentional, prefix it with an underscore: `_handlers`

warning: unused variable: `stats`
   --> src\rac\interconnect.rs:654:13
    |
654 |         let stats = self.stats.clone();
    |             ^^^^^ help: if this is intentional, prefix it with an underscore: `_stats`

warning: unused variable: `reason`
   --> src\rac\recovery.rs:498:9
    |
498 |         reason: FailureReason,
    |         ^^^^^^ help: if this is intentional, prefix it with an underscore: `_reason`

warning: unused variable: `message`
   --> src\rac\recovery.rs:558:13
    |
558 |         let message = RecoveryMessage::CoordinatorElected {
    |             ^^^^^^^ help: if this is intentional, prefix it with an underscore: `_message`

warning: unused variable: `partition_id`
   --> src\rac\recovery.rs:717:14
    |
717 |         for (partition_id, partition_logs) in partitions {
    |              ^^^^^^^^^^^^ help: if this is intentional, prefix it with an underscore: `_partition_id`

warning: unused variable: `log_entry`
   --> src\rac\recovery.rs:725:21
    |
725 |                 for log_entry in partition_logs {
    |                     ^^^^^^^^^ help: if this is intentional, prefix it with an underscore: `_log_entry`

warning: unused variable: `logs`
   --> src\rac\recovery.rs:840:13
    |
840 |         let logs = buffer.get_entries_after(from_lsn);
    |             ^^^^ help: if this is intentional, prefix it with an underscore: `_logs`

warning: unused variable: `thief_worker_id`
   --> src\rac\parallel_query.rs:801:36
    |
801 |     async fn try_steal_work(&self, thief_worker_id: WorkerId) -> Option<QueryFragment> {
    |                                    ^^^^^^^^^^^^^^^ help: if this is intentional, prefix it with an underscore: `_thief_worker_id`

warning: unused variable: `active_workers`
   --> src\rac\parallel_query.rs:802:13
    |
802 |         let active_workers = self.worker_pool.active_workers.read();
    |             ^^^^^^^^^^^^^^ help: if this is intentional, prefix it with an underscore: `_active_workers`

warning: variable does not need to be mutable
   --> src\enterprise\service_bus.rs:335:33
    |
335 |     pub async fn publish(&self, mut message: Message) -> Result<()> {
    |                                 ----^^^^^^^
    |                                 |
    |                                 help: remove this `mut`

error[E0596]: cannot borrow `operation` as mutable, as it is not declared as mutable
   --> src\enterprise\cross_cutting.rs:707:9
    |
707 |         operation: F,
    |         ^^^^^^^^^ not mutable
...
720 |             RecoveryStrategy::FailFast => operation().await,
    |                                           --------- cannot borrow as mutable
721 |             RecoveryStrategy::Fallback => {
722 |                 match operation().await {
    |                       --------- cannot borrow as mutable
...
732 |                 match operation().await {
    |                       --------- cannot borrow as mutable
    |
help: consider changing this to be mutable
    |
707 |         mut operation: F,
    |         +++

error[E0502]: cannot borrow `plugins` as immutable because it is also borrowed as mutable
   --> src\orchestration\plugin.rs:377:17
    |
364 |         let instance = plugins
    |                        ------- mutable borrow occurs here
...
377 |             if !plugins.contains_key(dep) {
    |                 ^^^^^^^ immutable borrow occurs here
...
387 |         instance.plugin.initialize(&instance.context).await?;
    |         --------------- mutable borrow later used here

error[E0277]: `ErrorCategory` doesn't implement `std::fmt::Display`
   --> src\orchestration\error_recovery.rs:375:25
    |
375 |                         classified.category,
    |                         ^^^^^^^^^^^^^^^^^^^ `ErrorCategory` cannot be formatted with the default formatter
    |
    = help: the trait `std::fmt::Display` is not implemented for `ErrorCategory`
    = note: in format strings you may be able to use `{:?}` (or {:#?} for pretty-print) instead
    = note: this error originates in the macro `$crate::__macro_support::format_args` which comes from the expansion of the macro `warn` (in Nightly builds, run with -Z macro-backtrace for more info)

warning: unused variable: `topic`
   --> src\streams\subscriber.rs:461:38
    |
461 |     pub async fn store_offset(&self, topic: &str, partition: u32, offset: u64) -> Result<()> {
    |                                      ^^^^^ help: if this is intentional, prefix it with an underscore: `_topic`

error[E0505]: cannot move out of `history` because it is borrowed
   --> src\autonomous\self_tuning.rs:815:14
    |
805 |         let history = self.tuning_history.read();
    |             ------- binding `history` declared here
...
808 |         let recent_actions: Vec<_> = history
    |                                      ------- borrow of `history` occurs here
...
815 |         drop(history);
    |              ^^^^^^^ move out of `history` occurs here
...
818 |         for result in recent_actions.iter().rev() {
    |                       -------------- borrow later used here

warning: unused variable: `hash`
   --> src\pool\session_manager.rs:664:13
    |
664 |         let hash = self.hash_password(password);
    |             ^^^^ help: if this is intentional, prefix it with an underscore: `_hash`

warning: unused variable: `password`
   --> src\pool\session_manager.rs:723:9
    |
723 |         password: &str,
    |         ^^^^^^^^ help: if this is intentional, prefix it with an underscore: `_password`

warning: unused variable: `ticket`
   --> src\pool\session_manager.rs:753:9
    |
753 |         ticket: &str,
    |         ^^^^^^ help: if this is intentional, prefix it with an underscore: `_ticket`

warning: unused variable: `username`
   --> src\pool\session_manager.rs:821:37
    |
821 |     async fn load_privileges(&self, username: &str) -> Result<PrivilegeSet> {
    |                                     ^^^^^^^^ help: if this is intentional, prefix it with an underscore: `_username`

warning: unused variable: `bind_dn`
   --> src\pool\session_manager.rs:831:63
    |
831 |     async fn load_privileges_from_ldap(&self, username: &str, bind_dn: &str) -> Result<PrivilegeSet> {
    |                                                               ^^^^^^^ help: if this is intentional, prefix it with an underscore: `_bind_dn`

warning: unused variable: `session_id`
    --> src\pool\session_manager.rs:2144:9
     |
2144 |         session_id: SID,
     |         ^^^^^^^^^^ help: if this is intentional, prefix it with an underscore: `_session_id`

warning: unused variable: `limit`
    --> src\pool\session_manager.rs:2145:9
     |
2145 |         limit: usize,
     |         ^^^^^ help: if this is intentional, prefix it with an underscore: `_limit`

warning: variable does not need to be mutable
    --> src\pool\session_manager.rs:2309:13
     |
2309 |         let mut session = SessionState::new(session_id, username.to_string(), schema);
     |             ----^^^^^^^
     |             |
     |             help: remove this `mut`

error[E0277]: `*mut c_void` cannot be sent between threads safely
   --> src\io\mod.rs:150:19
    |
150 | static IO_ENGINE: once_cell::sync::OnceCell<Arc<AsyncIoEngine>> = once_cell::sync::OnceCell::new();
    |                   ^^^^^^^^^^^^^^^^^^^^^^^^^^^^^^^^^^^^^^^^^^^^^ `*mut c_void` cannot be sent between threads safely
    |
    = help: within `OverlappedIo`, the trait `std::marker::Send` is not implemented for `*mut c_void`
note: required because it appears within the type `OVERLAPPED_0`
   --> C:\Users\JustinSaadein\.cargo\registry\src\index.crates.io-1949cf8c6b5b557f\windows-sys-0.52.0\src\Windows\Win32\System\IO\mod.rs:73:11
    |
73  | pub union OVERLAPPED_0 {
    |           ^^^^^^^^^^^^
note: required because it appears within the type `OVERLAPPED`
   --> C:\Users\JustinSaadein\.cargo\registry\src\index.crates.io-1949cf8c6b5b557f\windows-sys-0.52.0\src\Windows\Win32\System\IO\mod.rs:56:12
    |
56  | pub struct OVERLAPPED {
    |            ^^^^^^^^^^
note: required because it appears within the type `OverlappedIo`
   --> src\io\windows_iocp.rs:86:12
    |
86  | pub struct OverlappedIo {
    |            ^^^^^^^^^^^^
    = note: required for `std::ptr::Unique<OverlappedIo>` to implement `std::marker::Send`
note: required because it appears within the type `Box<OverlappedIo>`
   --> C:\Users\JustinSaadein\.rustup\toolchains\stable-x86_64-pc-windows-msvc\lib/rustlib/src/rust\library\alloc\src\boxed.rs:231:12
    |
231 | pub struct Box<
    |            ^^^
    = note: required because it appears within the type `(u64, Box<OverlappedIo>)`
    = note: required for `hashbrown::raw::RawTable<(u64, Box<OverlappedIo>)>` to implement `std::marker::Send`
note: required because it appears within the type `hashbrown::map::HashMap<u64, Box<OverlappedIo>, RandomState>`
   --> /rust/deps\hashbrown-0.15.2\src\map.rs:185:12
note: required because it appears within the type `std::collections::HashMap<u64, Box<OverlappedIo>>`
   --> C:\Users\JustinSaadein\.rustup\toolchains\stable-x86_64-pc-windows-msvc\lib/rustlib/src/rust\library\std\src\collections\hash\map.rs:242:12
    |
242 | pub struct HashMap<K, V, S = RandomState> {
    |            ^^^^^^^
    = note: required for `Mutex<RawMutex, HashMap<u64, Box<OverlappedIo>>>` to implement `Sync`
    = note: 1 redundant requirement hidden
    = note: required for `Arc<Mutex<RawMutex, HashMap<u64, Box<OverlappedIo>>>>` to implement `Sync`
note: required because it appears within the type `WindowsIocp`
   --> src\io\windows_iocp.rs:184:12
    |
184 | pub struct WindowsIocp {
    |            ^^^^^^^^^^^
    = note: required for `std::sync::Arc<WindowsIocp>` to implement `Sync`
note: required because it appears within the type `IoCompletionPort`
   --> src\io\async_io.rs:329:12
    |
329 | pub struct IoCompletionPort {
    |            ^^^^^^^^^^^^^^^^
    = note: required for `std::sync::Arc<IoCompletionPort>` to implement `Sync`
note: required because it appears within the type `AsyncIoEngine`
   --> src\io\async_io.rs:539:12
    |
539 | pub struct AsyncIoEngine {
    |            ^^^^^^^^^^^^^
    = note: required for `std::sync::Arc<AsyncIoEngine>` to implement `Sync`
    = note: 1 redundant requirement hidden
    = note: required for `once_cell::imp::OnceCell<std::sync::Arc<AsyncIoEngine>>` to implement `Sync`
note: required because it appears within the type `once_cell::sync::OnceCell<std::sync::Arc<AsyncIoEngine>>`
   --> C:\Users\JustinSaadein\.cargo\registry\src\index.crates.io-1949cf8c6b5b557f\once_cell-1.21.3\src\lib.rs:901:16
    |
901 |     pub struct OnceCell<T>(Imp<T>);
    |                ^^^^^^^^
    = note: shared static variables must have a type that implements `Sync`
    = note: the full name for the type has been written to 'F:\temp\rusty-db\target\debug\deps\rusty_db-fb35c56b26b87e92.long-type-13742074447828829513.txt'
    = note: consider using `--verbose` to print the full type name to the console

warning: unused variable: `create`
   --> src\io\file_manager.rs:471:59
    |
471 |     pub async fn open<P: AsRef<Path>>(&mut self, path: P, create: bool) -> Result<FileHandle> {
    |                                                           ^^^^^^ help: if this is intentional, prefix it with an underscore: `_create`

error[E0107]: enum takes 2 generic arguments but 1 generic argument was supplied
    --> src\api\rest_api.rs:2681:10
     |
2681 |     ) -> Result<TransactionId> {
     |          ^^^^^^ ------------- supplied 1 generic argument
     |          |
     |          expected 2 generic arguments
     |
note: enum defined here, with 2 generic parameters: `T`, `E`
    --> C:\Users\JustinSaadein\.rustup\toolchains\stable-x86_64-pc-windows-msvc\lib/rustlib/src/rust\library\core\src\result.rs:528:10
     |
528  | pub enum Result<T, E> {
     |          ^^^^^^ -  -
help: add missing generic argument
     |
2681 |     ) -> Result<TransactionId, E> {
     |                              +++

error[E0107]: enum takes 2 generic arguments but 1 generic argument was supplied
    --> src\api\rest_api.rs:2703:70
     |
2703 |     pub async fn commit_transaction(&self, txn_id: TransactionId) -> Result<()> {
     |                                                                      ^^^^^^ -- supplied 1 generic argument
     |                                                                      |
     |                                                                      expected 2 generic arguments
     |
note: enum defined here, with 2 generic parameters: `T`, `E`
    --> C:\Users\JustinSaadein\.rustup\toolchains\stable-x86_64-pc-windows-msvc\lib/rustlib/src/rust\library\core\src\result.rs:528:10
     |
528  | pub enum Result<T, E> {
     |          ^^^^^^ -  -
help: add missing generic argument
     |
2703 |     pub async fn commit_transaction(&self, txn_id: TransactionId) -> Result<(), E> {
     |                                                                               +++

error[E0107]: enum takes 2 generic arguments but 1 generic argument was supplied
    --> src\api\rest_api.rs:2714:72
     |
2714 |     pub async fn rollback_transaction(&self, txn_id: TransactionId) -> Result<()> {
     |                                                                        ^^^^^^ -- supplied 1 generic argument
     |                                                                        |
     |                                                                        expected 2 generic arguments
     |
note: enum defined here, with 2 generic parameters: `T`, `E`
    --> C:\Users\JustinSaadein\.rustup\toolchains\stable-x86_64-pc-windows-msvc\lib/rustlib/src/rust\library\core\src\result.rs:528:10
     |
528  | pub enum Result<T, E> {
     |          ^^^^^^ -  -
help: add missing generic argument
     |
2714 |     pub async fn rollback_transaction(&self, txn_id: TransactionId) -> Result<(), E> {
     |                                                                                 +++

error[E0107]: enum takes 2 generic arguments but 1 generic argument was supplied
    --> src\api\rest_api.rs:3174:35
     |
3174 |     pub fn sanitize(sql: &str) -> Result<String> {
     |                                   ^^^^^^ ------ supplied 1 generic argument
     |                                   |
     |                                   expected 2 generic arguments
     |
note: enum defined here, with 2 generic parameters: `T`, `E`
    --> C:\Users\JustinSaadein\.rustup\toolchains\stable-x86_64-pc-windows-msvc\lib/rustlib/src/rust\library\core\src\result.rs:528:10
     |
528  | pub enum Result<T, E> {
     |          ^^^^^^ -  -
help: add missing generic argument
     |
3174 |     pub fn sanitize(sql: &str) -> Result<String, E> {
     |                                                +++

error[E0107]: enum takes 2 generic arguments but 1 generic argument was supplied
    --> src\api\rest_api.rs:3213:58
     |
3213 |     pub fn validate_query_request(req: &QueryRequest) -> Result<()> {
     |                                                          ^^^^^^ -- supplied 1 generic argument
     |                                                          |
     |                                                          expected 2 generic arguments
     |
note: enum defined here, with 2 generic parameters: `T`, `E`
    --> C:\Users\JustinSaadein\.rustup\toolchains\stable-x86_64-pc-windows-msvc\lib/rustlib/src/rust\library\core\src\result.rs:528:10
     |
528  | pub enum Result<T, E> {
     |          ^^^^^^ -  -
help: add missing generic argument
     |
3213 |     pub fn validate_query_request(req: &QueryRequest) -> Result<(), E> {
     |                                                                   +++

error[E0107]: enum takes 2 generic arguments but 1 generic argument was supplied
    --> src\api\rest_api.rs:3233:58
     |
3233 |     pub fn validate_batch_request(req: &BatchRequest) -> Result<()> {
     |                                                          ^^^^^^ -- supplied 1 generic argument
     |                                                          |
     |                                                          expected 2 generic arguments
     |
note: enum defined here, with 2 generic parameters: `T`, `E`
    --> C:\Users\JustinSaadein\.rustup\toolchains\stable-x86_64-pc-windows-msvc\lib/rustlib/src/rust\library\core\src\result.rs:528:10
     |
528  | pub enum Result<T, E> {
     |          ^^^^^^ -  -
help: add missing generic argument
     |
3233 |     pub fn validate_batch_request(req: &BatchRequest) -> Result<(), E> {
     |                                                                   +++

warning: unused variable: `state`
    --> src\api\rest_api.rs:1103:11
     |
1103 |     State(state): State<Arc<ApiState>>,
     |           ^^^^^ help: if this is intentional, prefix it with an underscore: `_state`

warning: unused variable: `name`
    --> src\api\rest_api.rs:1198:10
     |
1198 |     Path(name): Path<String>,
     |          ^^^^ help: if this is intentional, prefix it with an underscore: `_name`

warning: unused variable: `request`
    --> src\api\rest_api.rs:1199:14
     |
1199 |     AxumJson(request): AxumJson<TableRequest>,
     |              ^^^^^^^ help: if this is intentional, prefix it with an underscore: `_request`

warning: unused variable: `name`
    --> src\api\rest_api.rs:1218:10
     |
1218 |     Path(name): Path<String>,
     |          ^^^^ help: if this is intentional, prefix it with an underscore: `_name`

warning: unused variable: `request`
    --> src\api\rest_api.rs:1219:14
     |
1219 |     AxumJson(request): AxumJson<TableRequest>,
     |              ^^^^^^^ help: if this is intentional, prefix it with an underscore: `_request`

warning: unused variable: `name`
    --> src\api\rest_api.rs:1237:10
     |
1237 |     Path(name): Path<String>,
     |          ^^^^ help: if this is intentional, prefix it with an underscore: `_name`

warning: unused variable: `id`
    --> src\api\rest_api.rs:1311:10
     |
1311 |     Path(id): Path<TransactionId>,
     |          ^^ help: if this is intentional, prefix it with an underscore: `_id`

warning: unused variable: `id`
    --> src\api\rest_api.rs:1332:10
     |
1332 |     Path(id): Path<TransactionId>,
     |          ^^ help: if this is intentional, prefix it with an underscore: `_id`

warning: unused variable: `state`
    --> src\api\rest_api.rs:1346:50
     |
1346 | async fn handle_websocket(mut socket: WebSocket, state: Arc<ApiState>) {
     |                                                  ^^^^^ help: if this is intentional, prefix it with an underscore: `_state`

warning: unused variable: `request`
    --> src\api\rest_api.rs:1355:31
     |
1355 |                     if let Ok(request) = serde_json::from_str::<QueryRequest>(&text) {
     |                               ^^^^^^^ help: if this is intentional, prefix it with an underscore: `_request`

warning: unused variable: `settings`
    --> src\api\rest_api.rs:1417:14
     |
1417 |     AxumJson(settings): AxumJson<HashMap<String, serde_json::Value>>,
     |              ^^^^^^^^ help: if this is intentional, prefix it with an underscore: `_settings`

warning: unused variable: `request`
    --> src\api\rest_api.rs:1435:14
     |
1435 |     AxumJson(request): AxumJson<BackupRequest>,
     |              ^^^^^^^ help: if this is intentional, prefix it with an underscore: `_request`

warning: unused variable: `id`
    --> src\api\rest_api.rs:1562:10
     |
1562 |     Path(id): Path<u64>,
     |          ^^ help: if this is intentional, prefix it with an underscore: `_id`

warning: unused variable: `id`
    --> src\api\rest_api.rs:1571:10
     |
1571 |     Path(id): Path<u64>,
     |          ^^ help: if this is intentional, prefix it with an underscore: `_id`

warning: unused variable: `request`
    --> src\api\rest_api.rs:1572:14
     |
1572 |     AxumJson(request): AxumJson<UserRequest>,
     |              ^^^^^^^ help: if this is intentional, prefix it with an underscore: `_request`

warning: unused variable: `id`
    --> src\api\rest_api.rs:1581:10
     |
1581 |     Path(id): Path<u64>,
     |          ^^ help: if this is intentional, prefix it with an underscore: `_id`

warning: unused variable: `id`
    --> src\api\rest_api.rs:1631:10
     |
1631 |     Path(id): Path<u64>,
     |          ^^ help: if this is intentional, prefix it with an underscore: `_id`

warning: unused variable: `id`
    --> src\api\rest_api.rs:1639:10
     |
1639 |     Path(id): Path<u64>,
     |          ^^ help: if this is intentional, prefix it with an underscore: `_id`

warning: unused variable: `request`
    --> src\api\rest_api.rs:1640:14
     |
1640 |     AxumJson(request): AxumJson<RoleRequest>,
     |              ^^^^^^^ help: if this is intentional, prefix it with an underscore: `_request`

warning: unused variable: `id`
    --> src\api\rest_api.rs:1648:10
     |
1648 |     Path(id): Path<u64>,
     |          ^^ help: if this is intentional, prefix it with an underscore: `_id`

warning: unused variable: `params`
    --> src\api\rest_api.rs:1819:11
     |
1819 |     Query(params): Query<PaginationParams>,
     |           ^^^^^^ help: if this is intentional, prefix it with an underscore: `_params`

warning: unused variable: `id`
    --> src\api\rest_api.rs:1854:10
     |
1854 |     Path(id): Path<String>,
     |          ^^ help: if this is intentional, prefix it with an underscore: `_id`

warning: unused variable: `id`
    --> src\api\rest_api.rs:1920:10
     |
1920 |     Path(id): Path<String>,
     |          ^^ help: if this is intentional, prefix it with an underscore: `_id`

warning: unused variable: `config`
    --> src\api\rest_api.rs:1921:14
     |
1921 |     AxumJson(config): AxumJson<PoolConfig>,
     |              ^^^^^^ help: if this is intentional, prefix it with an underscore: `_config`

warning: unused variable: `id`
    --> src\api\rest_api.rs:1965:10
     |
1965 |     Path(id): Path<String>,
     |          ^^ help: if this is intentional, prefix it with an underscore: `_id`

warning: unused variable: `id`
    --> src\api\rest_api.rs:1994:10
     |
1994 |     Path(id): Path<u64>,
     |          ^^ help: if this is intentional, prefix it with an underscore: `_id`

warning: unused variable: `id`
    --> src\api\rest_api.rs:2010:10
     |
2010 |     Path(id): Path<u64>,
     |          ^^ help: if this is intentional, prefix it with an underscore: `_id`

warning: unused variable: `id`
    --> src\api\rest_api.rs:2058:10
     |
2058 |     Path(id): Path<SessionId>,
     |          ^^ help: if this is intentional, prefix it with an underscore: `_id`

warning: unused variable: `id`
    --> src\api\rest_api.rs:2135:10
     |
2135 |     Path(id): Path<String>,
     |          ^^ help: if this is intentional, prefix it with an underscore: `_id`

warning: unused variable: `id`
    --> src\api\rest_api.rs:2144:10
     |
2144 |     Path(id): Path<String>,
     |          ^^ help: if this is intentional, prefix it with an underscore: `_id`

warning: unused variable: `request`
    --> src\api\rest_api.rs:2197:14
     |
2197 |     AxumJson(request): AxumJson<FailoverRequest>,
     |              ^^^^^^^ help: if this is intentional, prefix it with an underscore: `_request`

warning: unused variable: `config`
    --> src\api\rest_api.rs:2257:14
     |
2257 |     AxumJson(config): AxumJson<HashMap<String, serde_json::Value>>,
     |              ^^^^^^ help: if this is intentional, prefix it with an underscore: `_config`

warning: unused variable: `headers`
    --> src\api\rest_api.rs:2397:5
     |
2397 |     headers: HeaderMap,
     |     ^^^^^^^ help: if this is intentional, prefix it with an underscore: `_headers`

error[E0107]: enum takes 2 generic arguments but 1 generic argument was supplied
    --> src\api\graphql_api.rs:2353:10
     |
2353 |     ) -> Result<(Vec<RowType>, i64, bool)> {
     |          ^^^^^^ ------------------------- supplied 1 generic argument
     |          |
     |          expected 2 generic arguments
     |
note: enum defined here, with 2 generic parameters: `T`, `E`
    --> C:\Users\JustinSaadein\.rustup\toolchains\stable-x86_64-pc-windows-msvc\lib/rustlib/src/rust\library\core\src\result.rs:528:10
     |
528  | pub enum Result<T, E> {
     |          ^^^^^^ -  -
help: add missing generic argument
     |
2353 |     ) -> Result<(Vec<RowType>, i64, bool), E> {
     |                                          +++

error[E0107]: enum takes 2 generic arguments but 1 generic argument was supplied
    --> src\api\graphql_api.rs:2364:10
     |
2364 |     ) -> Result<(Vec<RowType>, i64, bool)> {
     |          ^^^^^^ ------------------------- supplied 1 generic argument
     |          |
     |          expected 2 generic arguments
     |
note: enum defined here, with 2 generic parameters: `T`, `E`
    --> C:\Users\JustinSaadein\.rustup\toolchains\stable-x86_64-pc-windows-msvc\lib/rustlib/src/rust\library\core\src\result.rs:528:10
     |
528  | pub enum Result<T, E> {
     |          ^^^^^^ -  -
help: add missing generic argument
     |
2364 |     ) -> Result<(Vec<RowType>, i64, bool), E> {
     |                                          +++

error[E0107]: enum takes 2 generic arguments but 1 generic argument was supplied
    --> src\api\graphql_api.rs:2409:80
     |
2409 |     pub async fn execute_sql(&self, _sql: &str, _params: Option<Vec<Json>>) -> Result<(Vec<RowType>, i64)> {
     |                                                                                ^^^^^^ ------------------- supplied 1 generic argument
     |                                                                                |
     |                                                                                expected 2 generic arguments
     |
note: enum defined here, with 2 generic parameters: `T`, `E`
    --> C:\Users\JustinSaadein\.rustup\toolchains\stable-x86_64-pc-windows-msvc\lib/rustlib/src/rust\library\core\src\result.rs:528:10
     |
528  | pub enum Result<T, E> {
     |          ^^^^^^ -  -
help: add missing generic argument
     |
2409 |     pub async fn execute_sql(&self, _sql: &str, _params: Option<Vec<Json>>) -> Result<(Vec<RowType>, i64), E> {
     |                                                                                                          +++

error[E0107]: enum takes 2 generic arguments but 1 generic argument was supplied
    --> src\api\graphql_api.rs:2022:45
     |
2022 |     pub fn can_write(&self, table: &str) -> Result<bool> {
     |                                             ^^^^^^ ---- supplied 1 generic argument
     |                                             |
     |                                             expected 2 generic arguments
     |
note: enum defined here, with 2 generic parameters: `T`, `E`
    --> C:\Users\JustinSaadein\.rustup\toolchains\stable-x86_64-pc-windows-msvc\lib/rustlib/src/rust\library\core\src\result.rs:528:10
     |
528  | pub enum Result<T, E> {
     |          ^^^^^^ -  -
help: add missing generic argument
     |
2022 |     pub fn can_write(&self, table: &str) -> Result<bool, E> {
     |                                                        +++

error[E0107]: enum takes 2 generic arguments but 1 generic argument was supplied
    --> src\api\graphql_api.rs:2442:83
     |
2442 |     pub async fn insert_one(&self, _table: &str, _data: HashMap<String, Json>) -> Result<RowType> {
     |                                                                                   ^^^^^^ ------- supplied 1 generic argument
     |                                                                                   |
     |                                                                                   expected 2 generic arguments
     |
note: enum defined here, with 2 generic parameters: `T`, `E`
    --> C:\Users\JustinSaadein\.rustup\toolchains\stable-x86_64-pc-windows-msvc\lib/rustlib/src/rust\library\core\src\result.rs:528:10
     |
528  | pub enum Result<T, E> {
     |          ^^^^^^ -  -
help: add missing generic argument
     |
2442 |     pub async fn insert_one(&self, _table: &str, _data: HashMap<String, Json>) -> Result<RowType, E> {
     |                                                                                                 +++

error[E0107]: enum takes 2 generic arguments but 1 generic argument was supplied
    --> src\api\graphql_api.rs:2446:89
     |
2446 |     pub async fn insert_many(&self, _table: &str, _data: Vec<HashMap<String, Json>>) -> Result<Vec<RowType>> {
     |                                                                                         ^^^^^^ ------------ supplied 1 generic argument
     |                                                                                         |
     |                                                                                         expected 2 generic arguments
     |
note: enum defined here, with 2 generic parameters: `T`, `E`
    --> C:\Users\JustinSaadein\.rustup\toolchains\stable-x86_64-pc-windows-msvc\lib/rustlib/src/rust\library\core\src\result.rs:528:10
     |
528  | pub enum Result<T, E> {
     |          ^^^^^^ -  -
help: add missing generic argument
     |
2446 |     pub async fn insert_many(&self, _table: &str, _data: Vec<HashMap<String, Json>>) -> Result<Vec<RowType>, E> {
     |                                                                                                            +++

error[E0107]: enum takes 2 generic arguments but 1 generic argument was supplied
    --> src\api\graphql_api.rs:2450:93
     |
2450 |     pub async fn update_one(&self, _table: &str, _id: &ID, _data: HashMap<String, Json>) -> Result<Option<RowType>> {
     |                                                                                             ^^^^^^ --------------- supplied 1 generic argument
     |                                                                                             |
     |                                                                                             expected 2 generic arguments
     |
note: enum defined here, with 2 generic parameters: `T`, `E`
    --> C:\Users\JustinSaadein\.rustup\toolchains\stable-x86_64-pc-windows-msvc\lib/rustlib/src/rust\library\core\src\result.rs:528:10
     |
528  | pub enum Result<T, E> {
     |          ^^^^^^ -  -
help: add missing generic argument
     |
2450 |     pub async fn update_one(&self, _table: &str, _id: &ID, _data: HashMap<String, Json>) -> Result<Option<RowType>, E> {
     |                                                                                                                   +++

error[E0107]: enum takes 2 generic arguments but 1 generic argument was supplied
    --> src\api\graphql_api.rs:2459:10
     |
2459 |     ) -> Result<Vec<RowType>> {
     |          ^^^^^^ ------------ supplied 1 generic argument
     |          |
     |          expected 2 generic arguments
     |
note: enum defined here, with 2 generic parameters: `T`, `E`
    --> C:\Users\JustinSaadein\.rustup\toolchains\stable-x86_64-pc-windows-msvc\lib/rustlib/src/rust\library\core\src\result.rs:528:10
     |
528  | pub enum Result<T, E> {
     |          ^^^^^^ -  -
help: add missing generic argument
     |
2459 |     ) -> Result<Vec<RowType>, E> {
     |                             +++

error[E0107]: enum takes 2 generic arguments but 1 generic argument was supplied
    --> src\api\graphql_api.rs:2463:63
     |
2463 |     pub async fn delete_one(&self, _table: &str, _id: &ID) -> Result<bool> {
     |                                                               ^^^^^^ ---- supplied 1 generic argument
     |                                                               |
     |                                                               expected 2 generic arguments
     |
note: enum defined here, with 2 generic parameters: `T`, `E`
    --> C:\Users\JustinSaadein\.rustup\toolchains\stable-x86_64-pc-windows-msvc\lib/rustlib/src/rust\library\core\src\result.rs:528:10
     |
528  | pub enum Result<T, E> {
     |          ^^^^^^ -  -
help: add missing generic argument
     |
2463 |     pub async fn delete_one(&self, _table: &str, _id: &ID) -> Result<bool, E> {
     |                                                                          +++

error[E0107]: enum takes 2 generic arguments but 1 generic argument was supplied
    --> src\api\graphql_api.rs:2467:82
     |
2467 |     pub async fn delete_many(&self, _table: &str, _where_clause: WhereClause) -> Result<i32> {
     |                                                                                  ^^^^^^ --- supplied 1 generic argument
     |                                                                                  |
     |                                                                                  expected 2 generic arguments
     |
note: enum defined here, with 2 generic parameters: `T`, `E`
    --> C:\Users\JustinSaadein\.rustup\toolchains\stable-x86_64-pc-windows-msvc\lib/rustlib/src/rust\library\core\src\result.rs:528:10
     |
528  | pub enum Result<T, E> {
     |          ^^^^^^ -  -
help: add missing generic argument
     |
2467 |     pub async fn delete_many(&self, _table: &str, _where_clause: WhereClause) -> Result<i32, E> {
     |                                                                                            +++

error[E0107]: enum takes 2 generic arguments but 1 generic argument was supplied
    --> src\api\graphql_api.rs:2476:10
     |
2476 |     ) -> Result<(RowType, bool)> {
     |          ^^^^^^ --------------- supplied 1 generic argument
     |          |
     |          expected 2 generic arguments
     |
note: enum defined here, with 2 generic parameters: `T`, `E`
    --> C:\Users\JustinSaadein\.rustup\toolchains\stable-x86_64-pc-windows-msvc\lib/rustlib/src/rust\library\core\src\result.rs:528:10
     |
528  | pub enum Result<T, E> {
     |          ^^^^^^ -  -
help: add missing generic argument
     |
2476 |     ) -> Result<(RowType, bool), E> {
     |                                +++

error[E0107]: enum takes 2 generic arguments but 1 generic argument was supplied
    --> src\api\graphql_api.rs:2513:10
     |
2513 |     ) -> Result<Vec<String>> {
     |          ^^^^^^ ----------- supplied 1 generic argument
     |          |
     |          expected 2 generic arguments
     |
note: enum defined here, with 2 generic parameters: `T`, `E`
    --> C:\Users\JustinSaadein\.rustup\toolchains\stable-x86_64-pc-windows-msvc\lib/rustlib/src/rust\library\core\src\result.rs:528:10
     |
528  | pub enum Result<T, E> {
     |          ^^^^^^ -  -
help: add missing generic argument
     |
2513 |     ) -> Result<Vec<String>, E> {
     |                            +++

error[E0107]: enum takes 2 generic arguments but 1 generic argument was supplied
    --> src\api\graphql_api.rs:2480:107
     |
2480 |     pub async fn bulk_insert(&self, _table: &str, _data: Vec<HashMap<String, Json>>, _batch_size: i32) -> Result<i32> {
     |                                                                                                           ^^^^^^ --- supplied 1 generic argument
     |                                                                                                           |
     |                                                                                                           expected 2 generic arguments
     |
note: enum defined here, with 2 generic parameters: `T`, `E`
    --> C:\Users\JustinSaadein\.rustup\toolchains\stable-x86_64-pc-windows-msvc\lib/rustlib/src/rust\library\core\src\result.rs:528:10
     |
528  | pub enum Result<T, E> {
     |          ^^^^^^ -  -
help: add missing generic argument
     |
2480 |     pub async fn bulk_insert(&self, _table: &str, _data: Vec<HashMap<String, Json>>, _batch_size: i32) -> Result<i32, E> {
     |                                                                                                                     +++

error[E0107]: enum takes 2 generic arguments but 1 generic argument was supplied
    --> src\api\graphql_api.rs:1947:56
     |
1947 |     pub async fn check_rate_limit(&self, key: &str) -> Result<()> {
     |                                                        ^^^^^^ -- supplied 1 generic argument
     |                                                        |
     |                                                        expected 2 generic arguments
     |
note: enum defined here, with 2 generic parameters: `T`, `E`
    --> C:\Users\JustinSaadein\.rustup\toolchains\stable-x86_64-pc-windows-msvc\lib/rustlib/src/rust\library\core\src\result.rs:528:10
     |
528  | pub enum Result<T, E> {
     |          ^^^^^^ -  -
help: add missing generic argument
     |
1947 |     pub async fn check_rate_limit(&self, key: &str) -> Result<(), E> {
     |                                                                 +++

error[E0107]: enum takes 2 generic arguments but 1 generic argument was supplied
    --> src\api\graphql_api.rs:2028:46
     |
2028 |     pub fn can_delete(&self, table: &str) -> Result<bool> {
     |                                              ^^^^^^ ---- supplied 1 generic argument
     |                                              |
     |                                              expected 2 generic arguments
     |
note: enum defined here, with 2 generic parameters: `T`, `E`
    --> C:\Users\JustinSaadein\.rustup\toolchains\stable-x86_64-pc-windows-msvc\lib/rustlib/src/rust\library\core\src\result.rs:528:10
     |
528  | pub enum Result<T, E> {
     |          ^^^^^^ -  -
help: add missing generic argument
     |
2028 |     pub fn can_delete(&self, table: &str) -> Result<bool, E> {
     |                                                         +++

error[E0107]: enum takes 2 generic arguments but 1 generic argument was supplied
    --> src\api\graphql_api.rs:2994:44
     |
2994 |     pub fn validate(&self, query: &str) -> Result<()> {
     |                                            ^^^^^^ -- supplied 1 generic argument
     |                                            |
     |                                            expected 2 generic arguments
     |
note: enum defined here, with 2 generic parameters: `T`, `E`
    --> C:\Users\JustinSaadein\.rustup\toolchains\stable-x86_64-pc-windows-msvc\lib/rustlib/src/rust\library\core\src\result.rs:528:10
     |
528  | pub enum Result<T, E> {
     |          ^^^^^^ -  -
help: add missing generic argument
     |
2994 |     pub fn validate(&self, query: &str) -> Result<(), E> {
     |                                                     +++

warning: unused variable: `subscription_id`
    --> src\api\graphql_api.rs:1407:13
     |
1407 |         let subscription_id = engine.register_table_subscription(&table, where_clause, tx).await;
     |             ^^^^^^^^^^^^^^^ help: if this is intentional, prefix it with an underscore: `_subscription_id`

error[E0277]: the size for values of type `[RowType]` cannot be known at compilation time
    --> src\api\graphql_api.rs:1544:25
     |
1544 |                     Ok((rows, total_count, has_more)) => {
     |                         ^^^^ doesn't have a size known at compile-time
     |
     = help: the trait `Sized` is not implemented for `[RowType]`
     = note: all local variables must have a statically known size
     = help: unsized locals are gated as an unstable feature

error[E0308]: mismatched types
    --> src\api\graphql_api.rs:1552:33
     |
1552 | ...                   rows,
     |                       ^^^^ expected `Vec<RowType>`, found `[RowType]`
     |
     = note: expected struct `Vec<RowType>`
                 found slice `[RowType]`
help: try using a conversion method
     |
1552 |                                 rows: rows.to_vec(),
     |                                 +++++     +++++++++

error[E0107]: enum takes 2 generic arguments but 1 generic argument was supplied
    --> src\api\monitoring.rs:2532:56
     |
2532 |     fn export_csv(&self, result: &TimeSeriesResult) -> Result<String> {
     |                                                        ^^^^^^ ------ supplied 1 generic argument
     |                                                        |
     |                                                        expected 2 generic arguments
     |
note: enum defined here, with 2 generic parameters: `T`, `E`
    --> C:\Users\JustinSaadein\.rustup\toolchains\stable-x86_64-pc-windows-msvc\lib/rustlib/src/rust\library\core\src\result.rs:528:10
     |
528  | pub enum Result<T, E> {
     |          ^^^^^^ -  -
help: add missing generic argument
     |
2532 |     fn export_csv(&self, result: &TimeSeriesResult) -> Result<String, E> {
     |                                                                     +++

error[E0107]: enum takes 2 generic arguments but 1 generic argument was supplied
    --> src\api\monitoring.rs:2545:63
     |
2545 |     fn export_prometheus(&self, result: &TimeSeriesResult) -> Result<String> {
     |                                                               ^^^^^^ ------ supplied 1 generic argument
     |                                                               |
     |                                                               expected 2 generic arguments
     |
note: enum defined here, with 2 generic parameters: `T`, `E`
    --> C:\Users\JustinSaadein\.rustup\toolchains\stable-x86_64-pc-windows-msvc\lib/rustlib/src/rust\library\core\src\result.rs:528:10
     |
528  | pub enum Result<T, E> {
     |          ^^^^^^ -  -
help: add missing generic argument
     |
2545 |     fn export_prometheus(&self, result: &TimeSeriesResult) -> Result<String, E> {
     |                                                                            +++

error[E0107]: enum takes 2 generic arguments but 1 generic argument was supplied
    --> src\api\monitoring.rs:2701:83
     |
2701 |     pub fn export_metrics(&self, query: TimeSeriesQuery, format: ExportFormat) -> Result<String> {
     |                                                                                   ^^^^^^ ------ supplied 1 generic argument
     |                                                                                   |
     |                                                                                   expected 2 generic arguments
     |
note: enum defined here, with 2 generic parameters: `T`, `E`
    --> C:\Users\JustinSaadein\.rustup\toolchains\stable-x86_64-pc-windows-msvc\lib/rustlib/src/rust\library\core\src\result.rs:528:10
     |
528  | pub enum Result<T, E> {
     |          ^^^^^^ -  -
help: add missing generic argument
     |
2701 |     pub fn export_metrics(&self, query: TimeSeriesQuery, format: ExportFormat) -> Result<String, E> {
     |                                                                                                +++

error[E0107]: enum takes 2 generic arguments but 1 generic argument was supplied
    --> src\api\gateway.rs:1284:54
     |
1284 |     pub async fn exchange_code(&self, code: &str) -> Result<OAuthToken> {
     |                                                      ^^^^^^ ---------- supplied 1 generic argument
     |                                                      |
     |                                                      expected 2 generic arguments
     |
note: enum defined here, with 2 generic parameters: `T`, `E`
    --> C:\Users\JustinSaadein\.rustup\toolchains\stable-x86_64-pc-windows-msvc\lib/rustlib/src/rust\library\core\src\result.rs:528:10
     |
528  | pub enum Result<T, E> {
     |          ^^^^^^ -  -
help: add missing generic argument
     |
1284 |     pub async fn exchange_code(&self, code: &str) -> Result<OAuthToken, E> {
     |                                                                       +++

error[E0107]: enum takes 2 generic arguments but 1 generic argument was supplied
    --> src\api\gateway.rs:1290:63
     |
1290 |     pub async fn refresh_token(&self, refresh_token: &str) -> Result<OAuthToken> {
     |                                                               ^^^^^^ ---------- supplied 1 generic argument
     |                                                               |
     |                                                               expected 2 generic arguments
     |
note: enum defined here, with 2 generic parameters: `T`, `E`
    --> C:\Users\JustinSaadein\.rustup\toolchains\stable-x86_64-pc-windows-msvc\lib/rustlib/src/rust\library\core\src\result.rs:528:10
     |
528  | pub enum Result<T, E> {
     |          ^^^^^^ -  -
help: add missing generic argument
     |
1290 |     pub async fn refresh_token(&self, refresh_token: &str) -> Result<OAuthToken, E> {
     |                                                                                +++

error[E0107]: enum takes 2 generic arguments but 1 generic argument was supplied
    --> src\api\gateway.rs:1368:56
     |
1368 |     pub fn validate_certificate(&self, cert: &[u8]) -> Result<bool> {
     |                                                        ^^^^^^ ---- supplied 1 generic argument
     |                                                        |
     |                                                        expected 2 generic arguments
     |
note: enum defined here, with 2 generic parameters: `T`, `E`
    --> C:\Users\JustinSaadein\.rustup\toolchains\stable-x86_64-pc-windows-msvc\lib/rustlib/src/rust\library\core\src\result.rs:528:10
     |
528  | pub enum Result<T, E> {
     |          ^^^^^^ -  -
help: add missing generic argument
     |
1368 |     pub fn validate_certificate(&self, cert: &[u8]) -> Result<bool, E> {
     |                                                                   +++

error[E0107]: enum takes 2 generic arguments but 1 generic argument was supplied
    --> src\api\gateway.rs:1538:84
     |
1538 |     pub fn authorize(&self, session: &Session, required_permissions: &[String]) -> Result<bool> {
     |                                                                                    ^^^^^^ ---- supplied 1 generic argument
     |                                                                                    |
     |                                                                                    expected 2 generic arguments
     |
note: enum defined here, with 2 generic parameters: `T`, `E`
    --> C:\Users\JustinSaadein\.rustup\toolchains\stable-x86_64-pc-windows-msvc\lib/rustlib/src/rust\library\core\src\result.rs:528:10
     |
528  | pub enum Result<T, E> {
     |          ^^^^^^ -  -
help: add missing generic argument
     |
1538 |     pub fn authorize(&self, session: &Session, required_permissions: &[String]) -> Result<bool, E> {
     |                                                                                               +++

error[E0107]: enum takes 2 generic arguments but 1 generic argument was supplied
    --> src\api\gateway.rs:1560:83
     |
1560 |     pub fn evaluate_policy(&self, subject: &str, resource: &str, action: &str) -> Result<bool> {
     |                                                                                   ^^^^^^ ---- supplied 1 generic argument
     |                                                                                   |
     |                                                                                   expected 2 generic arguments
     |
note: enum defined here, with 2 generic parameters: `T`, `E`
    --> C:\Users\JustinSaadein\.rustup\toolchains\stable-x86_64-pc-windows-msvc\lib/rustlib/src/rust\library\core\src\result.rs:528:10
     |
528  | pub enum Result<T, E> {
     |          ^^^^^^ -  -
help: add missing generic argument
     |
1560 |     pub fn evaluate_policy(&self, subject: &str, resource: &str, action: &str) -> Result<bool, E> {
     |                                                                                              +++

error[E0107]: enum takes 2 generic arguments but 1 generic argument was supplied
    --> src\api\gateway.rs:1717:76
     |
1717 |     pub fn evaluate(&self, subject: &str, resource: &str, action: &str) -> Result<bool> {
     |                                                                            ^^^^^^ ---- supplied 1 generic argument
     |                                                                            |
     |                                                                            expected 2 generic arguments
     |
note: enum defined here, with 2 generic parameters: `T`, `E`
    --> C:\Users\JustinSaadein\.rustup\toolchains\stable-x86_64-pc-windows-msvc\lib/rustlib/src/rust\library\core\src\result.rs:528:10
     |
528  | pub enum Result<T, E> {
     |          ^^^^^^ -  -
help: add missing generic argument
     |
1717 |     pub fn evaluate(&self, subject: &str, resource: &str, action: &str) -> Result<bool, E> {
     |                                                                                       +++

error[E0107]: enum takes 2 generic arguments but 1 generic argument was supplied
    --> src\api\gateway.rs:1887:93
     |
1887 |     pub fn check_rate_limit(&self, key: &str, override_config: Option<&RateLimitConfig>) -> Result<()> {
     |                                                                                             ^^^^^^ -- supplied 1 generic argument
     |                                                                                             |
     |                                                                                             expected 2 generic arguments
     |
note: enum defined here, with 2 generic parameters: `T`, `E`
    --> C:\Users\JustinSaadein\.rustup\toolchains\stable-x86_64-pc-windows-msvc\lib/rustlib/src/rust\library\core\src\result.rs:528:10
     |
528  | pub enum Result<T, E> {
     |          ^^^^^^ -  -
help: add missing generic argument
     |
1887 |     pub fn check_rate_limit(&self, key: &str, override_config: Option<&RateLimitConfig>) -> Result<(), E> {
     |                                                                                                      +++

error[E0107]: enum takes 2 generic arguments but 1 generic argument was supplied
    --> src\api\gateway.rs:1910:74
     |
1910 |     fn check_token_bucket(&self, key: &str, config: &RateLimitConfig) -> Result<()> {
     |                                                                          ^^^^^^ -- supplied 1 generic argument
     |                                                                          |
     |                                                                          expected 2 generic arguments
     |
note: enum defined here, with 2 generic parameters: `T`, `E`
    --> C:\Users\JustinSaadein\.rustup\toolchains\stable-x86_64-pc-windows-msvc\lib/rustlib/src/rust\library\core\src\result.rs:528:10
     |
528  | pub enum Result<T, E> {
     |          ^^^^^^ -  -
help: add missing generic argument
     |
1910 |     fn check_token_bucket(&self, key: &str, config: &RateLimitConfig) -> Result<(), E> {
     |                                                                                   +++

error[E0107]: enum takes 2 generic arguments but 1 generic argument was supplied
    --> src\api\gateway.rs:1924:76
     |
1924 |     fn check_sliding_window(&self, key: &str, config: &RateLimitConfig) -> Result<()> {
     |                                                                            ^^^^^^ -- supplied 1 generic argument
     |                                                                            |
     |                                                                            expected 2 generic arguments
     |
note: enum defined here, with 2 generic parameters: `T`, `E`
    --> C:\Users\JustinSaadein\.rustup\toolchains\stable-x86_64-pc-windows-msvc\lib/rustlib/src/rust\library\core\src\result.rs:528:10
     |
528  | pub enum Result<T, E> {
     |          ^^^^^^ -  -
help: add missing generic argument
     |
1924 |     fn check_sliding_window(&self, key: &str, config: &RateLimitConfig) -> Result<(), E> {
     |                                                                                     +++

error[E0107]: enum takes 2 generic arguments but 1 generic argument was supplied
    --> src\api\gateway.rs:1935:74
     |
1935 |     fn check_fixed_window(&self, key: &str, config: &RateLimitConfig) -> Result<()> {
     |                                                                          ^^^^^^ -- supplied 1 generic argument
     |                                                                          |
     |                                                                          expected 2 generic arguments
     |
note: enum defined here, with 2 generic parameters: `T`, `E`
    --> C:\Users\JustinSaadein\.rustup\toolchains\stable-x86_64-pc-windows-msvc\lib/rustlib/src/rust\library\core\src\result.rs:528:10
     |
528  | pub enum Result<T, E> {
     |          ^^^^^^ -  -
help: add missing generic argument
     |
1935 |     fn check_fixed_window(&self, key: &str, config: &RateLimitConfig) -> Result<(), E> {
     |                                                                                   +++

error[E0107]: enum takes 2 generic arguments but 1 generic argument was supplied
    --> src\api\gateway.rs:1993:43
     |
1993 |     fn consume(&mut self, amount: u64) -> Result<()> {
     |                                           ^^^^^^ -- supplied 1 generic argument
     |                                           |
     |                                           expected 2 generic arguments
     |
note: enum defined here, with 2 generic parameters: `T`, `E`
    --> C:\Users\JustinSaadein\.rustup\toolchains\stable-x86_64-pc-windows-msvc\lib/rustlib/src/rust\library\core\src\result.rs:528:10
     |
528  | pub enum Result<T, E> {
     |          ^^^^^^ -  -
help: add missing generic argument
     |
1993 |     fn consume(&mut self, amount: u64) -> Result<(), E> {
     |                                                    +++

error[E0107]: enum takes 2 generic arguments but 1 generic argument was supplied
    --> src\api\gateway.rs:2029:36
     |
2029 |     fn allow_request(&mut self) -> Result<()> {
     |                                    ^^^^^^ -- supplied 1 generic argument
     |                                    |
     |                                    expected 2 generic arguments
     |
note: enum defined here, with 2 generic parameters: `T`, `E`
    --> C:\Users\JustinSaadein\.rustup\toolchains\stable-x86_64-pc-windows-msvc\lib/rustlib/src/rust\library\core\src\result.rs:528:10
     |
528  | pub enum Result<T, E> {
     |          ^^^^^^ -  -
help: add missing generic argument
     |
2029 |     fn allow_request(&mut self) -> Result<(), E> {
     |                                             +++

error[E0107]: enum takes 2 generic arguments but 1 generic argument was supplied
    --> src\api\gateway.rs:2065:49
     |
2065 |     pub fn check_quota(&self, user_id: &str) -> Result<()> {
     |                                                 ^^^^^^ -- supplied 1 generic argument
     |                                                 |
     |                                                 expected 2 generic arguments
     |
note: enum defined here, with 2 generic parameters: `T`, `E`
    --> C:\Users\JustinSaadein\.rustup\toolchains\stable-x86_64-pc-windows-msvc\lib/rustlib/src/rust\library\core\src\result.rs:528:10
     |
528  | pub enum Result<T, E> {
     |          ^^^^^^ -  -
help: add missing generic argument
     |
2065 |     pub fn check_quota(&self, user_id: &str) -> Result<(), E> {
     |                                                          +++

error[E0107]: enum takes 2 generic arguments but 1 generic argument was supplied
    --> src\api\gateway.rs:2199:61
     |
2199 |     pub fn validate_request(&self, request: &ApiRequest) -> Result<()> {
     |                                                             ^^^^^^ -- supplied 1 generic argument
     |                                                             |
     |                                                             expected 2 generic arguments
     |
note: enum defined here, with 2 generic parameters: `T`, `E`
    --> C:\Users\JustinSaadein\.rustup\toolchains\stable-x86_64-pc-windows-msvc\lib/rustlib/src/rust\library\core\src\result.rs:528:10
     |
528  | pub enum Result<T, E> {
     |          ^^^^^^ -  -
help: add missing generic argument
     |
2199 |     pub fn validate_request(&self, request: &ApiRequest) -> Result<(), E> {
     |                                                                      +++

error[E0107]: enum takes 2 generic arguments but 1 generic argument was supplied
    --> src\api\gateway.rs:2239:49
     |
2239 |     fn validate(&self, request: &ApiRequest) -> Result<()> {
     |                                                 ^^^^^^ -- supplied 1 generic argument
     |                                                 |
     |                                                 expected 2 generic arguments
     |
note: enum defined here, with 2 generic parameters: `T`, `E`
    --> C:\Users\JustinSaadein\.rustup\toolchains\stable-x86_64-pc-windows-msvc\lib/rustlib/src/rust\library\core\src\result.rs:528:10
     |
528  | pub enum Result<T, E> {
     |          ^^^^^^ -  -
help: add missing generic argument
     |
2239 |     fn validate(&self, request: &ApiRequest) -> Result<(), E> {
     |                                                          +++

error[E0107]: enum takes 2 generic arguments but 1 generic argument was supplied
    --> src\api\gateway.rs:2297:55
     |
2297 |     fn detect_threats(&self, request: &ApiRequest) -> Result<()> {
     |                                                       ^^^^^^ -- supplied 1 generic argument
     |                                                       |
     |                                                       expected 2 generic arguments
     |
note: enum defined here, with 2 generic parameters: `T`, `E`
    --> C:\Users\JustinSaadein\.rustup\toolchains\stable-x86_64-pc-windows-msvc\lib/rustlib/src/rust\library\core\src\result.rs:528:10
     |
528  | pub enum Result<T, E> {
     |          ^^^^^^ -  -
help: add missing generic argument
     |
2297 |     fn detect_threats(&self, request: &ApiRequest) -> Result<(), E> {
     |                                                                +++

error[E0107]: enum takes 2 generic arguments but 1 generic argument was supplied
    --> src\api\gateway.rs:2322:51
     |
2322 |     fn check_sql_injection(&self, input: &str) -> Result<()> {
     |                                                   ^^^^^^ -- supplied 1 generic argument
     |                                                   |
     |                                                   expected 2 generic arguments
     |
note: enum defined here, with 2 generic parameters: `T`, `E`
    --> C:\Users\JustinSaadein\.rustup\toolchains\stable-x86_64-pc-windows-msvc\lib/rustlib/src/rust\library\core\src\result.rs:528:10
     |
528  | pub enum Result<T, E> {
     |          ^^^^^^ -  -
help: add missing generic argument
     |
2322 |     fn check_sql_injection(&self, input: &str) -> Result<(), E> {
     |                                                            +++

error[E0107]: enum takes 2 generic arguments but 1 generic argument was supplied
    --> src\api\gateway.rs:2332:41
     |
2332 |     fn check_xss(&self, input: &str) -> Result<()> {
     |                                         ^^^^^^ -- supplied 1 generic argument
     |                                         |
     |                                         expected 2 generic arguments
     |
note: enum defined here, with 2 generic parameters: `T`, `E`
    --> C:\Users\JustinSaadein\.rustup\toolchains\stable-x86_64-pc-windows-msvc\lib/rustlib/src/rust\library\core\src\result.rs:528:10
     |
528  | pub enum Result<T, E> {
     |          ^^^^^^ -  -
help: add missing generic argument
     |
2332 |     fn check_xss(&self, input: &str) -> Result<(), E> {
     |                                                  +++

error[E0107]: enum takes 2 generic arguments but 1 generic argument was supplied
    --> src\api\gateway.rs:2342:52
     |
2342 |     fn check_path_traversal(&self, input: &str) -> Result<()> {
     |                                                    ^^^^^^ -- supplied 1 generic argument
     |                                                    |
     |                                                    expected 2 generic arguments
     |
note: enum defined here, with 2 generic parameters: `T`, `E`
    --> C:\Users\JustinSaadein\.rustup\toolchains\stable-x86_64-pc-windows-msvc\lib/rustlib/src/rust\library\core\src\result.rs:528:10
     |
528  | pub enum Result<T, E> {
     |          ^^^^^^ -  -
help: add missing generic argument
     |
2342 |     fn check_path_traversal(&self, input: &str) -> Result<(), E> {
     |                                                             +++

error[E0107]: enum takes 2 generic arguments but 1 generic argument was supplied
    --> src\api\gateway.rs:2362:39
     |
2362 |     fn check_ip(&self, ip: IpAddr) -> Result<()> {
     |                                       ^^^^^^ -- supplied 1 generic argument
     |                                       |
     |                                       expected 2 generic arguments
     |
note: enum defined here, with 2 generic parameters: `T`, `E`
    --> C:\Users\JustinSaadein\.rustup\toolchains\stable-x86_64-pc-windows-msvc\lib/rustlib/src/rust\library\core\src\result.rs:528:10
     |
528  | pub enum Result<T, E> {
     |          ^^^^^^ -  -
help: add missing generic argument
     |
2362 |     fn check_ip(&self, ip: IpAddr) -> Result<(), E> {
     |                                                +++

warning: unused variable: `request`
   --> src\api\gateway.rs:725:40
    |
725 |     async fn forward_to_backend(&self, request: &ApiRequest, route: &Route) -> std::result::Result<ApiResponse, DbError> {
    |                                        ^^^^^^^ help: if this is intentional, prefix it with an underscore: `_request`

warning: unused variable: `endpoint`
   --> src\api\gateway.rs:727:13
    |
727 |         let endpoint = self.select_endpoint(&route.backend)?;
    |             ^^^^^^^^ help: if this is intentional, prefix it with an underscore: `_endpoint`

error[E0107]: enum takes 2 generic arguments but 1 generic argument was supplied
    --> src\api\enterprise_integration.rs:1429:42
     |
1429 |     pub fn resolve_contentions(&self) -> Result<Vec<String>> {
     |                                          ^^^^^^ ----------- supplied 1 generic argument
     |                                          |
     |                                          expected 2 generic arguments
     |
note: enum defined here, with 2 generic parameters: `T`, `E`
    --> C:\Users\JustinSaadein\.rustup\toolchains\stable-x86_64-pc-windows-msvc\lib/rustlib/src/rust\library\core\src\result.rs:528:10
     |
528  | pub enum Result<T, E> {
     |          ^^^^^^ -  -
help: add missing generic argument
     |
1429 |     pub fn resolve_contentions(&self) -> Result<Vec<String>, E> {
     |                                                            +++

error[E0107]: enum takes 2 generic arguments but 1 generic argument was supplied
    --> src\api\enterprise_integration.rs:1988:20
     |
1988 |         F: Fn() -> Result<()> + Send + Sync + 'static,
     |                    ^^^^^^ -- supplied 1 generic argument
     |                    |
     |                    expected 2 generic arguments
     |
note: enum defined here, with 2 generic parameters: `T`, `E`
    --> C:\Users\JustinSaadein\.rustup\toolchains\stable-x86_64-pc-windows-msvc\lib/rustlib/src/rust\library\core\src\result.rs:528:10
     |
528  | pub enum Result<T, E> {
     |          ^^^^^^ -  -
help: add missing generic argument
     |
1988 |         F: Fn() -> Result<(), E> + Send + Sync + 'static,
     |                             +++

error[E0107]: enum takes 2 generic arguments but 1 generic argument was supplied
    --> src\api\enterprise_integration.rs:2065:20
     |
2065 |         F: Fn() -> Result<()> + Send + Sync + 'static,
     |                    ^^^^^^ -- supplied 1 generic argument
     |                    |
     |                    expected 2 generic arguments
     |
note: enum defined here, with 2 generic parameters: `T`, `E`
    --> C:\Users\JustinSaadein\.rustup\toolchains\stable-x86_64-pc-windows-msvc\lib/rustlib/src/rust\library\core\src\result.rs:528:10
     |
528  | pub enum Result<T, E> {
     |          ^^^^^^ -  -
help: add missing generic argument
     |
2065 |         F: Fn() -> Result<(), E> + Send + Sync + 'static,
     |                             +++

error[E0107]: enum takes 2 generic arguments but 1 generic argument was supplied
    --> src\api\enterprise_integration.rs:2554:51
     |
2554 |     pub async fn new(config: IntegratorConfig) -> Result<Self> {
     |                                                   ^^^^^^ ---- supplied 1 generic argument
     |                                                   |
     |                                                   expected 2 generic arguments
     |
note: enum defined here, with 2 generic parameters: `T`, `E`
    --> C:\Users\JustinSaadein\.rustup\toolchains\stable-x86_64-pc-windows-msvc\lib/rustlib/src/rust\library\core\src\result.rs:528:10
     |
528  | pub enum Result<T, E> {
     |          ^^^^^^ -  -
help: add missing generic argument
     |
2554 |     pub async fn new(config: IntegratorConfig) -> Result<Self, E> {
     |                                                              +++

error[E0107]: enum takes 2 generic arguments but 1 generic argument was supplied
    --> src\api\enterprise_integration.rs:2637:76
     |
2637 |     pub async fn process_api_request(&self, request: UnifiedApiRequest) -> Result<UnifiedApiResponse> {
     |                                                                            ^^^^^^ ------------------ supplied 1 generic argument
     |                                                                            |
     |                                                                            expected 2 generic arguments
     |
note: enum defined here, with 2 generic parameters: `T`, `E`
    --> C:\Users\JustinSaadein\.rustup\toolchains\stable-x86_64-pc-windows-msvc\lib/rustlib/src/rust\library\core\src\result.rs:528:10
     |
528  | pub enum Result<T, E> {
     |          ^^^^^^ -  -
help: add missing generic argument
     |
2637 |     pub async fn process_api_request(&self, request: UnifiedApiRequest) -> Result<UnifiedApiResponse, E> {
     |                                                                                                     +++

error[E0308]: mismatched types
   --> src\storage\disk.rs:786:30
    |
786 |         let page = Page::new(page_id, self.page_size);
    |                    --------- ^^^^^^^ expected `u64`, found `u32`
    |                    |
    |                    arguments to this function are incorrect
    |
note: associated function defined here
   --> src\storage\page.rs:66:12
    |
66  |     pub fn new(id: PageId, size: usize) -> Self {
    |            ^^^ ----------
help: you can convert a `u32` to a `u64`
    |
786 |         let page = Page::new(page_id.into(), self.page_size);
    |                                     +++++++

error[E0308]: mismatched types
   --> src\storage\disk.rs:789:12
    |
789 |         Ok(page_id)
    |         -- ^^^^^^^ expected `u64`, found `u32`
    |         |
    |         arguments to this enum variant are incorrect
    |
help: the type constructed contains `u32` due to the type of the argument passed
   --> src\storage\disk.rs:789:9
    |
789 |         Ok(page_id)
    |         ^^^-------^
    |            |
    |            this argument influences the type of `Ok`
note: tuple variant defined here
   --> C:\Users\JustinSaadein\.rustup\toolchains\stable-x86_64-pc-windows-msvc\lib/rustlib/src/rust\library\core\src\result.rs:532:5
    |
532 |     Ok(#[stable(feature = "rust1", since = "1.0.0")] T),
    |     ^^
help: you can convert a `u32` to a `u64`
    |
789 |         Ok(page_id.into())
    |                   +++++++

error[E0599]: no method named `schedule` found for enum `Result` in the current scope
   --> src\storage\disk.rs:799:31
    |
799 |         self.scheduler.lock().schedule(op);
    |                               ^^^^^^^^ method not found in `Result<MutexGuard<'_, IoScheduler>, PoisonError<MutexGuard<'_, ...>>>`
    |
note: the method `schedule` exists on the type `std::sync::MutexGuard<'_, disk::IoScheduler>`
   --> src\storage\disk.rs:85:5
    |
85  |     fn schedule(&mut self, op: IoOperation) {
    |     ^^^^^^^^^^^^^^^^^^^^^^^^^^^^^^^^^^^^^^^
help: use the `?` operator to extract the `std::sync::MutexGuard<'_, disk::IoScheduler>` value, propagating a `Result::Err` value to the caller
    |
799 |         self.scheduler.lock()?.schedule(op);
    |                              +

error[E0599]: no method named `schedule` found for enum `Result` in the current scope
   --> src\storage\disk.rs:806:31
    |
806 |         self.scheduler.lock().schedule(op);
    |                               ^^^^^^^^ method not found in `Result<MutexGuard<'_, IoScheduler>, PoisonError<MutexGuard<'_, ...>>>`
    |
note: the method `schedule` exists on the type `std::sync::MutexGuard<'_, disk::IoScheduler>`
   --> src\storage\disk.rs:85:5
    |
85  |     fn schedule(&mut self, op: IoOperation) {
    |     ^^^^^^^^^^^^^^^^^^^^^^^^^^^^^^^^^^^^^^^
help: use the `?` operator to extract the `std::sync::MutexGuard<'_, disk::IoScheduler>` value, propagating a `Result::Err` value to the caller
    |
806 |         self.scheduler.lock()?.schedule(op);
    |                              +

error[E0599]: no method named `next_operation` found for enum `Result` in the current scope
   --> src\storage\disk.rs:823:27
    |
823 |                 scheduler.next_operation()
    |                           ^^^^^^^^^^^^^^ method not found in `Result<MutexGuard<'_, IoScheduler>, PoisonError<MutexGuard<'_, ...>>>`
    |
note: the method `next_operation` exists on the type `std::sync::MutexGuard<'_, disk::IoScheduler>`
   --> src\storage\disk.rs:106:5
    |
106 |     fn next_operation(&mut self) -> Option<IoOperation> {
    |     ^^^^^^^^^^^^^^^^^^^^^^^^^^^^^^^^^^^^^^^^^^^^^^^^^^^
help: use the `?` operator to extract the `std::sync::MutexGuard<'_, disk::IoScheduler>` value, propagating a `Result::Err` value to the caller
    |
823 |                 scheduler?.next_operation()
    |                          +

error[E0308]: mismatched types
   --> src\buffer\manager.rs:687:50
    |
687 |             .ok_or_else(|| DbError::PageNotFound(page_id))?;
    |                            --------------------- ^^^^^^^- help: try using a conversion method: `.to_string()`
    |                            |                     |
    |                            |                     expected `String`, found `u64`
    |                            arguments to this enum variant are incorrect
    |
note: tuple variant defined here
   --> src\error.rs:144:5
    |
144 |     PageNotFound(String),
    |     ^^^^^^^^^^^^

error[E0308]: mismatched types
   --> src\buffer\manager.rs:707:50
    |
707 |             .ok_or_else(|| DbError::PageNotFound(page_id))?;
    |                            --------------------- ^^^^^^^- help: try using a conversion method: `.to_string()`
    |                            |                     |
    |                            |                     expected `String`, found `u64`
    |                            arguments to this enum variant are incorrect
    |
note: tuple variant defined here
   --> src\error.rs:144:5
    |
144 |     PageNotFound(String),
    |     ^^^^^^^^^^^^

error[E0599]: no method named `clone` found for struct `AtomicU64` in the current scope
   --> src\buffer\manager.rs:799:44
    |
799 |         let page_writes = self.page_writes.clone();
    |                                            ^^^^^ method not found in `AtomicU64`

error[E0599]: no method named `clone` found for struct `AtomicU64` in the current scope
   --> src\buffer\manager.rs:800:58
    |
800 |         let background_flushes = self.background_flushes.clone();
    |                                                          ^^^^^ method not found in `AtomicU64`

error[E0277]: the trait bound `K: AsRef<[u8]>` is not satisfied
   --> src\index\swiss_table.rs:353:18
    |
353 |             self.resize(self.capacity * 2);
    |                  ^^^^^^ the trait `AsRef<[u8]>` is not implemented for `K`
    |
note: required by a bound in `SwissTable::<K, V>::resize`
   --> src\index\swiss_table.rs:360:12
    |
358 |     fn resize(&mut self, new_capacity: usize)
    |        ------ required by a bound in this associated function
359 |     where
360 |         K: AsRef<[u8]>,
    |            ^^^^^^^^^^^ required by this bound in `SwissTable::<K, V>::resize`
help: consider further restricting type parameter `K` with trait `AsRef`
    |
83  |     K: Eq + Clone + std::convert::AsRef<[u8]>,
    |                   +++++++++++++++++++++++++++

error[E0277]: the trait bound `index::BTreeIndex: Clone` is not satisfied
   --> src\index\mod.rs:143:11
    |
141 | #[derive(Clone)]
    |          ----- in this derive macro expansion
142 | pub enum Index {
143 |     BTree(BTreeIndex),
    |           ^^^^^^^^^^ the trait `Clone` is not implemented for `index::BTreeIndex`
    |
help: consider annotating `index::BTreeIndex` with `#[derive(Clone)]`
    |
44  + #[derive(Clone)]
45  | pub struct BTreeIndex {
    |

error[E0277]: the trait bound `HashIndex: Clone` is not satisfied
   --> src\index\mod.rs:144:10
    |
141 | #[derive(Clone)]
    |          ----- in this derive macro expansion
...
144 |     Hash(HashIndex),
    |          ^^^^^^^^^ the trait `Clone` is not implemented for `HashIndex`
    |
help: consider annotating `HashIndex` with `#[derive(Clone)]`
    |
98  + #[derive(Clone)]
99  | pub struct HashIndex {
    |

error[E0308]: `match` arms have incompatible types
   --> src\index\mod.rs:186:35
    |
171 | /         match self {
172 | |             Index::BTree(idx) => idx.search(key),
173 | |             Index::Hash(idx) => idx.search(key),
174 | |             Index::BPlusTree(idx) => {
...   |
184 | |                 idx.get(key).map(|opt| opt.into_iter().collect())
    | |                 ------------------------------------------------- this and all prior arms are found to be of type `std::result::Result<Vec<u64>, error::DbError>`
185 | |             }
186 | |             Index::Bitmap(idx) => idx.get(key),
    | |                                   ^^^^^^^^^^^^ expected `Result<Vec<u64>, DbError>`, found `Result<Vec<usize>, DbError>`
187 | |             _ => Err(DbError::Internal("Search not supported for this index type".into())),
188 | |         }
    | |_________- `match` arms have incompatible types
    |
    = note: expected enum `std::result::Result<Vec<u64>, _>`
               found enum `std::result::Result<Vec<usize>, _>`

error[E0599]: no method named `clone` found for struct `parking_lot::lock_api::RwLockReadGuard<'_, parking_lot::RawRwLock, LockManagerStats>` in the current scope
   --> src\transaction\locks.rs:617:27
    |
617 |         self.stats.read().clone()
    |                           ^^^^^ method not found in `RwLockReadGuard<'_, RawRwLock, LockManagerStats>`
    |
    = help: items from traits can only be used if the trait is implemented and in scope
    = note: the following trait defines an item `clone`, perhaps you need to implement it:
            candidate #1: `Clone`

error[E0599]: no method named `clone` found for struct `parking_lot::lock_api::RwLockReadGuard<'_, parking_lot::RawRwLock, EscalationStats>` in the current scope
   --> src\transaction\locks.rs:784:27
    |
784 |         self.stats.read().clone()
    |                           ^^^^^ method not found in `RwLockReadGuard<'_, RawRwLock, EscalationStats>`
    |
    = help: items from traits can only be used if the trait is implemented and in scope
    = note: the following trait defines an item `clone`, perhaps you need to implement it:
            candidate #1: `Clone`

error[E0599]: no method named `clone` found for struct `parking_lot::lock_api::RwLockReadGuard<'_, parking_lot::RawRwLock, RecoveryStats>` in the current scope
   --> src\transaction\recovery.rs:536:27
    |
536 |         self.stats.read().clone()
    |                           ^^^^^ method not found in `RwLockReadGuard<'_, RawRwLock, RecoveryStats>`
    |
    = help: items from traits can only be used if the trait is implemented and in scope
    = note: the following trait defines an item `clone`, perhaps you need to implement it:
            candidate #1: `Clone`

error[E0599]: no method named `clone` found for struct `RwLockReadGuard<'_, RawRwLock, CheckpointStats>` in the current scope
   --> src\transaction\recovery.rs:626:27
    |
626 |         self.stats.read().clone()
    |                           ^^^^^ method not found in `RwLockReadGuard<'_, RawRwLock, CheckpointStats>`
    |
    = help: items from traits can only be used if the trait is implemented and in scope
    = note: the following trait defines an item `clone`, perhaps you need to implement it:
            candidate #1: `Clone`

error[E0599]: no method named `clone` found for struct `parking_lot::lock_api::RwLockWriteGuard<'_, parking_lot::RawRwLock, OccTransaction>` in the current scope
   --> src\transaction\occ.rs:406:55
    |
406 |         self.committed_txns.write().push(Arc::new(txn.clone()));
    |                                                       ^^^^^ method not found in `RwLockWriteGuard<'_, RawRwLock, OccTransaction>`
    |
    = help: items from traits can only be used if the trait is implemented and in scope
    = note: the following trait defines an item `clone`, perhaps you need to implement it:
            candidate #1: `Clone`

error[E0107]: enum takes 2 generic arguments but 1 generic argument was supplied
   --> src\execution\hash_join_simd.rs:163:71
    |
163 |         build_side.rows.par_iter().try_for_each(|row| -> std::result::Result<()> {
    |                                                                       ^^^^^^ -- supplied 1 generic argument
    |                                                                       |
    |                                                                       expected 2 generic arguments
    |
note: enum defined here, with 2 generic parameters: `T`, `E`
   --> C:\Users\JustinSaadein\.rustup\toolchains\stable-x86_64-pc-windows-msvc\lib/rustlib/src/rust\library\core\src\result.rs:528:10
    |
528 | pub enum Result<T, E> {
    |          ^^^^^^ -  -
help: add missing generic argument
    |
163 |         build_side.rows.par_iter().try_for_each(|row| -> std::result::Result<(), E> {
    |                                                                                +++

error[E0308]: `?` operator has incompatible types
   --> src\execution\expressions.rs:280:24
    |
280 |                     if self.values_equal(&expr_val, &value)? {
    |                        ^^^^^^^^^^^^^^^^^^^^^^^^^^^^^^^^^^^^^ expected `bool`, found `ExprValue`
    |
    = note: `?` operator cannot convert from `ExprValue` to `bool`

error[E0034]: multiple applicable items in scope
   --> src\security\encryption_engine.rs:668:39
    |
668 |             let mut mac = HmacSha256::new_from_slice(prk)
    |                                       ^^^^^^^^^^^^^^ multiple `new_from_slice` found
    |
    = note: candidate #1 is defined in an impl of the trait `KeyInit` for the type `CoreWrapper<T>`
    = note: candidate #2 is defined in an impl of the trait `hmac::Mac` for the type `T`
help: use fully-qualified syntax to disambiguate
    |
668 -             let mut mac = HmacSha256::new_from_slice(prk)
668 +             let mut mac = <CoreWrapper<HmacCore<CoreWrapper<CtVariableCoreWrapper<Sha256VarCore, UInt<UInt<UInt<UInt<UInt<UInt<UTerm, B1>, B0>, B0>, B0>, B0>, B0>, OidSha256>>>> as KeyInit>::new_from_slice(prk)
    |
668 -             let mut mac = HmacSha256::new_from_slice(prk)
668 +             let mut mac = <CoreWrapper<HmacCore<CoreWrapper<CtVariableCoreWrapper<Sha256VarCore, UInt<UInt<UInt<UInt<UInt<UInt<UTerm, B1>, B0>, B0>, B0>, B0>, B0>, OidSha256>>>> as hmac::Mac>::new_from_slice(prk)
    |

error[E0034]: multiple applicable items in scope
    --> src\security\encryption_engine.rs:1016:35
     |
1016 |         let mut mac = HmacSha256::new_from_slice(&token_key)
     |                                   ^^^^^^^^^^^^^^ multiple `new_from_slice` found
     |
     = note: candidate #1 is defined in an impl of the trait `KeyInit` for the type `CoreWrapper<T>`
     = note: candidate #2 is defined in an impl of the trait `hmac::Mac` for the type `T`
help: use fully-qualified syntax to disambiguate
     |
1016 -         let mut mac = HmacSha256::new_from_slice(&token_key)
1016 +         let mut mac = <CoreWrapper<HmacCore<CoreWrapper<CtVariableCoreWrapper<Sha256VarCore, UInt<UInt<UInt<UInt<UInt<UInt<UTerm, B1>, B0>, B0>, B0>, B0>, B0>, OidSha256>>>> as KeyInit>::new_from_slice(&token_key)
     |
1016 -         let mut mac = HmacSha256::new_from_slice(&token_key)
1016 +         let mut mac = <CoreWrapper<HmacCore<CoreWrapper<CtVariableCoreWrapper<Sha256VarCore, UInt<UInt<UInt<UInt<UInt<UInt<UTerm, B1>, B0>, B0>, B0>, B0>, B0>, OidSha256>>>> as hmac::Mac>::new_from_slice(&token_key)
     |

error[E0689]: can't call method `min` on ambiguous numeric type `{float}`
   --> src\security\insider_threat.rs:774:26
    |
774 |             score: score.min(100.0),
    |                          ^^^
    |
help: you must specify a type for this binding, like `f32`
    |
749 |         let mut score: f32 = 0.0;
    |                      +++++

error[E0308]: mismatched types
    --> src\security\memory_hardening.rs:731:46
     |
731  |         self.stats.bytes_allocated.fetch_add(size, Ordering::Relaxed);
     |                                    --------- ^^^^ expected `u64`, found `usize`
     |                                    |
     |                                    arguments to this method are incorrect
     |
note: method defined here
    --> C:\Users\JustinSaadein\.rustup\toolchains\stable-x86_64-pc-windows-msvc\lib/rustlib/src/rust\library\core\src\sync\atomic.rs:3574:1
     |
3574 | / atomic_int! {
3575 | |     cfg(target_has_atomic = "64"),
3576 | |     cfg(target_has_atomic_equal_alignment = "64"),
3577 | |     stable(feature = "integer_atomics_stable", since = "1.34.0"),
...    |
3590 | |     u64 AtomicU64
3591 | | }
     | |_^
     = note: this error originates in the macro `atomic_int` (in Nightly builds, run with -Z macro-backtrace for more info)
help: you can convert a `usize` to a `u64` and panic if the converted value doesn't fit
     |
731  |         self.stats.bytes_allocated.fetch_add(size.try_into().unwrap(), Ordering::Relaxed);
     |                                                  ++++++++++++++++++++

error[E0308]: mismatched types
    --> src\security\memory_hardening.rs:784:48
     |
784  |         self.stats.bytes_deallocated.fetch_add(size, Ordering::Relaxed);
     |                                      --------- ^^^^ expected `u64`, found `usize`
     |                                      |
     |                                      arguments to this method are incorrect
     |
note: method defined here
    --> C:\Users\JustinSaadein\.rustup\toolchains\stable-x86_64-pc-windows-msvc\lib/rustlib/src/rust\library\core\src\sync\atomic.rs:3574:1
     |
3574 | / atomic_int! {
3575 | |     cfg(target_has_atomic = "64"),
3576 | |     cfg(target_has_atomic_equal_alignment = "64"),
3577 | |     stable(feature = "integer_atomics_stable", since = "1.34.0"),
...    |
3590 | |     u64 AtomicU64
3591 | | }
     | |_^
     = note: this error originates in the macro `atomic_int` (in Nightly builds, run with -Z macro-backtrace for more info)
help: you can convert a `usize` to a `u64` and panic if the converted value doesn't fit
     |
784  |         self.stats.bytes_deallocated.fetch_add(size.try_into().unwrap(), Ordering::Relaxed);
     |                                                    ++++++++++++++++++++

error[E0308]: mismatched types
    --> src\security\memory_hardening.rs:937:46
     |
937  |         self.stats.bytes_allocated.fetch_add(size, Ordering::Relaxed);
     |                                    --------- ^^^^ expected `u64`, found `usize`
     |                                    |
     |                                    arguments to this method are incorrect
     |
note: method defined here
    --> C:\Users\JustinSaadein\.rustup\toolchains\stable-x86_64-pc-windows-msvc\lib/rustlib/src/rust\library\core\src\sync\atomic.rs:3574:1
     |
3574 | / atomic_int! {
3575 | |     cfg(target_has_atomic = "64"),
3576 | |     cfg(target_has_atomic_equal_alignment = "64"),
3577 | |     stable(feature = "integer_atomics_stable", since = "1.34.0"),
...    |
3590 | |     u64 AtomicU64
3591 | | }
     | |_^
     = note: this error originates in the macro `atomic_int` (in Nightly builds, run with -Z macro-backtrace for more info)
help: you can convert a `usize` to a `u64` and panic if the converted value doesn't fit
     |
937  |         self.stats.bytes_allocated.fetch_add(size.try_into().unwrap(), Ordering::Relaxed);
     |                                                  ++++++++++++++++++++

error[E0308]: mismatched types
   --> src\security\mod.rs:263:60
    |
263 |         let session = self.authentication.validate_session(session_id)?;
    |                                           ---------------- ^^^^^^^^^^ expected `&String`, found `&str`
    |                                           |
    |                                           arguments to this method are incorrect
    |
    = note: expected reference `&std::string::String`
               found reference `&str`
note: method defined here
   --> src\security\authentication.rs:493:12
    |
493 |     pub fn validate_session(&self, session_id: &SessionId) -> Result<AuthSession> {
    |            ^^^^^^^^^^^^^^^^        ----------------------

error[E0308]: mismatched types
   --> src\security\mod.rs:295:60
    |
295 |         let session = self.authentication.validate_session(session_id)?;
    |                                           ---------------- ^^^^^^^^^^ expected `&String`, found `&str`
    |                                           |
    |                                           arguments to this method are incorrect
    |
    = note: expected reference `&std::string::String`
               found reference `&str`
note: method defined here
   --> src\security\authentication.rs:493:12
    |
493 |     pub fn validate_session(&self, session_id: &SessionId) -> Result<AuthSession> {
    |            ^^^^^^^^^^^^^^^^        ----------------------

error[E0308]: mismatched types
   --> src\security\mod.rs:318:60
    |
318 |         let session = self.authentication.validate_session(grantor_session_id)?;
    |                                           ---------------- ^^^^^^^^^^^^^^^^^^ expected `&String`, found `&str`
    |                                           |
    |                                           arguments to this method are incorrect
    |
    = note: expected reference `&std::string::String`
               found reference `&str`
note: method defined here
   --> src\security\authentication.rs:493:12
    |
493 |     pub fn validate_session(&self, session_id: &SessionId) -> Result<AuthSession> {
    |            ^^^^^^^^^^^^^^^^        ----------------------

error[E0308]: mismatched types
   --> src\security\mod.rs:348:55
    |
348 |         let ciphertext = self.encryption.encrypt_data(key_id, plaintext)?;
    |                                          ------------ ^^^^^^ expected `&String`, found `&str`
    |                                          |
    |                                          arguments to this method are incorrect
    |
    = note: expected reference `&std::string::String`
               found reference `&str`
note: method defined here
   --> src\security\encryption.rs:538:12
    |
538 |     pub fn encrypt_data(&self, key_id: &KeyId, plaintext: &[u8]) -> Result<Vec<u8>> {
    |            ^^^^^^^^^^^^        --------------

error[E0308]: mismatched types
   --> src\security\mod.rs:366:54
    |
366 |         let plaintext = self.encryption.decrypt_data(key_id, ciphertext)?;
    |                                         ------------ ^^^^^^ expected `&String`, found `&str`
    |                                         |
    |                                         arguments to this method are incorrect
    |
    = note: expected reference `&std::string::String`
               found reference `&str`
note: method defined here
   --> src\security\encryption.rs:555:12
    |
555 |     pub fn decrypt_data(&self, key_id: &KeyId, ciphertext: &[u8]) -> Result<Vec<u8>> {
    |            ^^^^^^^^^^^^        --------------

error[E0282]: type annotations needed for `std::option::Option<_>`
   --> src\backup\catalog.rs:349:13
    |
349 |         let mut full_backup = None;
    |             ^^^^^^^^^^^^^^^
...
357 |                    set.scn_end > full_backup.as_ref().unwrap().scn_end {
    |                                  ------------------------------------- type must be known at this point
    |
help: consider giving `full_backup` an explicit type, where the type for type parameter `T` is specified
    |
349 |         let mut full_backup: std::option::Option<T> = None;
    |                            ++++++++++++++++++++++++

error[E0609]: no field `scn_end` on type `&_`
   --> src\backup\catalog.rs:357:64
    |
357 |                    set.scn_end > full_backup.as_ref().unwrap().scn_end {
    |                                                                ^^^^^^^ unknown field

error[E0308]: mismatched types
   --> src\flashback\transaction.rs:162:40
    |
162 |         stats.transactions_reversed += dep_graph.transaction_count();
    |                                        ^^^^^^^^^^^^^^^^^^^^^^^^^^^^^ expected `u64`, found `usize`

error[E0277]: cannot add-assign `usize` to `u64`
   --> src\flashback\transaction.rs:162:37
    |
162 |         stats.transactions_reversed += dep_graph.transaction_count();
    |                                     ^^ no implementation for `u64 += usize`
    |
    = help: the trait `AddAssign<usize>` is not implemented for `u64`
    = help: the following other types implement trait `AddAssign<Rhs>`:
              `u64` implements `AddAssign<&u64>`
              `u64` implements `AddAssign<zerocopy::byteorder::U64<O>>`
              `u64` implements `AddAssign`

error[E0600]: cannot apply unary operator `-` to type `u64`
  --> src\analytics\approximate.rs:96:21
   |
96 |             return (-(1u64 << 32) as f64 * (1.0 - raw_estimate / (1u64 << 32) as f64).ln()) as u64;
   |                     ^^^^^^^^^^^^^ cannot apply unary operator `-`
   |
   = note: unsigned values cannot be negated

error[E0277]: can't compare `std::string::String` with `&std::string::String`
   --> src\analytics\cube.rs:407:38
    |
407 |                 .position(|d| d.name == dim_name)
    |                                      ^^ no implementation for `std::string::String == &std::string::String`
    |
    = help: the trait `PartialEq<&std::string::String>` is not implemented for `std::string::String`
help: consider dereferencing here
    |
407 |                 .position(|d| d.name == *dim_name)
    |                                         +

error[E0277]: can't compare `std::string::String` with `&std::string::String`
   --> src\analytics\cube.rs:542:38
    |
542 |                 .position(|d| d.name == dim_name)
    |                                      ^^ no implementation for `std::string::String == &std::string::String`
    |
    = help: the trait `PartialEq<&std::string::String>` is not implemented for `std::string::String`
help: consider dereferencing here
    |
542 |                 .position(|d| d.name == *dim_name)
    |                                         +

error[E0277]: can't compare `str` with `std::string::String`
   --> src\analytics\warehouse.rs:529:61
    |
529 |                         (Some(lower), Some(upper)) => value >= lower && value < upper,
    |                                                             ^^ no implementation for `str < std::string::String` and `str > std::string::String`
    |
    = help: the trait `PartialOrd<std::string::String>` is not implemented for `str`
    = note: required for `&str` to implement `PartialOrd<&std::string::String>`
help: consider dereferencing both sides of the expression
    |
529 |                         (Some(lower), Some(upper)) => *value >= **lower && value < upper,
    |                                                       +         ++

error[E0277]: can't compare `str` with `std::string::String`
   --> src\analytics\warehouse.rs:529:79
    |
529 |                         (Some(lower), Some(upper)) => value >= lower && value < upper,
    |                                                                               ^ no implementation for `str < std::string::String` and `str > std::string::String`
    |
    = help: the trait `PartialOrd<std::string::String>` is not implemented for `str`
    = note: required for `&str` to implement `PartialOrd<&std::string::String>`
help: consider dereferencing both sides of the expression
    |
529 |                         (Some(lower), Some(upper)) => value >= lower && *value < **upper,
    |                                                                         +        ++

error[E0277]: can't compare `str` with `std::string::String`
   --> src\analytics\warehouse.rs:530:54
    |
530 |                         (Some(lower), None) => value >= lower,
    |                                                      ^^ no implementation for `str < std::string::String` and `str > std::string::String`
    |
    = help: the trait `PartialOrd<std::string::String>` is not implemented for `str`
    = note: required for `&str` to implement `PartialOrd<&std::string::String>`
help: consider dereferencing both sides of the expression
    |
530 |                         (Some(lower), None) => *value >= **lower,
    |                                                +         ++

error[E0277]: can't compare `str` with `std::string::String`
   --> src\analytics\warehouse.rs:531:54
    |
531 |                         (None, Some(upper)) => value < upper,
    |                                                      ^ no implementation for `str < std::string::String` and `str > std::string::String`
    |
    = help: the trait `PartialOrd<std::string::String>` is not implemented for `str`
    = note: required for `&str` to implement `PartialOrd<&std::string::String>`
help: consider dereferencing both sides of the expression
    |
531 |                         (None, Some(upper)) => *value < **upper,
    |                                                +        ++

error[E0609]: no field `pending_conflicts` on type `&conflicts::ConflictResolver`
   --> src\advanced_replication\conflicts.rs:492:22
    |
492 |                 self.pending_conflicts.write().push_back(conflict.clone());
    |                      ^^^^^^^^^^^^^^^^^ unknown field
    |
    = note: available fields are: `shards`, `custom_handlers`, `crdt_state`

error[E0277]: `?` couldn't convert the error to `error::DbError`
   --> src\streams\integration.rs:479:65
    |
479 |         self.data.write().insert(key, bincode::serialize(&event)?);
    |                                       --------------------------^ the trait `From<Box<bincode::ErrorKind>>` is not implemented for `error::DbError`
    |                                       |
    |                                       this can't be annotated with `?` because it has type `Result<_, Box<bincode::ErrorKind>>`
    |
note: `error::DbError` needs to implement `From<Box<bincode::ErrorKind>>`
   --> src\error.rs:4:1
    |
4   | pub enum DbError {
    | ^^^^^^^^^^^^^^^^
    = note: the question mark operation (`?`) implicitly performs a conversion on the error value using the `From` trait
    = help: the following other types implement trait `From<T>`:
              `error::DbError` implements `From<MLError>`
              `error::DbError` implements `From<std::io::Error>`

error[E0282]: type annotations needed for `std::option::Option<_>`
   --> src\event_processing\sourcing.rs:339:13
    |
339 |         let mut aggregate = None;
    |             ^^^^^^^^^^^^^
...
349 |                 agg.apply_event(&envelope.event)?;
    |                     ----------- type must be known at this point
    |
help: consider giving `aggregate` an explicit type, where the type for type parameter `T` is specified
    |
339 |         let mut aggregate: std::option::Option<T> = None;
    |                          ++++++++++++++++++++++++

error[E0034]: multiple applicable items in scope
   --> src\ml\engine.rs:647:40
    |
647 |                 let model_data = model.serialize()?;
    |                                        ^^^^^^^^^ multiple `serialize` found
    |
note: candidate #1 is defined in an impl of the trait `ml::algorithms::Algorithm` for the type `ml::algorithms::LinearRegression`
   --> src\ml\algorithms.rs:244:5
    |
244 |     fn serialize(&self) -> Result<Vec<u8>> {
    |     ^^^^^^^^^^^^^^^^^^^^^^^^^^^^^^^^^^^^^^
note: candidate #2 is defined in an impl of the trait `Serialize` for the type `ml::algorithms::LinearRegression`
   --> src\ml\algorithms.rs:98:24
    |
98  | #[derive(Debug, Clone, Serialize, Deserialize)]
    |                        ^^^^^^^^^
    = note: this error originates in the derive macro `Serialize` (in Nightly builds, run with -Z macro-backtrace for more info)
help: disambiguate the method for candidate #1
    |
647 -                 let model_data = model.serialize()?;
647 +                 let model_data = ml::algorithms::Algorithm::serialize(&model)?;
    |
help: disambiguate the method for candidate #2
    |
647 -                 let model_data = model.serialize()?;
647 +                 let model_data = Serialize::serialize(&model)?;
    |

error[E0034]: multiple applicable items in scope
   --> src\ml\engine.rs:658:40
    |
658 |                 let model_data = model.serialize()?;
    |                                        ^^^^^^^^^ multiple `serialize` found
    |
note: candidate #1 is defined in an impl of the trait `ml::algorithms::Algorithm` for the type `ml::algorithms::LogisticRegression`
   --> src\ml\algorithms.rs:539:5
    |
539 |     fn serialize(&self) -> Result<Vec<u8>> {
    |     ^^^^^^^^^^^^^^^^^^^^^^^^^^^^^^^^^^^^^^
note: candidate #2 is defined in an impl of the trait `Serialize` for the type `ml::algorithms::LogisticRegression`
   --> src\ml\algorithms.rs:381:24
    |
381 | #[derive(Debug, Clone, Serialize, Deserialize)]
    |                        ^^^^^^^^^
    = note: this error originates in the derive macro `Serialize` (in Nightly builds, run with -Z macro-backtrace for more info)
help: disambiguate the method for candidate #1
    |
658 -                 let model_data = model.serialize()?;
658 +                 let model_data = ml::algorithms::Algorithm::serialize(&model)?;
    |
help: disambiguate the method for candidate #2
    |
658 -                 let model_data = model.serialize()?;
658 +                 let model_data = Serialize::serialize(&model)?;
    |

error[E0034]: multiple applicable items in scope
   --> src\ml\engine.rs:672:40
    |
672 |                 let model_data = model.serialize()?;
    |                                        ^^^^^^^^^ multiple `serialize` found
    |
note: candidate #1 is defined in an impl of the trait `ml::algorithms::Algorithm` for the type `ml::algorithms::DecisionTree`
   --> src\ml\algorithms.rs:820:5
    |
820 |     fn serialize(&self) -> Result<Vec<u8>> {
    |     ^^^^^^^^^^^^^^^^^^^^^^^^^^^^^^^^^^^^^^
note: candidate #2 is defined in an impl of the trait `Serialize` for the type `ml::algorithms::DecisionTree`
   --> src\ml\algorithms.rs:575:24
    |
575 | #[derive(Debug, Clone, Serialize, Deserialize)]
    |                        ^^^^^^^^^
    = note: this error originates in the derive macro `Serialize` (in Nightly builds, run with -Z macro-backtrace for more info)
help: disambiguate the method for candidate #1
    |
672 -                 let model_data = model.serialize()?;
672 +                 let model_data = ml::algorithms::Algorithm::serialize(&model)?;
    |
help: disambiguate the method for candidate #2
    |
672 -                 let model_data = model.serialize()?;
672 +                 let model_data = Serialize::serialize(&model)?;
    |

error[E0034]: multiple applicable items in scope
   --> src\ml\engine.rs:686:40
    |
686 |                 let model_data = model.serialize()?;
    |                                        ^^^^^^^^^ multiple `serialize` found
    |
note: candidate #1 is defined in an impl of the trait `ml::algorithms::Algorithm` for the type `ml::algorithms::RandomForest`
   --> src\ml\algorithms.rs:957:5
    |
957 |     fn serialize(&self) -> Result<Vec<u8>> {
    |     ^^^^^^^^^^^^^^^^^^^^^^^^^^^^^^^^^^^^^^
note: candidate #2 is defined in an impl of the trait `Serialize` for the type `ml::algorithms::RandomForest`
   --> src\ml\algorithms.rs:836:24
    |
836 | #[derive(Debug, Clone, Serialize, Deserialize)]
    |                        ^^^^^^^^^
    = note: this error originates in the derive macro `Serialize` (in Nightly builds, run with -Z macro-backtrace for more info)
help: disambiguate the method for candidate #1
    |
686 -                 let model_data = model.serialize()?;
686 +                 let model_data = ml::algorithms::Algorithm::serialize(&model)?;
    |
help: disambiguate the method for candidate #2
    |
686 -                 let model_data = model.serialize()?;
686 +                 let model_data = Serialize::serialize(&model)?;
    |

error[E0034]: multiple applicable items in scope
    --> src\ml\engine.rs:696:40
     |
696  |                 let model_data = model.serialize()?;
     |                                        ^^^^^^^^^ multiple `serialize` found
     |
note: candidate #1 is defined in an impl of the trait `ml::algorithms::Algorithm` for the type `KMeansClustering`
    --> src\ml\algorithms.rs:1105:5
     |
1105 |     fn serialize(&self) -> Result<Vec<u8>> {
     |     ^^^^^^^^^^^^^^^^^^^^^^^^^^^^^^^^^^^^^^
note: candidate #2 is defined in an impl of the trait `Serialize` for the type `KMeansClustering`
    --> src\ml\algorithms.rs:973:24
     |
973  | #[derive(Debug, Clone, Serialize, Deserialize)]
     |                        ^^^^^^^^^
     = note: this error originates in the derive macro `Serialize` (in Nightly builds, run with -Z macro-backtrace for more info)
help: disambiguate the method for candidate #1
     |
696  -                 let model_data = model.serialize()?;
696  +                 let model_data = ml::algorithms::Algorithm::serialize(&model)?;
     |
help: disambiguate the method for candidate #2
     |
696  -                 let model_data = model.serialize()?;
696  +                 let model_data = Serialize::serialize(&model)?;
     |

error[E0034]: multiple applicable items in scope
    --> src\ml\engine.rs:706:40
     |
706  |                 let model_data = model.serialize()?;
     |                                        ^^^^^^^^^ multiple `serialize` found
     |
note: candidate #1 is defined in an impl of the trait `ml::algorithms::Algorithm` for the type `ml::algorithms::NaiveBayes`
    --> src\ml\algorithms.rs:1262:5
     |
1262 |     fn serialize(&self) -> Result<Vec<u8>> {
     |     ^^^^^^^^^^^^^^^^^^^^^^^^^^^^^^^^^^^^^^
note: candidate #2 is defined in an impl of the trait `Serialize` for the type `ml::algorithms::NaiveBayes`
    --> src\ml\algorithms.rs:1121:24
     |
1121 | #[derive(Debug, Clone, Serialize, Deserialize)]
     |                        ^^^^^^^^^
     = note: this error originates in the derive macro `Serialize` (in Nightly builds, run with -Z macro-backtrace for more info)
help: disambiguate the method for candidate #1
     |
706  -                 let model_data = model.serialize()?;
706  +                 let model_data = ml::algorithms::Algorithm::serialize(&model)?;
     |
help: disambiguate the method for candidate #2
     |
706  -                 let model_data = model.serialize()?;
706  +                 let model_data = Serialize::serialize(&model)?;
     |

error[E0599]: no method named `gen_range` found for struct `ThreadRng` in the current scope
   --> src\ml_engine\algorithms.rs:564:30
    |
564 |                 .map(|_| rng.gen_range(0..n_samples))
    |                              ^^^^^^^^^
    |
   ::: C:\Users\JustinSaadein\.cargo\registry\src\index.crates.io-1949cf8c6b5b557f\rand-0.8.5\src\rng.rs:129:8
    |
129 |     fn gen_range<T, R>(&mut self, range: R) -> T
    |        --------- the method is available for `ThreadRng` here
    |
    = help: items from traits can only be used if the trait is in scope
help: there is a method `gen_bigint_range` with a similar name, but with different arguments
   --> C:\Users\JustinSaadein\.cargo\registry\src\index.crates.io-1949cf8c6b5b557f\num-bigint-dig-0.8.6\src\bigrand.rs:42:5
    |
42  |     fn gen_bigint_range(&mut self, lbound: &BigInt, ubound: &BigInt) -> BigInt;
    |     ^^^^^^^^^^^^^^^^^^^^^^^^^^^^^^^^^^^^^^^^^^^^^^^^^^^^^^^^^^^^^^^^^^^^^^^^^^^
help: trait `Rng` which provides `gen_range` is implemented but not in scope; perhaps you want to import it
    |
6   + use rand::Rng;
    |

error[E0369]: cannot subtract `&&f64` from `&&f64`
   --> src\ml_engine\training.rs:561:48
    |
561 |                 .filter(|(pred, target)| (pred - target).abs() < 0.5)
    |                                           ---- ^ ------ &&f64
    |                                           |
    |                                           &&f64

error[E0369]: cannot subtract `&&f64` from `&&f64`
   --> src\ml_engine\training.rs:605:48
    |
605 |                 .filter(|(pred, target)| (pred - target).abs() < 0.5)
    |                                           ---- ^ ------ &&f64
    |                                           |
    |                                           &&f64

error[E0369]: cannot subtract `&&f64` from `&&f64`
   --> src\ml_engine\training.rs:650:48
    |
650 |                 .filter(|(pred, target)| (pred - target).abs() < 0.5)
    |                                           ---- ^ ------ &&f64
    |                                           |
    |                                           &&f64

error[E0369]: cannot subtract `&&f64` from `&&f64`
   --> src\ml_engine\training.rs:757:48
    |
757 |                 .filter(|(pred, target)| (pred - target).abs() < 0.5)
    |                                           ---- ^ ------ &&f64
    |                                           |
    |                                           &&f64

error[E0277]: the trait bound `std::time::SystemTime: std::default::Default` is not satisfied
  --> src\autonomous\self_tuning.rs:98:5
   |
85 | #[derive(Debug, Clone, Default, Serialize, Deserialize)]
   |                        ------- in this derive macro expansion
...
98 |     pub timestamp: SystemTime,
   |     ^^^^^^^^^^^^^^^^^^^^^^^^^ the trait `std::default::Default` is not implemented for `std::time::SystemTime`

error[E0599]: the method `entry` exists for struct `RwLockWriteGuard<'_, HashMap<AuditEventType, Vec<u64>>>`, but its trait bounds were not satisfied
   --> src\blockchain\audit_trail.rs:295:20
    |
28  | pub enum AuditEventType {
    | ----------------------- doesn't satisfy `audit_trail::AuditEventType: std::hash::Hash`
...
295 |         type_index.entry(event.event_type)
    |                    ^^^^^ method cannot be called due to unsatisfied trait bounds
    |
    = note: the following trait bounds were not satisfied:
            `audit_trail::AuditEventType: std::hash::Hash`
help: consider annotating `audit_trail::AuditEventType` with `#[derive(Hash)]`
    |
28  + #[derive(Hash)]
29  | pub enum AuditEventType {
    |

error[E0599]: the method `get_mut` exists for struct `RwLockWriteGuard<'_, HashMap<AuditEventType, Vec<u64>>>`, but its trait bounds were not satisfied
   --> src\blockchain\audit_trail.rs:317:42
    |
28  | pub enum AuditEventType {
    | ----------------------- doesn't satisfy `audit_trail::AuditEventType: std::hash::Hash`
...
317 |         if let Some(events) = type_index.get_mut(&event.event_type) {
    |                                          ^^^^^^^ method cannot be called due to unsatisfied trait bounds
    |
    = note: the following trait bounds were not satisfied:
            `audit_trail::AuditEventType: std::hash::Hash`
help: consider annotating `audit_trail::AuditEventType` with `#[derive(Hash)]`
    |
28  + #[derive(Hash)]
29  | pub enum AuditEventType {
    |

error[E0599]: the method `get` exists for struct `RwLockReadGuard<'_, HashMap<AuditEventType, Vec<u64>>>`, but its trait bounds were not satisfied
   --> src\blockchain\audit_trail.rs:369:45
    |
28  | pub enum AuditEventType {
    | ----------------------- doesn't satisfy `audit_trail::AuditEventType: std::hash::Hash`
...
369 |         if let Some(event_ids) = type_index.get(&event_type) {
    |                                             ^^^ method cannot be called due to unsatisfied trait bounds
    |
    = note: the following trait bounds were not satisfied:
            `audit_trail::AuditEventType: std::hash::Hash`
help: consider annotating `audit_trail::AuditEventType` with `#[derive(Hash)]`
    |
28  + #[derive(Hash)]
29  | pub enum AuditEventType {
    |

error[E0277]: cannot multiply `{integer}` by `{float}`
   --> src\workload\mod.rs:313:48
    |
313 |                 network_rx_bytes_per_sec: 1024 * 1024.0,
    |                                                ^ no implementation for `{integer} * {float}`
    |
    = help: the trait `std::ops::Mul<{float}>` is not implemented for `{integer}`
    = help: the following other types implement trait `std::ops::Mul<Rhs>`:
              `&f128` implements `std::ops::Mul<f128>`
              `&f128` implements `std::ops::Mul`
              `&f16` implements `std::ops::Mul<f16>`
              `&f16` implements `std::ops::Mul`
              `&f32` implements `std::ops::Mul<&nu_ansi_term::rgb::Rgb>`
              `&f32` implements `std::ops::Mul<f32>`
              `&f32` implements `std::ops::Mul<nu_ansi_term::rgb::Rgb>`
              `&f32` implements `std::ops::Mul`
            and 153 others

error[E0277]: cannot multiply `{integer}` by `{float}`
   --> src\workload\mod.rs:314:47
    |
314 |                 network_tx_bytes_per_sec: 512 * 1024.0,
    |                                               ^ no implementation for `{integer} * {float}`
    |
    = help: the trait `std::ops::Mul<{float}>` is not implemented for `{integer}`
    = help: the following other types implement trait `std::ops::Mul<Rhs>`:
              `&f128` implements `std::ops::Mul<f128>`
              `&f128` implements `std::ops::Mul`
              `&f16` implements `std::ops::Mul<f16>`
              `&f16` implements `std::ops::Mul`
              `&f32` implements `std::ops::Mul<&nu_ansi_term::rgb::Rgb>`
              `&f32` implements `std::ops::Mul<f32>`
              `&f32` implements `std::ops::Mul<nu_ansi_term::rgb::Rgb>`
              `&f32` implements `std::ops::Mul`
            and 153 others

error[E0423]: expected function, tuple struct or tuple variant, found type alias `TableId`
   --> src\optimizer_pro\plan_generator.rs:630:20
    |
630 |             table: TableId(1),
    |                    ^^^^^^^
    |
    = note: can't use a type alias as a constructor

error[E0423]: expected function, tuple struct or tuple variant, found type alias `IndexId`
   --> src\optimizer_pro\plan_generator.rs:715:23
    |
715 |             index_id: IndexId(1),
    |                       ^^^^^^^
    |
    = note: can't use a type alias as a constructor

error[E0277]: the trait bound `HashSet<u32>: std::hash::Hash` is not satisfied
   --> src\optimizer_pro\plan_generator.rs:787:5
    |
785 | #[derive(Debug, Clone, PartialEq, Eq, Hash)]
    |                                       ---- in this derive macro expansion
786 | struct JoinSet {
787 |     tables: HashSet<TableId>,
    |     ^^^^^^^^^^^^^^^^^^^^^^^^ the trait `std::hash::Hash` is not implemented for `HashSet<u32>`

error[E0369]: binary operation `==` cannot be applied to type `common::Schema`
   --> src\optimizer_pro\mod.rs:209:5
    |
198 | #[derive(Debug, Clone, PartialEq)]
    |                        --------- in this derive macro expansion
...
209 |     pub schema: Schema,
    |     ^^^^^^^^^^^^^^^^^^
    |
note: an implementation of `PartialEq` might be missing for `common::Schema`
   --> src\common.rs:293:1
    |
293 | pub struct Schema {
    | ^^^^^^^^^^^^^^^^^ must implement `PartialEq`
help: consider annotating `common::Schema` with `#[derive(PartialEq)]`
   --> src\common.rs:293:1
    |
293 + #[derive(PartialEq)]
294 | pub struct Schema {
    |

error[E0599]: no method named `weekday` found for struct `chrono::DateTime` in the current scope
   --> src\resource_manager\plans.rs:181:36
    |
181 |             let current_dow = time.weekday().num_days_from_sunday() as u8;
    |                                    ^^^^^^^ method not found in `DateTime<Utc>`
    |
   ::: C:\Users\JustinSaadein\.cargo\registry\src\index.crates.io-1949cf8c6b5b557f\chrono-0.4.42\src\traits.rs:82:8
    |
82  |     fn weekday(&self) -> Weekday;
    |        ------- the method is available for `chrono::DateTime<Utc>` here
    |
    = help: items from traits can only be used if the trait is in scope
help: trait `Datelike` which provides `weekday` is implemented but not in scope; perhaps you want to import it
    |
6   + use chrono::Datelike;
    |

error[E0599]: no method named `weekday` found for struct `chrono::DateTime` in the current scope
   --> src\resource_manager\plans.rs:728:35
    |
728 |             let current_dow = now.weekday().num_days_from_sunday() as u8;
    |                                   ^^^^^^^ method not found in `DateTime<Utc>`
    |
   ::: C:\Users\JustinSaadein\.cargo\registry\src\index.crates.io-1949cf8c6b5b557f\chrono-0.4.42\src\traits.rs:82:8
    |
82  |     fn weekday(&self) -> Weekday;
    |        ------- the method is available for `chrono::DateTime<Utc>` here
    |
    = help: items from traits can only be used if the trait is in scope
help: trait `Datelike` which provides `weekday` is implemented but not in scope; perhaps you want to import it
    |
6   + use chrono::Datelike;
    |

error[E0658]: use of unstable library feature `thread_id_value`
   --> src\resource_manager\cpu_scheduler.rs:436:37
    |
436 |         std::thread::current().id().as_u64().get() as usize % self.num_cores
    |                                     ^^^^^^
    |
    = note: see issue #67939 <https://github.com/rust-lang/rust/issues/67939> for more information

error[E0369]: cannot multiply `AtomicU64` by `{integer}`
    --> src\resource_manager\io_scheduler.rs:775:64
     |
775  |             alloc.current_bandwidth = (alloc.current_bandwidth * 9 + alloc.total_bytes) / 10;
     |                                        ----------------------- ^ - {integer}
     |                                        |
     |                                        AtomicU64
     |
note: the foreign item type `AtomicU64` doesn't implement `std::ops::Mul<{integer}>`
    --> C:\Users\JustinSaadein\.rustup\toolchains\stable-x86_64-pc-windows-msvc\lib/rustlib/src/rust\library\core\src\sync\atomic.rs:3574:1
     |
3574 | / atomic_int! {
3575 | |     cfg(target_has_atomic = "64"),
3576 | |     cfg(target_has_atomic_equal_alignment = "64"),
3577 | |     stable(feature = "integer_atomics_stable", since = "1.34.0"),
...    |
3590 | |     u64 AtomicU64
3591 | | }
     | |_^ not implement `std::ops::Mul<{integer}>`
     = note: this error originates in the macro `atomic_int` (in Nightly builds, run with -Z macro-backtrace for more info)

error[E0277]: cannot add `AtomicU64` to `u64`
   --> src\resource_manager\io_scheduler.rs:776:66
    |
776 |             alloc.current_iops = ((alloc.current_iops as u64 * 9 + alloc.total_ops) / 10) as u32;
    |                                                                  ^ no implementation for `u64 + AtomicU64`
    |
    = help: the trait `Add<AtomicU64>` is not implemented for `u64`
    = help: the following other types implement trait `Add<Rhs>`:
              `&u64` implements `Add<&num_bigint_dig::BigInt>`
              `&u64` implements `Add<&rsa::BigUint>`
              `&u64` implements `Add<num_bigint_dig::BigInt>`
              `&u64` implements `Add<rsa::BigUint>`
              `&u64` implements `Add<u64>`
              `&u64` implements `Add`
              `u64` implements `Add<&num_bigint_dig::BigInt>`
              `u64` implements `Add<&rsa::BigUint>`
            and 5 others

error[E0308]: mismatched types
   --> src\resource_manager\io_scheduler.rs:776:34
    |
776 |             alloc.current_iops = ((alloc.current_iops as u64 * 9 + alloc.total_ops) / 10) as u32;
    |             ------------------   ^^^^^^^^^^^^^^^^^^^^^^^^^^^^^^^^^^^^^^^^^^^^^^^^^^^^^^^^^^^^^^^ expected `AtomicU32`, found `u32`
    |             |
    |             expected due to the type of this binding
    |
help: call `Into::into` on this expression to convert `u32` into `AtomicU32`
    |
776 |             alloc.current_iops = (((alloc.current_iops as u64 * 9 + alloc.total_ops) / 10) as u32).into();
    |                                  +                                                               ++++++++

error[E0605]: non-primitive cast: `AtomicU32` as `u64`
   --> src\resource_manager\io_scheduler.rs:776:36
    |
776 |             alloc.current_iops = ((alloc.current_iops as u64 * 9 + alloc.total_ops) / 10) as u32;
    |                                    ^^^^^^^^^^^^^^^^^^^^^^^^^ an `as` expression can only be used to convert between primitive types or to coerce to a specific trait object

error[E0308]: mismatched types
   --> src\resource_manager\mod.rs:480:17
    |
480 |                 scheduler.get_stats()
    |                 ^^^^^^^^^^^^^^^^^^^^^ expected `SchedulerStats`, found `SchedulerStatsSnapshot`

error[E0308]: mismatched types
   --> src\resource_manager\mod.rs:482:23
    |
482 |             io_stats: self.io_scheduler.get_stats(),
    |                       ^^^^^^^^^^^^^^^^^^^^^^^^^^^^^ expected `IoStats`, found `IoStatsSnapshot`

error[E0277]: the trait bound `SchedulerStats: Clone` is not satisfied
   --> src\resource_manager\mod.rs:549:5
    |
547 | #[derive(Debug, Clone)]
    |                 ----- in this derive macro expansion
548 | pub struct ResourceStats {
549 |     pub cpu_stats: cpu_scheduler::SchedulerStats,
    |     ^^^^^^^^^^^^^^^^^^^^^^^^^^^^^^^^^^^^^^^^^^^^ the trait `Clone` is not implemented for `SchedulerStats`

error[E0277]: the trait bound `io_scheduler::IoStats: Clone` is not satisfied
   --> src\resource_manager\mod.rs:550:5
    |
547 | #[derive(Debug, Clone)]
    |                 ----- in this derive macro expansion
...
550 |     pub io_stats: io_scheduler::IoStats,
    |     ^^^^^^^^^^^^^^^^^^^^^^^^^^^^^^^^^^^ the trait `Clone` is not implemented for `io_scheduler::IoStats`

error[E0277]: `*mut c_void` cannot be sent between threads safely
   --> src\io\async_io.rs:570:24
    |
570 |                   .spawn(move || {
    |  __________________-----_^
    | |                  |
    | |                  required by a bound introduced by this call
571 | |                     Self::worker_loop(cp, sd);
572 | |                 })
    | |_________________^ `*mut c_void` cannot be sent between threads safely
    |
    = help: within `OverlappedIo`, the trait `std::marker::Send` is not implemented for `*mut c_void`
note: required because it appears within the type `OVERLAPPED_0`
   --> C:\Users\JustinSaadein\.cargo\registry\src\index.crates.io-1949cf8c6b5b557f\windows-sys-0.52.0\src\Windows\Win32\System\IO\mod.rs:73:11
    |
73  | pub union OVERLAPPED_0 {
    |           ^^^^^^^^^^^^
note: required because it appears within the type `OVERLAPPED`
   --> C:\Users\JustinSaadein\.cargo\registry\src\index.crates.io-1949cf8c6b5b557f\windows-sys-0.52.0\src\Windows\Win32\System\IO\mod.rs:56:12
    |
56  | pub struct OVERLAPPED {
    |            ^^^^^^^^^^
note: required because it appears within the type `OverlappedIo`
   --> src\io\windows_iocp.rs:86:12
    |
86  | pub struct OverlappedIo {
    |            ^^^^^^^^^^^^
    = note: required for `std::ptr::Unique<OverlappedIo>` to implement `std::marker::Send`
note: required because it appears within the type `Box<OverlappedIo>`
   --> C:\Users\JustinSaadein\.rustup\toolchains\stable-x86_64-pc-windows-msvc\lib/rustlib/src/rust\library\alloc\src\boxed.rs:231:12
    |
231 | pub struct Box<
    |            ^^^
    = note: required because it appears within the type `(u64, Box<OverlappedIo>)`
    = note: required for `hashbrown::raw::RawTable<(u64, Box<OverlappedIo>)>` to implement `std::marker::Send`
note: required because it appears within the type `hashbrown::map::HashMap<u64, Box<OverlappedIo>, RandomState>`
   --> /rust/deps\hashbrown-0.15.2\src\map.rs:185:12
note: required because it appears within the type `std::collections::HashMap<u64, Box<OverlappedIo>>`
   --> C:\Users\JustinSaadein\.rustup\toolchains\stable-x86_64-pc-windows-msvc\lib/rustlib/src/rust\library\std\src\collections\hash\map.rs:242:12
    |
242 | pub struct HashMap<K, V, S = RandomState> {
    |            ^^^^^^^
    = note: required for `Mutex<RawMutex, HashMap<u64, Box<OverlappedIo>>>` to implement `Sync`
    = note: 1 redundant requirement hidden
    = note: required for `Arc<Mutex<RawMutex, HashMap<u64, Box<OverlappedIo>>>>` to implement `Sync`
note: required because it appears within the type `WindowsIocp`
   --> src\io\windows_iocp.rs:184:12
    |
184 | pub struct WindowsIocp {
    |            ^^^^^^^^^^^
    = note: required for `std::sync::Arc<WindowsIocp>` to implement `Sync`
note: required because it appears within the type `IoCompletionPort`
   --> src\io\async_io.rs:329:12
    |
329 | pub struct IoCompletionPort {
    |            ^^^^^^^^^^^^^^^^
    = note: required for `std::sync::Arc<IoCompletionPort>` to implement `std::marker::Send`
note: required because it's used within this closure
   --> src\io\async_io.rs:570:24
    |
570 |                 .spawn(move || {
    |                        ^^^^^^^
note: required by a bound in `std::thread::Builder::spawn`
   --> C:\Users\JustinSaadein\.rustup\toolchains\stable-x86_64-pc-windows-msvc\lib/rustlib/src/rust\library\std\src\thread\mod.rs:396:12
    |
393 |     pub fn spawn<F, T>(self, f: F) -> io::Result<JoinHandle<T>>
    |            ----- required by a bound in this associated function
...
396 |         F: Send + 'static,
    |            ^^^^ required by this bound in `Builder::spawn`
    = note: the full name for the type has been written to 'F:\temp\rusty-db\target\debug\deps\rusty_db-fb35c56b26b87e92.long-type-13742074447828829513.txt'
    = note: consider using `--verbose` to print the full type name to the console

error[E0308]: mismatched types
   --> src\io\windows_iocp.rs:291:17
    |
289 |             ReadFile(
    |             -------- arguments to this function are incorrect
290 |                 request.file_handle.0 as isize,
291 |                 request.buffer as *mut std::ffi::c_void,
    |                 ^^^^^^^^^^^^^^^^^^^^^^^^^^^^^^^^^^^^^^^ expected `*mut u8`, found `*mut c_void`
    |
    = note: expected raw pointer `*mut u8`
               found raw pointer `*mut c_void`
note: function defined here
   --> C:\Users\JustinSaadein\.cargo\registry\src\index.crates.io-1949cf8c6b5b557f\windows-sys-0.52.0\src\Windows\Win32\Storage\FileSystem\mod.rs:509:129
    |
509 | ...d features: `\"Win32_Foundation\"`, `\"Win32_System_IO\"`"] fn ReadFile(hfile : super::super::Foundation:: HANDLE, lpbuffer : *mut u8,...
    |                                                                   ^^^^^^^^

error[E0308]: mismatched types
   --> src\io\windows_iocp.rs:317:17
    |
315 |             WriteFile(
    |             --------- arguments to this function are incorrect
316 |                 request.file_handle.0 as isize,
317 |                 request.buffer as *const std::ffi::c_void,
    |                 ^^^^^^^^^^^^^^^^^^^^^^^^^^^^^^^^^^^^^^^^^ expected `*const u8`, found `*const c_void`
    |
    = note: expected raw pointer `*const u8`
               found raw pointer `*const c_void`
note: function defined here
   --> C:\Users\JustinSaadein\.cargo\registry\src\index.crates.io-1949cf8c6b5b557f\windows-sys-0.52.0\src\Windows\Win32\Storage\FileSystem\mod.rs:719:129
    |
719 | ... features: `\"Win32_Foundation\"`, `\"Win32_System_IO\"`"] fn WriteFile(hfile : super::super::Foundation:: HANDLE, lpbuffer : *const u...
    |                                                                  ^^^^^^^^^

error[E0599]: no method named `clone` found for struct `SimdContext` in the current scope
   --> src\simd\scan.rs:275:69
    |
275 |         let mut simd_filter = SimdFilter::with_context(self.context.clone());
    |                                                                     ^^^^^ method not found in `SimdContext`
    |
   ::: src\simd\mod.rs:435:1
    |
435 | pub struct SimdContext {
    | ---------------------- method `clone` not found for this struct
    |
    = help: items from traits can only be used if the trait is implemented and in scope
    = note: the following trait defines an item `clone`, perhaps you need to implement it:
            candidate #1: `Clone`

error[E0599]: no method named `filter_boolean` found for reference `&ColumnScan` in the current scope
   --> src\simd\scan.rs:310:22
    |
310 |                 self.filter_boolean(data, filter, input_selection, &mut output_selection)?;
    |                      ^^^^^^^^^^^^^^
    |
help: there is a method `filter_bool` with a similar name
    |
310 -                 self.filter_boolean(data, filter, input_selection, &mut output_selection)?;
310 +                 self.filter_bool(data, filter, input_selection, &mut output_selection)?;
    |

error[E0599]: no variant or associated item named `Text` found for enum `common::Value` in the current scope
   --> src\simd\scan.rs:506:20
    |
506 |             Value::Text(v) => v,
    |                    ^^^^ variant or associated item not found in `Value`
    |
   ::: src\common.rs:81:1
    |
81  | pub enum Value {
    | -------------- variant or associated item `Text` not found for this enum

error[E0599]: the method `clear` exists for mutable reference `&mut ConcurrentHashMap<K, V, S>`, but its trait bounds were not satisfied
   --> src\concurrent\hashmap.rs:532:14
    |
532 |         self.clear();
    |              ^^^^^ method cannot be called on `&mut ConcurrentHashMap<K, V, S>` due to unsatisfied trait bounds
    |
note: the following trait bounds were not satisfied:
      `K: std::cmp::Eq`
      `K: std::hash::Hash`
      `S: BuildHasher`
   --> src\concurrent\hashmap.rs:126:8
    |
124 | impl<K, V, S> ConcurrentHashMap<K, V, S>
    |               --------------------------
125 | where
126 |     K: Eq + Hash,
    |        ^^   ^^^^ unsatisfied trait bound introduced here
    |        |
    |        unsatisfied trait bound introduced here
127 |     S: BuildHasher,
    |        ^^^^^^^^^^^ unsatisfied trait bound introduced here
    = help: items from traits can only be used if the trait is implemented and in scope
    = note: the following traits define an item `clear`, perhaps you need to implement one of them:
            candidate #1: `bitflags::traits::Flags`
            candidate #2: `sharded_slab::clear::Clear`

error[E0599]: no function or associated item named `from_raw` found for struct `concurrent::epoch::Shared` in the current scope
   --> src\concurrent\skiplist.rs:38:13
    |
38  |     Shared::from_raw(raw as *mut _)
    |             ^^^^^^^^ function or associated item not found in `Shared<'_, _>`
    |
   ::: src\concurrent\epoch.rs:447:1
    |
447 | pub struct Shared<'g, T> {
    | ------------------------ function or associated item `from_raw` not found for this struct
    |
note: if you're trying to build a new `concurrent::epoch::Shared<'_, _>`, consider using `concurrent::epoch::Shared::<'g, T>::null` which returns `concurrent::epoch::Shared<'_, _>`
   --> src\concurrent\epoch.rs:454:5
    |
454 |     pub fn null() -> Self {
    |     ^^^^^^^^^^^^^^^^^^^^^
    = help: items from traits can only be used if the trait is implemented and in scope
    = note: the following trait defines an item `from_raw`, perhaps you need to implement it:
            candidate #1: `ExitStatusExt`
help: there is an associated function `from` with a similar name
    |
38  -     Shared::from_raw(raw as *mut _)
38  +     Shared::from(raw as *mut _)
    |

error[E0599]: no function or associated item named `from_raw` found for struct `concurrent::epoch::Shared` in the current scope
   --> src\concurrent\skiplist.rs:51:13
    |
51  |     Shared::from_raw(raw as *mut _)
    |             ^^^^^^^^ function or associated item not found in `Shared<'_, _>`
    |
   ::: src\concurrent\epoch.rs:447:1
    |
447 | pub struct Shared<'g, T> {
    | ------------------------ function or associated item `from_raw` not found for this struct
    |
note: if you're trying to build a new `concurrent::epoch::Shared<'_, _>`, consider using `concurrent::epoch::Shared::<'g, T>::null` which returns `concurrent::epoch::Shared<'_, _>`
   --> src\concurrent\epoch.rs:454:5
    |
454 |     pub fn null() -> Self {
    |     ^^^^^^^^^^^^^^^^^^^^^
    = help: items from traits can only be used if the trait is implemented and in scope
    = note: the following trait defines an item `from_raw`, perhaps you need to implement it:
            candidate #1: `ExitStatusExt`
help: there is an associated function `from` with a similar name
    |
51  -     Shared::from_raw(raw as *mut _)
51  +     Shared::from(raw as *mut _)
    |

error[E0308]: mismatched types
   --> src\concurrent\skiplist.rs:154:32
    |
154 |             head: Atomic::from(head.into_shared()),
    |                   ------------ ^^^^^^^^^^^^^^^^^^ expected `Atomic<Node<K, V>>`, found `Shared<'_, Node<_, _>>`
    |                   |
    |                   arguments to this function are incorrect
    |
    = note: expected struct `concurrent::epoch::Atomic<skiplist::Node<K, V>>`
               found struct `concurrent::epoch::Shared<'_, skiplist::Node<_, _>>`
note: associated function defined here
   --> C:\Users\JustinSaadein\.rustup\toolchains\stable-x86_64-pc-windows-msvc\lib/rustlib/src/rust\library\core\src\convert\mod.rs:587:8
    |
587 |     fn from(value: T) -> Self;
    |        ^^^^

error[E0308]: mismatched types
   --> src\concurrent\skiplist.rs:155:32
    |
155 |             tail: Atomic::from(tail.into_shared()),
    |                   ------------ ^^^^^^^^^^^^^^^^^^ expected `Atomic<Node<K, V>>`, found `Shared<'_, Node<_, _>>`
    |                   |
    |                   arguments to this function are incorrect
    |
    = note: expected struct `concurrent::epoch::Atomic<skiplist::Node<K, V>>`
               found struct `concurrent::epoch::Shared<'_, skiplist::Node<_, _>>`
note: associated function defined here
   --> C:\Users\JustinSaadein\.rustup\toolchains\stable-x86_64-pc-windows-msvc\lib/rustlib/src/rust\library\core\src\convert\mod.rs:587:8
    |
587 |     fn from(value: T) -> Self;
    |        ^^^^

error[E0308]: mismatched types
   --> src\bench\mod.rs:561:44
    |
561 |         let start_key = (i * range_size) % config.num_pages as u64;
    |                                            ^^^^^^^^^^^^^^^^^^^^^^^ expected `usize`, found `u64`

error[E0277]: cannot calculate the remainder of `usize` divided by `u64`
   --> src\bench\mod.rs:561:42
    |
561 |         let start_key = (i * range_size) % config.num_pages as u64;
    |                                          ^ no implementation for `usize % u64`
    |
    = help: the trait `Rem<u64>` is not implemented for `usize`
    = help: the following other types implement trait `Rem<Rhs>`:
              `&usize` implements `Rem<&num_bigint_dig::BigInt>`
              `&usize` implements `Rem<&rsa::BigUint>`
              `&usize` implements `Rem<num_bigint_dig::BigInt>`
              `&usize` implements `Rem<rsa::BigUint>`
              `&usize` implements `Rem<usize>`
              `&usize` implements `Rem`
              `usize` implements `Rem<&num_bigint_dig::BigInt>`
              `usize` implements `Rem<&rsa::BigUint>`
            and 6 others

error[E0308]: mismatched types
   --> src\bench\mod.rs:562:35
    |
562 |         let end_key = start_key + range_size as u64;
    |                                   ^^^^^^^^^^^^^^^^^ expected `usize`, found `u64`

error[E0277]: cannot add `u64` to `usize`
   --> src\bench\mod.rs:562:33
    |
562 |         let end_key = start_key + range_size as u64;
    |                                 ^ no implementation for `usize + u64`
    |
    = help: the trait `Add<u64>` is not implemented for `usize`
    = help: the following other types implement trait `Add<Rhs>`:
              `&usize` implements `Add<&num_bigint_dig::BigInt>`
              `&usize` implements `Add<&rsa::BigUint>`
              `&usize` implements `Add<num_bigint_dig::BigInt>`
              `&usize` implements `Add<rsa::BigUint>`
              `&usize` implements `Add<usize>`
              `&usize` implements `Add`
              `usize` implements `Add<&num_bigint_dig::BigInt>`
              `usize` implements `Add<&rsa::BigUint>`
            and 5 others

error[E0277]: the trait bound `std::ops::Range<usize>: RangeBounds<u64>` is not satisfied
    --> src\bench\mod.rs:567:43
     |
567  |         for (_key, _value) in btree.range(start_key..end_key) {
     |                                     ----- ^^^^^^^^^^^^^^^^^^ the trait `RangeBounds<u64>` is not implemented for `std::ops::Range<usize>`
     |                                     |
     |                                     required by a bound introduced by this call
     |
     = help: the following other types implement trait `RangeBounds<T>`:
               std::ops::Range<&T>
               std::ops::Range<T>
note: required by a bound in `BTreeMap::<K, V, A>::range`
    --> C:\Users\JustinSaadein\.rustup\toolchains\stable-x86_64-pc-windows-msvc\lib/rustlib/src/rust\library\alloc\src\collections\btree\map.rs:1248:12
     |
1244 |     pub fn range<T: ?Sized, R>(&self, range: R) -> Range<'_, K, V>
     |            ----- required by a bound in this associated function
...
1248 |         R: RangeBounds<T>,
     |            ^^^^^^^^^^^^^^ required by this bound in `BTreeMap::<K, V, A>::range`

error[E0308]: mismatched types
   --> src\bench\mod.rs:602:5
    |
585 | pub fn bench_pin_unpin_cycles(config: &BenchConfig) -> BenchMetrics {
    |                                                        ------------ expected `BenchMetrics` because of return type
...
602 |     metrics.clone()
    |     ^^^^^^^^^^^^^^^ expected `BenchMetrics`, found `&BenchMetrics`
    |
note: `BenchMetrics` does not implement `Clone`, so `&BenchMetrics` was cloned instead
   --> src\bench\mod.rs:602:5
    |
602 |     metrics.clone()
    |     ^^^^^^^
help: consider annotating `BenchMetrics` with `#[derive(Clone)]`
    |
104 + #[derive(Clone)]
105 | pub struct BenchMetrics {
    |

error[E0308]: mismatched types
   --> src\bench\mod.rs:640:5
    |
606 | pub fn bench_concurrent_buffer_access(config: &BenchConfig) -> BenchMetrics {
    |                                                                ------------ expected `BenchMetrics` because of return type
...
640 |     metrics.clone()
    |     ^^^^^^^^^^^^^^^ expected `BenchMetrics`, found `&BenchMetrics`
    |
note: `BenchMetrics` does not implement `Clone`, so `&BenchMetrics` was cloned instead
   --> src\bench\mod.rs:640:5
    |
640 |     metrics.clone()
    |     ^^^^^^^
help: consider annotating `BenchMetrics` with `#[derive(Clone)]`
    |
104 + #[derive(Clone)]
105 | pub struct BenchMetrics {
    |

error[E0308]: mismatched types
   --> src\bench\mod.rs:665:5
    |
644 | pub fn bench_buffer_eviction(config: &BenchConfig) -> BenchMetrics {
    |                                                       ------------ expected `BenchMetrics` because of return type
...
665 |     metrics.clone()
    |     ^^^^^^^^^^^^^^^ expected `BenchMetrics`, found `&BenchMetrics`
    |
note: `BenchMetrics` does not implement `Clone`, so `&BenchMetrics` was cloned instead
   --> src\bench\mod.rs:665:5
    |
665 |     metrics.clone()
    |     ^^^^^^^
help: consider annotating `BenchMetrics` with `#[derive(Clone)]`
    |
104 + #[derive(Clone)]
105 | pub struct BenchMetrics {
    |

error[E0308]: mismatched types
   --> src\bench\mod.rs:690:5
    |
673 | pub fn bench_queue_single_threaded(config: &BenchConfig) -> BenchMetrics {
    |                                                             ------------ expected `BenchMetrics` because of return type
...
690 |     metrics.clone()
    |     ^^^^^^^^^^^^^^^ expected `BenchMetrics`, found `&BenchMetrics`
    |
note: `BenchMetrics` does not implement `Clone`, so `&BenchMetrics` was cloned instead
   --> src\bench\mod.rs:690:5
    |
690 |     metrics.clone()
    |     ^^^^^^^
help: consider annotating `BenchMetrics` with `#[derive(Clone)]`
    |
104 + #[derive(Clone)]
105 | pub struct BenchMetrics {
    |

error[E0308]: mismatched types
   --> src\bench\mod.rs:738:5
    |
694 | pub fn bench_queue_multi_threaded(config: &BenchConfig) -> BenchMetrics {
    |                                                            ------------ expected `BenchMetrics` because of return type
...
738 |     metrics.clone()
    |     ^^^^^^^^^^^^^^^ expected `BenchMetrics`, found `&BenchMetrics`
    |
note: `BenchMetrics` does not implement `Clone`, so `&BenchMetrics` was cloned instead
   --> src\bench\mod.rs:738:5
    |
738 |     metrics.clone()
    |     ^^^^^^^
help: consider annotating `BenchMetrics` with `#[derive(Clone)]`
    |
104 + #[derive(Clone)]
105 | pub struct BenchMetrics {
    |

error[E0282]: type annotations needed
   --> src\core\mod.rs:840:35
    |
840 |         let task_queue = Arc::new(crossbeam::queue::SegQueue::new());
    |                                   ^^^^^^^^^^^^^^^^^^^^^^^^^^^^^^^ cannot infer type of the type parameter `T` declared on the struct `SegQueue`
...
864 |                             task();
    |                             ------ type must be known at this point
    |
help: consider specifying the generic argument
    |
840 |         let task_queue = Arc::new(crossbeam::queue::SegQueue::<T>::new());
    |                                                             +++++

warning: unused import: `Mac`
  --> src\api\gateway.rs:38:18
   |
38 | use hmac::{Hmac, Mac};
   |                  ^^^

warning: unused import: `Read`
 --> src\transaction\wal.rs:8:33
  |
8 | use std::io::{Write as IoWrite, Read, BufWriter, BufReader, IoSlice};
  |                                 ^^^^

warning: unused import: `Write`
 --> src\transaction\recovery.rs:7:15
  |
7 | use std::io::{Write as IoWrite, Read};
  |               ^^^^^

warning: unused import: `Read`
 --> src\transaction\recovery.rs:7:33
  |
7 | use std::io::{Write as IoWrite, Read};
  |                                 ^^^^

warning: unused import: `StreamExt`
 --> src\network\cluster_network.rs:7:31
  |
7 | use futures::stream::{Stream, StreamExt};
  |                               ^^^^^^^^^

warning: unused import: `Aead`
  --> src\security\encryption_engine.rs:27:12
   |
27 |     aead::{Aead as ChaChaAead, KeyInit as ChaChaKeyInit},
   |            ^^^^

warning: unused import: `sha2::Digest`
  --> src\security_vault\tde.rs:33:5
   |
33 | use sha2::Digest;
   |     ^^^^^^^^^^^^

warning: unused import: `sha2::Digest`
  --> src\security_vault\keystore.rs:48:5
   |
48 | use sha2::Digest;
   |     ^^^^^^^^^^^^

warning: unused import: `Write`
 --> src\backup\manager.rs:7:15
  |
7 | use std::io::{Write, Read};
  |               ^^^^^

warning: unused import: `Read`
 --> src\backup\manager.rs:7:22
  |
7 | use std::io::{Write, Read};
  |                      ^^^^

warning: unused import: `Write`
 --> src\backup\pitr.rs:6:21
  |
6 | use std::io::{Read, Write};
  |                     ^^^^^

warning: unused import: `Read`
 --> src\backup\pitr.rs:6:15
  |
6 | use std::io::{Read, Write};
  |               ^^^^

warning: unused import: `Write`
 --> src\backup\snapshots.rs:7:21
  |
7 | use std::io::{Read, Write};
  |                     ^^^^^

warning: unused import: `Read`
 --> src\backup\snapshots.rs:7:15
  |
7 | use std::io::{Read, Write};
  |               ^^^^

warning: unused import: `Write`
 --> src\backup\verification.rs:7:21
  |
7 | use std::io::{Read, Write};
  |                     ^^^^^

warning: unused import: `Read`
 --> src\backup\verification.rs:7:15
  |
7 | use std::io::{Read, Write};
  |               ^^^^

warning: unused import: `Read`
  --> src\procedures\builtins.rs:13:22
   |
13 | use std::io::{Write, Read, BufRead, BufReader};
   |                      ^^^^

warning: unused import: `ServiceExt`
  --> src\api\rest_api.rs:24:29
   |
24 | use tower::{ServiceBuilder, ServiceExt};
   |                             ^^^^^^^^^^

warning: unused import: `preprocessing::Preprocessor`
  --> src\ml\engine.rs:11:5
   |
11 |     preprocessing::Preprocessor,
   |     ^^^^^^^^^^^^^^^^^^^^^^^^^^^

warning: unused import: `std::os::windows::io::AsRawHandle`
  --> src\io\file_manager.rs:20:5
   |
20 | use std::os::windows::io::AsRawHandle;
   |     ^^^^^^^^^^^^^^^^^^^^^^^^^^^^^^^^^

warning: unused variable: `txn_id`
   --> src\common.rs:279:30
    |
279 |     pub fn is_visible(&self, txn_id: TransactionId, snapshot: &Snapshot) -> bool {
    |                              ^^^^^^ help: if this is intentional, prefix it with an underscore: `_txn_id`

warning: unused variable: `page_id`
   --> src\storage\disk.rs:676:34
    |
676 |     fn trigger_read_ahead(&self, page_id: PageId) -> Result<()> {
    |                                  ^^^^^^^ help: if this is intentional, prefix it with an underscore: `_page_id`

warning: unused variable: `split_point`
    --> src\storage\partitioning.rs:1256:21
     |
1256 |             for (i, split_point) in split_points.iter().enumerate() {
     |                     ^^^^^^^^^^^ help: if this is intentional, prefix it with an underscore: `_split_point`

warning: unused variable: `table`
    --> src\storage\partitioning.rs:1317:13
     |
1317 |             table: &str,
     |             ^^^^^ help: if this is intentional, prefix it with an underscore: `_table`

warning: variable does not need to be mutable
   --> src\storage\lsm.rs:298:13
    |
298 |         let mut merged = BTreeMap::new();
    |             ----^^^^^^
    |             |
    |             help: remove this `mut`

warning: unused variable: `start_pos`
   --> src\buffer\eviction.rs:154:13
    |
154 |         let start_pos = self.hand_position();
    |             ^^^^^^^^^ help: if this is intentional, prefix it with an underscore: `_start_pos`

error[E0502]: cannot borrow `list` as mutable because it is also borrowed as immutable
   --> src\buffer\eviction.rs:310:13
    |
308 |         let node = &list[idx];
    |                     ---- immutable borrow occurs here
309 |         if let Some(prev) = node.prev {
310 |             list[prev].next = node.next;
    |             ^^^^ mutable borrow occurs here
311 |         }
312 |         if let Some(next) = node.next {
    |                             --------- immutable borrow later used here

error[E0502]: cannot borrow `list` as mutable because it is also borrowed as immutable
   --> src\buffer\eviction.rs:313:13
    |
308 |         let node = &list[idx];
    |                     ---- immutable borrow occurs here
...
313 |             list[next].prev = node.prev;
    |             ^^^^ mutable borrow occurs here
...
318 |             *self.tail.lock() = node.prev;
    |                                 --------- immutable borrow later used here

error[E0502]: cannot borrow `list` as mutable because it is also borrowed as immutable
   --> src\buffer\eviction.rs:386:13
    |
383 |         let node = &list[idx];
    |                     ---- immutable borrow occurs here
...
386 |             list[prev].next = node.next;
    |             ^^^^ mutable borrow occurs here
387 |         }
388 |         if let Some(next) = node.next {
    |                             --------- immutable borrow later used here

error[E0502]: cannot borrow `list` as mutable because it is also borrowed as immutable
   --> src\buffer\eviction.rs:389:13
    |
383 |         let node = &list[idx];
    |                     ---- immutable borrow occurs here
...
389 |             list[next].prev = node.prev;
    |             ^^^^ mutable borrow occurs here
...
394 |             *self.head.lock() = node.next;
    |                                 --------- immutable borrow later used here

warning: variable does not need to be mutable
   --> src\buffer\manager.rs:764:13
    |
764 |         let mut sorted_batch = batch.clone();
    |             ----^^^^^^^^^^^^
    |             |
    |             help: remove this `mut`

error[E0596]: cannot borrow `*sorted_batch` as mutable, as it is behind a `&` reference
   --> src\buffer\manager.rs:765:9
    |
765 |         sorted_batch.sort_by_page_id();
    |         ^^^^^^^^^^^^ `sorted_batch` is a `&` reference, so the data it refers to cannot be borrowed as mutable
    |
help: `FrameBatch` doesn't implement `Clone`, so this call clones the reference `&FrameBatch`
   --> src\buffer\manager.rs:764:38
    |
764 |         let mut sorted_batch = batch.clone();
    |                                      ^^^^^^^
help: consider annotating `FrameBatch` with `#[derive(Clone)]`
   --> src\buffer\page_cache.rs:542:1
    |
542 + #[derive(Clone)]
543 | pub struct FrameBatch {
    |
help: consider specifying this binding's type
    |
764 |         let mut sorted_batch: &mut FrameBatch = batch.clone();
    |                             +++++++++++++++++

warning: unused variable: `page_id`
   --> src\buffer\manager.rs:841:35
    |
841 |     fn load_page_from_disk(&self, page_id: PageId, frame: &BufferFrame) -> Result<()> {
    |                                   ^^^^^^^ help: if this is intentional, prefix it with an underscore: `_page_id`

warning: unused variable: `page_id`
   --> src\buffer\manager.rs:851:34
    |
851 |     fn write_page_to_disk(&self, page_id: PageId, frame: &BufferFrame) -> Result<()> {
    |                                  ^^^^^^^ help: if this is intentional, prefix it with an underscore: `_page_id`

warning: unused variable: `page_ids`
   --> src\buffer\manager.rs:913:34
    |
913 |     pub fn prefetch_pages(&self, page_ids: &[PageId]) -> Result<()> {
    |                                  ^^^^^^^^ help: if this is intentional, prefix it with an underscore: `_page_ids`

warning: unused variable: `page_id`
   --> src\buffer\manager.rs:967:13
    |
967 |             page_id: PageId,
    |             ^^^^^^^ help: if this is intentional, prefix it with an underscore: `_page_id`

warning: unused variable: `buffer`
   --> src\buffer\manager.rs:968:13
    |
968 |             buffer: &mut PageBuffer,
    |             ^^^^^^ help: if this is intentional, prefix it with an underscore: `_buffer`

warning: unused variable: `page_id`
   --> src\buffer\manager.rs:977:13
    |
977 |             page_id: PageId,
    |             ^^^^^^^ help: if this is intentional, prefix it with an underscore: `_page_id`

warning: unused variable: `buffer`
   --> src\buffer\manager.rs:978:13
    |
978 |             buffer: &PageBuffer,
    |             ^^^^^^ help: if this is intentional, prefix it with an underscore: `_buffer`

warning: unused variable: `timeout_ms`
   --> src\buffer\manager.rs:985:40
    |
985 |         pub fn poll_completions(&self, timeout_ms: u32) -> Result<Vec<(PageId, Result<()>)>> {
    |                                        ^^^^^^^^^^ help: if this is intentional, prefix it with an underscore: `_timeout_ms`

error[E0499]: cannot borrow `state` as mutable more than once at a time
   --> src\buffer\lirs.rs:477:21
    |
472 |         if let Some(entry) = state.directory.get_mut(&frame_id) {
    |                              ----- first mutable borrow occurs here
...
477 |                     state.directory.remove(&frame_id);
    |                     ^^^^^ second mutable borrow occurs here
478 |                 }
479 |                 entry.in_queue = false;
    |                 ---------------------- first borrow later used here

error[E0507]: cannot move out of `self.current_pattern` which is behind a shared reference
   --> src\buffer\prefetch.rs:260:9
    |
260 |         self.current_pattern
    |         ^^^^^^^^^^^^^^^^^^^^ move occurs because `self.current_pattern` has type `prefetch::AccessPattern`, which does not implement the `Copy` trait
    |
help: consider cloning the value if the performance cost is acceptable
    |
260 |         self.current_pattern.clone()
    |                             ++++++++

error[E0507]: cannot move out of `self.current_pattern` which is behind a shared reference
   --> src\buffer\prefetch.rs:273:30
    |
273 |             current_pattern: self.current_pattern,
    |                              ^^^^^^^^^^^^^^^^^^^^ move occurs because `self.current_pattern` has type `prefetch::AccessPattern`, which does not implement the `Copy` trait
    |
help: consider cloning the value if the performance cost is acceptable
    |
273 |             current_pattern: self.current_pattern.clone(),
    |                                                  ++++++++

warning: variable does not need to be mutable
   --> src\buffer\hugepages.rs:490:9
    |
490 |     let mut info = HugePageSystemInfo::default();
    |         ----^^^^
    |         |
    |         help: remove this `mut`

warning: unused variable: `pool_type`
   --> src\memory\buffer_pool.rs:342:34
    |
342 |     pub fn allocate_frame(&self, pool_type: PoolType) -> Option<Arc<BufferFrame>> {
    |                                  ^^^^^^^^^ help: if this is intentional, prefix it with an underscore: `_pool_type`

warning: variable does not need to be mutable
   --> src\memory\buffer_pool.rs:451:13
    |
451 |         let mut keep_frames = self.keep_frames.lock();
    |             ----^^^^^^^^^^^
    |             |
    |             help: remove this `mut`

warning: variable does not need to be mutable
   --> src\memory\buffer_pool.rs:462:13
    |
462 |         let mut recycle_frames = self.recycle_frames.lock();
    |             ----^^^^^^^^^^^^^^
    |             |
    |             help: remove this `mut`

warning: unused variable: `numa_node`
   --> src\memory\buffer_pool.rs:497:39
    |
497 |     pub fn allocate_numa_frame(&self, numa_node: u32) -> Option<Arc<BufferFrame>> {
    |                                       ^^^^^^^^^ help: if this is intentional, prefix it with an underscore: `_numa_node`

warning: unused variable: `config`
   --> src\memory\buffer_pool.rs:515:13
    |
515 |         let config = self.config.clone();
    |             ^^^^^^ help: if this is intentional, prefix it with an underscore: `_config`

warning: unused variable: `pool_ref`
   --> src\memory\buffer_pool.rs:516:13
    |
516 |         let pool_ref = Arc::new(self.stats.clone());
    |             ^^^^^^^^ help: if this is intentional, prefix it with an underscore: `_pool_ref`

warning: unused variable: `page_id`
   --> src\memory\buffer_pool.rs:524:22
    |
524 |                 for (page_id, _frame) in table.iter() {
    |                      ^^^^^^^ help: if this is intentional, prefix it with an underscore: `_page_id`

warning: unused variable: `page_size`
   --> src\memory\buffer_pool.rs:716:40
    |
716 |     pub fn get(&self, page_id: PageId, page_size: usize) -> Option<Arc<BufferFrame>> {
    |                                        ^^^^^^^^^ help: if this is intentional, prefix it with an underscore: `_page_size`

warning: unused variable: `page_id`
   --> src\memory\buffer_pool.rs:798:23
    |
798 |     fn replace(&self, page_id: PageId, hit_location: CacheLocation) {
    |                       ^^^^^^^ help: if this is intentional, prefix it with an underscore: `_page_id`

warning: unused variable: `stats`
    --> src\memory\buffer_pool.rs:1980:13
     |
1980 |         let stats = Arc::new(Mutex::new(AtomicU64::new(self.stats.incremental_checkpoints.load(Ordering::Relaxed))));
     |             ^^^^^ help: if this is intentional, prefix it with an underscore: `_stats`

warning: unused variable: `pages_to_flush`
    --> src\memory\buffer_pool.rs:1989:25
     |
1989 |                     let pages_to_flush = std::cmp::min(dirty_count, batch_size);
     |                         ^^^^^^^^^^^^^^ help: if this is intentional, prefix it with an underscore: `_pages_to_flush`

warning: variable does not need to be mutable
   --> src\memory\allocator.rs:258:21
    |
258 |         if let Some(mut obj) = self.freelist {
    |                     ----^^^
    |                     |
    |                     help: remove this `mut`

warning: variable does not need to be mutable
   --> src\memory\allocator.rs:453:57
    |
453 |     fn put_slab(&mut self, size_class_info: &SizeClass, mut slab: Slab) {
    |                                                         ----^^^^
    |                                                         |
    |                                                         help: remove this `mut`

warning: unused variable: `use_huge_pages`
    --> src\memory\allocator.rs:1101:37
     |
1101 |     unsafe fn allocate(size: usize, use_huge_pages: bool, cow: bool) -> Result<Self> {
     |                                     ^^^^^^^^^^^^^^ help: if this is intentional, prefix it with an underscore: `_use_huge_pages`

warning: unused variable: `context_type`
    --> src\memory\allocator.rs:2219:9
     |
2219 |         context_type: ContextType,
     |         ^^^^^^^^^^^^ help: if this is intentional, prefix it with an underscore: `_context_type`

warning: unused variable: `i`
    --> src\memory\allocator.rs:2525:17
     |
2525 |             for i in 0..num_orders {
     |                 ^ help: if this is intentional, prefix it with an underscore: `_i`

error[E0596]: cannot borrow `leaf` as mutable, as it is not declared as mutable
   --> src\index\btree.rs:184:13
    |
184 |             leaf.insert_in_leaf(key, value)?;
    |             ^^^^ cannot borrow as mutable
    |
help: consider changing this to be mutable
    |
183 |             let mut leaf = Node::new_leaf(current_order);
    |                 +++

error[E0310]: the parameter type `K` may not live long enough
   --> src\index\hash_index.rs:196:12
    |
196 |         if std::any::TypeId::of::<K>() == std::any::TypeId::of::<String>() {
    |            ^^^^^^^^^^^^^^^^^^^^^^^^^^^
    |            |
    |            the parameter type `K` must be valid for the static lifetime...
    |            ...so that the type `K` will meet its required lifetime bounds
    |
help: consider adding an explicit lifetime bound
    |
44  | impl<K: Hash + Eq + Clone + 'static, V: Clone> ExtendibleHashIndex<K, V> {
    |                           +++++++++

error[E0310]: the parameter type `K` may not live long enough
   --> src\index\hash_index.rs:442:12
    |
442 |         if std::any::TypeId::of::<K>() == std::any::TypeId::of::<String>() {
    |            ^^^^^^^^^^^^^^^^^^^^^^^^^^^
    |            |
    |            the parameter type `K` must be valid for the static lifetime...
    |            ...so that the type `K` will meet its required lifetime bounds
    |
help: consider adding an explicit lifetime bound
    |
281 | impl<K: Hash + Eq + Clone + 'static, V: Clone> LinearHashIndex<K, V> {
    |                           +++++++++

warning: unused variable: `size`
   --> src\index\bitmap.rs:368:23
    |
368 |     pub fn not(&self, size: usize) -> CompressedBitmap {
    |                       ^^^^ help: if this is intentional, prefix it with an underscore: `_size`

warning: variable does not need to be mutable
  --> src\index\spatial.rs:72:13
   |
72 |         let mut leaf_lock = leaf.write();
   |             ----^^^^^^^^^
   |             |
   |             help: remove this `mut`

warning: variable does not need to be mutable
   --> src\index\spatial.rs:232:13
    |
232 |         let mut node = node_ref.write();
    |             ----^^^^
    |             |
    |             help: remove this `mut`

warning: variable does not need to be mutable
   --> src\index\spatial.rs:255:17
    |
255 |             let mut new_root = Node::new_internal(self.max_entries);
    |                 ----^^^^^^^^
    |                 |
    |                 help: remove this `mut`

error[E0499]: cannot borrow `index` as mutable more than once at a time
   --> src\index\partial.rs:98:17
    |
93  |         if let Some(values) = index.get_mut(key) {
    |                               ----- first mutable borrow occurs here
...
98  |                 index.remove(key);
    |                 ^^^^^ second mutable borrow occurs here
...
101 |             let deleted = values.len() < initial_len;
    |                           ------ first borrow later used here

warning: variable does not need to be mutable
   --> src\index\swiss_table.rs:103:13
    |
103 |         let mut ctrl = vec![EMPTY; num_groups * GROUP_SIZE];
    |             ----^^^^
    |             |
    |             help: remove this `mut`

warning: unused variable: `i`
    --> src\compression\algorithms.rs:1056:14
     |
1056 |         for (i, &byte) in packed.iter().enumerate() {
     |              ^ help: if this is intentional, prefix it with an underscore: `_i`

warning: unused variable: `col_type`
   --> src\compression\hcc.rs:221:62
    |
221 |     pub fn decompress_column_typed(&self, compressed: &[u8], col_type: &ColumnDataType) -> CompressionResult<Vec<u8>> {
    |                                                              ^^^^^^^^ help: if this is intentional, prefix it with an underscore: `_col_type`

warning: unused variable: `num_rows`
   --> src\compression\hcc.rs:294:13
    |
294 |         let num_rows = rows.len();
    |             ^^^^^^^^ help: if this is intentional, prefix it with an underscore: `_num_rows`

warning: unused variable: `col_idx`
   --> src\compression\hcc.rs:324:14
    |
324 |         for (col_idx, (column, col_type)) in columns.iter().zip(column_types.iter()).enumerate() {
    |              ^^^^^^^ help: if this is intentional, prefix it with an underscore: `_col_idx`

warning: unused variable: `row_id`
   --> src\compression\oltp.rs:258:53
    |
258 |     pub fn insert_row(&self, block: &mut OLTPBlock, row_id: u64, row: Vec<u8>)
    |                                                     ^^^^^^ help: if this is intentional, prefix it with an underscore: `_row_id`

warning: unused variable: `start`
   --> src\compression\dedup.rs:132:13
    |
132 |         let start = Instant::now();
    |             ^^^^^ help: if this is intentional, prefix it with an underscore: `_start`

warning: unused variable: `is_new`
   --> src\compression\dedup.rs:161:28
    |
161 |             let (chunk_id, is_new) = if self.is_duplicate(chunk_hash) {
    |                            ^^^^^^ help: if this is intentional, prefix it with an underscore: `_is_new`

error[E0502]: cannot borrow `self.versions` as immutable because it is also borrowed as mutable
   --> src\transaction\mvcc.rs:220:42
    |
219 |             let old_head = &mut self.versions[self.head];
    |                                 ------------- mutable borrow occurs here
220 |             old_head.next_version = Some(self.versions.len());
    |             -----------------------------^^^^^^^^^^^^^-------
    |             |                            |
    |             |                            immutable borrow occurs here
    |             mutable borrow later used here
    |
help: try adding a local storing this...
   --> src\transaction\mvcc.rs:220:42
    |
220 |             old_head.next_version = Some(self.versions.len());
    |                                          ^^^^^^^^^^^^^^^^^^^
help: ...and then using that local here
   --> src\transaction\mvcc.rs:220:13
    |
220 |             old_head.next_version = Some(self.versions.len());
    |             ^^^^^^^^^^^^^^^^^^^^^^^^^^^^^^^^^^^^^^^^^^^^^^^^^

warning: unused variable: `other_snapshot`
   --> src\transaction\mvcc.rs:619:25
    |
619 |         for (other_txn, other_snapshot) in txns.iter() {
    |                         ^^^^^^^^^^^^^^ help: if this is intentional, prefix it with an underscore: `_other_snapshot`

warning: unused variable: `up_to_lsn`
   --> src\transaction\wal.rs:660:28
    |
660 |     pub fn truncate(&self, up_to_lsn: LSN) -> std::result::Result<(), DbError> {
    |                            ^^^^^^^^^ help: if this is intentional, prefix it with an underscore: `_up_to_lsn`

warning: unreachable pattern
  --> src\transaction\locks.rs:81:13
   |
71 |             (IX, IS) | (S, IS) | (SIX, IS) | (U, IS) |
   |                                  --------- matches all the relevant values
...
81 |             (SIX, IS) |
   |             ^^^^^^^^^ no value can reach this
   |
   = note: `#[warn(unreachable_patterns)]` on by default

warning: unused variable: `page_id`
   --> src\transaction\recovery.rs:410:37
    |
410 |                 LogRecord::Delete { page_id, offset, deleted_data, .. } => {
    |                                     ^^^^^^^-
    |                                     |
    |                                     help: try removing the field

warning: unused variable: `offset`
   --> src\transaction\recovery.rs:410:46
    |
410 |                 LogRecord::Delete { page_id, offset, deleted_data, .. } => {
    |                                              ^^^^^^-
    |                                              |
    |                                              help: try removing the field

warning: unused variable: `deleted_data`
   --> src\transaction\recovery.rs:410:54
    |
410 |                 LogRecord::Delete { page_id, offset, deleted_data, .. } => {
    |                                                      ^^^^^^^^^^^^-
    |                                                      |
    |                                                      help: try removing the field

warning: unused variable: `before_lsn`
   --> src\transaction\mod.rs:314:28
    |
314 |     pub fn truncate(&self, before_lsn: LogSequenceNumber) -> Result<()> {
    |                            ^^^^^^^^^^ help: if this is intentional, prefix it with an underscore: `_before_lsn`

warning: variable `last_checkpoint_lsn` is assigned to, but never used
   --> src\transaction\mod.rs:799:17
    |
799 |         let mut last_checkpoint_lsn = 0;
    |                 ^^^^^^^^^^^^^^^^^^^
    |
    = note: consider using `_last_checkpoint_lsn` instead

warning: unused variable: `lsn`
   --> src\transaction\mod.rs:807:44
    |
807 |                 WALEntry::Commit { txn_id, lsn, .. } => {
    |                                            ^^^-
    |                                            |
    |                                            help: try removing the field

warning: value assigned to `last_checkpoint_lsn` is never read
   --> src\transaction\mod.rs:818:21
    |
818 |                     last_checkpoint_lsn = *lsn;
    |                     ^^^^^^^^^^^^^^^^^^^
    |
    = help: maybe it is overwritten before being read?
    = note: `#[warn(unused_assignments)]` on by default

warning: unused variable: `table`
   --> src\transaction\mod.rs:842:36
    |
842 |                 WALEntry::Insert { table, key, value, .. } => {
    |                                    ^^^^^-
    |                                    |
    |                                    help: try removing the field

warning: unused variable: `key`
   --> src\transaction\mod.rs:842:43
    |
842 |                 WALEntry::Insert { table, key, value, .. } => {
    |                                           ^^^-
    |                                           |
    |                                           help: try removing the field

warning: unused variable: `value`
   --> src\transaction\mod.rs:842:48
    |
842 |                 WALEntry::Insert { table, key, value, .. } => {
    |                                                ^^^^^-
    |                                                |
    |                                                help: try removing the field

warning: unused variable: `table`
   --> src\transaction\mod.rs:845:36
    |
845 |                 WALEntry::Update { table, key, new_value, .. } => {
    |                                    ^^^^^-
    |                                    |
    |                                    help: try removing the field

warning: unused variable: `key`
   --> src\transaction\mod.rs:845:43
    |
845 |                 WALEntry::Update { table, key, new_value, .. } => {
    |                                           ^^^-
    |                                           |
    |                                           help: try removing the field

warning: unused variable: `new_value`
   --> src\transaction\mod.rs:845:48
    |
845 |                 WALEntry::Update { table, key, new_value, .. } => {
    |                                                ^^^^^^^^^-
    |                                                |
    |                                                help: try removing the field

warning: unused variable: `table`
   --> src\transaction\mod.rs:848:36
    |
848 |                 WALEntry::Delete { table, key, .. } => {
    |                                    ^^^^^-
    |                                    |
    |                                    help: try removing the field

warning: unused variable: `key`
   --> src\transaction\mod.rs:848:43
    |
848 |                 WALEntry::Delete { table, key, .. } => {
    |                                           ^^^-
    |                                           |
    |                                           help: try removing the field

warning: unused variable: `table`
   --> src\transaction\mod.rs:861:36
    |
861 |                 WALEntry::Insert { table, key, .. } => {
    |                                    ^^^^^-
    |                                    |
    |                                    help: try removing the field

warning: unused variable: `key`
   --> src\transaction\mod.rs:861:43
    |
861 |                 WALEntry::Insert { table, key, .. } => {
    |                                           ^^^-
    |                                           |
    |                                           help: try removing the field

warning: unused variable: `table`
   --> src\transaction\mod.rs:864:36
    |
864 |                 WALEntry::Update { table, key, old_value, .. } => {
    |                                    ^^^^^-
    |                                    |
    |                                    help: try removing the field

warning: unused variable: `key`
   --> src\transaction\mod.rs:864:43
    |
864 |                 WALEntry::Update { table, key, old_value, .. } => {
    |                                           ^^^-
    |                                           |
    |                                           help: try removing the field

warning: unused variable: `old_value`
   --> src\transaction\mod.rs:864:48
    |
864 |                 WALEntry::Update { table, key, old_value, .. } => {
    |                                                ^^^^^^^^^-
    |                                                |
    |                                                help: try removing the field

warning: unused variable: `table`
   --> src\transaction\mod.rs:867:36
    |
867 |                 WALEntry::Delete { table, key, value, .. } => {
    |                                    ^^^^^-
    |                                    |
    |                                    help: try removing the field

warning: unused variable: `key`
   --> src\transaction\mod.rs:867:43
    |
867 |                 WALEntry::Delete { table, key, value, .. } => {
    |                                           ^^^-
    |                                           |
    |                                           help: try removing the field

warning: unused variable: `value`
   --> src\transaction\mod.rs:867:48
    |
867 |                 WALEntry::Delete { table, key, value, .. } => {
    |                                                ^^^^^-
    |                                                |
    |                                                help: try removing the field

warning: unused variable: `txn_id`
   --> src\transaction\mod.rs:857:32
    |
857 |     fn undo_transaction(&self, txn_id: TransactionId, entries: &[WALEntry]) -> Result<()> {
    |                                ^^^^^^ help: if this is intentional, prefix it with an underscore: `_txn_id`

warning: unused variable: `table`
    --> src\transaction\mod.rs:1338:36
     |
1338 |                 Operation::Write { table, key, value } => {
     |                                    ^^^^^ help: try ignoring the field: `table: _`

warning: unused variable: `key`
    --> src\transaction\mod.rs:1338:43
     |
1338 |                 Operation::Write { table, key, value } => {
     |                                           ^^^ help: try ignoring the field: `key: _`

warning: unused variable: `value`
    --> src\transaction\mod.rs:1338:48
     |
1338 |                 Operation::Write { table, key, value } => {
     |                                                ^^^^^ help: try ignoring the field: `value: _`

warning: unused variable: `table`
    --> src\transaction\mod.rs:1341:37
     |
1341 |                 Operation::Delete { table, key } => {
     |                                     ^^^^^ help: try ignoring the field: `table: _`

warning: unused variable: `key`
    --> src\transaction\mod.rs:1341:44
     |
1341 |                 Operation::Delete { table, key } => {
     |                                            ^^^ help: try ignoring the field: `key: _`

warning: unused variable: `child_txn`
    --> src\transaction\mod.rs:1528:33
     |
1528 |     pub fn commit_nested(&self, child_txn: TransactionId) -> Result<()> {
     |                                 ^^^^^^^^^ help: if this is intentional, prefix it with an underscore: `_child_txn`

warning: unused variable: `requested_mode`
    --> src\transaction\mod.rs:1604:9
     |
1604 |         requested_mode: LockMode,
     |         ^^^^^^^^^^^^^^ help: if this is intentional, prefix it with an underscore: `_requested_mode`

warning: unused variable: `held_mode`
    --> src\transaction\mod.rs:1605:9
     |
1605 |         held_mode: LockMode,
     |         ^^^^^^^^^ help: if this is intentional, prefix it with an underscore: `_held_mode`

warning: unused variable: `event_type`
    --> src\transaction\mod.rs:1797:66
     |
1797 |     pub fn query_audit_log(&self, txn_id: Option<TransactionId>, event_type: Option<AuditEventType>) -> Result<Vec<AuditEntry>> {
     |                                                                  ^^^^^^^^^^ help: if this is intentional, prefix it with an underscore: `_event_type`

warning: unused variable: `databases`
    --> src\transaction\mod.rs:2203:74
     |
2203 |     pub fn begin_global_transaction(&self, global_txn_id: TransactionId, databases: Vec<String>) -> Result<()> {
     |                                                                          ^^^^^^^^^ help: if this is intentional, prefix it with an underscore: `_databases`

warning: unused variable: `limit`
  --> src\execution\executor.rs:36:78
   |
36 |             SqlStatement::Select { table, columns, join, group_by, order_by, limit, .. } => {
   |                                                                              ^^^^^-
   |                                                                              |
   |                                                                              help: try removing the field

warning: unused variable: `name`
  --> src\execution\executor.rs:78:41
   |
78 |             SqlStatement::CreateIndex { name, table, columns, unique } => {
   |                                         ^^^^ help: try ignoring the field: `name: _`

warning: unused variable: `columns`
  --> src\execution\executor.rs:78:54
   |
78 |             SqlStatement::CreateIndex { name, table, columns, unique } => {
   |                                                      ^^^^^^^ help: try ignoring the field: `columns: _`

warning: unused variable: `unique`
  --> src\execution\executor.rs:78:63
   |
78 |             SqlStatement::CreateIndex { name, table, columns, unique } => {
   |                                                               ^^^^^^ help: try ignoring the field: `unique: _`

warning: unused variable: `name`
  --> src\execution\executor.rs:84:40
   |
84 |             SqlStatement::CreateView { name, query } => {
   |                                        ^^^^ help: try ignoring the field: `name: _`

warning: unused variable: `query`
  --> src\execution\executor.rs:84:46
   |
84 |             SqlStatement::CreateView { name, query } => {
   |                                              ^^^^^ help: try ignoring the field: `query: _`

warning: unused variable: `name`
  --> src\execution\executor.rs:88:40
   |
88 |             SqlStatement::AlterTable { name, action } => {
   |                                        ^^^^ help: try ignoring the field: `name: _`

warning: unused variable: `action`
  --> src\execution\executor.rs:88:46
   |
88 |             SqlStatement::AlterTable { name, action } => {
   |                                              ^^^^^^ help: try ignoring the field: `action: _`

warning: unused variable: `permission`
  --> src\execution\executor.rs:92:45
   |
92 |             SqlStatement::GrantPermission { permission, table, user } => {
   |                                             ^^^^^^^^^^ help: try ignoring the field: `permission: _`

warning: unused variable: `table`
  --> src\execution\executor.rs:92:57
   |
92 |             SqlStatement::GrantPermission { permission, table, user } => {
   |                                                         ^^^^^ help: try ignoring the field: `table: _`

warning: unused variable: `user`
  --> src\execution\executor.rs:92:64
   |
92 |             SqlStatement::GrantPermission { permission, table, user } => {
   |                                                                ^^^^ help: try ignoring the field: `user: _`

warning: unused variable: `permission`
  --> src\execution\executor.rs:96:46
   |
96 |             SqlStatement::RevokePermission { permission, table, user } => {
   |                                              ^^^^^^^^^^ help: try ignoring the field: `permission: _`

warning: unused variable: `table`
  --> src\execution\executor.rs:96:58
   |
96 |             SqlStatement::RevokePermission { permission, table, user } => {
   |                                                          ^^^^^ help: try ignoring the field: `table: _`

warning: unused variable: `user`
  --> src\execution\executor.rs:96:65
   |
96 |             SqlStatement::RevokePermission { permission, table, user } => {
   |                                                                 ^^^^ help: try ignoring the field: `user: _`

warning: variable does not need to be mutable
  --> src\execution\executor.rs:40:21
   |
40 |                 let mut result_columns = if columns.contains(&"*".to_string()) {
   |                     ----^^^^^^^^^^^^^^
   |                     |
   |                     help: remove this `mut`

warning: unused variable: `condition`
   --> src\execution\executor.rs:175:9
    |
175 |         condition: &str,
    |         ^^^^^^^^^ help: if this is intentional, prefix it with an underscore: `_condition`

warning: unused variable: `left_card`
   --> src\execution\optimizer.rs:190:21
    |
190 |                 let left_card = self.estimate_cardinality(&left);
    |                     ^^^^^^^^^ help: if this is intentional, prefix it with an underscore: `_left_card`

warning: unused variable: `right_card`
   --> src\execution\optimizer.rs:191:21
    |
191 |                 let right_card = self.estimate_cardinality(&right);
    |                     ^^^^^^^^^^ help: if this is intentional, prefix it with an underscore: `_right_card`

warning: unused variable: `table_stats`
   --> src\execution\optimizer.rs:235:29
    |
235 |                 if let Some(table_stats) = stats.tables.get(&table) {
    |                             ^^^^^^^^^^^ help: if this is intentional, prefix it with an underscore: `_table_stats`

warning: unused variable: `total_rows`
   --> src\execution\optimizer.rs:503:49
    |
503 |     pub fn estimate_equality_selectivity(&self, total_rows: usize) -> f64 {
    |                                                 ^^^^^^^^^^ help: if this is intentional, prefix it with an underscore: `_total_rows`

warning: unused variable: `hist`
   --> src\execution\optimizer.rs:512:21
    |
512 |         if let Some(hist) = &self.histogram {
    |                     ^^^^ help: if this is intentional, prefix it with an underscore: `_hist`

warning: unused variable: `total_rows`
   --> src\execution\optimizer.rs:511:70
    |
511 |     pub fn estimate_range_selectivity(&self, _min: &str, _max: &str, total_rows: usize) -> f64 {
    |                                                                      ^^^^^^^^^^ help: if this is intentional, prefix it with an underscore: `_total_rows`

warning: unused variable: `left_col`
   --> src\execution\optimizer.rs:676:9
    |
676 |         left_col: &str,
    |         ^^^^^^^^ help: if this is intentional, prefix it with an underscore: `_left_col`

warning: unused variable: `right_col`
   --> src\execution\optimizer.rs:677:9
    |
677 |         right_col: &str,
    |         ^^^^^^^^^ help: if this is intentional, prefix it with an underscore: `_right_col`

error[E0382]: borrow of moved value: `operator`
   --> src\execution\optimizer.rs:878:56
    |
867 |     pub fn record_error(&mut self, operator: String, estimated: f64, actual: f64) {
    |                                    -------- move occurs because `operator` has type `std::string::String`, which does not implement the `Copy` trait
868 |         self.cardinality_errors.push(CardinalityError {
869 |             operator,
    |             -------- value moved here
...
878 |         let correction = self.correction_factors.entry(operator.clone()).or_insert(1.0);
    |                                                        ^^^^^^^^ value borrowed here after move
    |
help: consider cloning the value if the performance cost is acceptable
    |
869 |             operator: operator.clone(),
    |                     ++++++++++++++++++

warning: unused variable: `left_card`
    --> src\execution\optimizer.rs:1114:13
     |
1114 |         let left_card = self.estimate_cardinality(&left);
     |             ^^^^^^^^^ help: if this is intentional, prefix it with an underscore: `_left_card`

warning: unused variable: `right_card`
    --> src\execution\optimizer.rs:1115:13
     |
1115 |         let right_card = self.estimate_cardinality(&right);
     |             ^^^^^^^^^^ help: if this is intentional, prefix it with an underscore: `_right_card`

warning: unused variable: `left_cost`
    --> src\execution\optimizer.rs:1194:46
     |
1194 |                     if let (Some((left_plan, left_cost)), Some((right_plan, right_cost))) =
     |                                              ^^^^^^^^^ help: if this is intentional, prefix it with an underscore: `_left_cost`

warning: unused variable: `right_cost`
    --> src\execution\optimizer.rs:1194:77
     |
1194 |                     if let (Some((left_plan, left_cost)), Some((right_plan, right_cost))) =
     |                                                                             ^^^^^^^^^^ help: if this is intentional, prefix it with an underscore: `_right_cost`

error[E0507]: cannot move out of `*join_type` which is behind a shared reference
    --> src\execution\optimizer.rs:1199:40
     |
1199 | ...                   join_type: *join_type,
     |                                  ^^^^^^^^^^ move occurs because `*join_type` has type `parser::JoinType`, which does not implement the `Copy` trait
     |
help: consider cloning the value if the performance cost is acceptable
     |
1199 -                             join_type: *join_type,
1199 +                             join_type: join_type.clone(),
     |

warning: unused variable: `cte_name`
   --> src\execution\cte.rs:145:9
    |
145 |         cte_name: &str,
    |         ^^^^^^^^ help: if this is intentional, prefix it with an underscore: `_cte_name`

warning: unused variable: `cte`
   --> src\execution\cte.rs:574:28
    |
574 |     pub fn push_predicates(cte: &mut CteDefinition, _predicate: &str) {
    |                            ^^^ help: if this is intentional, prefix it with an underscore: `_cte`

warning: unused variable: `plan1`
    --> src\execution\cte.rs:2611:24
     |
2611 |         fn merge_plans(plan1: &PlanNode, plan2: &PlanNode) -> PlanNode {
     |                        ^^^^^ help: if this is intentional, prefix it with an underscore: `_plan1`

warning: unused variable: `table_stats`
   --> src\execution\optimization.rs:197:25
    |
197 |             if let Some(table_stats) = self.get_table_stats(table) {
    |                         ^^^^^^^^^^^ help: if this is intentional, prefix it with an underscore: `_table_stats`

warning: variable does not need to be mutable
   --> src\execution\parallel.rs:383:21
    |
383 |                 let mut deque = VecDeque::with_capacity(1024);
    |                     ----^^^^^
    |                     |
    |                     help: remove this `mut`

error[E0382]: borrow of moved value: `batches`
   --> src\execution\vectorized.rs:392:25
    |
362 |         batches: Vec<ColumnBatch>,
    |         ------- move occurs because `batches` has type `Vec<ColumnBatch>`, which does not implement the `Copy` trait
...
369 |         for batch in batches {
    |                      ------- `batches` moved due to this implicit call to `.into_iter()`
...
392 |             .filter_map(|&idx| batches.first()?.schema.get(idx).cloned())
    |                         ^^^^^^ ------- borrow occurs due to use in closure
    |                         |
    |                         value borrowed here after move
    |
note: `std::iter::IntoIterator::into_iter` takes ownership of the receiver `self`, which moves `batches`
   --> C:\Users\JustinSaadein\.rustup\toolchains\stable-x86_64-pc-windows-msvc\lib/rustlib/src/rust\library\core\src\iter\traits\collect.rs:313:18
    |
313 |     fn into_iter(self) -> Self::IntoIter;
    |                  ^^^^
help: consider iterating over a slice of the `Vec<ColumnBatch>`'s content to avoid moving into the `for` loop
    |
369 |         for batch in &batches {
    |                      +

warning: variable does not need to be mutable
   --> src\execution\adaptive.rs:266:13
    |
266 |         let mut current_plan = plan;
    |             ----^^^^^^^^^^^^
    |             |
    |             help: remove this `mut`

warning: unused variable: `table`
   --> src\execution\adaptive.rs:606:9
    |
606 |         table: String,
    |         ^^^^^ help: if this is intentional, prefix it with an underscore: `_table`

warning: unused variable: `partition_budget`
   --> src\execution\hash_join.rs:237:13
    |
237 |         let partition_budget = self.config.memory_budget / self.config.num_partitions;
    |             ^^^^^^^^^^^^^^^^ help: if this is intentional, prefix it with an underscore: `_partition_budget`

warning: value assigned to `in_memory_partition` is never read
   --> src\execution\hash_join.rs:240:17
    |
240 |         let mut in_memory_partition: Option<HashMap<String, Vec<Vec<String>>>> = None;
    |                 ^^^^^^^^^^^^^^^^^^^
    |
    = help: maybe it is overwritten before being read?

warning: value assigned to `hot_partition_id` is never read
   --> src\execution\hash_join.rs:243:17
    |
243 |         let mut hot_partition_id = 0;
    |                 ^^^^^^^^^^^^^^^^
    |
    = help: maybe it is overwritten before being read?

warning: unused variable: `buf`
   --> src\execution\hash_join.rs:400:17
    |
400 |         let mut buf = String::new();
    |                 ^^^ help: if this is intentional, prefix it with an underscore: `_buf`

warning: variable does not need to be mutable
   --> src\execution\hash_join.rs:400:13
    |
400 |         let mut buf = String::new();
    |             ----^^^
    |             |
    |             help: remove this `mut`

warning: variable does not need to be mutable
   --> src\execution\hash_join.rs:401:13
    |
401 |         let mut reader = reader;
    |             ----^^^^^^
    |             |
    |             help: remove this `mut`

warning: unused variable: `columns`
   --> src\execution\hash_join.rs:419:9
    |
419 |         columns: &[String],
    |         ^^^^^^^ help: if this is intentional, prefix it with an underscore: `_columns`

warning: unused variable: `agg_col`
   --> src\execution\sort_merge.rs:593:9
    |
593 |         agg_col: usize,
    |         ^^^^^^^ help: if this is intentional, prefix it with an underscore: `_agg_col`

warning: unused variable: `node`
   --> src\network\cluster_network.rs:843:18
    |
843 |         for (id, node) in members.iter() {
    |                  ^^^^ help: if this is intentional, prefix it with an underscore: `_node`

warning: unused variable: `user_id`
   --> src\security\rbac.rs:677:9
    |
677 |         user_id: &UserId,
    |         ^^^^^^^ help: if this is intentional, prefix it with an underscore: `_user_id`

warning: unused variable: `start_hour`
   --> src\security\rbac.rs:736:51
    |
736 |                 ActivationCondition::TimeWindow { start_hour, end_hour } => {
    |                                                   ^^^^^^^^^^ help: try ignoring the field: `start_hour: _`

warning: unused variable: `end_hour`
   --> src\security\rbac.rs:736:63
    |
736 |                 ActivationCondition::TimeWindow { start_hour, end_hour } => {
    |                                                               ^^^^^^^^ help: try ignoring the field: `end_hour: _`

warning: unused variable: `allowed_days`
   --> src\security\rbac.rs:741:50
    |
741 |                 ActivationCondition::DayOfWeek { allowed_days } => {
    |                                                  ^^^^^^^^^^^^ help: try ignoring the field: `allowed_days: _`

warning: variable `previous_hash` is assigned to, but never used
   --> src\security\audit.rs:504:17
    |
504 |         let mut previous_hash: Option<String> = None;
    |                 ^^^^^^^^^^^^^
    |
    = note: consider using `_previous_hash` instead

warning: value assigned to `previous_hash` is never read
   --> src\security\audit.rs:517:13
    |
517 |             previous_hash = record.integrity_hash.clone();
    |             ^^^^^^^^^^^^^
    |
    = help: maybe it is overwritten before being read?

error[E0382]: borrow of moved value: `password_hash`
   --> src\security\authentication.rs:358:36
    |
329 |         let password_hash = self.hash_password(&password)?;
    |             ------------- move occurs because `password_hash` has type `std::string::String`, which does not implement the `Copy` trait
...
343 |             password_hash,
    |             ------------- value moved here
...
358 |             password_history: vec![password_hash.clone()],
    |                                    ^^^^^^^^^^^^^ value borrowed here after move
    |
help: consider cloning the value if the performance cost is acceptable
    |
343 |             password_hash: password_hash.clone(),
    |                          +++++++++++++++++++++++

warning: unused variable: `grant`
   --> src\security\privileges.rs:341:13
    |
341 |         let grant = {
    |             ^^^^^ help: if this is intentional, prefix it with an underscore: `_grant`

warning: unused variable: `object_id`
   --> src\security\privileges.rs:472:25
    |
472 |                         ref object_id,
    |                         ^^^^^^^^^^^^^ help: try ignoring the field: `object_id: _`

warning: unused variable: `base`
    --> src\security\bounds_protection.rs:1016:5
     |
1016 |     base: *const T,
     |     ^^^^ help: if this is intentional, prefix it with an underscore: `_base`

warning: unused variable: `identifier_regex`
   --> src\security\injection_prevention.rs:629:13
    |
629 |         let identifier_regex = Regex::new(r"\b[a-zA-Z_][a-zA-Z0-9_]*\b").unwrap();
    |             ^^^^^^^^^^^^^^^^ help: if this is intentional, prefix it with an underscore: `_identifier_regex`

warning: unused variable: `sql`
   --> src\security\injection_prevention.rs:626:36
    |
626 |     fn validate_identifiers(&self, sql: &str) -> Result<()> {
    |                                    ^^^ help: if this is intentional, prefix it with an underscore: `_sql`

warning: variable does not need to be mutable
   --> src\security\network_hardening.rs:377:13
    |
377 |         let mut connections = self.connections.write();
    |             ----^^^^^^^^^^^
    |             |
    |             help: remove this `mut`

warning: unused variable: `total`
   --> src\security\network_hardening.rs:561:13
    |
561 |         let total = self.requests.len() as f64;
    |             ^^^^^ help: if this is intentional, prefix it with an underscore: `_total`

warning: unused variable: `reason`
   --> src\security\network_hardening.rs:717:70
    |
717 |     fn detect_attack(&self, ip: IpAddr, attack_type: DDoSAttackType, reason: String) {
    |                                                                      ^^^^^^ help: if this is intentional, prefix it with an underscore: `_reason`

warning: unused variable: `datetime`
   --> src\security\insider_threat.rs:418:13
    |
418 |         let datetime = SystemTime::UNIX_EPOCH + Duration::from_secs(timestamp as u64);
    |             ^^^^^^^^ help: if this is intentional, prefix it with an underscore: `_datetime`

warning: unused variable: `duration`
   --> src\security\insider_threat.rs:420:13
    |
420 |         let duration = now.duration_since(SystemTime::UNIX_EPOCH).unwrap();
    |             ^^^^^^^^ help: if this is intentional, prefix it with an underscore: `_duration`

warning: unused variable: `session_durations`
   --> src\security\insider_threat.rs:669:17
    |
669 |         let mut session_durations: Vec<f64> = Vec::new();
    |                 ^^^^^^^^^^^^^^^^^ help: if this is intentional, prefix it with an underscore: `_session_durations`

warning: variable does not need to be mutable
   --> src\security\insider_threat.rs:669:13
    |
669 |         let mut session_durations: Vec<f64> = Vec::new();
    |             ----^^^^^^^^^^^^^^^^^
    |             |
    |             help: remove this `mut`

warning: variable does not need to be mutable
    --> src\security\insider_threat.rs:1150:17
     |
1150 |             let mut assessment = QueryRiskAssessment {
     |                 ----^^^^^^^^^^
     |                 |
     |                 help: remove this `mut`

warning: unused variable: `patterns`
   --> src\security\security_core.rs:730:13
    |
730 |         let patterns = self.attack_patterns.read();
    |             ^^^^^^^^ help: if this is intentional, prefix it with an underscore: `_patterns`

warning: unused variable: `user_id`
   --> src\security\security_core.rs:963:60
    |
963 |     pub fn calculate_threat_score(&self, ip: Option<&str>, user_id: &str) -> f64 {
    |                                                            ^^^^^^^ help: if this is intentional, prefix it with an underscore: `_user_id`

warning: variable does not need to be mutable
   --> src\monitoring\resource_manager.rs:267:13
    |
267 |         let mut manager = Self {
    |             ----^^^^^^^
    |             |
    |             help: remove this `mut`

error[E0502]: cannot borrow `*backups` as mutable because it is also borrowed as immutable
   --> src\backup\manager.rs:295:9
    |
295 |         backups.retain(|backup| self.should_keep(backup, backups));
    |         ^^^^^^^^------^--------^^^^^^^^^^^^^^^^^^^^^^^^^^-------^^
    |         |       |      |                                 |
    |         |       |      |                                 first borrow occurs due to use of `*backups` in closure
    |         |       |      immutable borrow occurs here
    |         |       immutable borrow later used by call
    |         mutable borrow occurs here

warning: unused variable: `commit_scn`
   --> src\backup\pitr.rs:333:60
    |
333 |     pub fn commit_transaction(&self, transaction_id: &str, commit_scn: u64) -> Result<()> {
    |                                                            ^^^^^^^^^^ help: if this is intentional, prefix it with an underscore: `_commit_scn`

warning: unused variable: `scn`
   --> src\backup\pitr.rs:355:14
    |
355 |         for (scn, entry) in entries.range(start_scn..=end_scn) {
    |              ^^^ help: if this is intentional, prefix it with an underscore: `_scn`

warning: unused variable: `total_entries`
   --> src\backup\pitr.rs:505:13
    |
505 |         let total_entries = entries.len();
    |             ^^^^^^^^^^^^^ help: if this is intentional, prefix it with an underscore: `_total_entries`

warning: unused variable: `hour`
   --> src\backup\snapshots.rs:256:40
    |
256 |             SnapshotFrequency::Daily { hour } => {
    |                                        ^^^^ help: try ignoring the field: `hour: _`

warning: unused variable: `day`
   --> src\backup\snapshots.rs:259:41
    |
259 |             SnapshotFrequency::Weekly { day, hour } => {
    |                                         ^^^ help: try ignoring the field: `day: _`

warning: unused variable: `hour`
   --> src\backup\snapshots.rs:259:46
    |
259 |             SnapshotFrequency::Weekly { day, hour } => {
    |                                              ^^^^ help: try ignoring the field: `hour: _`

warning: unused variable: `day`
   --> src\backup\snapshots.rs:262:42
    |
262 |             SnapshotFrequency::Monthly { day, hour } => {
    |                                          ^^^ help: try ignoring the field: `day: _`

warning: unused variable: `hour`
   --> src\backup\snapshots.rs:262:47
    |
262 |             SnapshotFrequency::Monthly { day, hour } => {
    |                                               ^^^^ help: try ignoring the field: `hour: _`

warning: unused variable: `cron_expression`
   --> src\backup\snapshots.rs:265:41
    |
265 |             SnapshotFrequency::Custom { cron_expression } => {
    |                                         ^^^^^^^^^^^^^^^ help: try ignoring the field: `cron_expression: _`

warning: unused variable: `parent`
   --> src\backup\snapshots.rs:364:13
    |
364 |         let parent = self.snapshots.read().get(parent_snapshot_id).cloned()
    |             ^^^^^^ help: if this is intentional, prefix it with an underscore: `_parent`

warning: unused variable: `schedule_id`
   --> src\backup\snapshots.rs:468:14
    |
468 |         for (schedule_id, schedule) in schedules.iter_mut() {
    |              ^^^^^^^^^^^ help: if this is intentional, prefix it with an underscore: `_schedule_id`

warning: unused variable: `data`
   --> src\backup\cloud.rs:455:38
    |
455 |     fn upload_part_with_retry(&self, data: &[u8], multipart_id: &str, part_num: u32) -> Result<String> {
    |                                      ^^^^ help: if this is intentional, prefix it with an underscore: `_data`

warning: unused variable: `cloud_key`
   --> src\backup\cloud.rs:460:41
    |
460 |     fn initiate_multipart_upload(&self, cloud_key: &str) -> Result<String> {
    |                                         ^^^^^^^^^ help: if this is intentional, prefix it with an underscore: `_cloud_key`

warning: unused variable: `multipart_id`
   --> src\backup\cloud.rs:465:41
    |
465 |     fn complete_multipart_upload(&self, multipart_id: &str, parts: &[UploadPart]) -> Result<()> {
    |                                         ^^^^^^^^^^^^ help: if this is intentional, prefix it with an underscore: `_multipart_id`

warning: unused variable: `parts`
   --> src\backup\cloud.rs:465:61
    |
465 |     fn complete_multipart_upload(&self, multipart_id: &str, parts: &[UploadPart]) -> Result<()> {
    |                                                             ^^^^^ help: if this is intentional, prefix it with an underscore: `_parts`

warning: unused variable: `backup`
   --> src\backup\cloud.rs:537:13
    |
537 |         let backup = self.backups.write().remove(backup_id)
    |             ^^^^^^ help: if this is intentional, prefix it with an underscore: `_backup`

warning: unused variable: `path`
   --> src\backup\cloud.rs:564:34
    |
564 |     fn calculate_checksum(&self, path: &Path) -> Result<String> {
    |                                  ^^^^ help: if this is intentional, prefix it with an underscore: `_path`

warning: unused variable: `iterations`
   --> src\backup\backup_encryption.rs:117:56
    |
117 |             KeyDerivationFunction::Argon2 { memory_kb, iterations, parallelism } => {
    |                                                        ^^^^^^^^^^ help: try ignoring the field: `iterations: _`

warning: unused variable: `parallelism`
   --> src\backup\backup_encryption.rs:117:68
    |
117 |             KeyDerivationFunction::Argon2 { memory_kb, iterations, parallelism } => {
    |                                                                    ^^^^^^^^^^^ help: try ignoring the field: `parallelism: _`

warning: unused variable: `r`
   --> src\backup\backup_encryption.rs:125:48
    |
125 |             KeyDerivationFunction::Scrypt { n, r, p } => {
    |                                                ^ help: try ignoring the field: `r: _`

warning: unused variable: `p`
   --> src\backup\backup_encryption.rs:125:51
    |
125 |             KeyDerivationFunction::Scrypt { n, r, p } => {
    |                                                   ^ help: try ignoring the field: `p: _`

warning: unused variable: `iv`
   --> src\backup\backup_encryption.rs:527:9
    |
527 |         iv: &[u8],
    |         ^^ help: if this is intentional, prefix it with an underscore: `_iv`

warning: unused variable: `iv`
   --> src\backup\backup_encryption.rs:554:9
    |
554 |         iv: &[u8],
    |         ^^ help: if this is intentional, prefix it with an underscore: `_iv`

warning: unused variable: `algorithm`
   --> src\backup\backup_encryption.rs:555:9
    |
555 |         algorithm: &EncryptionAlgorithm,
    |         ^^^^^^^^^ help: if this is intentional, prefix it with an underscore: `_algorithm`

warning: unused variable: `old_lsn`
   --> src\backup\disaster_recovery.rs:324:13
    |
324 |         let old_lsn = standby.last_applied_lsn;
    |             ^^^^^^^ help: if this is intentional, prefix it with an underscore: `_old_lsn`

warning: unused variable: `standby_name`
   --> src\backup\disaster_recovery.rs:470:32
    |
470 |     fn stop_replication(&self, standby_name: &str) -> Result<()> {
    |                                ^^^^^^^^^^^^ help: if this is intentional, prefix it with an underscore: `_standby_name`

warning: unused variable: `new_primary`
   --> src\backup\disaster_recovery.rs:487:35
    |
487 |     fn reconfigure_clients(&self, new_primary: &str) -> Result<()> {
    |                                   ^^^^^^^^^^^ help: if this is intentional, prefix it with an underscore: `_new_primary`

warning: unused variable: `backup_path`
   --> src\backup\verification.rs:243:9
    |
243 |         backup_path: &Path,
    |         ^^^^^^^^^^^ help: if this is intentional, prefix it with an underscore: `_backup_path`

warning: unused variable: `backup_path`
   --> src\backup\verification.rs:411:50
    |
411 |     fn verify_all_blocks(&self, backup_id: &str, backup_path: &Path) -> Result<Vec<CorruptedBlock>> {
    |                                                  ^^^^^^^^^^^ help: if this is intentional, prefix it with an underscore: `_backup_path`

warning: unused variable: `backup_path`
   --> src\backup\verification.rs:494:32
    |
494 |     fn simulate_restore(&self, backup_path: &Path, restore_dir: &Path) -> Result<()> {
    |                                ^^^^^^^^^^^ help: if this is intentional, prefix it with an underscore: `_backup_path`

warning: unused variable: `restore_dir`
   --> src\backup\verification.rs:494:52
    |
494 |     fn simulate_restore(&self, backup_path: &Path, restore_dir: &Path) -> Result<()> {
    |                                                    ^^^^^^^^^^^ help: if this is intentional, prefix it with an underscore: `_restore_dir`

warning: unused variable: `restore_dir`
   --> src\backup\verification.rs:500:36
    |
500 |     fn verify_restored_data(&self, restore_dir: &Path) -> Result<bool> {
    |                                    ^^^^^^^^^^^ help: if this is intentional, prefix it with an underscore: `_restore_dir`

warning: unused variable: `schedule_id`
   --> src\backup\verification.rs:518:14
    |
518 |         for (schedule_id, schedule) in schedules.iter_mut() {
    |              ^^^^^^^^^^^ help: if this is intentional, prefix it with an underscore: `_schedule_id`

error[E0004]: non-exhaustive patterns: `&VersionBound::Maxvalue` not covered
   --> src\flashback\versions.rs:355:33
    |
355 |         let after_start = match start {
    |                                 ^^^^^ pattern `&VersionBound::Maxvalue` not covered
    |
note: `VersionBound` defined here
   --> src\flashback\versions.rs:505:10
    |
505 | pub enum VersionBound {
    |          ^^^^^^^^^^^^
...
516 |     Maxvalue,
    |     -------- not covered
    = note: the matched value is of type `&VersionBound`
help: ensure that all possible cases are being handled by adding a match arm with a wildcard pattern or an explicit pattern as shown
    |
358 ~             VersionBound::Minvalue => true,
359 ~             &VersionBound::Maxvalue => todo!(),
    |

error[E0004]: non-exhaustive patterns: `&VersionBound::Minvalue` not covered
   --> src\flashback\versions.rs:361:32
    |
361 |         let before_end = match end {
    |                                ^^^ pattern `&VersionBound::Minvalue` not covered
    |
note: `VersionBound` defined here
   --> src\flashback\versions.rs:505:10
    |
505 | pub enum VersionBound {
    |          ^^^^^^^^^^^^
...
513 |     Minvalue,
    |     -------- not covered
    = note: the matched value is of type `&VersionBound`
help: ensure that all possible cases are being handled by adding a match arm with a wildcard pattern or an explicit pattern as shown
    |
364 ~             VersionBound::Maxvalue => true,
365 ~             &VersionBound::Minvalue => todo!(),
    |

error[E0382]: borrow of moved value: `changed_columns`
   --> src\flashback\versions.rs:463:24
    |
448 |         let mut changed_columns = Vec::new();
    |             ------------------- move occurs because `changed_columns` has type `Vec<versions::ColumnChange>`, which does not implement the `Copy` trait
...
462 |             changed_columns,
    |             --------------- value moved here
463 |             identical: changed_columns.is_empty(),
    |                        ^^^^^^^^^^^^^^^ value borrowed here after move
    |
help: consider cloning the value if the performance cost is acceptable
    |
462 |             changed_columns: changed_columns.clone(),
    |                            +++++++++++++++++++++++++

warning: unused variable: `now`
   --> src\flashback\versions.rs:659:13
    |
659 |         let now = current_timestamp();
    |             ^^^ help: if this is intentional, prefix it with an underscore: `_now`

warning: unused variable: `age_micros`
   --> src\flashback\versions.rs:678:21
    |
678 |                 let age_micros = max_age_secs * 1_000_000;
    |                     ^^^^^^^^^^ help: if this is intentional, prefix it with an underscore: `_age_micros`

warning: unused variable: `end_scn`
   --> src\flashback\versions.rs:679:29
    |
679 |                 if let Some(end_scn) = version.scn_deleted {
    |                             ^^^^^^^ help: if this is intentional, prefix it with an underscore: `_end_scn`

warning: unused variable: `left_table`
   --> src\flashback\versions.rs:781:9
    |
781 |         left_table: TableId,
    |         ^^^^^^^^^^ help: if this is intentional, prefix it with an underscore: `_left_table`

warning: unused variable: `right_table`
   --> src\flashback\versions.rs:782:9
    |
782 |         right_table: TableId,
    |         ^^^^^^^^^^^ help: if this is intentional, prefix it with an underscore: `_right_table`

warning: unused variable: `left_scn`
   --> src\flashback\versions.rs:783:9
    |
783 |         left_scn: SCN,
    |         ^^^^^^^^ help: if this is intentional, prefix it with an underscore: `_left_scn`

warning: unused variable: `right_scn`
   --> src\flashback\versions.rs:784:9
    |
784 |         right_scn: SCN,
    |         ^^^^^^^^^ help: if this is intentional, prefix it with an underscore: `_right_scn`

warning: unused variable: `join_condition`
   --> src\flashback\versions.rs:785:9
    |
785 |         join_condition: JoinCondition,
    |         ^^^^^^^^^^^^^^ help: if this is intentional, prefix it with an underscore: `_join_condition`

error[E0502]: cannot borrow `recycle_bin` as mutable because it is also borrowed as immutable
   --> src\flashback\table_restore.rs:162:9
    |
154 |         let dropped_table = recycle_bin.find_by_original_name(original_name)?;
    |                             ----------- immutable borrow occurs here
...
162 |         recycle_bin.remove(&dropped_table.recycle_name);
    |         ^^^^^^^^^^^        --------------------------- immutable borrow later used here
    |         |
    |         mutable borrow occurs here

warning: unused variable: `table_id`
   --> src\flashback\table_restore.rs:276:34
    |
276 |     fn validate_flashback(&self, table_id: TableId, target_scn: SCN) -> Result<()> {
    |                                  ^^^^^^^^ help: if this is intentional, prefix it with an underscore: `_table_id`

warning: unused variable: `table_id`
   --> src\flashback\table_restore.rs:312:9
    |
312 |         table_id: TableId,
    |         ^^^^^^^^ help: if this is intentional, prefix it with an underscore: `_table_id`

warning: unused variable: `state`
   --> src\flashback\table_restore.rs:313:9
    |
313 |         state: TableState,
    |         ^^^^^ help: if this is intentional, prefix it with an underscore: `_state`

warning: unused variable: `options`
   --> src\flashback\table_restore.rs:314:9
    |
314 |         options: &FlashbackOptions,
    |         ^^^^^^^ help: if this is intentional, prefix it with an underscore: `_options`

warning: unused variable: `table_id`
   --> src\flashback\table_restore.rs:325:31
    |
325 |     fn rebuild_indexes(&self, table_id: TableId) -> Result<usize> {
    |                               ^^^^^^^^ help: if this is intentional, prefix it with an underscore: `_table_id`

warning: unused variable: `table_id`
   --> src\flashback\table_restore.rs:330:35
    |
330 |     fn restore_constraints(&self, table_id: TableId, scn: SCN) -> Result<usize> {
    |                                   ^^^^^^^^ help: if this is intentional, prefix it with an underscore: `_table_id`

warning: unused variable: `scn`
   --> src\flashback\table_restore.rs:330:54
    |
330 |     fn restore_constraints(&self, table_id: TableId, scn: SCN) -> Result<usize> {
    |                                                      ^^^ help: if this is intentional, prefix it with an underscore: `_scn`

warning: unused variable: `table_id`
   --> src\flashback\table_restore.rs:335:32
    |
335 |     fn restore_triggers(&self, table_id: TableId, scn: SCN) -> Result<usize> {
    |                                ^^^^^^^^ help: if this is intentional, prefix it with an underscore: `_table_id`

warning: unused variable: `scn`
   --> src\flashback\table_restore.rs:335:51
    |
335 |     fn restore_triggers(&self, table_id: TableId, scn: SCN) -> Result<usize> {
    |                                                   ^^^ help: if this is intentional, prefix it with an underscore: `_scn`

warning: unused variable: `table_id`
   --> src\flashback\table_restore.rs:340:36
    |
340 |     fn validate_constraints(&self, table_id: TableId) -> Result<()> {
    |                                    ^^^^^^^^ help: if this is intentional, prefix it with an underscore: `_table_id`

warning: unused variable: `dropped_table`
   --> src\flashback\table_restore.rs:347:9
    |
347 |         dropped_table: &DroppedTable,
    |         ^^^^^^^^^^^^^ help: if this is intentional, prefix it with an underscore: `_dropped_table`

warning: unused variable: `new_name`
   --> src\flashback\table_restore.rs:348:9
    |
348 |         new_name: String,
    |         ^^^^^^^^ help: if this is intentional, prefix it with an underscore: `_new_name`

warning: unused variable: `table_id`
   --> src\flashback\table_restore.rs:363:32
    |
363 |     fn get_partition_id(&self, table_id: TableId, partition_name: &str) -> Result<u32> {
    |                                ^^^^^^^^ help: if this is intentional, prefix it with an underscore: `_table_id`

warning: unused variable: `partition_name`
   --> src\flashback\table_restore.rs:363:51
    |
363 |     fn get_partition_id(&self, table_id: TableId, partition_name: &str) -> Result<u32> {
    |                                                   ^^^^^^^^^^^^^^ help: if this is intentional, prefix it with an underscore: `_partition_name`

warning: unused variable: `table_id`
   --> src\flashback\table_restore.rs:370:9
    |
370 |         table_id: TableId,
    |         ^^^^^^^^ help: if this is intentional, prefix it with an underscore: `_table_id`

warning: unused variable: `target_scn`
   --> src\flashback\table_restore.rs:372:9
    |
372 |         target_scn: SCN,
    |         ^^^^^^^^^^ help: if this is intentional, prefix it with an underscore: `_target_scn`

warning: unused variable: `table_id`
   --> src\flashback\table_restore.rs:383:9
    |
383 |         table_id: TableId,
    |         ^^^^^^^^ help: if this is intentional, prefix it with an underscore: `_table_id`

warning: unused variable: `partition_id`
   --> src\flashback\table_restore.rs:384:9
    |
384 |         partition_id: u32,
    |         ^^^^^^^^^^^^ help: if this is intentional, prefix it with an underscore: `_partition_id`

warning: unused variable: `state`
   --> src\flashback\table_restore.rs:385:9
    |
385 |         state: PartitionState,
    |         ^^^^^ help: if this is intentional, prefix it with an underscore: `_state`

warning: unused variable: `plan`
   --> src\flashback\database.rs:520:46
    |
520 |     fn execute_database_flashback(&mut self, plan: &FlashbackPlan) -> Result<RecoveryResult> {
    |                                              ^^^^ help: if this is intentional, prefix it with an underscore: `_plan`

error[E0382]: borrow of moved value: `operation`
   --> src\flashback\transaction.rs:79:46
    |
72  |         operation: TransactionOperation,
    |         --------- move occurs because `operation` has type `flashback::transaction::TransactionOperation`, which does not implement the `Copy` trait
...
75  |         log.record(txn_id, operation)?;
    |                            --------- value moved here
...
79  |         tracker.analyze_dependencies(txn_id, &operation);
    |                                              ^^^^^^^^^^ value borrowed here after move
    |
note: consider changing this parameter type in method `record` to borrow instead if owning the value isn't necessary
   --> src\flashback\transaction.rs:234:60
    |
234 |     fn record(&mut self, txn_id: TransactionId, operation: TransactionOperation) -> Result<()> {
    |        ------ in this method                               ^^^^^^^^^^^^^^^^^^^^ this parameter takes ownership of the value
help: consider cloning the value if the performance cost is acceptable
    |
75  |         log.record(txn_id, operation.clone())?;
    |                                     ++++++++

warning: unused variable: `constraint`
   --> src\constraints\mod.rs:190:17
    |
190 |             for constraint in unique_constraints {
    |                 ^^^^^^^^^^ help: if this is intentional, prefix it with an underscore: `_constraint`

warning: unused variable: `values`
   --> src\constraints\mod.rs:186:48
    |
186 |     pub fn validate_unique(&self, table: &str, values: &HashMap<String, String>) -> Result<()> {
    |                                                ^^^^^^ help: if this is intentional, prefix it with an underscore: `_values`

warning: unused variable: `constraint`
   --> src\constraints\mod.rs:203:17
    |
203 |             for constraint in check_constraints {
    |                 ^^^^^^^^^^ help: if this is intentional, prefix it with an underscore: `_constraint`

warning: unused variable: `values`
   --> src\constraints\mod.rs:199:47
    |
199 |     pub fn validate_check(&self, table: &str, values: &HashMap<String, String>) -> Result<()> {
    |                                               ^^^^^^ help: if this is intentional, prefix it with an underscore: `_values`

warning: unused variable: `query`
   --> src\analytics\caching.rs:769:37
    |
769 |     fn cache_partial_results(&self, query: &str, result: &QueryResult) -> Result<()> {
    |                                     ^^^^^ help: if this is intentional, prefix it with an underscore: `_query`

warning: unused variable: `result`
   --> src\analytics\caching.rs:769:50
    |
769 |     fn cache_partial_results(&self, query: &str, result: &QueryResult) -> Result<()> {
    |                                                  ^^^^^^ help: if this is intentional, prefix it with an underscore: `_result`

warning: unused variable: `view`
   --> src\analytics\materialized_views.rs:273:32
    |
273 |     fn complete_refresh(&self, view: &MaterializedView) -> Result<RefreshResult> {
    |                                ^^^^ help: if this is intentional, prefix it with an underscore: `_view`

warning: unused variable: `view`
   --> src\analytics\materialized_views.rs:321:28
    |
321 |     fn fast_refresh(&self, view: &MaterializedView) -> Result<RefreshResult> {
    |                            ^^^^ help: if this is intentional, prefix it with an underscore: `_view`

warning: unused variable: `patterns`
   --> src\analytics\materialized_views.rs:623:9
    |
623 |         patterns: &[QueryPattern],
    |         ^^^^^^^^ help: if this is intentional, prefix it with an underscore: `_patterns`

warning: unused variable: `views`
   --> src\analytics\materialized_views.rs:634:9
    |
634 |         views: &HashMap<String, MaterializedView>,
    |         ^^^^^ help: if this is intentional, prefix it with an underscore: `_views`

warning: unused variable: `query`
   --> src\analytics\materialized_views.rs:642:29
    |
642 |     fn apply_rewrite(&self, query: &str, view_name: &str) -> Result<String> {
    |                             ^^^^^ help: if this is intentional, prefix it with an underscore: `_query`

warning: unused variable: `spec`
   --> src\analytics\window.rs:475:9
    |
475 |         spec: &WindowSpec,
    |         ^^^^ help: if this is intentional, prefix it with an underscore: `_spec`

warning: unused variable: `value`
   --> src\analytics\cube.rs:440:9
    |
440 |         value: &str,
    |         ^^^^^ help: if this is intentional, prefix it with an underscore: `_value`

error[E0382]: borrow of moved value: `filled_points`
    --> src\analytics\timeseries.rs:172:47
     |
127  |         let mut filled_points = Vec::new();
     |             ----------------- move occurs because `filled_points` has type `Vec<analytics::timeseries::TimeSeriesPoint>`, which does not implement the `Copy` trait
...
170  |             points: filled_points,
     |                     ------------- value moved here
171  |             interval: Some(expected_interval),
172  |             metadata: self.calculate_metadata(&filled_points),
     |                                               ^^^^^^^^^^^^^^ value borrowed here after move
     |
     = note: borrow occurs due to deref coercion to `[analytics::timeseries::TimeSeriesPoint]`
note: deref defined here
    --> C:\Users\JustinSaadein\.rustup\toolchains\stable-x86_64-pc-windows-msvc\lib/rustlib/src/rust\library\alloc\src\vec\mod.rs:3287:5
     |
3287 |     type Target = [T];
     |     ^^^^^^^^^^^
help: consider cloning the value if the performance cost is acceptable
     |
170  |             points: filled_points.clone(),
     |                                  ++++++++

error[E0382]: borrow of moved value: `downsampled_points`
    --> src\analytics\timeseries.rs:278:47
     |
262  |         let mut downsampled_points = Vec::new();
     |             ---------------------- move occurs because `downsampled_points` has type `Vec<analytics::timeseries::TimeSeriesPoint>`, which does not implement the `Copy` trait
...
276  |             points: downsampled_points,
     |                     ------------------ value moved here
277  |             interval: Some(bucket.duration),
278  |             metadata: self.calculate_metadata(&downsampled_points),
     |                                               ^^^^^^^^^^^^^^^^^^^ value borrowed here after move
     |
     = note: borrow occurs due to deref coercion to `[analytics::timeseries::TimeSeriesPoint]`
note: deref defined here
    --> C:\Users\JustinSaadein\.rustup\toolchains\stable-x86_64-pc-windows-msvc\lib/rustlib/src/rust\library\alloc\src\vec\mod.rs:3287:5
     |
3287 |     type Target = [T];
     |     ^^^^^^^^^^^
help: consider cloning the value if the performance cost is acceptable
     |
276  |             points: downsampled_points.clone(),
     |                                       ++++++++

error[E0382]: borrow of moved value: `ma_points`
    --> src\analytics\timeseries.rs:423:47
     |
352  |         let mut ma_points = Vec::new();
     |             ------------- move occurs because `ma_points` has type `Vec<analytics::timeseries::TimeSeriesPoint>`, which does not implement the `Copy` trait
...
421  |             points: ma_points,
     |                     --------- value moved here
422  |             interval: self.series.interval,
423  |             metadata: self.calculate_metadata(&ma_points),
     |                                               ^^^^^^^^^^ value borrowed here after move
     |
     = note: borrow occurs due to deref coercion to `[analytics::timeseries::TimeSeriesPoint]`
note: deref defined here
    --> C:\Users\JustinSaadein\.rustup\toolchains\stable-x86_64-pc-windows-msvc\lib/rustlib/src/rust\library\alloc\src\vec\mod.rs:3287:5
     |
3287 |     type Target = [T];
     |     ^^^^^^^^^^^
help: consider cloning the value if the performance cost is acceptable
     |
421  |             points: ma_points.clone(),
     |                              ++++++++

warning: unused variable: `key`
   --> src\analytics\warehouse.rs:482:9
    |
482 |         key: String,
    |         ^^^ help: if this is intentional, prefix it with an underscore: `_key`

warning: unused variable: `new_attributes`
   --> src\analytics\warehouse.rs:483:9
    |
483 |         new_attributes: HashMap<String, String>,
    |         ^^^^^^^^^^^^^^ help: if this is intentional, prefix it with an underscore: `_new_attributes`

warning: unused variable: `view_name`
    --> src\analytics\mod.rs:2105:44
     |
2105 |     pub fn apply_deltas_to_view(&mut self, view_name: &str, _view_query: &str) -> Result<()> {
     |                                            ^^^^^^^^^ help: if this is intentional, prefix it with an underscore: `_view_name`

warning: unused variable: `compressed`
    --> src\analytics\mod.rs:2314:30
     |
2314 |     pub fn decompress(&self, compressed: &CompressedResult) -> Result<Vec<Vec<String>>> {
     |                              ^^^^^^^^^^ help: if this is intentional, prefix it with an underscore: `_compressed`

warning: unused variable: `remainder`
   --> src\inmemory\vectorized_ops.rs:174:13
    |
174 |         let remainder = values.len() % VECTOR_WIDTH_I64;
    |             ^^^^^^^^^ help: if this is intentional, prefix it with an underscore: `_remainder`

error[E0310]: the parameter type `F` may not live long enough
   --> src\inmemory\vectorized_ops.rs:656:13
    |
656 | /             thread::spawn(move || {
657 | |                 chunk.iter().map(|&v| pred(v)).collect::<Vec<bool>>()
658 | |             })
    | |              ^
    | |              |
    | |______________the parameter type `F` must be valid for the static lifetime...
    |                ...so that the type `F` will meet its required lifetime bounds
    |
help: consider adding an explicit lifetime bound
    |
641 |     F: Fn(i64) -> bool + Send + Sync + 'static,
    |                                      +++++++++

error[E0311]: the parameter type `F` may not live long enough
   --> src\inmemory\vectorized_ops.rs:656:13
    |
639 |   pub fn parallel_scan_int64<F>(values: &[i64], predicate: F, num_threads: usize) -> Vec<bool>
    |                                         ------ the parameter type `F` must be valid for the anonymous lifetime defined here...
...
656 | /             thread::spawn(move || {
657 | |                 chunk.iter().map(|&v| pred(v)).collect::<Vec<bool>>()
658 | |             })
    | |______________^ ...so that the type `F` will meet its required lifetime bounds
    |
help: consider adding an explicit lifetime bound
    |
639 ~ pub fn parallel_scan_int64<'a, F>(values: &'a [i64], predicate: F, num_threads: usize) -> Vec<bool>
640 | where
641 ~     F: Fn(i64) -> bool + Send + Sync + 'a,
    |

warning: unused variable: `idx`
   --> src\inmemory\population.rs:337:14
    |
337 |         for (idx, &column_id) in task.column_ids.iter().enumerate() {
    |              ^^^ help: if this is intentional, prefix it with an underscore: `_idx`

warning: unused variable: `worker_running`
   --> src\inmemory\population.rs:431:17
    |
431 |             let worker_running = worker.running.clone();
    |                 ^^^^^^^^^^^^^^ help: if this is intentional, prefix it with an underscore: `_worker_running`

warning: unused variable: `profile`
   --> src\multitenancy\consolidation.rs:357:9
    |
357 |         profile: &WorkloadProfile,
    |         ^^^^^^^ help: if this is intentional, prefix it with an underscore: `_profile`

warning: variable does not need to be mutable
    --> src\graph\query_engine.rs:1055:9
     |
1055 |         mut bindings: Vec<VariableBindings>,
     |         ----^^^^^^^^
     |         |
     |         help: remove this `mut`

warning: unused variable: `vertex`
   --> src\graph\storage.rs:571:21
    |
571 |             let mut vertex = Vertex::with_properties(
    |                     ^^^^^^ help: if this is intentional, prefix it with an underscore: `_vertex`

warning: unused variable: `edge_id`
   --> src\graph\storage.rs:581:14
    |
581 |         for (edge_id, edge_data) in &adj_list.edges {
    |              ^^^^^^^ help: if this is intentional, prefix it with an underscore: `_edge_id`

warning: variable does not need to be mutable
   --> src\graph\storage.rs:571:17
    |
571 |             let mut vertex = Vertex::with_properties(
    |                 ----^^^^^^
    |                 |
    |                 help: remove this `mut`

warning: unused variable: `vertex_id`
   --> src\graph\storage.rs:599:20
    |
599 |         for (idx, &vertex_id) in csr.vertex_map.iter().enumerate() {
    |                    ^^^^^^^^^ help: if this is intentional, prefix it with an underscore: `_vertex_id`

warning: unused variable: `properties`
   --> src\graph\storage.rs:600:17
    |
600 |             let properties = csr.vertex_properties.get(idx)
    |                 ^^^^^^^^^^ help: if this is intentional, prefix it with an underscore: `_properties`

warning: unused variable: `i`
   --> src\graph\analytics.rs:442:13
    |
442 |         for i in 0..(path.len() - 1) {
    |             ^ help: if this is intentional, prefix it with an underscore: `_i`

warning: variable does not need to be mutable
   --> src\procedures\parser.rs:413:13
    |
413 |         let mut chars: Vec<char> = source.chars().collect();
    |             ----^^^^^
    |             |
    |             help: remove this `mut`

warning: unused variable: `values`
   --> src\procedures\runtime.rs:574:49
    |
574 |             Statement::Insert { table, columns, values } => {
    |                                                 ^^^^^^ help: try ignoring the field: `values: _`

warning: unused variable: `assignments`
   --> src\procedures\runtime.rs:585:40
    |
585 |             Statement::Update { table, assignments, where_clause } => {
    |                                        ^^^^^^^^^^^ help: try ignoring the field: `assignments: _`

warning: unused variable: `arguments`
   --> src\procedures\runtime.rs:607:45
    |
607 |             Statement::OpenCursor { cursor, arguments } => {
    |                                             ^^^^^^^^^ help: try ignoring the field: `arguments: _`

warning: unused variable: `state`
   --> src\procedures\functions.rs:304:9
    |
304 |         state: &mut AggregateState,
    |         ^^^^^ help: if this is intentional, prefix it with an underscore: `_state`

warning: unused variable: `value`
   --> src\procedures\functions.rs:305:9
    |
305 |         value: RuntimeValue,
    |         ^^^^^ help: if this is intentional, prefix it with an underscore: `_value`

warning: unused variable: `state`
   --> src\procedures\functions.rs:325:9
    |
325 |         state: &AggregateState,
    |         ^^^^^ help: if this is intentional, prefix it with an underscore: `_state`

warning: unused variable: `context`
   --> src\procedures\triggers.rs:115:38
    |
115 |     pub fn evaluate_condition(&self, context: &TriggerRowContext) -> Result<bool> {
    |                                      ^^^^^^^ help: if this is intentional, prefix it with an underscore: `_context`

warning: unused variable: `i`
   --> src\procedures\cursors.rs:257:13
    |
257 |         for i in self.lower_bound..=self.upper_bound {
    |             ^ help: if this is intentional, prefix it with an underscore: `_i`

warning: variable does not need to be mutable
   --> src\procedures\cursors.rs:255:13
    |
255 |         let mut exceptions = Vec::new();
    |             ----^^^^^^^^^^
    |             |
    |             help: remove this `mut`

warning: unused variable: `columns`
   --> src\procedures\compiler.rs:275:37
    |
275 |             Statement::SelectInto { columns, into_vars, from, where_clause } => {
    |                                     ^^^^^^^ help: try ignoring the field: `columns: _`

warning: unused variable: `symbol_table`
   --> src\procedures\compiler.rs:383:13
    |
383 |         let symbol_table = self.symbol_table.read();
    |             ^^^^^^^^^^^^ help: if this is intentional, prefix it with an underscore: `_symbol_table`

warning: unused variable: `init_val`
   --> src\procedures\compiler.rs:389:29
    |
389 |             if let Some(ref init_val) = decl.initial_value {
    |                             ^^^^^^^^ help: if this is intentional, prefix it with an underscore: `_init_val`

warning: unused variable: `result`
   --> src\procedures\compiler.rs:382:47
    |
382 |     fn check_types(&self, block: &PlSqlBlock, result: &mut CompilationResult) -> Result<()> {
    |                                               ^^^^^^ help: if this is intentional, prefix it with an underscore: `_result`

warning: unused variable: `block`
   --> src\procedures\compiler.rs:399:36
    |
399 |     fn analyze_dependencies(&self, block: &PlSqlBlock, result: &mut CompilationResult) -> Result<()> {
    |                                    ^^^^^ help: if this is intentional, prefix it with an underscore: `_block`

error[E0499]: cannot borrow `objects` as mutable more than once at a time
   --> src\procedures\compiler.rs:500:40
    |
493 |         if let Some(obj) = objects.get_mut(object_name) {
    |                            ------- first mutable borrow occurs here
...
498 |             for dependent in &obj.dependents {
    |                              --------------- first borrow later used here
499 |                 to_recompile.push(dependent.clone());
500 |                 if let Some(dep_obj) = objects.get_mut(dependent) {
    |                                        ^^^^^^^ second mutable borrow occurs here

warning: unused variable: `op`
   --> src\advanced_replication\multi_master.rs:368:42
    |
368 |     fn find_conflicting_operation(&self, op: &ReplicationOp) -> Option<ReplicationOp> {
    |                                          ^^ help: if this is intentional, prefix it with an underscore: `_op`

warning: unused variable: `current_term`
   --> src\clustering\mod.rs:232:13
    |
232 |         let current_term = *term;
    |             ^^^^^^^^^^^^ help: if this is intentional, prefix it with an underscore: `_current_term`

warning: unused variable: `analysis`
    --> src\clustering\mod.rs:1946:13
     |
1946 |         let analysis = self.analyze_topology()?;
     |             ^^^^^^^^ help: if this is intentional, prefix it with an underscore: `_analysis`

warning: unused variable: `snapshot_data`
   --> src\clustering\raft.rs:808:9
    |
808 |         snapshot_data: Vec<u8>,
    |         ^^^^^^^^^^^^^ help: if this is intentional, prefix it with an underscore: `_snapshot_data`

warning: unused variable: `node_id`
   --> src\clustering\dht.rs:312:13
    |
312 |         let node_id = metadata.id.clone();
    |             ^^^^^^^ help: if this is intentional, prefix it with an underscore: `_node_id`

warning: unused variable: `interval_ms`
   --> src\rac\interconnect.rs:252:13
    |
252 |         let interval_ms = interval.as_millis() as f64;
    |             ^^^^^^^^^^^ help: if this is intentional, prefix it with an underscore: `_interval_ms`

warning: unused variable: `benchmark`
    --> src\performance\mod.rs:1841:13
     |
1841 |         let benchmark = benchmarks.get(benchmark_id)
     |             ^^^^^^^^^ help: if this is intentional, prefix it with an underscore: `_benchmark`

warning: variable does not need to be mutable
   --> src\orchestration\registry.rs:428:13
    |
428 |         let mut errors: Vec<String> = Vec::new();
    |             ----^^^^^^
    |             |
    |             help: remove this `mut`

warning: unused variable: `data`
   --> src\streams\cdc.rs:849:9
    |
849 |         data: &[u8],
    |         ^^^^ help: if this is intentional, prefix it with an underscore: `_data`

warning: unused variable: `topic`
   --> src\streams\subscriber.rs:493:43
    |
493 |     pub fn get_assigned_partitions(&self, topic: &str) -> Vec<u32> {
    |                                           ^^^^^ help: if this is intentional, prefix it with an underscore: `_topic`

warning: variable does not need to be mutable
   --> src\streams\replication.rs:624:29
    |
624 |                 if let Some(mut conflict) = conflicts_lock.pop_front() {
    |                             ----^^^^^^^^
    |                             |
    |                             help: remove this `mut`

warning: unused variable: `old_schema`
   --> src\streams\integration.rs:707:55
    |
707 |     fn is_compatible(&self, new_schema: &EventSchema, old_schema: &EventSchema) -> bool {
    |                                                       ^^^^^^^^^^ help: if this is intentional, prefix it with an underscore: `_old_schema`

warning: unused variable: `timestamp`
   --> src\event_processing\analytics.rs:375:18
    |
375 |         for (i, (timestamp, value)) in self.history.iter().enumerate() {
    |                  ^^^^^^^^^ help: if this is intentional, prefix it with an underscore: `_timestamp`

warning: variable does not need to be mutable
   --> src\event_processing\streams.rs:487:29
    |
487 |                 if let Some(mut events) = self.events.remove(&oldest_time) {
    |                             ----^^^^^^
    |                             |
    |                             help: remove this `mut`

warning: unused variable: `interval`
   --> src\event_processing\streams.rs:637:41
    |
637 |             WatermarkStrategy::Periodic(interval) => {
    |                                         ^^^^^^^^ help: if this is intentional, prefix it with an underscore: `_interval`

warning: unused variable: `timeout`
    --> src\event_processing\streams.rs:1030:24
     |
1030 |     pub fn poll(&self, timeout: Duration) -> Result<Vec<EventBatch>> {
     |                        ^^^^^^^ help: if this is intentional, prefix it with an underscore: `_timeout`

warning: unused variable: `window_id`
   --> src\event_processing\windows.rs:157:33
    |
157 |     fn window_start_time(&self, window_id: WindowId, event_time: SystemTime) -> SystemTime {
    |                                 ^^^^^^^^^ help: if this is intentional, prefix it with an underscore: `_window_id`

warning: unused variable: `pane_id`
   --> src\event_processing\windows.rs:909:15
    |
909 |         for (&pane_id, pane) in self.panes.range(start_pane_id..=end_pane_id) {
    |               ^^^^^^^ help: if this is intentional, prefix it with an underscore: `_pane_id`

warning: unused variable: `hyperparameters`
   --> src\ml\sql_integration.rs:454:13
    |
454 |         let hyperparameters = stmt.get_hyperparameters();
    |             ^^^^^^^^^^^^^^^ help: if this is intentional, prefix it with an underscore: `_hyperparameters`

warning: unused variable: `n_models`
   --> src\ml_engine\scoring.rs:175:13
    |
175 |         let n_models = models.len();
    |             ^^^^^^^^ help: if this is intentional, prefix it with an underscore: `_n_models`

warning: variable does not need to be mutable
   --> src\ml_engine\automl.rs:513:13
    |
513 |         let mut leaderboard = self.build_leaderboard(&trials, config);
    |             ----^^^^^^^^^^^
    |             |
    |             help: remove this `mut`

warning: unused variable: `model`
   --> src\ml_engine\automl.rs:650:42
    |
650 |     pub fn get_feature_importance(&self, model: &Model) -> Vec<(String, f64)> {
    |                                          ^^^^^ help: if this is intentional, prefix it with an underscore: `_model`

warning: unused variable: `metric`
   --> src\ml_engine\training.rs:107:57
    |
107 |     pub fn get_lr(&self, epoch: usize, current_lr: f64, metric: Option<f64>) -> f64 {
    |                                                         ^^^^^^ help: if this is intentional, prefix it with an underscore: `_metric`

warning: unused variable: `val`
   --> src\ml_engine\training.rs:673:9
    |
673 |         val: &Dataset,
    |         ^^^ help: if this is intentional, prefix it with an underscore: `_val`

warning: unused variable: `val`
   --> src\ml_engine\training.rs:795:9
    |
795 |         val: &Dataset,
    |         ^^^ help: if this is intentional, prefix it with an underscore: `_val`

warning: unused variable: `workload`
   --> src\autonomous\self_tuning.rs:740:9
    |
740 |         workload: &WorkloadCharacteristics,
    |         ^^^^^^^^ help: if this is intentional, prefix it with an underscore: `_workload`

warning: unused variable: `dim`
   --> src\autonomous\workload_ml.rs:151:55
    |
151 |     fn initialize_centroids(&self, data: &[Vec<f64>], dim: usize) -> Vec<Vec<f64>> {
    |                                                       ^^^ help: if this is intentional, prefix it with an underscore: `_dim`

warning: unused variable: `sum_y2`
   --> src\autonomous\workload_ml.rs:593:13
    |
593 |         let sum_y2: f64 = points.iter().map(|(_, y)| y * y).sum();
    |             ^^^^^^ help: if this is intentional, prefix it with an underscore: `_sum_y2`

warning: unused variable: `key`
   --> src\autonomous\auto_indexing.rs:197:14
    |
197 |         for (key, pattern) in patterns.iter() {
    |              ^^^ help: if this is intentional, prefix it with an underscore: `_key`

warning: unused variable: `maintenance_window_start`
   --> src\autonomous\auto_indexing.rs:527:37
    |
527 |     pub fn optimize_schedule(&self, maintenance_window_start: u8, maintenance_window_end: u8) {
    |                                     ^^^^^^^^^^^^^^^^^^^^^^^^ help: if this is intentional, prefix it with an underscore: `_maintenance_window_start`

warning: unused variable: `maintenance_window_end`
   --> src\autonomous\auto_indexing.rs:527:67
    |
527 |     pub fn optimize_schedule(&self, maintenance_window_start: u8, maintenance_window_end: u8) {
    |                                                                   ^^^^^^^^^^^^^^^^^^^^^^ help: if this is intentional, prefix it with an underscore: `_maintenance_window_end`

warning: unused variable: `end_hour`
   --> src\autonomous\predictive.rs:439:17
    |
439 |             let end_hour = (start_hour + duration_hours as u8) % 24;
    |                 ^^^^^^^^ help: if this is intentional, prefix it with an underscore: `_end_hour`

warning: value assigned to `public_key` is never read
   --> src\blockchain\crypto.rs:473:17
    |
473 |         let mut public_key = [0u8; 32];
    |                 ^^^^^^^^^^
    |
    = help: maybe it is overwritten before being read?

warning: unused variable: `public_key`
   --> src\blockchain\crypto.rs:511:25
    |
511 | pub fn verify_signature(public_key: &PublicKey, message: &[u8], signature: &Signature) -> bool {
    |                         ^^^^^^^^^^ help: if this is intentional, prefix it with an underscore: `_public_key`

warning: unused variable: `sql_text`
   --> src\workload\sql_tuning.rs:609:31
    |
609 |     fn recommend_index(&self, sql_text: &str, rec_id: u32) -> Result<TuningRecommendation> {
    |                               ^^^^^^^^ help: if this is intentional, prefix it with an underscore: `_sql_text`

warning: unused variable: `start_time`
   --> src\workload\performance_hub.rs:633:43
    |
633 |     pub fn get_wait_event_analysis(&self, start_time: SystemTime, end_time: SystemTime) -> Vec<WaitEventMetrics> {
    |                                           ^^^^^^^^^^ help: if this is intentional, prefix it with an underscore: `_start_time`

warning: unused variable: `end_time`
   --> src\workload\performance_hub.rs:633:67
    |
633 |     pub fn get_wait_event_analysis(&self, start_time: SystemTime, end_time: SystemTime) -> Vec<WaitEventMetrics> {
    |                                                                   ^^^^^^^^ help: if this is intentional, prefix it with an underscore: `_end_time`

warning: unused variable: `start_time`
   --> src\workload\performance_hub.rs:639:35
    |
639 |     pub fn get_io_analysis(&self, start_time: SystemTime, end_time: SystemTime) -> Vec<FileIoStats> {
    |                                   ^^^^^^^^^^ help: if this is intentional, prefix it with an underscore: `_start_time`

warning: unused variable: `end_time`
   --> src\workload\performance_hub.rs:639:59
    |
639 |     pub fn get_io_analysis(&self, start_time: SystemTime, end_time: SystemTime) -> Vec<FileIoStats> {
    |                                                           ^^^^^^^^ help: if this is intentional, prefix it with an underscore: `_end_time`

warning: value assigned to `finding_id` is never read
   --> src\workload\advisor.rs:475:13
    |
475 |             finding_id += sql_findings.len() as u32;
    |             ^^^^^^^^^^
    |
    = help: maybe it is overwritten before being read?

warning: unused variable: `analysis_id`
   --> src\workload\advisor.rs:352:35
    |
352 |     fn analyze_performance(&self, analysis_id: AnalysisId) -> Result<Vec<Finding>> {
    |                                   ^^^^^^^^^^^ help: if this is intentional, prefix it with an underscore: `_analysis_id`

warning: unused variable: `seed_coord`
   --> src\spatial\analysis.rs:173:9
    |
173 |         seed_coord: Coordinate,
    |         ^^^^^^^^^^ help: if this is intentional, prefix it with an underscore: `_seed_coord`

warning: variable does not need to be mutable
   --> src\spatial\analysis.rs:337:17
    |
337 |             let mut distances: Vec<f64> = points
    |                 ----^^^^^^^^^
    |                 |
    |                 help: remove this `mut`

warning: unused variable: `coord`
   --> src\spatial\analysis.rs:730:22
    |
730 |         for (i, (id, coord, _)) in self.points.iter().enumerate() {
    |                      ^^^^^ help: if this is intentional, prefix it with an underscore: `_coord`

warning: unused variable: `j`
   --> src\spatial\analysis.rs:756:14
    |
756 |         for (j, (_, other_coord, value)) in self.points.iter().enumerate() {
    |              ^ help: if this is intentional, prefix it with an underscore: `_j`

warning: value assigned to `cos_sq_alpha` is never read
   --> src\spatial\srs.rs:434:17
    |
434 |         let mut cos_sq_alpha = 0.0;
    |                 ^^^^^^^^^^^^
    |
    = help: maybe it is overwritten before being read?

warning: value assigned to `sin_sigma` is never read
   --> src\spatial\srs.rs:435:17
    |
435 |         let mut sin_sigma = 0.0;
    |                 ^^^^^^^^^
    |
    = help: maybe it is overwritten before being read?

warning: value assigned to `cos_sigma` is never read
   --> src\spatial\srs.rs:436:17
    |
436 |         let mut cos_sigma = 0.0;
    |                 ^^^^^^^^^
    |
    = help: maybe it is overwritten before being read?

warning: value assigned to `sigma` is never read
   --> src\spatial\srs.rs:437:17
    |
437 |         let mut sigma = 0.0;
    |                 ^^^^^
    |
    = help: maybe it is overwritten before being read?

warning: value assigned to `cos_2_sigma_m` is never read
   --> src\spatial\srs.rs:438:17
    |
438 |         let mut cos_2_sigma_m = 0.0;
    |                 ^^^^^^^^^^^^^
    |
    = help: maybe it is overwritten before being read?

warning: variable does not need to be mutable
   --> src\document_store\indexing.rs:539:13
    |
539 |         let mut candidates: HashSet<DocumentId> = if let Some(doc_positions) = self.inverted_index.get(first_term) {
    |             ----^^^^^^^^^^
    |             |
    |             help: remove this `mut`

error[E0716]: temporary value dropped while borrowed
   --> src\document_store\indexing.rs:620:25
    |
620 |             .unwrap_or(&TextIndexOptions::default());
    |                         ^^^^^^^^^^^^^^^^^^^^^^^^^^^ - temporary value is freed at the end of this statement
    |                         |
    |                         creates a temporary value which is freed while still in use
621 |
622 |         let text = if options.case_sensitive {
    |                       ---------------------- borrow later used here
    |
help: consider using a `let` binding to create a longer lived value
    |
619 ~         let binding = TextIndexOptions::default();
620 ~         let options = self.definition.text_options.as_ref()
621 ~             .unwrap_or(&binding);
    |

warning: variable does not need to be mutable
   --> src\document_store\aggregation.rs:238:34
    |
238 |             if let Value::Object(mut obj) = doc.clone() {
    |                                  ----^^^
    |                                  |
    |                                  help: remove this `mut`

warning: unused variable: `filter`
   --> src\optimizer_pro\cost_model.rs:264:9
    |
264 |         filter: Option<&Expression>,
    |         ^^^^^^ help: if this is intentional, prefix it with an underscore: `_filter`

warning: unused variable: `index_stats`
   --> src\optimizer_pro\cost_model.rs:304:17
    |
304 |             let index_stats = self.get_index_stats(*index_id)?;
    |                 ^^^^^^^^^^^ help: if this is intentional, prefix it with an underscore: `_index_stats`

warning: unused variable: `filter`
   --> src\optimizer_pro\cost_model.rs:297:9
    |
297 |         filter: Option<&Expression>,
    |         ^^^^^^ help: if this is intentional, prefix it with an underscore: `_filter`

warning: unused variable: `condition`
   --> src\optimizer_pro\cost_model.rs:347:39
    |
347 |         let selectivity = if let Some(condition) = condition {
    |                                       ^^^^^^^^^ help: if this is intentional, prefix it with an underscore: `_condition`

warning: unused variable: `join_type`
   --> src\optimizer_pro\cost_model.rs:336:9
    |
336 |         join_type: JoinType,
    |         ^^^^^^^^^ help: if this is intentional, prefix it with an underscore: `_join_type`

warning: unused variable: `hash_keys`
   --> src\optimizer_pro\cost_model.rs:372:9
    |
372 |         hash_keys: &[Expression],
    |         ^^^^^^^^^ help: if this is intentional, prefix it with an underscore: `_hash_keys`

warning: unused variable: `condition`
   --> src\optimizer_pro\cost_model.rs:373:9
    |
373 |         condition: Option<&Expression>,
    |         ^^^^^^^^^ help: if this is intentional, prefix it with an underscore: `_condition`

warning: unused variable: `join_type`
   --> src\optimizer_pro\cost_model.rs:374:9
    |
374 |         join_type: JoinType,
    |         ^^^^^^^^^ help: if this is intentional, prefix it with an underscore: `_join_type`

warning: unused variable: `merge_keys`
   --> src\optimizer_pro\cost_model.rs:413:9
    |
413 |         merge_keys: &[(Expression, Expression)],
    |         ^^^^^^^^^^ help: if this is intentional, prefix it with an underscore: `_merge_keys`

warning: unused variable: `condition`
   --> src\optimizer_pro\cost_model.rs:414:9
    |
414 |         condition: Option<&Expression>,
    |         ^^^^^^^^^ help: if this is intentional, prefix it with an underscore: `_condition`

warning: unused variable: `join_type`
   --> src\optimizer_pro\cost_model.rs:415:9
    |
415 |         join_type: JoinType,
    |         ^^^^^^^^^ help: if this is intentional, prefix it with an underscore: `_join_type`

warning: unused variable: `num_sort_keys`
   --> src\optimizer_pro\cost_model.rs:441:9
    |
441 |         num_sort_keys: usize,
    |         ^^^^^^^^^^^^^ help: if this is intentional, prefix it with an underscore: `_num_sort_keys`

warning: unused variable: `low`
   --> src\optimizer_pro\cost_model.rs:688:46
    |
688 |     pub fn estimate_range_selectivity(&self, low: &Value, high: &Value) -> f64 {
    |                                              ^^^ help: if this is intentional, prefix it with an underscore: `_low`

warning: unused variable: `high`
   --> src\optimizer_pro\cost_model.rs:688:59
    |
688 |     pub fn estimate_range_selectivity(&self, low: &Value, high: &Value) -> f64 {
    |                                                           ^^^^ help: if this is intentional, prefix it with an underscore: `_high`

warning: unused variable: `value`
   --> src\optimizer_pro\cost_model.rs:694:49
    |
694 |     pub fn estimate_equality_selectivity(&self, value: &Value) -> f64 {
    |                                                 ^^^^^ help: if this is intentional, prefix it with an underscore: `_value`

warning: unused variable: `join_keys`
   --> src\optimizer_pro\cost_model.rs:743:9
    |
743 |         join_keys: &[Expression],
    |         ^^^^^^^^^ help: if this is intentional, prefix it with an underscore: `_join_keys`

warning: unused variable: `actual_cardinality`
   --> src\optimizer_pro\cost_model.rs:758:59
    |
758 |     pub fn train_ml_model(&self, query_signature: String, actual_cardinality: usize) {
    |                                                           ^^^^^^^^^^^^^^^^^^ help: if this is intentional, prefix it with an underscore: `_actual_cardinality`

warning: unused variable: `expr`
   --> src\optimizer_pro\cost_model.rs:830:30
    |
830 |             Expression::In { expr, list } => {
    |                              ^^^^ help: try ignoring the field: `expr: _`

warning: unused variable: `condition`
   --> src\optimizer_pro\cost_model.rs:908:13
    |
908 |         for condition in key_conditions {
    |             ^^^^^^^^^ help: if this is intentional, prefix it with an underscore: `_condition`

warning: unused variable: `left`
   --> src\optimizer_pro\plan_generator.rs:247:68
    |
247 |         if let Some(Expression::BinaryOp { op: BinaryOperator::Or, left, right }) = filter {
    |                                                                    ^^^^ help: try ignoring the field: `left: _`

warning: unused variable: `right`
   --> src\optimizer_pro\plan_generator.rs:247:74
    |
247 |         if let Some(Expression::BinaryOp { op: BinaryOperator::Or, left, right }) = filter {
    |                                                                          ^^^^^ help: try ignoring the field: `right: _`

warning: unused variable: `columns`
   --> src\optimizer_pro\plan_generator.rs:619:9
    |
619 |         columns: &[Expression],
    |         ^^^^^^^ help: if this is intentional, prefix it with an underscore: `_columns`

warning: unused variable: `index`
   --> src\optimizer_pro\plan_generator.rs:678:9
    |
678 |         index: &IndexInfo,
    |         ^^^^^ help: if this is intentional, prefix it with an underscore: `_index`

warning: unused variable: `table`
   --> src\optimizer_pro\plan_generator.rs:998:9
    |
998 |         table: TableId,
    |         ^^^^^ help: if this is intentional, prefix it with an underscore: `_table`

warning: unused variable: `filter`
   --> src\optimizer_pro\plan_generator.rs:999:9
    |
999 |         filter: Option<&Expression>,
    |         ^^^^^^ help: if this is intentional, prefix it with an underscore: `_filter`

warning: unused variable: `table_id`
   --> src\optimizer_pro\adaptive.rs:171:9
    |
171 |         table_id: TableId,
    |         ^^^^^^^^ help: if this is intentional, prefix it with an underscore: `_table_id`

warning: unused variable: `filter`
   --> src\optimizer_pro\adaptive.rs:172:9
    |
172 |         filter: Option<&Expression>,
    |         ^^^^^^ help: if this is intentional, prefix it with an underscore: `_filter`

warning: unused variable: `table_id`
   --> src\optimizer_pro\adaptive.rs:190:9
    |
190 |         table_id: TableId,
    |         ^^^^^^^^ help: if this is intentional, prefix it with an underscore: `_table_id`

warning: unused variable: `index_id`
   --> src\optimizer_pro\adaptive.rs:191:9
    |
191 |         index_id: IndexId,
    |         ^^^^^^^^ help: if this is intentional, prefix it with an underscore: `_index_id`

warning: unused variable: `key_conditions`
   --> src\optimizer_pro\adaptive.rs:192:9
    |
192 |         key_conditions: &[Expression],
    |         ^^^^^^^^^^^^^^ help: if this is intentional, prefix it with an underscore: `_key_conditions`

warning: unused variable: `filter`
   --> src\optimizer_pro\adaptive.rs:193:9
    |
193 |         filter: Option<&Expression>,
    |         ^^^^^^ help: if this is intentional, prefix it with an underscore: `_filter`

warning: unused variable: `right_rows`
   --> src\optimizer_pro\adaptive.rs:218:13
    |
218 |         let right_rows = self.execute_with_monitoring(right, execution_id, &mut vec![])?;
    |             ^^^^^^^^^^ help: if this is intentional, prefix it with an underscore: `_right_rows`

warning: unused variable: `condition`
   --> src\optimizer_pro\adaptive.rs:211:9
    |
211 |         condition: Option<&Expression>,
    |         ^^^^^^^^^ help: if this is intentional, prefix it with an underscore: `_condition`

warning: unused variable: `join_type`
   --> src\optimizer_pro\adaptive.rs:212:9
    |
212 |         join_type: JoinType,
    |         ^^^^^^^^^ help: if this is intentional, prefix it with an underscore: `_join_type`

warning: unused variable: `left_rows`
   --> src\optimizer_pro\adaptive.rs:247:13
    |
247 |         let left_rows = self.execute_with_monitoring(left, execution_id, &mut vec![])?;
    |             ^^^^^^^^^ help: if this is intentional, prefix it with an underscore: `_left_rows`

warning: unused variable: `right_rows`
   --> src\optimizer_pro\adaptive.rs:248:13
    |
248 |         let right_rows = self.execute_with_monitoring(right, execution_id, &mut vec![])?;
    |             ^^^^^^^^^^ help: if this is intentional, prefix it with an underscore: `_right_rows`

warning: unused variable: `hash_keys`
   --> src\optimizer_pro\adaptive.rs:240:9
    |
240 |         hash_keys: &[Expression],
    |         ^^^^^^^^^ help: if this is intentional, prefix it with an underscore: `_hash_keys`

warning: unused variable: `condition`
   --> src\optimizer_pro\adaptive.rs:241:9
    |
241 |         condition: Option<&Expression>,
    |         ^^^^^^^^^ help: if this is intentional, prefix it with an underscore: `_condition`

warning: unused variable: `join_type`
   --> src\optimizer_pro\adaptive.rs:242:9
    |
242 |         join_type: JoinType,
    |         ^^^^^^^^^ help: if this is intentional, prefix it with an underscore: `_join_type`

warning: unused variable: `left_rows`
   --> src\optimizer_pro\adaptive.rs:270:13
    |
270 |         let left_rows = self.execute_with_monitoring(left, execution_id, &mut vec![])?;
    |             ^^^^^^^^^ help: if this is intentional, prefix it with an underscore: `_left_rows`

warning: unused variable: `right_rows`
   --> src\optimizer_pro\adaptive.rs:271:13
    |
271 |         let right_rows = self.execute_with_monitoring(right, execution_id, &mut vec![])?;
    |             ^^^^^^^^^^ help: if this is intentional, prefix it with an underscore: `_right_rows`

warning: unused variable: `merge_keys`
   --> src\optimizer_pro\adaptive.rs:263:9
    |
263 |         merge_keys: &[(Expression, Expression)],
    |         ^^^^^^^^^^ help: if this is intentional, prefix it with an underscore: `_merge_keys`

warning: unused variable: `condition`
   --> src\optimizer_pro\adaptive.rs:264:9
    |
264 |         condition: Option<&Expression>,
    |         ^^^^^^^^^ help: if this is intentional, prefix it with an underscore: `_condition`

warning: unused variable: `join_type`
   --> src\optimizer_pro\adaptive.rs:265:9
    |
265 |         join_type: JoinType,
    |         ^^^^^^^^^ help: if this is intentional, prefix it with an underscore: `_join_type`

warning: unused variable: `execution_id`
   --> src\optimizer_pro\adaptive.rs:605:9
    |
605 |         execution_id: &ExecutionId,
    |         ^^^^^^^^^^^^ help: if this is intentional, prefix it with an underscore: `_execution_id`

warning: unused variable: `fingerprint`
   --> src\optimizer_pro\plan_baselines.rs:136:33
    |
136 |     pub fn load_baseline(&self, fingerprint: &QueryFingerprint) -> Result<Option<SqlPlanBaseline>> {
    |                                 ^^^^^^^^^^^ help: if this is intentional, prefix it with an underscore: `_fingerprint`

warning: unused variable: `baseline`
   --> src\optimizer_pro\plan_baselines.rs:142:33
    |
142 |     pub fn save_baseline(&self, baseline: &SqlPlanBaseline) -> Result<()> {
    |                                 ^^^^^^^^ help: if this is intentional, prefix it with an underscore: `_baseline`

warning: unused variable: `expr`
   --> src\optimizer_pro\transformations.rs:352:30
    |
352 |             Expression::In { expr, list } => {
    |                              ^^^^ help: try ignoring the field: `expr: _`

warning: unused variable: `query`
   --> src\optimizer_pro\transformations.rs:449:36
    |
449 |     pub fn build_join_graph(&self, query: &Query) -> Result<()> {
    |                                    ^^^^^ help: if this is intentional, prefix it with an underscore: `_query`

warning: unused variable: `key`
   --> src\optimizer_pro\transformations.rs:611:14
    |
611 |         for (key, count) in expr_counts {
    |              ^^^ help: if this is intentional, prefix it with an underscore: `_key`

warning: variable does not need to be mutable
   --> src\optimizer_pro\transformations.rs:603:13
    |
603 |         let mut common = Vec::new();
    |             ----^^^^^^
    |             |
    |             help: remove this `mut`

warning: variable does not need to be mutable
   --> src\optimizer_pro\transformations.rs:658:21
    |
658 |                 let mut normalized_left = Self::normalize(left);
    |                     ----^^^^^^^^^^^^^^^
    |                     |
    |                     help: remove this `mut`

warning: variable does not need to be mutable
   --> src\optimizer_pro\transformations.rs:659:21
    |
659 |                 let mut normalized_right = Self::normalize(right);
    |                     ----^^^^^^^^^^^^^^^^
    |                     |
    |                     help: remove this `mut`

warning: unused variable: `start_hour`
   --> src\resource_manager\consumer_groups.rs:234:40
    |
234 |             RuleCondition::TimeOfDay { start_hour, end_hour } => {
    |                                        ^^^^^^^^^^ help: try ignoring the field: `start_hour: _`

warning: unused variable: `end_hour`
   --> src\resource_manager\consumer_groups.rs:234:52
    |
234 |             RuleCondition::TimeOfDay { start_hour, end_hour } => {
    |                                                    ^^^^^^^^ help: try ignoring the field: `end_hour: _`

warning: unused variable: `now`
   --> src\resource_manager\consumer_groups.rs:235:21
    |
235 |                 let now = SystemTime::now();
    |                     ^^^ help: if this is intentional, prefix it with an underscore: `_now`

warning: unused variable: `days`
   --> src\resource_manager\consumer_groups.rs:239:38
    |
239 |             RuleCondition::DayOfWeek(days) => {
    |                                      ^^^^ help: if this is intentional, prefix it with an underscore: `_days`

warning: unused variable: `estimated_rows`
   --> src\resource_manager\parallel_control.rs:199:9
    |
199 |         estimated_rows: Option<u64>,
    |         ^^^^^^^^^^^^^^ help: if this is intentional, prefix it with an underscore: `_estimated_rows`

warning: unused variable: `reason`
   --> src\resource_manager\session_control.rs:509:60
    |
509 |     pub fn terminate_session(&self, session_id: SessionId, reason: &str) -> Result<()> {
    |                                                            ^^^^^^ help: if this is intentional, prefix it with an underscore: `_reason`

warning: unused variable: `assertion`
   --> src\pool\session_manager.rs:837:36
    |
837 |     fn parse_saml_assertion(&self, assertion: &str) -> Result<String> {
    |                                    ^^^^^^^^^ help: if this is intentional, prefix it with an underscore: `_assertion`

warning: unused variable: `timestamp`
    --> src\pool\session_manager.rs:2164:57
     |
2164 |             SessionEvent::Login { session_id, username, timestamp } => {
     |                                                         ^^^^^^^^^ help: try ignoring the field: `timestamp: _`

warning: unused variable: `timestamp`
    --> src\pool\session_manager.rs:2169:68
     |
2169 |             SessionEvent::Logoff { session_id, username, graceful, timestamp } => {
     |                                                                    ^^^^^^^^^ help: try ignoring the field: `timestamp: _`

warning: unused variable: `timestamp`
    --> src\pool\session_manager.rs:2175:77
     |
2175 |             SessionEvent::StateChange { session_id, old_status, new_status, timestamp } => {
     |                                                                             ^^^^^^^^^ help: try ignoring the field: `timestamp: _`

warning: unused variable: `timestamp`
    --> src\pool\session_manager.rs:2181:64
     |
2181 |             SessionEvent::IdleTimeout { session_id, idle_time, timestamp } => {
     |                                                                ^^^^^^^^^ help: try ignoring the field: `timestamp: _`

warning: unused variable: `timestamp`
    --> src\pool\session_manager.rs:2186:54
     |
2186 |             SessionEvent::Kill { session_id, reason, timestamp } => {
     |                                                      ^^^^^^^^^ help: try ignoring the field: `timestamp: _`

warning: unused variable: `timestamp`
    --> src\pool\session_manager.rs:2191:76
     |
2191 |             SessionEvent::MigrationStart { session_id, from_node, to_node, timestamp } => {
     |                                                                            ^^^^^^^^^ help: try ignoring the field: `timestamp: _`

warning: unused variable: `timestamp`
    --> src\pool\session_manager.rs:2197:68
     |
2197 |             SessionEvent::MigrationComplete { session_id, success, timestamp } => {
     |                                                                    ^^^^^^^^^ help: try ignoring the field: `timestamp: _`

warning: unused variable: `timestamp`
    --> src\pool\session_manager.rs:2202:70
     |
2202 |             SessionEvent::Failover { session_id, old_node, new_node, timestamp } => {
     |                                                                      ^^^^^^^^^ help: try ignoring the field: `timestamp: _`

warning: variable does not need to be mutable
    --> src\pool\session_manager.rs:2163:38
     |
2163 |         let (event_type, session_id, mut details) = match event {
     |                                      ----^^^^^^^
     |                                      |
     |                                      help: remove this `mut`

warning: unused variable: `result`
   --> src\io\windows_iocp.rs:259:13
    |
259 |         let result = match request.op_type {
    |             ^^^^^^ help: if this is intentional, prefix it with an underscore: `_result`

warning: unused variable: `offset`
   --> src\io\windows_iocp.rs:397:21
    |
397 |                 let offset = overlapped_ptr as usize - overlapped_ptr as usize;
    |                     ^^^^^^ help: if this is intentional, prefix it with an underscore: `_offset`

warning: unused variable: `guard`
  --> src\concurrent\queue.rs:91:13
   |
91 |         let guard = Epoch::pin();
   |             ^^^^^ help: if this is intentional, prefix it with an underscore: `_guard`

warning: unnecessary `unsafe` block
   --> src\concurrent\queue.rs:116:24
    |
116 |             let next = unsafe { tail.as_ref().unwrap().next.load(Ordering::Acquire, &guard) };
    |                        ^^^^^^ unnecessary `unsafe` block
    |
    = note: `#[warn(unused_unsafe)]` on by default

warning: unnecessary `unsafe` block
   --> src\concurrent\queue.rs:127:23
    |
127 |                 match unsafe {
    |                       ^^^^^^ unnecessary `unsafe` block

warning: unnecessary `unsafe` block
   --> src\concurrent\queue.rs:189:24
    |
189 |             let next = unsafe { head.as_ref().unwrap().next.load(Ordering::Acquire, &guard) };
    |                        ^^^^^^ unnecessary `unsafe` block

warning: unnecessary `unsafe` block
   --> src\concurrent\queue.rs:265:24
    |
265 |             let next = unsafe { head.as_ref().unwrap().next.load(Ordering::Acquire, &guard) };
    |                        ^^^^^^ unnecessary `unsafe` block

warning: unnecessary `unsafe` block
   --> src\concurrent\queue.rs:277:28
    |
277 |             let next_ref = unsafe { next.as_ref().unwrap() };
    |                            ^^^^^^ unnecessary `unsafe` block

warning: unnecessary `unsafe` block
   --> src\concurrent\queue.rs:286:20
    |
286 |         let next = unsafe { head.as_ref().unwrap().next.load(Ordering::Acquire, &guard) };
    |                    ^^^^^^ unnecessary `unsafe` block

warning: unnecessary `unsafe` block
   --> src\concurrent\queue.rs:325:17
    |
325 |                 unsafe {
    |                 ^^^^^^ unnecessary `unsafe` block

warning: unnecessary `unsafe` block
   --> src\concurrent\queue.rs:341:24
    |
341 |             let next = unsafe { tail.as_ref().unwrap().next.load(Ordering::Acquire, &guard) };
    |                        ^^^^^^ unnecessary `unsafe` block

warning: unnecessary `unsafe` block
   --> src\concurrent\queue.rs:350:23
    |
350 |                 match unsafe {
    |                       ^^^^^^ unnecessary `unsafe` block

warning: unnecessary `unsafe` block
  --> src\concurrent\stack.rs:96:13
   |
96 |             unsafe {
   |             ^^^^^^ unnecessary `unsafe` block

warning: unnecessary `unsafe` block
   --> src\concurrent\stack.rs:142:24
    |
142 |             let next = unsafe { head.as_ref().unwrap().next.load(Ordering::Acquire, &guard) };
    |                        ^^^^^^ unnecessary `unsafe` block

warning: unnecessary `unsafe` block
   --> src\concurrent\stack.rs:184:18
    |
184 |             Some(unsafe { &head.as_ref().unwrap().data })
    |                  ^^^^^^ unnecessary `unsafe` block

warning: unnecessary `unsafe` block
   --> src\concurrent\stack.rs:227:17
    |
227 |                 unsafe {
    |                 ^^^^^^ unnecessary `unsafe` block

warning: unnecessary `unsafe` block
   --> src\concurrent\stack.rs:242:24
    |
242 |             let next = unsafe { chain_tail.as_ref().unwrap().next.load(Ordering::Relaxed, &guard) };
    |                        ^^^^^^ unnecessary `unsafe` block

warning: unnecessary `unsafe` block
   --> src\concurrent\stack.rs:254:13
    |
254 |             unsafe {
    |             ^^^^^^ unnecessary `unsafe` block

warning: unused variable: `guard`
   --> src\concurrent\stack.rs:421:25
    |
421 |                     let guard = Epoch::pin();
    |                         ^^^^^ help: if this is intentional, prefix it with an underscore: `_guard`

warning: unnecessary `unsafe` block
   --> src\concurrent\hashmap.rs:192:25
    |
192 |             let entry = unsafe { current.as_ref().unwrap() };
    |                         ^^^^^^ unnecessary `unsafe` block

warning: unnecessary `unsafe` block
   --> src\concurrent\hashmap.rs:211:9
    |
211 |         unsafe {
    |         ^^^^^^ unnecessary `unsafe` block

warning: unnecessary `unsafe` block
   --> src\concurrent\hashmap.rs:248:25
    |
248 |             let entry = unsafe { current.as_ref().unwrap() };
    |                         ^^^^^^ unnecessary `unsafe` block

warning: unnecessary `unsafe` block
   --> src\concurrent\hashmap.rs:282:25
    |
282 |             let entry = unsafe { current.as_ref().unwrap() };
    |                         ^^^^^^ unnecessary `unsafe` block

warning: unnecessary `unsafe` block
   --> src\concurrent\hashmap.rs:291:21
    |
291 |                     unsafe {
    |                     ^^^^^^ unnecessary `unsafe` block

warning: unnecessary `unsafe` block
   --> src\concurrent\hashmap.rs:335:25
    |
335 |             let entry = unsafe { current.as_ref().unwrap() };
    |                         ^^^^^^ unnecessary `unsafe` block

warning: unnecessary `unsafe` block
   --> src\concurrent\hashmap.rs:373:17
    |
373 |                 unsafe {
    |                 ^^^^^^ unnecessary `unsafe` block

warning: unnecessary `unsafe` block
   --> src\concurrent\hashmap.rs:441:25
    |
441 |             let entry = unsafe { current.as_ref().unwrap() };
    |                         ^^^^^^ unnecessary `unsafe` block

warning: unnecessary `unsafe` block
   --> src\concurrent\hashmap.rs:459:25
    |
459 |                         unsafe {
    |                         ^^^^^^ unnecessary `unsafe` block

warning: unnecessary `unsafe` block
   --> src\concurrent\hashmap.rs:505:29
    |
505 |                 let entry = unsafe { current.as_ref().unwrap() };
    |                             ^^^^^^ unnecessary `unsafe` block

warning: unnecessary `unsafe` block
   --> src\concurrent\skiplist.rs:179:24
    |
179 |             let node = unsafe { node_ptr.as_ref()? };
    |                        ^^^^^^ unnecessary `unsafe` block

warning: unnecessary `unsafe` block
   --> src\concurrent\skiplist.rs:210:32
    |
210 |                     let node = unsafe { node_ptr.as_ref().unwrap() };
    |                                ^^^^^^ unnecessary `unsafe` block

warning: unnecessary `unsafe` block
   --> src\concurrent\skiplist.rs:235:33
    |
235 |                 let pred_node = unsafe { pred.as_ref().unwrap() };
    |                                 ^^^^^^ unnecessary `unsafe` block

warning: unnecessary `unsafe` block
   --> src\concurrent\skiplist.rs:239:17
    |
239 |                 unsafe {
    |                 ^^^^^^ unnecessary `unsafe` block

warning: unnecessary `unsafe` block
   --> src\concurrent\skiplist.rs:261:17
    |
261 |                 unsafe {
    |                 ^^^^^^ unnecessary `unsafe` block

warning: unnecessary `unsafe` block
   --> src\concurrent\skiplist.rs:303:24
    |
303 |             let node = unsafe { node_ptr.as_ref().unwrap() };
    |                        ^^^^^^ unnecessary `unsafe` block

warning: unnecessary `unsafe` block
   --> src\concurrent\skiplist.rs:328:33
    |
328 |                 let pred_node = unsafe { pred.as_ref().unwrap() };
    |                                 ^^^^^^ unnecessary `unsafe` block

warning: unnecessary `unsafe` block
   --> src\concurrent\skiplist.rs:364:32
    |
364 |                 let mut curr = unsafe {
    |                                ^^^^^^ unnecessary `unsafe` block

warning: unnecessary `unsafe` block
   --> src\concurrent\skiplist.rs:373:37
    |
373 |                     let curr_node = unsafe { curr.as_ref().unwrap() };
    |                                     ^^^^^^ unnecessary `unsafe` block

warning: unnecessary `unsafe` block
   --> src\concurrent\skiplist.rs:379:41
    |
379 |                         let pred_node = unsafe { pred.as_ref().unwrap() };
    |                                         ^^^^^^ unnecessary `unsafe` block

warning: unnecessary `unsafe` block
   --> src\concurrent\skiplist.rs:417:28
    |
417 |                 let node = unsafe { succs[0].as_ref().unwrap() };
    |                            ^^^^^^ unnecessary `unsafe` block

warning: variable does not need to be mutable
   --> src\api\rest_api.rs:900:13
    |
900 |         let mut router = Router::new()
    |             ----^^^^^^
    |             |
    |             help: remove this `mut`

warning: unused variable: `i`
    --> src\api\rest_api.rs:2554:14
     |
2554 |         for (i, op) in self.operations.iter().enumerate() {
     |              ^ help: if this is intentional, prefix it with an underscore: `_i`

warning: unused variable: `header`
    --> src\api\gateway.rs:1197:13
     |
1197 |         let header: serde_json::Value = serde_json::from_slice(&header_data)
     |             ^^^^^^ help: if this is intentional, prefix it with an underscore: `_header`

warning: unused variable: `message`
    --> src\api\gateway.rs:1220:32
     |
1220 |     fn verify_signature(&self, message: &str, signature: &[u8]) -> std::result::Result<(), DbError> {
     |                                ^^^^^^^ help: if this is intentional, prefix it with an underscore: `_message`

warning: unused variable: `user_id`
    --> src\api\gateway.rs:1396:31
     |
1396 |     pub fn verify_totp(&self, user_id: &str, code: &str) -> bool {
     |                               ^^^^^^^ help: if this is intentional, prefix it with an underscore: `_user_id`

warning: unused variable: `code`
    --> src\api\gateway.rs:1396:46
     |
1396 |     pub fn verify_totp(&self, user_id: &str, code: &str) -> bool {
     |                                              ^^^^ help: if this is intentional, prefix it with an underscore: `_code`

warning: unused variable: `action`
    --> src\api\gateway.rs:1651:59
     |
1651 |     pub fn evaluate(&self, subject: &str, resource: &str, action: &str, conditions: &[PolicyCondition]) -> bool {
     |                                                           ^^^^^^ help: if this is intentional, prefix it with an underscore: `_action`

error: future cannot be sent between threads safely
   --> src\rac\interconnect.rs:833:9
    |
833 | /         tokio::spawn(async move {
834 | |             let mut interval_timer = tokio::time::interval(interval);
835 | |
836 | |             loop {
...   |
881 | |         });
    | |__________^ future created by async block is not `Send`
    |
    = help: within `{async block@src\rac\interconnect.rs:833:22: 833:32}`, the trait `std::marker::Send` is not implemented for `*mut ()`
note: future is not `Send` as this value is used across an await
   --> src\rac\interconnect.rs:406:39
    |
394 |         let mut stream_guard = self.stream.lock();
    |             ---------------- has type `parking_lot::lock_api::MutexGuard<'_, parking_lot::RawMutex, std::option::Option<tokio::net::TcpStream>>` which is not `Send`
...
406 |                 stream.write_u32(len).await
    |                                       ^^^^^ await occurs here, with `mut stream_guard` maybe used later
note: required by a bound in `tokio::spawn`
   --> C:\Users\JustinSaadein\.cargo\registry\src\index.crates.io-1949cf8c6b5b557f\tokio-1.48.0\src\task\spawn.rs:171:21
    |
169 |     pub fn spawn<F>(future: F) -> JoinHandle<F::Output>
    |            ----- required by a bound in this function
170 |     where
171 |         F: Future + Send + 'static,
    |                     ^^^^ required by this bound in `spawn`

Some errors have detailed explanations: E0004, E0034, E0107, E0277, E0282, E0308, E0310, E0311, E0369...
For more information about an error, try `rustc --explain E0004`.
warning: `rusty-db` (lib) generated 810 warnings
error: could not compile `rusty-db` (lib) due to 429 previous errors; 810 warnings emitted
