cargo : warning: rusty-db v0.1.0 (F:\temp\rusty-db) ignoring invalid dependency `counts` which is missing a lib target
At line:1 char:1
+ cargo build 2>&1 > build_output.txt; type build_output.txt
+ ~~~~~~~~~~~~~~~~~~~~~~~~~~~~~~~~~~~
    + CategoryInfo          : NotSpecified: (warning: rusty-...ng a lib target:String) [], RemoteException
    + FullyQualifiedErrorId : NativeCommandError
 
    Blocking waiting for file lock on build directory
   Compiling rusty-db v0.1.0 (F:\temp\rusty-db)
error: implementation is not supported in `trait`s or `impl`s
   --> src\analytics\manager.rs:251:5
    |
251 |     impl CostModel {
    |     ^^^^^^^^^^^^^^
    |
    = help: consider moving the implementation out to a nearby module scope

error: implementation is not supported in `trait`s or `impl`s
   --> src\analytics\manager.rs:258:5
    |
258 |     impl CardinalityEstimator {
    |     ^^^^^^^^^^^^^^^^^^^^^^^^^
    |
    = help: consider moving the implementation out to a nearby module scope

error: implementation is not supported in `trait`s or `impl`s
    --> src\replication\manager.rs:1063:1
     |
1063 | impl LogSequenceNumber {
     | ^^^^^^^^^^^^^^^^^^^^^^
     |
     = help: consider moving the implementation out to a nearby module scope

error[E0433]: failed to resolve: use of unresolved module or unlinked crate `network`
 --> src\network\advanced_protocol\errors.rs:5:9
  |
5 |     use network::connection_management::ConnectionState;
  |         ^^^^^^^ use of unresolved module or unlinked crate `network`
  |
  = help: if you wanted to use a crate named `network`, use `cargo add network` to add it to your `Cargo.toml`

error[E0412]: cannot find type `T` in this scope
   --> src\compression\algorithms\adaptive_compression.rs:211:88
    |
211 |     pub fn decompress_u32(&self, compressed: &[u8], x: &mut Vec<utoipa::openapi::RefOr<T>>) -> CompressionResult<Vec<u32>> {
    |                                                                                        ^ not found in this scope
    |
help: there is an enum variant `utoipa::openapi::RefOr::T`; try using the variant's enum
    |
211 -     pub fn decompress_u32(&self, compressed: &[u8], x: &mut Vec<utoipa::openapi::RefOr<T>>) -> CompressionResult<Vec<u32>> {
211 +     pub fn decompress_u32(&self, compressed: &[u8], x: &mut Vec<utoipa::openapi::RefOr<utoipa::openapi::RefOr>>) -> CompressionResult<Vec<u32>> {
    |
help: you might be missing a type parameter
    |
127 | impl<T> CascadedCompressor {
    |     +++

error[E0433]: failed to resolve: use of unresolved module or unlinked crate `concurrent`
   --> src\ml_engine\algorithms.rs:227:13
    |
227 |         for concurrent::CACHE_LINE_SIZE in 0..max_iterations {
    |             ^^^^^^^^^^ use of unresolved module or unlinked crate `concurrent`
    |
    = help: if you wanted to use a crate named `concurrent`, use `cargo add concurrent` to add it to your `Cargo.toml`
help: consider importing this module
    |
  6 + use crate::concurrent;
    |

error[E0433]: failed to resolve: use of unresolved module or unlinked crate `concurrent`
   --> src\spatial\analysis.rs:757:14
    |
757 |         for (concurrent::CACHE_LINE_SIZE, (_, other_coord, value)) in self.points.iter().enumerate() {
    |              ^^^^^^^^^^ use of unresolved module or unlinked crate `concurrent`
    |
    = help: if you wanted to use a crate named `concurrent`, use `cargo add concurrent` to add it to your `Cargo.toml`
help: consider importing this module
    |
 11 + use crate::concurrent;
    |

warning: unused imports: `DbError` and `Result`
 --> src\storage\partitioning\types.rs:3:20
  |
3 | use crate::error::{DbError, Result};
  |                    ^^^^^^^  ^^^^^^
  |
  = note: `#[warn(unused_imports)]` (part of `#[warn(unused)]`) on by default

warning: unused import: `std::collections::HashMap`
 --> src\storage\partitioning\types.rs:5:5
  |
5 | use std::collections::HashMap;
  |     ^^^^^^^^^^^^^^^^^^^^^^^^^

warning: unused import: `tokio::time::sleep`
  --> src\buffer\manager.rs:36:5
   |
36 | use tokio::time::sleep;
   |     ^^^^^^^^^^^^^^^^^^

warning: unexpected `cfg` condition value: `libc`
   --> src\buffer\manager.rs:396:36
    |
396 |     #[cfg(all(target_os = "linux", feature = "libc"))]
    |                                    ^^^^^^^^^^^^^^^^
    |
    = note: expected values for `feature` are: `default`, `iocp`, `simd`, and `stats`
    = help: consider adding `libc` as a feature in `Cargo.toml`
    = note: see <https://doc.rust-lang.org/nightly/rustc/check-cfg/cargo-specifics.html> for more information about checking conditional configuration
    = note: `#[warn(unexpected_cfgs)]` on by default

warning: unexpected `cfg` condition value: `libc`
   --> src\buffer\manager.rs:402:40
    |
402 |     #[cfg(not(all(target_os = "linux", feature = "libc")))]
    |                                        ^^^^^^^^^^^^^^^^
    |
    = note: expected values for `feature` are: `default`, `iocp`, `simd`, and `stats`
    = help: consider adding `libc` as a feature in `Cargo.toml`
    = note: see <https://doc.rust-lang.org/nightly/rustc/check-cfg/cargo-specifics.html> for more information about checking conditional configuration

warning: unexpected `cfg` condition value: `libc`
   --> src\buffer\frame_manager.rs:143:36
    |
143 |     #[cfg(all(target_os = "linux", feature = "libc"))]
    |                                    ^^^^^^^^^^^^^^^^
    |
    = note: expected values for `feature` are: `default`, `iocp`, `simd`, and `stats`
    = help: consider adding `libc` as a feature in `Cargo.toml`
    = note: see <https://doc.rust-lang.org/nightly/rustc/check-cfg/cargo-specifics.html> for more information about checking conditional configuration

warning: unexpected `cfg` condition value: `libc`
   --> src\buffer\frame_manager.rs:149:40
    |
149 |     #[cfg(not(all(target_os = "linux", feature = "libc")))]
    |                                        ^^^^^^^^^^^^^^^^
    |
    = note: expected values for `feature` are: `default`, `iocp`, `simd`, and `stats`
    = help: consider adding `libc` as a feature in `Cargo.toml`
    = note: see <https://doc.rust-lang.org/nightly/rustc/check-cfg/cargo-specifics.html> for more information about checking conditional configuration

warning: unused import: `tokio::time::sleep`
  --> src\memory\buffer_pool\common.rs:37:5
   |
37 | use tokio::time::sleep;
   |     ^^^^^^^^^^^^^^^^^^

warning: unused import: `crate::error::Result`
  --> src\memory\buffer_pool\common.rs:39:5
   |
39 | use crate::error::Result;
   |     ^^^^^^^^^^^^^^^^^^^^

warning: unused import: `RwLock`
  --> src\memory\buffer_pool\common.rs:44:26
   |
44 | pub use std::sync::{Arc, RwLock};
   |                          ^^^^^^

warning: unused import: `std::collections::HashMap`
  --> src\memory\types.rs:75:5
   |
75 | use std::collections::HashMap;
   |     ^^^^^^^^^^^^^^^^^^^^^^^^^

warning: unused import: `std::ptr::NonNull`
  --> src\memory\types.rs:77:5
   |
77 | use std::ptr::NonNull;
   |     ^^^^^^^^^^^^^^^^^

warning: unused imports: `AtomicBool` and `AtomicUsize`
  --> src\memory\types.rs:78:25
   |
78 | use std::sync::atomic::{AtomicBool, AtomicU64, AtomicUsize};
   |                         ^^^^^^^^^^             ^^^^^^^^^^^

warning: unused import: `tokio::time::sleep`
  --> src\index\lsm_index.rs:19:5
   |
19 | use tokio::time::sleep;
   |     ^^^^^^^^^^^^^^^^^^

warning: unused import: `tokio::time::sleep`
  --> src\transaction\timeout.rs:16:5
   |
16 | use tokio::time::sleep;
   |     ^^^^^^^^^^^^^^^^^^

warning: unused import: `UNIX_EPOCH`
  --> src\transaction\version_store.rs:22:29
   |
22 | use std::time::{SystemTime, UNIX_EPOCH};
   |                             ^^^^^^^^^^

warning: unused import: `UNIX_EPOCH`
  --> src\transaction\deadlock.rs:26:29
   |
26 | use std::time::{SystemTime, UNIX_EPOCH};
   |                             ^^^^^^^^^^

warning: unused import: `Result`
  --> src\transaction\mvcc.rs:16:20
   |
16 | use crate::error::{Result, DbError};
   |                    ^^^^^^

warning: unused import: `Result`
  --> src\transaction\distributed.rs:16:20
   |
16 | use crate::error::{Result, DbError};
   |                    ^^^^^^

warning: unused import: `Result`
  --> src\transaction\locks.rs:13:20
   |
13 | use crate::error::{Result, DbError};
   |                    ^^^^^^

warning: unused import: `crate::error::DbError`
 --> src\execution\optimizer\plan_transformation.rs:4:5
  |
4 | use crate::error::DbError;
  |     ^^^^^^^^^^^^^^^^^^^^^

warning: unused import: `crate::parser::JoinType`
 --> src\execution\optimizer\plan_transformation.rs:7:5
  |
7 | use crate::parser::JoinType;
  |     ^^^^^^^^^^^^^^^^^^^^^^^

warning: unused import: `parking_lot::RwLock`
 --> src\execution\optimizer\plan_transformation.rs:8:5
  |
8 | use parking_lot::RwLock;
  |     ^^^^^^^^^^^^^^^^^^^

warning: unused import: `Hasher`
  --> src\execution\optimizer\plan_transformation.rs:10:23
   |
10 | use std::hash::{Hash, Hasher};
   |                       ^^^^^^

warning: unused import: `tokio::time::sleep`
  --> src\network\distributed.rs:11:5
   |
11 | use tokio::time::sleep;
   |     ^^^^^^^^^^^^^^^^^^

warning: unused import: `crate::error::Result`
  --> src\network\advanced_protocol\mod.rs:21:5
   |
21 | use crate::error::Result;
   |     ^^^^^^^^^^^^^^^^^^^^

warning: unused import: `crate::error::Result`
  --> src\network\cluster_network\mod.rs:18:5
   |
18 | use crate::error::Result;
   |     ^^^^^^^^^^^^^^^^^^^^

warning: unused import: `std::collections::HashSet`
  --> src\security\mod.rs:75:5
   |
75 | use std::collections::HashSet;
   |     ^^^^^^^^^^^^^^^^^^^^^^^^^

warning: unused import: `SystemTime`
  --> src\security\labels.rs:22:17
   |
22 | use std::time::{SystemTime, UNIX_EPOCH};
   |                 ^^^^^^^^^^

warning: unused import: `std::mem`
  --> src\security\secure_gc.rs:48:5
   |
48 | use std::mem;
   |     ^^^^^^^^

warning: unused import: `DbError`
 --> src\security\network_hardening\firewall_rules.rs:7:21
  |
7 | use crate::{Result, DbError};
  |                     ^^^^^^^

warning: unused import: `DbError`
 --> src\security\network_hardening\rate_limiting.rs:7:21
  |
7 | use crate::{Result, DbError};
  |                     ^^^^^^^

warning: unused import: `ViolationType`
  --> src\security\network_hardening\rate_limiting.rs:14:50
   |
14 | use super::firewall_rules::{IPReputationChecker, ViolationType};
   |                                                  ^^^^^^^^^^^^^

warning: unused import: `SystemTime`
 --> src\security\network_hardening\intrusion_detection.rs:5:17
  |
5 | use std::time::{SystemTime, Instant};
  |                 ^^^^^^^^^^

warning: unused import: `std::time::Duration`
  --> src\security\network_hardening\intrusion_detection.rs:10:5
   |
10 | use std::time::Duration;
   |     ^^^^^^^^^^^^^^^^^^^

warning: unused import: `std::collections::HashSet`
 --> src\security\auto_recovery\recovery_strategies.rs:6:5
  |
6 | use std::collections::HashSet;
  |     ^^^^^^^^^^^^^^^^^^^^^^^^^

warning: unused imports: `AtomicU64` and `Ordering`
  --> src\security\auto_recovery\recovery_strategies.rs:12:25
   |
12 | use std::sync::atomic::{AtomicU64, Ordering};
   |                         ^^^^^^^^^  ^^^^^^^^

warning: unused import: `DbError`
 --> src\security\auto_recovery\state_restoration.rs:8:21
  |
8 | use crate::{Result, DbError};
  |                     ^^^^^^^

warning: unused import: `Instant`
  --> src\security\auto_recovery\state_restoration.rs:13:27
   |
13 | use std::time::{Duration, Instant};
   |                           ^^^^^^^

warning: unused import: `log::kv::value`
  --> src\security\circuit_breaker.rs:36:5
   |
36 | use log::kv::value;
   |     ^^^^^^^^^^^^^^

warning: unused import: `crate::error::DbError`
  --> src\security\security_core\threat_detection.rs:10:5
   |
10 | use crate::error::DbError;
   |     ^^^^^^^^^^^^^^^^^^^^^

warning: unused import: `super::super::IntegratedSecurityManager`
  --> src\security\security_core\security_policies.rs:13:5
   |
13 | use super::super::IntegratedSecurityManager;
   |     ^^^^^^^^^^^^^^^^^^^^^^^^^^^^^^^^^^^^^^^

warning: unused import: `super::access_control::*`
  --> src\security\security_core\security_policies.rs:15:5
   |
15 | use super::access_control::*;
   |     ^^^^^^^^^^^^^^^^^^^^^^^^

warning: unused import: `Sha256`
  --> src\security_vault\tde.rs:33:20
   |
33 | use sha2::{Digest, Sha256};
   |                    ^^^^^^

warning: unused import: `Sha256`
  --> src\security_vault\keystore.rs:49:20
   |
49 | use sha2::{Digest, Sha256};
   |                    ^^^^^^

warning: unused import: `tokio::time::sleep`
 --> src\monitoring\profiler.rs:4:5
  |
4 | use tokio::time::sleep;
  |     ^^^^^^^^^^^^^^^^^^

warning: unused import: `tokio::time::sleep`
 --> src\monitoring\resource_manager.rs:4:5
  |
4 | use tokio::time::sleep;
  |     ^^^^^^^^^^^^^^^^^^

warning: unused import: `Duration`
 --> src\monitoring\statistics.rs:9:17
  |
9 | use std::time::{Duration};
  |                 ^^^^^^^^

warning: unused import: `std::collections::HashMap`
  --> src\monitoring\mod.rs:58:5
   |
58 | use std::collections::HashMap;
   |     ^^^^^^^^^^^^^^^^^^^^^^^^^

warning: unused import: `tokio::time::sleep`
 --> src\backup\pitr.rs:4:5
  |
4 | use tokio::time::sleep;
  |     ^^^^^^^^^^^^^^^^^^

warning: unused import: `tokio::time::sleep`
 --> src\backup\cloud.rs:4:5
  |
4 | use tokio::time::sleep;
  |     ^^^^^^^^^^^^^^^^^^

warning: unused import: `Duration`
 --> src\backup\backup_encryption.rs:8:17
  |
8 | use std::time::{Duration, SystemTime};
  |                 ^^^^^^^^

warning: unused import: `tokio::time::sleep`
 --> src\backup\disaster_recovery.rs:4:5
  |
4 | use tokio::time::sleep;
  |     ^^^^^^^^^^^^^^^^^^

warning: unused import: `tokio::time::sleep`
 --> src\backup\verification.rs:4:5
  |
4 | use tokio::time::sleep;
  |     ^^^^^^^^^^^^^^^^^^

warning: unused import: `crate::error::DbError`
   --> src\flashback\mod.rs:132:5
    |
132 | use crate::error::DbError;
    |     ^^^^^^^^^^^^^^^^^^^^^

warning: unused import: `current_timestamp`
  --> src\flashback\transaction.rs:36:42
   |
36 | use super::time_travel::{SCN, Timestamp, current_timestamp};
   |                                          ^^^^^^^^^^^^^^^^^

warning: unused imports: `HashMap` and `HashSet`
  --> src\analytics\mod_new.rs:56:24
   |
56 | use std::collections::{HashMap, HashSet};
   |                        ^^^^^^^  ^^^^^^^

warning: unused import: `std::cmp::Ordering`
  --> src\analytics\mod_new.rs:57:5
   |
57 | use std::cmp::Ordering;
   |     ^^^^^^^^^^^^^^^^^^

warning: unused import: `parking_lot::RwLock`
  --> src\analytics\mod_new.rs:58:5
   |
58 | use parking_lot::RwLock;
   |     ^^^^^^^^^^^^^^^^^^^

warning: unused import: `std::sync::Arc`
  --> src\analytics\mod_new.rs:59:5
   |
59 | use std::sync::Arc;
   |     ^^^^^^^^^^^^^^

warning: unused imports: `DbError` and `Result`
  --> src\analytics\mod_new.rs:60:20
   |
60 | use crate::error::{Result, DbError};
   |                    ^^^^^^  ^^^^^^^

warning: unused import: `crate::catalog::Schema`
  --> src\analytics\mod_new.rs:61:5
   |
61 | use crate::catalog::Schema;
   |     ^^^^^^^^^^^^^^^^^^^^^^

warning: unused import: `Duration`
  --> src\analytics\mod_new.rs:62:17
   |
62 | use std::time::{Duration, SystemTime};
   |                 ^^^^^^^^

warning: unused imports: `CheckOption`, `MaterializedViewIndex`, `MaterializedView`, `RefreshSchedule`, `ViewManager`, `ViewStatistics`, and `View`
  --> src\analytics\mod_new.rs:66:5
   |
66 |     CheckOption,
   |     ^^^^^^^^^^^
67 |     MaterializedView,
   |     ^^^^^^^^^^^^^^^^
68 |     MaterializedViewIndex,
   |     ^^^^^^^^^^^^^^^^^^^^^
69 |     RefreshSchedule,
   |     ^^^^^^^^^^^^^^^
70 |     View,
   |     ^^^^
71 |     ViewManager,
   |     ^^^^^^^^^^^
72 |     ViewStatistics,
   |     ^^^^^^^^^^^^^^

warning: unused imports: `CacheStats` and `QueryCache`
  --> src\analytics\mod_new.rs:76:5
   |
76 |     CacheStats,
   |     ^^^^^^^^^^
77 |     QueryCache,
   |     ^^^^^^^^^^

warning: unused import: `std::cmp::Ordering`
 --> src\inmemory\column_store.rs:7:5
  |
7 | use std::cmp::Ordering;
  |     ^^^^^^^^^^^^^^^^^^

warning: unused import: `tokio::time::sleep`
  --> src\inmemory\population.rs:10:5
   |
10 | use tokio::time::sleep;
   |     ^^^^^^^^^^^^^^^^^^

warning: unused import: `tokio::time::sleep`
 --> src\multitenancy\container.rs:4:5
  |
4 | use tokio::time::sleep;
  |     ^^^^^^^^^^^^^^^^^^

warning: unused import: `tokio::time::sleep`
 --> src\multitenancy\isolation.rs:4:5
  |
4 | use tokio::time::sleep;
  |     ^^^^^^^^^^^^^^^^^^

warning: unused import: `tokio::time::sleep`
 --> src\multitenancy\provisioning.rs:4:5
  |
4 | use tokio::time::sleep;
  |     ^^^^^^^^^^^^^^^^^^

warning: unused import: `tokio::time::sleep`
  --> src\multitenant\cdb.rs:24:5
   |
24 | use tokio::time::sleep;
   |     ^^^^^^^^^^^^^^^^^^

warning: unused import: `PdbLifecycleState`
  --> src\multitenant\cdb.rs:33:55
   |
33 | use super::pdb::{PluggableDatabase, PdbId, PdbConfig, PdbLifecycleState, PdbCreateMode};
   |                                                       ^^^^^^^^^^^^^^^^^

warning: unused import: `tokio::time::sleep`
  --> src\multitenant\isolation.rs:24:5
   |
24 | use tokio::time::sleep;
   |     ^^^^^^^^^^^^^^^^^^

warning: unused import: `tokio::time::sleep`
  --> src\multitenant\cloning.rs:22:5
   |
22 | use tokio::time::sleep;
   |     ^^^^^^^^^^^^^^^^^^

warning: unused import: `tokio::time::sleep`
  --> src\multitenant\relocation.rs:25:5
   |
25 | use tokio::time::sleep;
   |     ^^^^^^^^^^^^^^^^^^

warning: unused import: `PdbConfig`
  --> src\multitenant\relocation.rs:34:25
   |
34 | use super::pdb::{PdbId, PdbConfig};
   |                         ^^^^^^^^^

warning: unused import: `tokio::time::sleep`
  --> src\multitenant\metering.rs:24:5
   |
24 | use tokio::time::sleep;
   |     ^^^^^^^^^^^^^^^^^^

warning: unused import: `std::collections::HashMap`
   --> src\multitenant\mod.rs:195:5
    |
195 | use std::collections::HashMap;
    |     ^^^^^^^^^^^^^^^^^^^^^^^^^

warning: unused import: `tokio::time::sleep`
  --> src\operations\resources.rs:11:5
   |
11 | use tokio::time::sleep;
   |     ^^^^^^^^^^^^^^^^^^

warning: unused import: `ExecutionContext`
  --> src\procedures\triggers.rs:10:65
   |
10 | use crate::procedures::runtime::{RuntimeExecutor, RuntimeValue, ExecutionContext};
   |                                                                 ^^^^^^^^^^^^^^^^

warning: unused imports: `ScalarFunction` and `TableFunction`
  --> src\procedures\packages.rs:10:36
   |
10 | use crate::procedures::functions::{ScalarFunction, TableFunction};
   |                                    ^^^^^^^^^^^^^^  ^^^^^^^^^^^^^

warning: unused import: `tokio::time::sleep`
 --> src\procedures\builtins.rs:6:5
  |
6 | use tokio::time::sleep;
  |     ^^^^^^^^^^^^^^^^^^

warning: private item shadows public glob re-export
  --> src\replication\mod.rs:37:1
   |
37 | mod types;
   | ^^^^^^^^^^
   |
note: the name `types` in the type namespace is supposed to be publicly re-exported here
  --> src\replication\mod.rs:34:9
   |
34 | pub use core::*;
   |         ^^^^^^^
note: but the private item here shadows it
  --> src\replication\mod.rs:37:1
   |
37 | mod types;
   | ^^^^^^^^^^
   = note: `#[warn(hidden_glob_reexports)]` on by default

warning: unused import: `std::path::PathBuf`
  --> src\replication\types.rs:45:5
   |
45 | use std::path::PathBuf;
   |     ^^^^^^^^^^^^^^^^^^

warning: private item shadows public glob re-export
  --> src\replication\mod.rs:38:1
   |
38 | mod snapshots;
   | ^^^^^^^^^^^^^^
   |
note: the name `snapshots` in the type namespace is supposed to be publicly re-exported here
  --> src\replication\mod.rs:34:9
   |
34 | pub use core::*;
   |         ^^^^^^^
note: but the private item here shadows it
  --> src\replication\mod.rs:38:1
   |
38 | mod snapshots;
   | ^^^^^^^^^^^^^^

warning: unused import: `std::collections::HashMap`
 --> src\replication\snapshots\config.rs:4:5
  |
4 | use std::collections::HashMap;
  |     ^^^^^^^^^^^^^^^^^^^^^^^^^

warning: unused import: `tokio::fs::File`
 --> src\replication\snapshots\manager.rs:9:5
  |
9 | use tokio::fs::File;
  |     ^^^^^^^^^^^^^^^

warning: unused import: `super::config::SnapshotConfig`
 --> src\replication\snapshots\manager_impl.rs:7:5
  |
7 | use super::config::SnapshotConfig;
  |     ^^^^^^^^^^^^^^^^^^^^^^^^^^^^^

warning: unused import: `errors::SnapshotError`
  --> src\replication\snapshots\mod.rs:14:9
   |
14 | pub use errors::SnapshotError;
   |         ^^^^^^^^^^^^^^^^^^^^^

warning: unused imports: `CompressionType`, `EncryptionAlgorithm`, `EncryptionConfig`, `KeySource`, `RetentionPolicy`, and `SnapshotConfig`
  --> src\replication\snapshots\mod.rs:16:5
   |
16 |     SnapshotConfig, CompressionType, EncryptionConfig, EncryptionAlgorithm,
   |     ^^^^^^^^^^^^^^  ^^^^^^^^^^^^^^^  ^^^^^^^^^^^^^^^^  ^^^^^^^^^^^^^^^^^^^
17 |     KeySource, RetentionPolicy,
   |     ^^^^^^^^^  ^^^^^^^^^^^^^^^

warning: unused imports: `ChecksumAlgorithm`, `RestoreOptions`, `SnapshotId`, `SnapshotMetadata`, `SnapshotPhase`, `SnapshotProgress`, `SnapshotStatistics`, `SnapshotStatus`, `SnapshotType`, and 
`StorageEfficiency`
  --> src\replication\snapshots\mod.rs:20:5
   |
20 |     SnapshotId, SnapshotMetadata, SnapshotType, SnapshotStatus,
   |     ^^^^^^^^^^  ^^^^^^^^^^^^^^^^  ^^^^^^^^^^^^  ^^^^^^^^^^^^^^
21 |     ChecksumAlgorithm, SnapshotProgress, SnapshotPhase,
   |     ^^^^^^^^^^^^^^^^^  ^^^^^^^^^^^^^^^^  ^^^^^^^^^^^^^
22 |     RestoreOptions, SnapshotStatistics, StorageEfficiency,
   |     ^^^^^^^^^^^^^^  ^^^^^^^^^^^^^^^^^^  ^^^^^^^^^^^^^^^^^

warning: unused imports: `FileSnapshotManager` and `SnapshotManager`
  --> src\replication\snapshots\mod.rs:24:19
   |
24 | pub use manager::{SnapshotManager, FileSnapshotManager};
   |                   ^^^^^^^^^^^^^^^  ^^^^^^^^^^^^^^^^^^^

warning: private item shadows public glob re-export
  --> src\replication\mod.rs:39:1
   |
39 | mod wal;
   | ^^^^^^^^
   |
note: the name `wal` in the type namespace is supposed to be publicly re-exported here
  --> src\replication\mod.rs:34:9
   |
34 | pub use core::*;
   |         ^^^^^^^
note: but the private item here shadows it
  --> src\replication\mod.rs:39:1
   |
39 | mod wal;
   | ^^^^^^^^

warning: unused import: `crate::error::DbError`
  --> src\replication\wal.rs:74:5
   |
74 | use crate::error::DbError;
   |     ^^^^^^^^^^^^^^^^^^^^^

warning: unused import: `async_trait::async_trait`
  --> src\replication\wal.rs:76:5
   |
76 | use async_trait::async_trait;
   |     ^^^^^^^^^^^^^^^^^^^^^^^^

warning: unused imports: `File` and `OpenOptions`
  --> src\replication\wal.rs:80:15
   |
80 | use std::fs::{File, OpenOptions};
   |               ^^^^  ^^^^^^^^^^^

warning: unused imports: `BufReader`, `BufWriter`, `SeekFrom`, and `Seek`
  --> src\replication\wal.rs:81:15
   |
81 | use std::io::{BufReader, BufWriter, Seek, SeekFrom};
   |               ^^^^^^^^^  ^^^^^^^^^  ^^^^  ^^^^^^^^

warning: private item shadows public glob re-export
  --> src\replication\mod.rs:40:1
   |
40 | mod manager;
   | ^^^^^^^^^^^^
   |
note: the name `manager` in the type namespace is supposed to be publicly re-exported here
  --> src\replication\mod.rs:34:9
   |
34 | pub use core::*;
   |         ^^^^^^^
note: but the private item here shadows it
  --> src\replication\mod.rs:40:1
   |
40 | mod manager;
   | ^^^^^^^^^^^^

warning: unused import: `tokio::time::sleep`
  --> src\replication\manager.rs:72:5
   |
72 | use tokio::time::sleep;
   |     ^^^^^^^^^^^^^^^^^^

warning: unused import: `RwLock`
  --> src\replication\manager.rs:77:26
   |
77 | use parking_lot::{Mutex, RwLock};
   |                          ^^^^^^

warning: private item shadows public glob re-export
  --> src\replication\mod.rs:41:1
   |
41 | mod conflicts;
   | ^^^^^^^^^^^^^^
   |
note: the name `conflicts` in the type namespace is supposed to be publicly re-exported here
  --> src\replication\mod.rs:34:9
   |
34 | pub use core::*;
   |         ^^^^^^^
note: but the private item here shadows it
  --> src\replication\mod.rs:41:1
   |
41 | mod conflicts;
   | ^^^^^^^^^^^^^^

warning: unused import: `crate::error::DbError`
  --> src\replication\conflicts.rs:68:5
   |
68 | use crate::error::DbError;
   |     ^^^^^^^^^^^^^^^^^^^^^

warning: private item shadows public glob re-export
  --> src\replication\mod.rs:42:1
   |
42 | mod slots;
   | ^^^^^^^^^^
   |
note: the name `slots` in the type namespace is supposed to be publicly re-exported here
  --> src\replication\mod.rs:34:9
   |
34 | pub use core::*;
   |         ^^^^^^^
note: but the private item here shadows it
  --> src\replication\mod.rs:42:1
   |
42 | mod slots;
   | ^^^^^^^^^^

warning: unused import: `tokio::sync::mpsc`
 --> src\replication\slots\manager.rs:8:5
  |
8 | use tokio::sync::mpsc;
  |     ^^^^^^^^^^^^^^^^^

warning: unused import: `errors::SlotError`
  --> src\replication\slots\mod.rs:14:9
   |
14 | pub use errors::SlotError;
   |         ^^^^^^^^^^^^^^^^^

warning: unused imports: `AtomicSlotMetrics`, `ConsumptionRecord`, `SlotAdvance`, `SlotConfig`, `SlotHealthStatus`, `SlotHealth`, `SlotId`, `SlotInfo`, `SlotName`, `SlotStatistics`, `SlotStatus`, `SlotType`, 
and `SnapshotAction`
  --> src\replication\slots\mod.rs:16:5
   |
16 |     SlotId, SlotName, SlotInfo, SlotType, SlotStatus, SlotConfig,
   |     ^^^^^^  ^^^^^^^^  ^^^^^^^^  ^^^^^^^^  ^^^^^^^^^^  ^^^^^^^^^^
17 |     SnapshotAction, SlotStatistics, SlotAdvance, SlotHealthStatus,
   |     ^^^^^^^^^^^^^^  ^^^^^^^^^^^^^^  ^^^^^^^^^^^  ^^^^^^^^^^^^^^^^
18 |     SlotHealth, ConsumptionRecord, AtomicSlotMetrics,
   |     ^^^^^^^^^^  ^^^^^^^^^^^^^^^^^  ^^^^^^^^^^^^^^^^^

warning: unused import: `config::SlotManagerConfig`
  --> src\replication\slots\mod.rs:20:9
   |
20 | pub use config::SlotManagerConfig;
   |         ^^^^^^^^^^^^^^^^^^^^^^^^^

warning: unused imports: `ReplicationSlotManager` and `SlotManager`
  --> src\replication\slots\mod.rs:21:19
   |
21 | pub use manager::{SlotManager, ReplicationSlotManager};
   |                   ^^^^^^^^^^^  ^^^^^^^^^^^^^^^^^^^^^^

warning: unused import: `std::collections::HashMap`
 --> src\replication\monitor\types.rs:5:5
  |
5 | use std::collections::HashMap;
  |     ^^^^^^^^^^^^^^^^^^^^^^^^^

warning: unused import: `errors::HealthMonitorError`
  --> src\replication\monitor\mod.rs:13:9
   |
13 | pub use errors::HealthMonitorError;
   |         ^^^^^^^^^^^^^^^^^^^^^^^^^^

warning: unused imports: `AlertStatus`, `ComponentHealth`, `HealthAlert`, `HealthCheckResult`, `HealthComponents`, `HealthHistoryEntry`, `HealthIssue`, `HealthMetrics`, `HealthPrediction`, `HealthStatistics`, 
`HealthTrend`, `IssueSeverity`, `ReplicaHealthStatus`, and `TrendDirection`
  --> src\replication\monitor\mod.rs:15:5
   |
15 |     ReplicaHealthStatus, HealthCheckResult, HealthComponents, ComponentHealth,
   |     ^^^^^^^^^^^^^^^^^^^  ^^^^^^^^^^^^^^^^^  ^^^^^^^^^^^^^^^^  ^^^^^^^^^^^^^^^
16 |     HealthIssue, IssueSeverity, HealthMetrics, HealthAlert, AlertStatus,
   |     ^^^^^^^^^^^  ^^^^^^^^^^^^^  ^^^^^^^^^^^^^  ^^^^^^^^^^^  ^^^^^^^^^^^
17 |     HealthHistoryEntry, HealthStatistics, HealthTrend, TrendDirection,
   |     ^^^^^^^^^^^^^^^^^^  ^^^^^^^^^^^^^^^^  ^^^^^^^^^^^  ^^^^^^^^^^^^^^
18 |     HealthPrediction,
   |     ^^^^^^^^^^^^^^^^

warning: unused imports: `HealthMonitorConfig` and `HealthThresholds`
  --> src\replication\monitor\mod.rs:20:18
   |
20 | pub use config::{HealthMonitorConfig, HealthThresholds};
   |                  ^^^^^^^^^^^^^^^^^^^  ^^^^^^^^^^^^^^^^

warning: unused imports: `HealthMonitor` and `ReplicationHealthMonitor`
  --> src\replication\monitor\mod.rs:21:19
   |
21 | pub use monitor::{HealthMonitor, ReplicationHealthMonitor};
   |                   ^^^^^^^^^^^^^  ^^^^^^^^^^^^^^^^^^^^^^^^

warning: unused import: `SystemTime`
  --> src\advanced_replication\logical.rs:13:17
   |
13 | use std::time::{SystemTime};
   |                 ^^^^^^^^^^

warning: unused import: `tokio::time::sleep`
 --> src\advanced_replication\sharding.rs:6:5
  |
6 | use tokio::time::sleep;
  |     ^^^^^^^^^^^^^^^^^^

warning: unused import: `SystemTime`
  --> src\advanced_replication\sharding.rs:11:27
   |
11 | use std::time::{Duration, SystemTime};
   |                           ^^^^^^^^^^

warning: unused imports: `AtomicBool` and `AtomicUsize`
  --> src\advanced_replication\conflicts.rs:11:36
   |
11 | use std::sync::atomic::{AtomicU64, AtomicUsize, AtomicBool, Ordering};
   |                                    ^^^^^^^^^^^  ^^^^^^^^^^

warning: unused import: `tokio::time::sleep`
 --> src\advanced_replication\xa.rs:6:5
  |
6 | use tokio::time::sleep;
  |     ^^^^^^^^^^^^^^^^^^

warning: unused import: `tokio::sync::mpsc`
  --> src\clustering\coordinator.rs:24:5
   |
24 | use tokio::sync::mpsc;
   |     ^^^^^^^^^^^^^^^^^

warning: unused import: `tokio::time::sleep`
 --> src\clustering\migration.rs:9:5
  |
9 | use tokio::time::sleep;
  |     ^^^^^^^^^^^^^^^^^^

warning: unused import: `tokio::sync::mpsc`
  --> src\clustering\raft.rs:21:5
   |
21 | use tokio::sync::mpsc;
   |     ^^^^^^^^^^^^^^^^^

warning: unused import: `interval`
  --> src\clustering\raft.rs:22:19
   |
22 | use tokio::time::{interval};
   |                   ^^^^^^^^

warning: unused import: `rand::Rng`
  --> src\clustering\membership.rs:22:5
   |
22 | use rand::Rng;
   |     ^^^^^^^^^

warning: unused import: `tokio::time::sleep`
  --> src\rac\mod.rs:98:5
   |
98 | use tokio::time::sleep;
   |     ^^^^^^^^^^^^^^^^^^

warning: unused import: `std::collections::VecDeque`
  --> src\rac\cache_fusion\global_cache.rs:14:5
   |
14 | use std::collections::VecDeque;
   |     ^^^^^^^^^^^^^^^^^^^^^^^^^^

warning: unused import: `std::collections::BTreeMap`
  --> src\rac\grd.rs:20:5
   |
20 | use std::collections::BTreeMap;
   |     ^^^^^^^^^^^^^^^^^^^^^^^^^^

warning: unused import: `std::sync::Mutex`
  --> src\rac\grd.rs:21:5
   |
21 | use std::sync::Mutex;
   |     ^^^^^^^^^^^^^^^^

warning: unused import: `mpsc`
  --> src\rac\interconnect.rs:31:19
   |
31 | use tokio::sync::{mpsc, broadcast};
   |                   ^^^^

warning: unused imports: `BufMut`, `Buf`, `BytesMut`, and `Bytes`
  --> src\rac\interconnect.rs:34:13
   |
34 | use bytes::{Bytes, BytesMut, Buf, BufMut};
   |             ^^^^^  ^^^^^^^^  ^^^  ^^^^^^

warning: unused imports: `CacheStatistics`, `QueryPlanCache`, and `QueryPlan`
  --> src\performance\mod_new.rs:60:5
   |
60 |     CacheStatistics,
   |     ^^^^^^^^^^^^^^^
61 |     QueryPlan,
   |     ^^^^^^^^^
62 |     QueryPlanCache,
   |     ^^^^^^^^^^^^^^

warning: unused imports: `QueryExecution`, `WorkloadAnalysis`, and `WorkloadAnalyzer`
  --> src\performance\mod_new.rs:67:5
   |
67 |     QueryExecution,
   |     ^^^^^^^^^^^^^^
68 |     WorkloadAnalysis,
   |     ^^^^^^^^^^^^^^^^
69 |     WorkloadAnalyzer,
   |     ^^^^^^^^^^^^^^^^

warning: unused imports: `AdaptiveQueryOptimizer`, `OptimizationSuggestions`, and `QueryStatistics`
  --> src\performance\mod_new.rs:74:5
   |
74 |     AdaptiveQueryOptimizer,
   |     ^^^^^^^^^^^^^^^^^^^^^^
75 |     OptimizationSuggestions,
   |     ^^^^^^^^^^^^^^^^^^^^^^^
76 |     QueryStatistics,
   |     ^^^^^^^^^^^^^^^

warning: unused imports: `GlobalPerformanceStats`, `PerformanceStatsCollector`, and `QueryPerformanceStats`
  --> src\performance\mod_new.rs:81:5
   |
81 |     GlobalPerformanceStats,
   |     ^^^^^^^^^^^^^^^^^^^^^^
82 |     PerformanceStatsCollector,
   |     ^^^^^^^^^^^^^^^^^^^^^^^^^
83 |     QueryPerformanceStats,
   |     ^^^^^^^^^^^^^^^^^^^^^

warning: unused import: `VecDeque`
 --> src\performance\workload_analysis.rs:7:33
  |
7 | use std::collections::{HashMap, VecDeque};
  |                                 ^^^^^^^^

warning: unused import: `tokio::time::sleep`
  --> src\performance\mod.rs:19:5
   |
19 | use tokio::time::sleep;
   |     ^^^^^^^^^^^^^^^^^^

warning: unused import: `crate::error::DbError`
   --> src\enterprise\mod.rs:365:5
    |
365 | use crate::error::DbError;
    |     ^^^^^^^^^^^^^^^^^^^^^

warning: unused import: `std::sync::Mutex`
   --> src\enterprise\mod.rs:366:5
    |
366 | use std::sync::Mutex;
    |     ^^^^^^^^^^^^^^^^

warning: unused import: `tokio::time::sleep`
  --> src\enterprise\service_bus.rs:40:5
   |
40 | use tokio::time::sleep;
   |     ^^^^^^^^^^^^^^^^^^

warning: unused import: `OsRng`
  --> src\enterprise\config.rs:49:27
   |
49 |     aead::{Aead, KeyInit, OsRng},
   |                           ^^^^^

warning: unused import: `tokio::time::sleep`
  --> src\enterprise\lifecycle.rs:40:5
   |
40 | use tokio::time::sleep;
   |     ^^^^^^^^^^^^^^^^^^

warning: unused import: `tokio::time::sleep`
  --> src\enterprise\cross_cutting.rs:45:5
   |
45 | use tokio::time::sleep;
   |     ^^^^^^^^^^^^^^^^^^

warning: unused import: `std::sync::Mutex`
   --> src\orchestration\mod.rs:279:5
    |
279 | use std::sync::Mutex;
    |     ^^^^^^^^^^^^^^^^

warning: unused import: `tokio::time::sleep`
  --> src\orchestration\circuit_breaker.rs:37:5
   |
37 | use tokio::time::sleep;
   |     ^^^^^^^^^^^^^^^^^^

warning: unused import: `crate::error::Result`
  --> src\orchestration\health.rs:36:5
   |
36 | use crate::error::Result;
   |     ^^^^^^^^^^^^^^^^^^^^

warning: unused import: `warn`
  --> src\orchestration\plugin.rs:31:35
   |
31 | use tracing::{debug, error, info, warn};
   |                                   ^^^^

warning: unused import: `warn`
  --> src\orchestration\error_recovery.rs:32:35
   |
32 | use tracing::{debug, error, info, warn};
   |                                   ^^^^

warning: unused import: `tokio::time::sleep`
 --> src\streams\publisher.rs:6:5
  |
6 | use tokio::time::sleep;
  |     ^^^^^^^^^^^^^^^^^^

warning: unused import: `mpsc`
  --> src\streams\publisher.rs:17:19
   |
17 | use tokio::sync::{mpsc, Semaphore};
   |                   ^^^^

warning: unused import: `tokio::time::interval`
  --> src\streams\publisher.rs:18:5
   |
18 | use tokio::time::interval;
   |     ^^^^^^^^^^^^^^^^^^^^^

warning: unused import: `tokio::time::sleep`
 --> src\streams\replication.rs:6:5
  |
6 | use tokio::time::sleep;
  |     ^^^^^^^^^^^^^^^^^^

warning: unused import: `mpsc`
  --> src\streams\replication.rs:16:19
   |
16 | use tokio::sync::{mpsc};
   |                   ^^^^

warning: unused import: `TransactionId`
  --> src\streams\replication.rs:19:21
   |
19 | use crate::common::{TransactionId, TableId, Value};
   |                     ^^^^^^^^^^^^^

warning: unused import: `tokio::sync::mpsc`
  --> src\streams\integration.rs:15:5
   |
15 | use tokio::sync::mpsc;
   |     ^^^^^^^^^^^^^^^^^

warning: unused import: `ChangeType`
  --> src\streams\integration.rs:19:31
   |
19 | use super::cdc::{ChangeEvent, ChangeType};
   |                               ^^^^^^^^^^

warning: unused import: `crate::error::Result`
 --> src\event_processing\mod.rs:9:5
  |
9 | use crate::error::Result;
  |     ^^^^^^^^^^^^^^^^^^^^

warning: unused import: `UNIX_EPOCH`
 --> src\event_processing\connectors.rs:6:29
  |
6 | use std::time::{SystemTime, UNIX_EPOCH};
  |                             ^^^^^^^^^^

warning: unused import: `EventBatch`
 --> src\event_processing\connectors.rs:8:20
  |
8 | use super::{Event, EventBatch, EventValue, StreamPosition};
  |                    ^^^^^^^^^^

warning: unused imports: `EventValue` and `StreamState`
 --> src\event_processing\cq.rs:9:20
  |
9 | use super::{Event, EventValue, StreamState, Watermark};
  |                    ^^^^^^^^^^  ^^^^^^^^^^^

warning: unused import: `std::time::UNIX_EPOCH`
 --> src\event_processing\sourcing.rs:8:5
  |
8 | use std::time::UNIX_EPOCH;
  |     ^^^^^^^^^^^^^^^^^^^^^

warning: unused imports: `EventId`, `ProcessingGuarantee`, and `StreamState`
  --> src\event_processing\streams.rs:11:24
   |
11 |     Event, EventBatch, EventId, EventProcessingConfig, ProcessingGuarantee, StreamMetrics,
   |                        ^^^^^^^                         ^^^^^^^^^^^^^^^^^^^
12 |     StreamPosition, StreamState, Watermark,
   |                     ^^^^^^^^^^^

warning: unused import: `crate::error::Result`
  --> src\ml\algorithms\neural_networks.rs:30:5
   |
30 | use crate::error::Result;
   |     ^^^^^^^^^^^^^^^^^^^^

warning: unused imports: `Dataset`, `Hyperparameters`, `MLError`, `Matrix`, and `Vector`
  --> src\ml\algorithms\neural_networks.rs:31:20
   |
31 | use super::super::{Dataset, Vector, Matrix, Hyperparameters, MLError};
   |                    ^^^^^^^  ^^^^^^  ^^^^^^  ^^^^^^^^^^^^^^^  ^^^^^^^

warning: unused imports: `Algorithm` and `ModelType`
  --> src\ml\algorithms\neural_networks.rs:33:13
   |
33 | use super::{Algorithm, ModelType};
   |             ^^^^^^^^^  ^^^^^^^^^

warning: unused import: `std::collections::HashMap`
   --> src\ml_engine\training.rs:290:5
    |
290 | use std::collections::HashMap;
    |     ^^^^^^^^^^^^^^^^^^^^^^^^^

warning: unused import: `tokio::sync::mpsc`
  --> src\autonomous\self_healing.rs:14:5
   |
14 | use tokio::sync::mpsc;
   |     ^^^^^^^^^^^^^^^^^

warning: unused import: `std::time::Duration`
  --> src\autonomous\workload_ml.rs:13:5
   |
13 | use std::time::Duration;
   |     ^^^^^^^^^^^^^^^^^^^

warning: unused import: `tokio::time::sleep`
 --> src\autonomous\auto_indexing.rs:6:5
  |
6 | use tokio::time::sleep;
  |     ^^^^^^^^^^^^^^^^^^

warning: unused import: `crate::error::DbError`
  --> src\autonomous\auto_indexing.rs:15:5
   |
15 | use crate::error::DbError;
   |     ^^^^^^^^^^^^^^^^^^^^^

warning: unused import: `std::collections::HashMap`
  --> src\blockchain\crypto.rs:17:5
   |
17 | use std::collections::HashMap;
   |     ^^^^^^^^^^^^^^^^^^^^^^^^^

warning: unused import: `ChainLink`
  --> src\blockchain\ledger.rs:21:61
   |
21 | use super::crypto::{Hash256, sha256, MerkleTree, HashChain, ChainLink, hash_to_hex};
   |                                                             ^^^^^^^^^

warning: unused import: `crate::error::DbError`
  --> src\blockchain\verification.rs:21:5
   |
21 | use crate::error::DbError;
   |     ^^^^^^^^^^^^^^^^^^^^^

warning: unused import: `LedgerRow`
  --> src\blockchain\verification.rs:22:37
   |
22 | use super::ledger::{Block, BlockId, LedgerRow, BlockchainTable};
   |                                     ^^^^^^^^^

warning: unused imports: `Hash256`, `MerkleProof`, and `hash_to_hex`
  --> src\blockchain\verification.rs:24:21
   |
24 | use super::crypto::{Hash256, MerkleProof, hash_to_hex};
   |                     ^^^^^^^  ^^^^^^^^^^^  ^^^^^^^^^^^

warning: unused import: `std::time::Duration`
  --> src\blockchain\retention.rs:17:5
   |
17 | use std::time::Duration;
   |     ^^^^^^^^^^^^^^^^^^^

warning: unused import: `Block`
  --> src\blockchain\retention.rs:21:41
   |
21 | use super::ledger::{BlockId, LedgerRow, Block};
   |                                         ^^^^^

warning: unused import: `Duration`
 --> src\workload\sql_tuning.rs:8:17
  |
8 | use std::time::{Duration};
  |                 ^^^^^^^^

warning: unused import: `crate::Result`
  --> src\workload\performance_hub.rs:11:5
   |
11 | use crate::Result;
   |     ^^^^^^^^^^^^^

warning: unused import: `Duration`
  --> src\workload\mod.rs:57:17
   |
57 | use std::time::{Duration};
   |                 ^^^^^^^^

warning: unused import: `Geometry`
  --> src\spatial\raster.rs:11:57
   |
11 | use crate::spatial::geometry::{BoundingBox, Coordinate, Geometry, LinearRing, Polygon};
   |                                                         ^^^^^^^^

warning: unused import: `JsonPath`
  --> src\document_store\indexing.rs:26:23
   |
26 | use super::jsonpath::{JsonPath, JsonPathEvaluator};
   |                       ^^^^^^^^

warning: unnecessary parentheses around method argument
   --> src\document_store\indexing.rs:300:15
    |
300 |    .insert(0, (doc_id.clone()));
    |               ^              ^
    |
    = note: `#[warn(unused_parens)]` (part of `#[warn(unused)]`) on by default
help: remove these parentheses
    |
300 -    .insert(0, (doc_id.clone()));
300 +    .insert(0, doc_id.clone());
    |

warning: unnecessary parentheses around method argument
   --> src\document_store\indexing.rs:664:24
    |
664 |                 .entry((doc_id))
    |                        ^      ^
    |
help: remove these parentheses
    |
664 -                 .entry((doc_id))
664 +                 .entry(doc_id)
    |

warning: unused import: `std::collections::HashMap`
 --> src\document_store\sql_json.rs:8:5
  |
8 | use std::collections::HashMap;
  |     ^^^^^^^^^^^^^^^^^^^^^^^^^

warning: unused import: `Weekday`
  --> src\resource_manager\plans.rs:11:39
   |
11 | use chrono::{DateTime, Utc, Timelike, Weekday, NaiveTime, Datelike};
   |                                       ^^^^^^^

warning: unused import: `Duration`
  --> src\resource_manager\cpu_scheduler.rs:17:17
   |
17 | use std::time::{Duration};
   |                 ^^^^^^^^

warning: unused import: `super::plans::ResourcePlanId`
  --> src\resource_manager\cpu_scheduler.rs:23:5
   |
23 | use super::plans::ResourcePlanId;
   |     ^^^^^^^^^^^^^^^^^^^^^^^^^^^^

warning: unused import: `Duration`
  --> src\resource_manager\memory_manager.rs:10:17
   |
10 | use std::time::{Duration};
   |                 ^^^^^^^^

warning: unused import: `Duration`
  --> src\resource_manager\parallel_control.rs:13:17
   |
13 | use std::time::{Duration};
   |                 ^^^^^^^^

warning: unused import: `std::cmp::Ordering`
  --> src\resource_manager\parallel_control.rs:14:5
   |
14 | use std::cmp::Ordering;
   |     ^^^^^^^^^^^^^^^^^^

warning: unused import: `tokio::time::sleep`
 --> src\pool\connection\core.rs:9:5
  |
9 | use tokio::time::sleep;
  |     ^^^^^^^^^^^^^^^^^^

warning: unused import: `std::time::SystemTime`
  --> src\pool\connection\core.rs:10:5
   |
10 | use std::time::SystemTime;
   |     ^^^^^^^^^^^^^^^^^^^^^

warning: unused import: `AtomicUsize`
  --> src\pool\connection\core.rs:15:36
   |
15 | use std::sync::atomic::{AtomicU64, AtomicUsize, AtomicBool, Ordering};
   |                                    ^^^^^^^^^^^

warning: unused import: `async_trait::async_trait`
  --> src\pool\connection\core.rs:21:5
   |
21 | use async_trait::async_trait;
   |     ^^^^^^^^^^^^^^^^^^^^^^^^

warning: unused imports: `DbError` and `Result`
  --> src\pool\connection\core.rs:24:20
   |
24 | use crate::error::{Result, DbError};
   |                    ^^^^^^  ^^^^^^^

warning: unused import: `std::sync::Mutex`
 --> src\io\file_manager.rs:6:5
  |
6 | use std::sync::Mutex;
  |     ^^^^^^^^^^^^^^^^

warning: unused import: `std::sync::Mutex`
 --> src\io\ring_buffer.rs:6:5
  |
6 | use std::sync::Mutex;
  |     ^^^^^^^^^^^^^^^^

warning: unused import: `std::collections::HashSet`
  --> src\simd\hash.rs:37:5
   |
37 | use std::collections::HashSet;
   |     ^^^^^^^^^^^^^^^^^^^^^^^^^

warning: unused doc comment
  --> src\concurrent\epoch.rs:28:1
   |
28 | /// Thread-local participant in epoch-based reclamation
   | ^^^^^^^^^^^^^^^^^^^^^^^^^^^^^^^^^^^^^^^^^^^^^^^^^^^^^^^ rustdoc does not generate documentation for macro invocations
   |
   = help: to document an item produced by a macro, the macro must produce the documentation as part of its expansion
   = note: `#[warn(unused_doc_comments)]` (part of `#[warn(unused)]`) on by default

warning: unused doc comment
   --> src\concurrent\hazard.rs:189:1
    |
189 | /// Thread-local hazard record and retire list
    | ^^^^^^^^^^^^^^^^^^^^^^^^^^^^^^^^^^^^^^^^^^^^^^ rustdoc does not generate documentation for macro invocations
    |
    = help: to document an item produced by a macro, the macro must produce the documentation as part of its expansion

warning: unused import: `tokio::time::sleep`
  --> src\bench\mod.rs:49:5
   |
49 | use tokio::time::sleep;
   |     ^^^^^^^^^^^^^^^^^^

warning: unused import: `tokio::time::sleep`
  --> src\core\mod.rs:42:5
   |
42 | use tokio::time::sleep;
   |     ^^^^^^^^^^^^^^^^^^

warning: unused import: `rand::RngCore`
  --> src\core\mod.rs:49:5
   |
49 | use rand::RngCore;
   |     ^^^^^^^^^^^^^

warning: unused import: `crate::common::*`
  --> src\api\rest\types.rs:20:5
   |
20 | use crate::common::*;
   |     ^^^^^^^^^^^^^^^^

warning: unused import: `Query`
 --> src\api\rest\handlers\db.rs:7:21
  |
7 |     extract::{Path, Query, State},
  |                     ^^^^^

warning: unused import: `serde_json::json`
  --> src\api\rest\handlers\db.rs:11:5
   |
11 | use serde_json::json;
   |     ^^^^^^^^^^^^^^^^

warning: unused import: `std::collections::HashMap`
  --> src\api\rest\handlers\db.rs:12:5
   |
12 | use std::collections::HashMap;
   |     ^^^^^^^^^^^^^^^^^^^^^^^^^

warning: unused import: `crate::error::DbError`
  --> src\api\rest\handlers\db.rs:17:5
   |
17 | use crate::error::DbError;
   |     ^^^^^^^^^^^^^^^^^^^^^

warning: unused import: `std::time::UNIX_EPOCH`
  --> src\api\rest\handlers\db.rs:19:5
   |
19 | use std::time::UNIX_EPOCH;
   |     ^^^^^^^^^^^^^^^^^^^^^

warning: unused import: `serde_json::json`
  --> src\api\rest\handlers\monitoring.rs:10:5
   |
10 | use serde_json::json;
   |     ^^^^^^^^^^^^^^^^

warning: unused import: `uuid::Uuid`
  --> src\api\rest\handlers\monitoring.rs:14:5
   |
14 | use uuid::Uuid;
   |     ^^^^^^^^^^

warning: unused import: `crate::error::DbError`
  --> src\api\rest\handlers\monitoring.rs:16:5
   |
16 | use crate::error::DbError;
   |     ^^^^^^^^^^^^^^^^^^^^^

warning: unused import: `std::time::UNIX_EPOCH`
  --> src\api\rest\handlers\monitoring.rs:18:5
   |
18 | use std::time::UNIX_EPOCH;
   |     ^^^^^^^^^^^^^^^^^^^^^

warning: unused import: `serde_json::json`
  --> src\api\rest\handlers\pool.rs:10:5
   |
10 | use serde_json::json;
   |     ^^^^^^^^^^^^^^^^

warning: unused import: `std::collections::HashMap`
  --> src\api\rest\handlers\pool.rs:11:5
   |
11 | use std::collections::HashMap;
   |     ^^^^^^^^^^^^^^^^^^^^^^^^^

warning: unused import: `std::time::SystemTime`
  --> src\api\rest\handlers\pool.rs:13:5
   |
13 | use std::time::SystemTime;
   |     ^^^^^^^^^^^^^^^^^^^^^

warning: unused import: `uuid::Uuid`
  --> src\api\rest\handlers\pool.rs:14:5
   |
14 | use uuid::Uuid;
   |     ^^^^^^^^^^

warning: unused import: `crate::error::DbError`
  --> src\api\rest\handlers\pool.rs:16:5
   |
16 | use crate::error::DbError;
   |     ^^^^^^^^^^^^^^^^^^^^^

warning: unused import: `std::time::UNIX_EPOCH`
  --> src\api\rest\handlers\pool.rs:18:5
   |
18 | use std::time::UNIX_EPOCH;
   |     ^^^^^^^^^^^^^^^^^^^^^

warning: ambiguous glob re-exports
  --> src\api\rest\handlers\mod.rs:14:9
   |
13 | pub use admin::*;
   |         -------- but the name `get_metrics` in the value namespace is also re-exported here
14 | pub use monitoring::*;
   |         ^^^^^^^^^^^^^ the name `get_metrics` in the value namespace is first re-exported here
   |
   = note: `#[warn(ambiguous_glob_reexports)]` on by default

warning: ambiguous glob re-exports
  --> src\api\rest\handlers\mod.rs:16:9
   |
15 | pub use pool::*;
   |         ------- but the name `get_cluster_nodes` in the value namespace is also re-exported here
16 | pub use cluster::*;
   |         ^^^^^^^^^^ the name `get_cluster_nodes` in the value namespace is first re-exported here

warning: unused import: `std::cmp::Ordering`
  --> src\api\rest\middleware.rs:13:5
   |
13 | use std::cmp::Ordering;
   |     ^^^^^^^^^^^^^^^^^^

warning: unused imports: `HeaderMap`, `IntoResponse`, `Json as AxumJson`, `Next`, `Path`, `Query`, `StatusCode`, and `body::Body`
  --> src\api\rest\server.rs:9:15
   |
 9 |     extract::{Path, Query, State, WebSocketUpgrade, ws::WebSocket},
   |               ^^^^  ^^^^^
10 |     response::{Response, IntoResponse, Json as AxumJson},
   |                          ^^^^^^^^^^^^  ^^^^^^^^^^^^^^^^
11 |     http::{StatusCode, HeaderMap, Method},
   |            ^^^^^^^^^^  ^^^^^^^^^
12 |     middleware::{self, Next},
   |                        ^^^^
13 |     body::Body,
   |     ^^^^^^^^^^

warning: unused import: `ServiceBuilder`
  --> src\api\rest\server.rs:15:13
   |
15 | use tower::{ServiceBuilder, ServiceExt};
   |             ^^^^^^^^^^^^^^

warning: unused imports: `OpenApi` and `ToSchema`
  --> src\api\rest\server.rs:27:14
   |
27 | use utoipa::{OpenApi, ToSchema};
   |              ^^^^^^^  ^^^^^^^^

warning: unused import: `utoipa_swagger_ui::SwaggerUi`
  --> src\api\rest\server.rs:28:5
   |
28 | use utoipa_swagger_ui::SwaggerUi;
   |     ^^^^^^^^^^^^^^^^^^^^^^^^^^^^

warning: unused import: `uuid::Uuid`
  --> src\api\rest\server.rs:29:5
   |
29 | use uuid::Uuid;
   |     ^^^^^^^^^^

warning: unused import: `crate::common::*`
  --> src\api\rest\server.rs:32:5
   |
32 | use crate::common::*;
   |     ^^^^^^^^^^^^^^^^

warning: unused import: `std::collections::VecDeque`
  --> src\api\graphql\types.rs:29:5
   |
29 | use std::collections::VecDeque;
   |     ^^^^^^^^^^^^^^^^^^^^^^^^^^

warning: unused import: `std::sync::Mutex`
  --> src\api\graphql\types.rs:30:5
   |
30 | use std::sync::Mutex;
   |     ^^^^^^^^^^^^^^^^

warning: unused import: `std::collections::HashSet`
  --> src\api\graphql\types.rs:31:5
   |
31 | use std::collections::HashSet;
   |     ^^^^^^^^^^^^^^^^^^^^^^^^^

warning: unused import: `std::time::Instant`
  --> src\api\graphql\types.rs:32:5
   |
32 | use std::time::Instant;
   |     ^^^^^^^^^^^^^^^^^^

warning: unused imports: `Context`, `ErrorExtensions`, `Error`, `ID`, `InputObject`, `Object`, `Result as GqlResult`, `Schema`, `Subscription`, and `Union`
  --> src\api\graphql\types.rs:35:5
   |
35 |     Context, Enum, Error, ErrorExtensions, InputObject, Object,
   |     ^^^^^^^        ^^^^^  ^^^^^^^^^^^^^^^  ^^^^^^^^^^^  ^^^^^^
36 |     Result as GqlResult, Schema, SimpleObject, Subscription, Union, ID,
   |     ^^^^^^^^^^^^^^^^^^^  ^^^^^^                ^^^^^^^^^^^^  ^^^^^  ^^

warning: unused imports: `ExtensionContext`, `ExtensionFactory`, `Extension`, and `NextExecute`
  --> src\api\graphql\types.rs:38:33
   |
38 | use async_graphql::extensions::{Extension, ExtensionContext, ExtensionFactory, NextExecute};
   |                                 ^^^^^^^^^  ^^^^^^^^^^^^^^^^  ^^^^^^^^^^^^^^^^  ^^^^^^^^^^^

warning: unused import: `async_graphql::parser::types::ExecutableDocument`
  --> src\api\graphql\types.rs:39:5
   |
39 | use async_graphql::parser::types::ExecutableDocument;
   |     ^^^^^^^^^^^^^^^^^^^^^^^^^^^^^^^^^^^^^^^^^^^^^^^^

warning: unused import: `Stream`
  --> src\api\graphql\types.rs:41:28
   |
41 | use futures_util::stream::{Stream, StreamExt};
   |                            ^^^^^^

warning: unused import: `futures_util::Future`
  --> src\api\graphql\types.rs:42:5
   |
42 | use futures_util::Future;
   |     ^^^^^^^^^^^^^^^^^^^^

warning: unused import: `HashMap`
  --> src\api\graphql\types.rs:44:24
   |
44 | use std::collections::{HashMap};
   |                        ^^^^^^^

warning: unused import: `std::pin::Pin`
  --> src\api\graphql\types.rs:45:5
   |
45 | use std::pin::Pin;
   |     ^^^^^^^^^^^^^

warning: unused import: `std::sync::Arc`
  --> src\api\graphql\types.rs:46:5
   |
46 | use std::sync::Arc;
   |     ^^^^^^^^^^^^^^

warning: unused import: `Duration`
  --> src\api\graphql\types.rs:47:17
   |
47 | use std::time::{Duration};
   |                 ^^^^^^^^

warning: unused imports: `RwLock` and `broadcast`
  --> src\api\graphql\types.rs:48:19
   |
48 | use tokio::sync::{broadcast, RwLock};
   |                   ^^^^^^^^^  ^^^^^^

warning: unused import: `tokio_stream::wrappers::BroadcastStream`
  --> src\api\graphql\types.rs:49:5
   |
49 | use tokio_stream::wrappers::BroadcastStream;
   |     ^^^^^^^^^^^^^^^^^^^^^^^^^^^^^^^^^^^^^^^

warning: unused imports: `Enum`, `ErrorExtensions`, `Error`, `Schema`, and `Subscription`
 --> src\api\graphql\models.rs:6:14
  |
6 |     Context, Enum, Error, ErrorExtensions, InputObject, Object,
  |              ^^^^  ^^^^^  ^^^^^^^^^^^^^^^
7 |     Result as GqlResult, Schema, SimpleObject, Subscription, Union, ID,
  |                          ^^^^^^                ^^^^^^^^^^^^

warning: unused imports: `DateTime as ChronoDateTime` and `Utc`
 --> src\api\graphql\models.rs:9:14
  |
9 | use chrono::{DateTime as ChronoDateTime, Utc};
  |              ^^^^^^^^^^^^^^^^^^^^^^^^^^  ^^^

warning: unused import: `tokio::sync::RwLock`
  --> src\api\graphql\models.rs:13:5
   |
13 | use tokio::sync::RwLock;
   |     ^^^^^^^^^^^^^^^^^^^

warning: unused import: `crate::error::DbError`
  --> src\api\graphql\models.rs:15:5
   |
15 | use crate::error::DbError;
   |     ^^^^^^^^^^^^^^^^^^^^^

warning: unused import: `crate::error::DbError`
  --> src\api\graphql\queries.rs:10:5
   |
10 | use crate::error::DbError;
   |     ^^^^^^^^^^^^^^^^^^^^^

warning: unused import: `DateTime`
  --> src\api\graphql\queries.rs:11:20
   |
11 | use super::types::{DateTime, BigInt, Json, JoinType};
   |                    ^^^^^^^^

warning: unused imports: `ColumnType`, `ConstraintInfo`, `FilterCondition`, and `IndexInfo`
  --> src\api\graphql\queries.rs:12:48
   |
12 | ...e, ColumnType, IndexInfo, ConstraintInfo, QueryResult, QuerySuccess, QueryError, RowType, AggregateInput, AggregateResult, OrderBy, FilterCondition, R...
   |       ^^^^^^^^^^  ^^^^^^^^^  ^^^^^^^^^^^^^^                                                                                            ^^^^^^^^^^^^^^^

warning: unused import: `Error`
 --> src\api\graphql\mutations.rs:6:20
  |
6 |     Context, Enum, Error, InputObject, Object, Result as GqlResult, SimpleObject, ID,
  |                    ^^^^^

warning: unused import: `crate::error::DbError`
  --> src\api\graphql\mutations.rs:12:5
   |
12 | use crate::error::DbError;
   |     ^^^^^^^^^^^^^^^^^^^^^

warning: unused import: `Error`
 --> src\api\graphql\complexity.rs:6:5
  |
6 |     Error, ErrorExtensions,
  |     ^^^^^

warning: unused imports: `Deserialize` and `Serialize`
  --> src\api\graphql\complexity.rs:11:13
   |
11 | use serde::{Deserialize, Serialize};
   |             ^^^^^^^^^^^  ^^^^^^^^^

warning: unused imports: `Context` and `Error`
 --> src\api\graphql\engine.rs:5:21
  |
5 | use async_graphql::{Context, Error, Result as GqlResult, ID};
  |                     ^^^^^^^  ^^^^^

warning: unused import: `RwLock`
 --> src\api\graphql\engine.rs:8:30
  |
8 | use tokio::sync::{broadcast, RwLock};
  |                              ^^^^^^

warning: unused imports: `ColumnType`, `ConstraintInfo`, `FieldValue`, `FilterCondition`, `IndexInfo`, `QueryResult`, `QuerySuccess`, and `RowEdge`
  --> src\api\graphql\engine.rs:12:48
   |
12 | ...e, ColumnType, IndexInfo, ConstraintInfo, QueryResult, QuerySuccess, RowType, TableStatistics, ColumnStatistics, AggregateInput, AggregateResult, OrderBy, FilterCondition, RowConnection, WhereClause, 
PageInfo, RowEdge, FieldValue};
   |       ^^^^^^^^^^  ^^^^^^^^^  ^^^^^^^^^^^^^^  ^^^^^^^^^^^  ^^^^^^^^^^^^                                                                                        ^^^^^^^^^^^^^^^                                
        ^^^^^^^  ^^^^^^^^^^

warning: unused import: `std::sync::Arc`
 --> src\api\graphql\schema.rs:6:5
  |
6 | use std::sync::Arc;
  |     ^^^^^^^^^^^^^^

warning: unused imports: `Deserialize` and `Serialize`
 --> src\api\graphql\builders.rs:8:13
  |
8 | use serde::{Deserialize, Serialize};
  |             ^^^^^^^^^^^  ^^^^^^^^^

warning: unused import: `std::collections::HashMap`
 --> src\api\graphql\helpers.rs:6:5
  |
6 | use std::collections::HashMap;
  |     ^^^^^^^^^^^^^^^^^^^^^^^^^

warning: unused import: `crate::error::DbError`
  --> src\api\graphql\helpers.rs:11:5
   |
11 | use crate::error::DbError;
   |     ^^^^^^^^^^^^^^^^^^^^^

warning: unused import: `std::sync::Mutex`
  --> src\api\monitoring\metrics_core.rs:40:5
   |
40 | use std::sync::Mutex;
   |     ^^^^^^^^^^^^^^^^

warning: unused import: `std::collections::VecDeque`
  --> src\api\monitoring\metrics_core.rs:41:5
   |
41 | use std::collections::VecDeque;
   |     ^^^^^^^^^^^^^^^^^^^^^^^^^^

warning: unused import: `UNIX_EPOCH`
  --> src\api\monitoring\metrics_core.rs:43:29
   |
43 | use std::time::{SystemTime, UNIX_EPOCH};
   |                             ^^^^^^^^^^

warning: unused import: `AtomicBool`
  --> src\api\monitoring\metrics_core.rs:46:42
   |
46 | use std::sync::{Arc, atomic::{AtomicU64, AtomicBool, Ordering}};
   |                                          ^^^^^^^^^^

warning: unused imports: `AtomicBool`, `AtomicU64`, and `Ordering`
 --> src\api\monitoring\metrics_registry.rs:5:38
  |
5 | use std::sync::{Arc, Mutex, atomic::{AtomicU64, AtomicBool, Ordering}};
  |                                      ^^^^^^^^^  ^^^^^^^^^^  ^^^^^^^^

warning: unused import: `BTreeMap`
 --> src\api\monitoring\metrics_registry.rs:6:33
  |
6 | use std::collections::{HashMap, BTreeMap, VecDeque};
  |                                 ^^^^^^^^

warning: unused imports: `Instant` and `UNIX_EPOCH`
 --> src\api\monitoring\metrics_registry.rs:7:39
  |
7 | use std::time::{Duration, SystemTime, Instant, UNIX_EPOCH};
  |                                       ^^^^^^^  ^^^^^^^^^^

warning: unused import: `crate::error::DbError`
  --> src\api\monitoring\metrics_registry.rs:11:5
   |
11 | use crate::error::DbError;
   |     ^^^^^^^^^^^^^^^^^^^^^

warning: unused imports: `AtomicBool`, `AtomicU64`, and `Ordering`
 --> src\api\monitoring\prometheus.rs:5:38
  |
5 | use std::sync::{Arc, Mutex, atomic::{AtomicU64, AtomicBool, Ordering}};
  |                                      ^^^^^^^^^  ^^^^^^^^^^  ^^^^^^^^

warning: unused import: `VecDeque`
 --> src\api\monitoring\prometheus.rs:6:43
  |
6 | use std::collections::{HashMap, BTreeMap, VecDeque};
  |                                           ^^^^^^^^

warning: unused imports: `Instant` and `UNIX_EPOCH`
 --> src\api\monitoring\prometheus.rs:7:39
  |
7 | use std::time::{Duration, SystemTime, Instant, UNIX_EPOCH};
  |                                       ^^^^^^^  ^^^^^^^^^^

warning: unused import: `Mutex`
 --> src\api\monitoring\health.rs:5:22
  |
5 | use std::sync::{Arc, Mutex, atomic::{AtomicU64, AtomicBool, Ordering}};
  |                      ^^^^^

warning: unused imports: `BTreeMap` and `VecDeque`
 --> src\api\monitoring\health.rs:6:33
  |
6 | use std::collections::{HashMap, BTreeMap, VecDeque};
  |                                 ^^^^^^^^  ^^^^^^^^

warning: unused imports: `Instant` and `UNIX_EPOCH`
 --> src\api\monitoring\health.rs:7:39
  |
7 | use std::time::{Duration, SystemTime, Instant, UNIX_EPOCH};
  |                                       ^^^^^^^  ^^^^^^^^^^

warning: unused imports: `AtomicBool`, `AtomicU64`, `Mutex`, and `Ordering`
 --> src\api\monitoring\dashboard_types.rs:5:22
  |
5 | use std::sync::{Arc, Mutex, atomic::{AtomicU64, AtomicBool, Ordering}};
  |                      ^^^^^           ^^^^^^^^^  ^^^^^^^^^^  ^^^^^^^^

warning: unused imports: `Instant` and `UNIX_EPOCH`
 --> src\api\monitoring\dashboard_types.rs:7:39
  |
7 | use std::time::{Duration, SystemTime, Instant, UNIX_EPOCH};
  |                                       ^^^^^^^  ^^^^^^^^^^

warning: unused import: `super::metrics_core::*`
  --> src\api\monitoring\dashboard_types.rs:12:5
   |
12 | use super::metrics_core::*;
   |     ^^^^^^^^^^^^^^^^^^^^^^

warning: unused imports: `AtomicBool`, `AtomicU64`, `Mutex`, and `Ordering`
 --> src\api\monitoring\dashboard_api.rs:5:22
  |
5 | use std::sync::{Arc, Mutex, atomic::{AtomicU64, AtomicBool, Ordering}};
  |                      ^^^^^           ^^^^^^^^^  ^^^^^^^^^^  ^^^^^^^^

warning: unused import: `VecDeque`
 --> src\api\monitoring\dashboard_api.rs:6:43
  |
6 | use std::collections::{HashMap, BTreeMap, VecDeque};
  |                                           ^^^^^^^^

warning: unused import: `Instant`
 --> src\api\monitoring\dashboard_api.rs:7:39
  |
7 | use std::time::{Duration, SystemTime, Instant, UNIX_EPOCH};
  |                                       ^^^^^^^

warning: unused import: `parking_lot::RwLock`
 --> src\api\monitoring\dashboard_api.rs:8:5
  |
8 | use parking_lot::RwLock;
  |     ^^^^^^^^^^^^^^^^^^^

warning: unused import: `AlertSeverity`
  --> src\api\monitoring\dashboard_api.rs:10:192
   |
10 | ..., TimeSeriesResult, HealthCheckResult, HealthStatus, Alert, AlertSeverity, Dashboard};
   |                                                                ^^^^^^^^^^^^^

warning: unused import: `std::collections::VecDeque`
  --> src\api\gateway\types.rs:30:5
   |
30 | use std::collections::VecDeque;
   |     ^^^^^^^^^^^^^^^^^^^^^^^^^^

warning: unused import: `std::collections::HashSet`
  --> src\api\gateway\types.rs:31:5
   |
31 | use std::collections::HashSet;
   |     ^^^^^^^^^^^^^^^^^^^^^^^^^

warning: unused import: `UNIX_EPOCH`
  --> src\api\gateway\types.rs:38:27
   |
38 | use std::time::{Duration, UNIX_EPOCH};
   |                           ^^^^^^^^^^

warning: unused import: `Sha256`
  --> src\api\gateway\types.rs:42:12
   |
42 | use sha2::{Sha256, Digest};
   |            ^^^^^^

warning: unused import: `hmac::Hmac`
  --> src\api\gateway\types.rs:43:5
   |
43 | use hmac::Hmac;
   |     ^^^^^^^^^^

warning: unused imports: `Engine as _` and `engine::general_purpose::STANDARD as BASE64`
  --> src\api\gateway\types.rs:44:14
   |
44 | use base64::{Engine as _, engine::general_purpose::STANDARD as BASE64};
   |              ^^^^^^^^^^^  ^^^^^^^^^^^^^^^^^^^^^^^^^^^^^^^^^^^^^^^^^^^

warning: unused import: `uuid::Uuid`
  --> src\api\gateway\types.rs:45:5
   |
45 | use uuid::Uuid;
   |     ^^^^^^^^^^

warning: unused imports: `HashSet` and `VecDeque`
 --> src\api\gateway\core.rs:5:33
  |
5 | use std::collections::{HashMap, HashSet, VecDeque};
  |                                 ^^^^^^^  ^^^^^^^^

warning: unused import: `std::net::IpAddr`
 --> src\api\gateway\core.rs:6:5
  |
6 | use std::net::IpAddr;
  |     ^^^^^^^^^^^^^^^^

warning: unused import: `UNIX_EPOCH`
 --> src\api\gateway\core.rs:8:48
  |
8 | use std::time::{Duration, Instant, SystemTime, UNIX_EPOCH};
  |                                                ^^^^^^^^^^

warning: unused imports: `Deserialize` and `Serialize`
  --> src\api\gateway\core.rs:10:13
   |
10 | use serde::{Deserialize, Serialize};
   |             ^^^^^^^^^^^  ^^^^^^^^^

warning: unused import: `Sha256`
  --> src\api\gateway\core.rs:11:12
   |
11 | use sha2::{Sha256, Digest};
   |            ^^^^^^

warning: unused import: `hmac::Hmac`
  --> src\api\gateway\core.rs:12:5
   |
12 | use hmac::Hmac;
   |     ^^^^^^^^^^

warning: unused imports: `Engine as _` and `engine::general_purpose::STANDARD as BASE64`
  --> src\api\gateway\core.rs:13:14
   |
13 | use base64::{Engine as _, engine::general_purpose::STANDARD as BASE64};
   |              ^^^^^^^^^^^  ^^^^^^^^^^^^^^^^^^^^^^^^^^^^^^^^^^^^^^^^^^^

warning: unused import: `uuid::Uuid`
  --> src\api\gateway\core.rs:14:5
   |
14 | use uuid::Uuid;
   |     ^^^^^^^^^^

warning: unused import: `VecDeque`
 --> src\api\gateway\auth.rs:5:42
  |
5 | use std::collections::{HashMap, HashSet, VecDeque};
  |                                          ^^^^^^^^

warning: unused import: `Mutex`
 --> src\api\gateway\auth.rs:7:22
  |
7 | use std::sync::{Arc, Mutex};
  |                      ^^^^^

warning: unused import: `Instant`
 --> src\api\gateway\auth.rs:8:27
  |
8 | use std::time::{Duration, Instant, SystemTime, UNIX_EPOCH};
  |                           ^^^^^^^

warning: unused import: `hmac::Hmac`
  --> src\api\gateway\auth.rs:12:5
   |
12 | use hmac::Hmac;
   |     ^^^^^^^^^^

warning: unused import: `VecDeque`
 --> src\api\gateway\authz.rs:5:42
  |
5 | use std::collections::{HashMap, HashSet, VecDeque};
  |                                          ^^^^^^^^

warning: unused import: `std::net::IpAddr`
 --> src\api\gateway\authz.rs:6:5
  |
6 | use std::net::IpAddr;
  |     ^^^^^^^^^^^^^^^^

warning: unused import: `Mutex`
 --> src\api\gateway\authz.rs:7:22
  |
7 | use std::sync::{Arc, Mutex};
  |                      ^^^^^

warning: unused imports: `Duration`, `Instant`, and `UNIX_EPOCH`
 --> src\api\gateway\authz.rs:8:17
  |
8 | use std::time::{Duration, Instant, SystemTime, UNIX_EPOCH};
  |                 ^^^^^^^^  ^^^^^^^              ^^^^^^^^^^

warning: unused imports: `Deserialize` and `Serialize`
  --> src\api\gateway\authz.rs:10:13
   |
10 | use serde::{Deserialize, Serialize};
   |             ^^^^^^^^^^^  ^^^^^^^^^

warning: unused import: `Sha256`
  --> src\api\gateway\authz.rs:11:12
   |
11 | use sha2::{Sha256, Digest};
   |            ^^^^^^

warning: unused import: `hmac::Hmac`
  --> src\api\gateway\authz.rs:12:5
   |
12 | use hmac::Hmac;
   |     ^^^^^^^^^^

warning: unused imports: `Engine as _` and `engine::general_purpose::STANDARD as BASE64`
  --> src\api\gateway\authz.rs:13:14
   |
13 | use base64::{Engine as _, engine::general_purpose::STANDARD as BASE64};
   |              ^^^^^^^^^^^  ^^^^^^^^^^^^^^^^^^^^^^^^^^^^^^^^^^^^^^^^^^^

warning: unused import: `uuid::Uuid`
  --> src\api\gateway\authz.rs:14:5
   |
14 | use uuid::Uuid;
   |     ^^^^^^^^^^

warning: unused import: `super::types::*`
  --> src\api\gateway\authz.rs:17:5
   |
17 | use super::types::*;
   |     ^^^^^^^^^^^^^^^

warning: unused import: `HashSet`
 --> src\api\gateway\ratelimit.rs:5:33
  |
5 | use std::collections::{HashMap, HashSet, VecDeque};
  |                                 ^^^^^^^

warning: unused import: `std::net::IpAddr`
 --> src\api\gateway\ratelimit.rs:6:5
  |
6 | use std::net::IpAddr;
  |     ^^^^^^^^^^^^^^^^

warning: unused import: `Mutex`
 --> src\api\gateway\ratelimit.rs:7:22
  |
7 | use std::sync::{Arc, Mutex};
  |                      ^^^^^

warning: unused import: `UNIX_EPOCH`
 --> src\api\gateway\ratelimit.rs:8:48
  |
8 | use std::time::{Duration, Instant, SystemTime, UNIX_EPOCH};
  |                                                ^^^^^^^^^^

warning: unused imports: `Deserialize` and `Serialize`
  --> src\api\gateway\ratelimit.rs:10:13
   |
10 | use serde::{Deserialize, Serialize};
   |             ^^^^^^^^^^^  ^^^^^^^^^

warning: unused import: `Sha256`
  --> src\api\gateway\ratelimit.rs:11:12
   |
11 | use sha2::{Sha256, Digest};
   |            ^^^^^^

warning: unused import: `hmac::Hmac`
  --> src\api\gateway\ratelimit.rs:12:5
   |
12 | use hmac::Hmac;
   |     ^^^^^^^^^^

warning: unused imports: `Engine as _` and `engine::general_purpose::STANDARD as BASE64`
  --> src\api\gateway\ratelimit.rs:13:14
   |
13 | use base64::{Engine as _, engine::general_purpose::STANDARD as BASE64};
   |              ^^^^^^^^^^^  ^^^^^^^^^^^^^^^^^^^^^^^^^^^^^^^^^^^^^^^^^^^

warning: unused import: `uuid::Uuid`
  --> src\api\gateway\ratelimit.rs:14:5
   |
14 | use uuid::Uuid;
   |     ^^^^^^^^^^

warning: unused import: `super::types::*`
  --> src\api\gateway\ratelimit.rs:17:5
   |
17 | use super::types::*;
   |     ^^^^^^^^^^^^^^^

warning: unused import: `VecDeque`
 --> src\api\gateway\security.rs:5:42
  |
5 | use std::collections::{HashMap, HashSet, VecDeque};
  |                                          ^^^^^^^^

warning: unused import: `Mutex`
 --> src\api\gateway\security.rs:7:22
  |
7 | use std::sync::{Arc, Mutex};
  |                      ^^^^^

warning: unused imports: `SystemTime` and `UNIX_EPOCH`
 --> src\api\gateway\security.rs:8:36
  |
8 | use std::time::{Duration, Instant, SystemTime, UNIX_EPOCH};
  |                                    ^^^^^^^^^^  ^^^^^^^^^^

warning: unused imports: `Deserialize` and `Serialize`
  --> src\api\gateway\security.rs:10:13
   |
10 | use serde::{Deserialize, Serialize};
   |             ^^^^^^^^^^^  ^^^^^^^^^

warning: unused import: `Sha256`
  --> src\api\gateway\security.rs:11:12
   |
11 | use sha2::{Sha256, Digest};
   |            ^^^^^^

warning: unused import: `hmac::Hmac`
  --> src\api\gateway\security.rs:12:5
   |
12 | use hmac::Hmac;
   |     ^^^^^^^^^^

warning: unused imports: `Engine as _` and `engine::general_purpose::STANDARD as BASE64`
  --> src\api\gateway\security.rs:13:14
   |
13 | use base64::{Engine as _, engine::general_purpose::STANDARD as BASE64};
   |              ^^^^^^^^^^^  ^^^^^^^^^^^^^^^^^^^^^^^^^^^^^^^^^^^^^^^^^^^

warning: unused import: `HashSet`
 --> src\api\gateway\audit.rs:5:33
  |
5 | use std::collections::{HashMap, HashSet, VecDeque};
  |                                 ^^^^^^^

warning: unused imports: `Arc` and `Mutex`
 --> src\api\gateway\audit.rs:7:17
  |
7 | use std::sync::{Arc, Mutex};
  |                 ^^^  ^^^^^

warning: unused imports: `Duration`, `Instant`, and `UNIX_EPOCH`
 --> src\api\gateway\audit.rs:8:17
  |
8 | use std::time::{Duration, Instant, SystemTime, UNIX_EPOCH};
  |                 ^^^^^^^^  ^^^^^^^              ^^^^^^^^^^

warning: unused import: `parking_lot::RwLock`
 --> src\api\gateway\audit.rs:9:5
  |
9 | use parking_lot::RwLock;
  |     ^^^^^^^^^^^^^^^^^^^

warning: unused imports: `Deserialize` and `Serialize`
  --> src\api\gateway\audit.rs:10:13
   |
10 | use serde::{Deserialize, Serialize};
   |             ^^^^^^^^^^^  ^^^^^^^^^

warning: unused import: `Sha256`
  --> src\api\gateway\audit.rs:11:12
   |
11 | use sha2::{Sha256, Digest};
   |            ^^^^^^

warning: unused import: `hmac::Hmac`
  --> src\api\gateway\audit.rs:12:5
   |
12 | use hmac::Hmac;
   |     ^^^^^^^^^^

warning: unused imports: `Engine as _` and `engine::general_purpose::STANDARD as BASE64`
  --> src\api\gateway\audit.rs:13:14
   |
13 | use base64::{Engine as _, engine::general_purpose::STANDARD as BASE64};
   |              ^^^^^^^^^^^  ^^^^^^^^^^^^^^^^^^^^^^^^^^^^^^^^^^^^^^^^^^^

warning: unused import: `crate::error::DbError`
  --> src\api\gateway\audit.rs:16:5
   |
16 | use crate::error::DbError;
   |     ^^^^^^^^^^^^^^^^^^^^^

warning: unused import: `core::*`
  --> src\api\gateway\mod.rs:15:9
   |
15 | pub use core::*;
   |         ^^^^^^^

warning: unused import: `std::fmt`
  --> src\api\enterprise\registry.rs:29:5
   |
29 | use std::fmt;
   |     ^^^^^^^^

warning: unused import: `std::collections::BTreeMap`
  --> src\api\enterprise\registry.rs:30:5
   |
30 | use std::collections::BTreeMap;
   |     ^^^^^^^^^^^^^^^^^^^^^^^^^^

warning: unused import: `std::collections::VecDeque`
  --> src\api\enterprise\registry.rs:31:5
   |
31 | use std::collections::VecDeque;
   |     ^^^^^^^^^^^^^^^^^^^^^^^^^^

warning: unused import: `std::sync::Mutex`
  --> src\api\enterprise\registry.rs:32:5
   |
32 | use std::sync::Mutex;
   |     ^^^^^^^^^^^^^^^^

warning: unused import: `tokio::time::sleep`
  --> src\api\enterprise\registry.rs:39:5
   |
39 | use tokio::time::sleep;
   |     ^^^^^^^^^^^^^^^^^^

warning: unused imports: `BTreeMap` and `VecDeque`
 --> src\api\enterprise\tracing.rs:5:33
  |
5 | use std::collections::{HashMap, BTreeMap, VecDeque};
  |                                 ^^^^^^^^  ^^^^^^^^

warning: unused import: `super::registry::*`
  --> src\api\enterprise\tracing.rs:14:5
   |
14 | use super::registry::*;
   |     ^^^^^^^^^^^^^^^^^^

warning: unused import: `Duration`
 --> src\api\enterprise\resources.rs:7:17
  |
7 | use std::time::{Duration, Instant, SystemTime};
  |                 ^^^^^^^^

warning: unused import: `std::fmt`
 --> src\api\enterprise\resources.rs:8:5
  |
8 | use std::fmt;
  |     ^^^^^^^^

warning: unused import: `tokio::time::sleep`
 --> src\api\enterprise\resources.rs:9:5
  |
9 | use tokio::time::sleep;
  |     ^^^^^^^^^^^^^^^^^^

warning: unused import: `uuid::Uuid`
  --> src\api\enterprise\resources.rs:11:5
   |
11 | use uuid::Uuid;
   |     ^^^^^^^^^^

warning: unused import: `super::registry::*`
  --> src\api\enterprise\resources.rs:14:5
   |
14 | use super::registry::*;
   |     ^^^^^^^^^^^^^^^^^^

warning: unused imports: `BTreeMap` and `VecDeque`
 --> src\api\enterprise\lifecycle.rs:5:33
  |
5 | use std::collections::{HashMap, BTreeMap, VecDeque};
  |                                 ^^^^^^^^  ^^^^^^^^

warning: unused import: `Mutex`
 --> src\api\enterprise\lifecycle.rs:6:30
  |
6 | use std::sync::{Arc, RwLock, Mutex};
  |                              ^^^^^

warning: unused import: `std::fmt`
 --> src\api\enterprise\lifecycle.rs:8:5
  |
8 | use std::fmt;
  |     ^^^^^^^^

warning: unused import: `uuid::Uuid`
  --> src\api\enterprise\lifecycle.rs:11:5
   |
11 | use uuid::Uuid;
   |     ^^^^^^^^^^

warning: unused import: `super::registry::*`
  --> src\api\enterprise\lifecycle.rs:14:5
   |
14 | use super::registry::*;
   |     ^^^^^^^^^^^^^^^^^^

error[E0204]: the trait `std::marker::Copy` cannot be implemented for this type
   --> src\memory\types.rs:359:24
    |
359 | #[derive(Debug, Clone, Copy, PartialEq, Eq, Hash, Serialize, Deserialize)]
    |                        ^^^^
...
382 |     Custom(String),
    |            ------ this field does not implement `std::marker::Copy`

warning: unused variable: `prepare_msg`
   --> src\transaction\distributed.rs:217:13
    |
217 |         let prepare_msg = TwoPhaseMessage::Prepare {
    |             ^^^^^^^^^^^ help: if this is intentional, prefix it with an underscore: `_prepare_msg`
    |
    = note: `#[warn(unused_variables)]` (part of `#[warn(unused)]`) on by default

warning: unused variable: `commit_msg`
   --> src\transaction\distributed.rs:260:17
    |
260 |             let commit_msg = TwoPhaseMessage::Commit { global_txn_id };
    |                 ^^^^^^^^^^ help: if this is intentional, prefix it with an underscore: `_commit_msg`

warning: unused variable: `abort_msg`
   --> src\transaction\distributed.rs:275:17
    |
275 |             let abort_msg = TwoPhaseMessage::Abort { global_txn_id };
    |                 ^^^^^^^^^ help: if this is intentional, prefix it with an underscore: `_abort_msg`

warning: unused variable: `step`
   --> src\transaction\distributed.rs:491:39
    |
491 |     async fn execute_saga_step(&self, step: &SagaStep) -> std::result::Result<bool, DbError> {
    |                                       ^^^^ help: if this is intentional, prefix it with an underscore: `_step`

warning: unused variable: `table`
  --> src\execution\parallel.rs:99:9
   |
99 |         table: &str,
   |         ^^^^^ help: if this is intentional, prefix it with an underscore: `_table`

warning: unused variable: `left`
   --> src\execution\parallel.rs:118:17
    |
118 |             let left = left.clone();
    |                 ^^^^ help: if this is intentional, prefix it with an underscore: `_left`

warning: unused variable: `right`
   --> src\execution\parallel.rs:126:17
    |
126 |             let right = right.clone();
    |                 ^^^^^ help: if this is intentional, prefix it with an underscore: `_right`

warning: unused variable: `input`
   --> src\execution\parallel.rs:217:9
    |
217 |         input: &PlanNode,
    |         ^^^^^ help: if this is intentional, prefix it with an underscore: `_input`

warning: unused variable: `aggregates`
   --> src\execution\parallel.rs:238:9
    |
238 |         aggregates: &[crate::execution::planner::AggregateExpr],
    |         ^^^^^^^^^^ help: if this is intentional, prefix it with an underscore: `_aggregates`

warning: unused variable: `aggregates`
   --> src\execution\parallel.rs:271:9
    |
271 |         aggregates: &[crate::execution::planner::AggregateExpr],
    |         ^^^^^^^^^^ help: if this is intentional, prefix it with an underscore: `_aggregates`

warning: unused variable: `participant`
   --> src\network\distributed.rs:530:34
    |
530 |     async fn send_prepare(&self, participant: &str) -> Result<bool, DbError> {
    |                                  ^^^^^^^^^^^ help: if this is intentional, prefix it with an underscore: `_participant`

warning: unused variable: `participant`
   --> src\network\distributed.rs:535:33
    |
535 |     async fn send_commit(&self, participant: &str) -> Result<(), DbError> {
    |                                 ^^^^^^^^^^^ help: if this is intentional, prefix it with an underscore: `_participant`

warning: unused variable: `participant`
   --> src\network\distributed.rs:550:32
    |
550 |     async fn send_abort(&self, participant: &str) -> Result<(), DbError> {
    |                                ^^^^^^^^^^^ help: if this is intentional, prefix it with an underscore: `_participant`

warning: unused variable: `failure`
   --> src\security\auto_recovery\manager.rs:298:43
    |
298 |     async fn recover_from_deadlock(&self, failure: &DetectedFailure) -> Result<bool> {
    |                                           ^^^^^^^ help: if this is intentional, prefix it with an underscore: `_failure`

warning: unused variable: `failure`
   --> src\security\auto_recovery\manager.rs:307:49
    |
307 |     async fn recover_from_health_failure(&self, failure: &DetectedFailure) -> Result<bool> {
    |                                                 ^^^^^^^ help: if this is intentional, prefix it with an underscore: `_failure`

warning: unused variable: `permit`
   --> src\security\circuit_breaker.rs:533:13
    |
533 |         let permit = match timeout(
    |             ^^^^^^ help: if this is intentional, prefix it with an underscore: `_permit`

warning: unused variable: `query`
   --> src\analytics\caching.rs:433:17
    |
433 |             let query = &warming_query.query;
    |                 ^^^^^ help: if this is intentional, prefix it with an underscore: `_query`

warning: unused variable: `rule`
   --> src\analytics\caching.rs:624:13
    |
624 |         for rule in &self.preload_rules {
    |             ^^^^ help: if this is intentional, prefix it with an underscore: `_rule`

warning: unused variable: `admin_password`
   --> src\multitenancy\container.rs:366:9
    |
366 |         admin_password: String,
    |         ^^^^^^^^^^^^^^ help: if this is intentional, prefix it with an underscore: `_admin_password`

warning: unused variable: `operation_id`
   --> src\multitenancy\container.rs:511:9
    |
511 |         operation_id: u64,
    |         ^^^^^^^^^^^^
    |
help: if this is intentional, prefix it with an underscore
    |
511 |         _operation_id: u64,
    |         +
help: you might have meant to pattern match on the similarly named constant `PRIME2`
    |
511 -         operation_id: u64,
511 +         simd::hash::wyhash::PRIME2: u64,
    |

warning: unused variable: `xml_content`
   --> src\multitenancy\container.rs:671:13
    |
671 |         let xml_content = self.generate_pdb_xml_metadata(&pdb_config);
    |             ^^^^^^^^^^^ help: if this is intentional, prefix it with an underscore: `_xml_content`

warning: unused variable: `query`
   --> src\multitenancy\tenant.rs:554:40
    |
554 |     pub async fn validate_query(&self, query: &str, schemas_accessed: &[String]) -> TenantResult<()> {
    |                                        ^^^^^ help: if this is intentional, prefix it with an underscore: `_query`

warning: unused variable: `allocation`
   --> src\multitenancy\isolation.rs:415:13
    |
415 |         let allocation = match self.calculate_allocation(tenant_id).await {
    |             ^^^^^^^^^^
    |
help: if this is intentional, prefix it with an underscore
    |
415 |         let _allocation = match self.calculate_allocation(tenant_id).await {
    |             +
help: you might have meant to pattern match on the similarly named constant `EARTH_RADIUS_METERS`
    |
415 -         let allocation = match self.calculate_allocation(tenant_id).await {
415 +         let document_store::qbe::GeoQuery::haversine_distance::EARTH_RADIUS_METERS = match self.calculate_allocation(tenant_id).await {
    |

warning: unused variable: `elapsed`
   --> src\multitenancy\isolation.rs:471:13
    |
471 |         let elapsed = SystemTime::now()
    |             ^^^^^^^
    |
help: if this is intentional, prefix it with an underscore
    |
471 |         let _elapsed = SystemTime::now()
    |             +
help: you might have meant to pattern match on the similarly named constant `WORKER_TIMEOUT`
    |
471 -         let elapsed = SystemTime::now()
471 +         let rac::parallel_query::WORKER_TIMEOUT = SystemTime::now()
    |

warning: unused variable: `pdb_config`
   --> src\multitenant\tenant.rs:547:13
    |
547 |         let pdb_config = PdbConfig {
    |             ^^^^^^^^^^ help: if this is intentional, prefix it with an underscore: `_pdb_config`

warning: unused variable: `query`
   --> src\multitenant\tenant.rs:711:9
    |
711 |         query: &str,
    |         ^^^^^ help: if this is intentional, prefix it with an underscore: `_query`

warning: unused variable: `source_pdb_id`
   --> src\multitenant\relocation.rs:467:43
    |
467 |     pub async fn apply_incremental(&self, source_pdb_id: PdbId, target_pdb_id: PdbId) -> Result<()> {
    |                                           ^^^^^^^^^^^^^ help: if this is intentional, prefix it with an underscore: `_source_pdb_id`

warning: unused variable: `target_pdb_id`
   --> src\multitenant\relocation.rs:467:65
    |
467 |     pub async fn apply_incremental(&self, source_pdb_id: PdbId, target_pdb_id: PdbId) -> Result<()> {
    |                                                                 ^^^^^^^^^^^^^ help: if this is intentional, prefix it with an underscore: `_target_pdb_id`

warning: unused variable: `profile`
   --> src\multitenant\shared.rs:147:13
    |
147 |         let profile = self
    |             ^^^^^^^ help: if this is intentional, prefix it with an underscore: `_profile`

warning: unused variable: `algorithm`
   --> src\replication\snapshots\manager.rs:304:59
    |
304 |     pub(super) async fn compress_data(&self, data: &[u8], algorithm: &CompressionType) -> Result<Vec<u8>, SnapshotError> {
    |                                                           ^^^^^^^^^ help: if this is intentional, prefix it with an underscore: `_algorithm`

warning: unused variable: `algorithm`
   --> src\replication\snapshots\manager.rs:309:61
    |
309 |     pub(super) async fn decompress_data(&self, data: &[u8], algorithm: &CompressionType) -> Result<Vec<u8>, SnapshotError> {
    |                                                             ^^^^^^^^^ help: if this is intentional, prefix it with an underscore: `_algorithm`

warning: unused variable: `segment`
   --> src\replication\wal.rs:648:9
    |
648 |         segment: &WalSegment,
    |         ^^^^^^^ help: if this is intentional, prefix it with an underscore: `_segment`

warning: unused variable: `from_lsn`
   --> src\replication\wal.rs:649:9
    |
649 |         from_lsn: LogSequenceNumber,
    |         ^^^^^^^^ help: if this is intentional, prefix it with an underscore: `_from_lsn`

warning: unused variable: `limit`
   --> src\replication\wal.rs:650:9
    |
650 |         limit: usize,
    |         ^^^^^
    |
help: if this is intentional, prefix it with an underscore
    |
650 |         _limit: usize,
    |         +
help: you might have meant to pattern match on the similarly named constant `CACHE_LINE_SIZE`
    |
650 -         limit: usize,
650 +         concurrent::CACHE_LINE_SIZE: usize,
    |

warning: unused variable: `entries`
   --> src\replication\wal.rs:836:43
    |
836 |     async fn write_entries_to_disk(&self, entries: &[WalEntry]) -> Result<(), WalError> {
    |                                           ^^^^^^^ help: if this is intentional, prefix it with an underscore: `_entries`

warning: unused variable: `event_sender`
   --> src\replication\wal.rs:850:13
    |
850 |         let event_sender = self.event_sender.clone();
    |             ^^^^^^^^^^^^ help: if this is intentional, prefix it with an underscore: `_event_sender`

warning: variable does not need to be mutable
   --> src\replication\wal.rs:884:21
    |
884 |                 let mut segments = segments.write();
    |                     ----^^^^^^^^
    |                     |
    |                     help: remove this `mut`
    |
    = note: `#[warn(unused_mut)]` (part of `#[warn(unused)]`) on by default

warning: unused variable: `from_lsn`
   --> src\replication\wal.rs:930:9
    |
930 |         from_lsn: LogSequenceNumber,
    |         ^^^^^^^^ help: if this is intentional, prefix it with an underscore: `_from_lsn`

warning: unused variable: `batch_size`
   --> src\replication\wal.rs:934:13
    |
934 |         let batch_size = self.config.stream_batch_size;
    |             ^^^^^^^^^^
    |
help: if this is intentional, prefix it with an underscore
    |
934 |         let _batch_size = self.config.stream_batch_size;
    |             +
help: you might have meant to pattern match on the similarly named constant `CACHE_LINE_SIZE`
    |
934 -         let batch_size = self.config.stream_batch_size;
934 +         let concurrent::CACHE_LINE_SIZE = self.config.stream_batch_size;
    |

error[E0599]: `tokio::sync::mpsc::UnboundedSender<()>` is not an iterator
   --> src\replication\manager.rs:492:68
    |
492 |         if let Some(sender) = self.shutdown_sender.lock().unwrap().take() {
    |                                                                    ^^^^ `tokio::sync::mpsc::UnboundedSender<()>` is not an iterator
    |
   ::: C:\Users\JustinSaadein\.cargo\registry\src\index.crates.io-1949cf8c6b5b557f\tokio-1.48.0\src\sync\mpsc\unbounded.rs:11:1
    |
 11 | pub struct UnboundedSender<T> {
    | ----------------------------- doesn't satisfy `tokio::sync::mpsc::UnboundedSender<()>: Iterator`
    |
    = note: the following trait bounds were not satisfied:
            `tokio::sync::mpsc::UnboundedSender<()>: Iterator`
            which is required by `&mut tokio::sync::mpsc::UnboundedSender<()>: Iterator`

warning: unused variable: `failed_replicas`
   --> src\replication\manager.rs:685:13
    |
685 |         let failed_replicas = self.replica_service.broadcast(data).await
    |             ^^^^^^^^^^^^^^^ help: if this is intentional, prefix it with an underscore: `_failed_replicas`

warning: unused variable: `timeout`
   --> src\replication\manager.rs:715:13
    |
715 |         let timeout = self.config.sync_timeout;
    |             ^^^^^^^
    |
help: if this is intentional, prefix it with an underscore
    |
715 |         let _timeout = self.config.sync_timeout;
    |             +
help: you might have meant to pattern match on the similarly named constant `WORKER_TIMEOUT`
    |
715 -         let timeout = self.config.sync_timeout;
715 +         let rac::parallel_query::WORKER_TIMEOUT = self.config.sync_timeout;
    |

warning: unused variable: `start`
   --> src\replication\manager.rs:716:13
    |
716 |         let start = SystemTime::now();
    |             ^^^^^ help: if this is intentional, prefix it with an underscore: `_start`

warning: unused variable: `shard`
   --> src\advanced_replication\sharding.rs:399:13
    |
399 |         let shard = shards.get(shard_id)
    |             ^^^^^ help: if this is intentional, prefix it with an underscore: `_shard`

warning: unused variable: `plan`
   --> src\advanced_replication\sharding.rs:457:13
    |
457 |         let plan = {
    |             ^^^^ help: if this is intentional, prefix it with an underscore: `_plan`

warning: unused variable: `rm`
   --> src\advanced_replication\xa.rs:347:13
    |
347 |         let rm = rms.get(rm_id)
    |             ^^ help: if this is intentional, prefix it with an underscore: `_rm`

warning: unused variable: `rm`
   --> src\advanced_replication\xa.rs:487:13
    |
487 |         let rm = rms.get(rm_id)
    |             ^^ help: if this is intentional, prefix it with an underscore: `_rm`

warning: unused variable: `rm`
   --> src\advanced_replication\xa.rs:557:13
    |
557 |         let rm = rms.get(rm_id)
    |             ^^ help: if this is intentional, prefix it with an underscore: `_rm`

warning: unused variable: `transaction_id`
   --> src\rac\cache_fusion\global_cache.rs:558:9
    |
558 |         transaction_id: TransactionId,
    |         ^^^^^^^^^^^^^^
    |
help: if this is intentional, prefix it with an underscore
    |
558 |         _transaction_id: TransactionId,
    |         +
help: you might have meant to pattern match on the similarly named constant `PRIME2`
    |
558 -         transaction_id: TransactionId,
558 +         simd::hash::wyhash::PRIME2: TransactionId,
    |

warning: unused variable: `message`
   --> src\rac\cache_fusion\global_cache.rs:672:13
    |
672 |         let message = CacheFusionMessage::BlockInvalidate {
    |             ^^^^^^^ help: if this is intentional, prefix it with an underscore: `_message`

warning: unused variable: `source`
   --> src\rac\cache_fusion\global_cache.rs:742:9
    |
742 |         source: NodeId,
    |         ^^^^^^ help: if this is intentional, prefix it with an underscore: `_source`

warning: unused variable: `block_data`
   --> src\rac\cache_fusion\global_cache.rs:823:9
    |
823 |         block_data: Vec<u8>,
    |         ^^^^^^^^^^ help: if this is intentional, prefix it with an underscore: `_block_data`

warning: unused variable: `handlers`
   --> src\rac\interconnect.rs:665:13
    |
665 |         let handlers = self.message_handlers.clone();
    |             ^^^^^^^^ help: if this is intentional, prefix it with an underscore: `_handlers`

warning: unused variable: `stats`
   --> src\rac\interconnect.rs:666:13
    |
666 |         let stats = self.stats.clone();
    |             ^^^^^ help: if this is intentional, prefix it with an underscore: `_stats`

warning: unused variable: `reason`
   --> src\rac\recovery.rs:503:9
    |
503 |         reason: FailureReason,
    |         ^^^^^^ help: if this is intentional, prefix it with an underscore: `_reason`

warning: unused variable: `message`
   --> src\rac\recovery.rs:563:13
    |
563 |         let message = RecoveryMessage::CoordinatorElected {
    |             ^^^^^^^ help: if this is intentional, prefix it with an underscore: `_message`

warning: unused variable: `log_entry`
   --> src\rac\recovery.rs:729:21
    |
729 |                 for log_entry in partition_logs {
    |                     ^^^^^^^^^ help: if this is intentional, prefix it with an underscore: `_log_entry`

warning: unused variable: `logs`
   --> src\rac\recovery.rs:844:13
    |
844 |         let logs = buffer.get_entries_after(from_lsn);
    |             ^^^^ help: if this is intentional, prefix it with an underscore: `_logs`

warning: unused variable: `active_workers`
   --> src\rac\parallel_query.rs:805:13
    |
805 |         let active_workers = self.worker_pool.active_workers.read();
    |             ^^^^^^^^^^^^^^ help: if this is intentional, prefix it with an underscore: `_active_workers`

warning: unused variable: `to_node`
   --> src\rac\mod.rs:648:53
    |
648 |     pub async fn failover(&self, from_node: NodeId, to_node: NodeId) -> Result<(), DbError> {
    |                                                     ^^^^^^^ help: if this is intentional, prefix it with an underscore: `_to_node`

warning: unused variable: `permit`
   --> src\enterprise\service_bus.rs:353:13
    |
353 |         let permit = self.backpressure.acquire().await
    |             ^^^^^^ help: if this is intentional, prefix it with an underscore: `_permit`

warning: variable `last_error` is assigned to, but never used
   --> src\orchestration\error_recovery.rs:357:17
    |
357 |         let mut last_error = None;
    |                 ^^^^^^^^^^
    |
    = note: consider using `_last_error` instead

warning: value assigned to `last_error` is never read
   --> src\orchestration\error_recovery.rs:395:21
    |
395 |                     last_error = Some(e);
    |                     ^^^^^^^^^^
    |
    = help: maybe it is overwritten before being read?
    = note: `#[warn(unused_assignments)]` (part of `#[warn(unused)]`) on by default

error[E0308]: mismatched types
   --> src\api\rest\middleware.rs:40:29
    |
 21 | pub async fn request_logger_middleware<B>(
    |                                        - found this type parameter
...
 40 |     let response = next.run(req).await;
    |                         --- ^^^ expected `Request<Body>`, found `Request<B>`
    |                         |
    |                         arguments to this method are incorrect
    |
    = note: expected struct `axum::http::Request<Body>`
               found struct `axum::http::Request<B>`
note: method defined here
   --> C:\Users\JustinSaadein\.cargo\registry\src\index.crates.io-1949cf8c6b5b557f\axum-0.7.9\src\middleware\from_fn.rs:341:18
    |
341 |     pub async fn run(mut self, req: Request) -> Response {
    |                  ^^^

error[E0308]: mismatched types
   --> src\api\rest\middleware.rs:88:17
    |
 64 | pub async fn rate_limit_middleware<B>(
    |                                    - found this type parameter
...
 88 |     Ok(next.run(req).await)
    |             --- ^^^ expected `Request<Body>`, found `Request<B>`
    |             |
    |             arguments to this method are incorrect
    |
    = note: expected struct `axum::http::Request<Body>`
               found struct `axum::http::Request<B>`
note: method defined here
   --> C:\Users\JustinSaadein\.cargo\registry\src\index.crates.io-1949cf8c6b5b557f\axum-0.7.9\src\middleware\from_fn.rs:341:18
    |
341 |     pub async fn run(mut self, req: Request) -> Response {
    |                  ^^^

error[E0308]: mismatched types
   --> src\api\rest\middleware.rs:348:68
    |
343 |     pub async fn apply_timeout<B>(
    |                                - found this type parameter
...
348 |         match tokio::time::timeout(self.timeout_duration, next.run(req)).await {
    |                                                                --- ^^^ expected `Request<Body>`, found `Request<B>`
    |                                                                |
    |                                                                arguments to this method are incorrect
    |
    = note: expected struct `axum::http::Request<Body>`
               found struct `axum::http::Request<B>`
note: method defined here
   --> C:\Users\JustinSaadein\.cargo\registry\src\index.crates.io-1949cf8c6b5b557f\axum-0.7.9\src\middleware\from_fn.rs:341:18
    |
341 |     pub async fn run(mut self, req: Request) -> Response {
    |                  ^^^

warning: unused variable: `endpoint`
   --> src\api\gateway\core.rs:304:13
    |
304 |         let endpoint = self.select_endpoint(&route.backend)?;
    |             ^^^^^^^^ help: if this is intentional, prefix it with an underscore: `_endpoint`

warning: unused variable: `code`
   --> src\api\gateway\auth.rs:496:39
    |
496 |     pub async fn exchange_code(&self, code: &str) -> Result<OAuthToken, DbError> {
    |                                       ^^^^ help: if this is intentional, prefix it with an underscore: `_code`

warning: unused variable: `refreshtoken`
   --> src\api\gateway\auth.rs:502:39
    |
502 |     pub async fn refresh_token(&self, refreshtoken: &str) -> Result<OAuthToken, DbError> {
    |                                       ^^^^^^^^^^^^ help: if this is intentional, prefix it with an underscore: `_refreshtoken`

error[E0367]: `Drop` impl requires `T: 'static` but the struct it is implemented for does not
   --> src\concurrent\queue.rs:407:9
    |
407 | impl<T: 'static> Drop for LockFreeQueue<T> {
    |         ^^^^^^^
    |
note: the implementor must specify the same requirement
   --> src\concurrent\queue.rs:57:1
    |
 57 | pub struct LockFreeQueue<T> {
    | ^^^^^^^^^^^^^^^^^^^^^^^^^^^

error[E0367]: `Drop` impl requires `T: 'static` but the struct it is implemented for does not
   --> src\concurrent\stack.rs:348:9
    |
348 | impl<T: 'static> Drop for LockFreeStack<T> {
    |         ^^^^^^^
    |
note: the implementor must specify the same requirement
   --> src\concurrent\stack.rs:51:1
    |
 51 | pub struct LockFreeStack<T> {
    | ^^^^^^^^^^^^^^^^^^^^^^^^^^^

error[E0592]: duplicate definitions with name `get_snapshot_data_path`
   --> src\replication\snapshots\manager.rs:323:5
    |
218 |     fn get_snapshot_data_path(&self, snapshot_id: &SnapshotId) -> PathBuf {
    |     --------------------------------------------------------------------- other definition for `get_snapshot_data_path`
...
323 |     pub(super) fn get_snapshot_data_path(&self, snapshot_id: &SnapshotId) -> PathBuf {
    |     ^^^^^^^^^^^^^^^^^^^^^^^^^^^^^^^^^^^^^^^^^^^^^^^^^^^^^^^^^^^^^^^^^^^^^^^^^^^^^^^^ duplicate definitions for `get_snapshot_data_path`

error[E0592]: duplicate definitions with name `save_snapshot_metadata`
   --> src\replication\snapshots\manager.rs:327:5
    |
202 |     async fn save_snapshot_metadata(&self, metadata: &SnapshotMetadata) -> Result<(), SnapshotError> {
    |     ------------------------------------------------------------------------------------------------ other definition for `save_snapshot_metadata`
...
327 |     pub(super) async fn save_snapshot_metadata(&self, metadata: &SnapshotMetadata) -> Result<(), SnapshotError> {
    |     ^^^^^^^^^^^^^^^^^^^^^^^^^^^^^^^^^^^^^^^^^^^^^^^^^^^^^^^^^^^^^^^^^^^^^^^^^^^^^^^^^^^^^^^^^^^^^^^^^^^^^^^^^^^ duplicate definitions for `save_snapshot_metadata`

error[E0592]: duplicate definitions with name `update_statistics`
   --> src\replication\snapshots\manager.rs:343:5
    |
243 |     async fn update_statistics(&self) {
    |     --------------------------------- other definition for `update_statistics`
...
343 |     pub(super) async fn update_statistics(&self) {
    |     ^^^^^^^^^^^^^^^^^^^^^^^^^^^^^^^^^^^^^^^^^^^^ duplicate definitions for `update_statistics`

error[E0592]: duplicate definitions with name `new`
   --> src\api\gateway\types.rs:461:5
    |
461 |     pub fn new(config: GatewayConfig) -> Self {
    |     ^^^^^^^^^^^^^^^^^^^^^^^^^^^^^^^^^^^^^^^^^ duplicate definitions for `new`
    |
   ::: src\api\gateway\core.rs:21:5
    |
 21 |     pub fn new(config: GatewayConfig) -> Self {
    |     ----------------------------------------- other definition for `new`

error[E0599]: the function or associated item `new` exists for struct `SwissTable<K, V>`, but its trait bounds were not satisfied
   --> src\index\swiss_table.rs:421:15
    |
 63 | pub struct SwissTable<K, V> {
    | --------------------------- function or associated item `new` not found for this struct
...
421 |         Self::new()
    |               ^^^ function or associated item cannot be called on `SwissTable<K, V>` due to unsatisfied trait bounds
    |
note: trait bound `K: AsRef<[u8]>` was not satisfied
   --> src\index\swiss_table.rs:86:21
    |
 84 | impl<K, V> SwissTable<K, V>
    |            ----------------
 85 | where
 86 |     K: Eq + Clone + AsRef<[u8]>,
    |                     ^^^^^^^^^^^ unsatisfied trait bound introduced here
    = help: items from traits can only be used if the trait is implemented and in scope
    = note: the following traits define an item `new`, perhaps you need to implement one of them:
            candidate #1: `Bit`
            candidate #2: `KeyInit`
            candidate #3: `KeyIvInit`
            candidate #4: `UniformSampler`
            candidate #5: `VariableOutput`
            candidate #6: `VariableOutputCore`
            candidate #7: `ahash::HashMapExt`
            candidate #8: `ahash::HashSetExt`
            candidate #9: `bitvec::store::BitStore`
            candidate #10: `curve25519_dalek::traits::VartimePrecomputedMultiscalarMul`
            candidate #11: `hmac::Mac`
            candidate #12: `parking_lot_core::thread_parker::ThreadParkerT`
            candidate #13: `radium::Radium`
            candidate #14: `rand::distr::uniform::UniformSampler`
            candidate #15: `ring::aead::BoundKey`
            candidate #16: `sha2::Digest`

error[E0308]: `match` arms have incompatible types
   --> src\index\mod.rs:187:35
    |
172 | /         match self {
173 | |             Index::BTree(idx) => idx.search(key),
174 | |             Index::Hash(idx) => idx.search(key),
175 | |             Index::BPlusTree(idx) => {
...   |
185 | |                 idx.get(key).map(|opt| opt.into_iter().collect())
    | |                 ------------------------------------------------- this and all prior arms are found to be of type `std::result::Result<Vec<u64>, error::DbError>`
186 | |             }
187 | |             Index::Bitmap(idx) => idx.get(key),
    | |                                   ^^^^^^^^^^^^ expected `Result<Vec<u64>, DbError>`, found `Result<Vec<usize>, DbError>`
188 | |             _ => Err(DbError::Internal("Search not supported for this index type".into())),
189 | |         }
    | |_________- `match` arms have incompatible types
    |
    = note: expected enum `std::result::Result<Vec<u64>, _>`
               found enum `std::result::Result<Vec<usize>, _>`

error[E0277]: a value of type `std::result::Result<Vec<_>, error::DbError>` cannot be built from an iterator over elements of type `std::result::Result<Vec<u8>, Box<bincode::ErrorKind>>`
    --> src\transaction\wal.rs:581:24
     |
 581 |             .collect::<Result<Vec<_>>>()
     |              -------   ^^^^^^^^^^^^^^ value of type `std::result::Result<Vec<_>, error::DbError>` cannot be built from `std::iter::Iterator<Item=std::result::Result<Vec<u8>, Box<bincode::ErrorKind>>>`
     |              |
     |              required by a bound introduced by this call
     |
     = help: the trait `FromIterator<std::result::Result<_, Box<bincode::ErrorKind>>>` is not implemented for `std::result::Result<Vec<_>, _>`
             but trait `FromIterator<std::result::Result<_, error::DbError>>` is implemented for `std::result::Result<Vec<Vec<u8>>, _>`
     = help: for that trait implementation, expected `error::DbError`, found `Box<bincode::ErrorKind>`
note: the method call chain might not have had the expected associated types
    --> src\transaction\wal.rs:580:14
     |
 579 |         let serialized: Vec<Vec<u8>> = entries.iter()
     |                                        ------- ------ `Iterator::Item` is `&WALEntry` here
     |                                        |
     |                                        this expression has type `&[WALEntry]`
 580 |             .map(|e| bincode::serialize(e))
     |              ^^^^^^^^^^^^^^^^^^^^^^^^^^^^^^ `Iterator::Item` changed to `Result<Vec<u8>, Box<ErrorKind>>` here
note: required by a bound in `std::iter::Iterator::collect`
    --> C:\Users\JustinSaadein\.rustup\toolchains\stable-x86_64-pc-windows-msvc\lib/rustlib/src/rust\library\core\src\iter\traits\iterator.rs:2014:19
     |
2014 |     fn collect<B: FromIterator<Self::Item>>(self) -> B
     |                   ^^^^^^^^^^^^^^^^^^^^^^^^ required by this bound in `Iterator::collect`

error[E0614]: type `Result<MutexGuard<'_, u64>, PoisonError<MutexGuard<'_, u64>>>` cannot be dereferenced
   --> src\security\encryption_engine.rs:541:13
    |
541 |             *counter += 1;
    |             ^^^^^^^^ can't be dereferenced
    |
    = note: the full name for the type has been written to 'F:\temp\rusty-db\target\debug\deps\rusty_db-70cc870f80bba485.long-type-11600813477680661189.txt'
    = note: consider using `--verbose` to print the full type name to the console

error[E0614]: type `Result<MutexGuard<'_, u64>, PoisonError<MutexGuard<'_, u64>>>` cannot be dereferenced
   --> src\security\encryption_engine.rs:542:13
    |
542 |             *counter
    |             ^^^^^^^^ can't be dereferenced
    |
    = note: the full name for the type has been written to 'F:\temp\rusty-db\target\debug\deps\rusty_db-70cc870f80bba485.long-type-11600813477680661189.txt'
    = note: consider using `--verbose` to print the full type name to the console

error[E0614]: type `Result<MutexGuard<'_, u64>, PoisonError<MutexGuard<'_, u64>>>` cannot be dereferenced
   --> src\security\encryption_engine.rs:577:13
    |
577 |             *counter += 1;
    |             ^^^^^^^^ can't be dereferenced
    |
    = note: the full name for the type has been written to 'F:\temp\rusty-db\target\debug\deps\rusty_db-70cc870f80bba485.long-type-11600813477680661189.txt'
    = note: consider using `--verbose` to print the full type name to the console

error[E0614]: type `Result<MutexGuard<'_, u64>, PoisonError<MutexGuard<'_, u64>>>` cannot be dereferenced
   --> src\security\encryption_engine.rs:578:13
    |
578 |             *counter
    |             ^^^^^^^^ can't be dereferenced
    |
    = note: the full name for the type has been written to 'F:\temp\rusty-db\target\debug\deps\rusty_db-70cc870f80bba485.long-type-11600813477680661189.txt'
    = note: consider using `--verbose` to print the full type name to the console

error[E0034]: multiple applicable items in scope
   --> src\security\encryption_engine.rs:669:39
    |
669 |             let mut mac = HmacSha256::new_from_slice(prk)
    |                                       ^^^^^^^^^^^^^^ multiple `new_from_slice` found
    |
    = note: candidate #1 is defined in an impl of the trait `KeyInit` for the type `CoreWrapper<T>`
    = note: candidate #2 is defined in an impl of the trait `hmac::Mac` for the type `T`
help: use fully-qualified syntax to disambiguate
    |
669 -             let mut mac = HmacSha256::new_from_slice(prk)
669 +             let mut mac = <CoreWrapper<HmacCore<CoreWrapper<CtVariableCoreWrapper<Sha256VarCore, UInt<UInt<UInt<UInt<UInt<UInt<UTerm, B1>, B0>, B0>, B0>, B0>, B0>, OidSha256>>>> as 
KeyInit>::new_from_slice(prk)
    |
669 -             let mut mac = HmacSha256::new_from_slice(prk)
669 +             let mut mac = <CoreWrapper<HmacCore<CoreWrapper<CtVariableCoreWrapper<Sha256VarCore, UInt<UInt<UInt<UInt<UInt<UInt<UTerm, B1>, B0>, B0>, B0>, B0>, B0>, OidSha256>>>> as 
hmac::Mac>::new_from_slice(prk)
    |

error[E0034]: multiple applicable items in scope
    --> src\security\encryption_engine.rs:1017:35
     |
1017 |         let mut mac = HmacSha256::new_from_slice(&token_key)
     |                                   ^^^^^^^^^^^^^^ multiple `new_from_slice` found
     |
     = note: candidate #1 is defined in an impl of the trait `KeyInit` for the type `CoreWrapper<T>`
     = note: candidate #2 is defined in an impl of the trait `hmac::Mac` for the type `T`
help: use fully-qualified syntax to disambiguate
     |
1017 -         let mut mac = HmacSha256::new_from_slice(&token_key)
1017 +         let mut mac = <CoreWrapper<HmacCore<CoreWrapper<CtVariableCoreWrapper<Sha256VarCore, UInt<UInt<UInt<UInt<UInt<UInt<UTerm, B1>, B0>, B0>, B0>, B0>, B0>, OidSha256>>>> as 
KeyInit>::new_from_slice(&token_key)
     |
1017 -         let mut mac = HmacSha256::new_from_slice(&token_key)
1017 +         let mut mac = <CoreWrapper<HmacCore<CoreWrapper<CtVariableCoreWrapper<Sha256VarCore, UInt<UInt<UInt<UInt<UInt<UInt<UTerm, B1>, B0>, B0>, B0>, B0>, B0>, OidSha256>>>> as 
hmac::Mac>::new_from_slice(&token_key)
     |

error[E0689]: can't call method `min` on ambiguous numeric type `{float}`
   --> src\security\insider_threat.rs:776:26
    |
776 |             score: score.min(100.0),
    |                          ^^^
    |
help: you must specify a type for this binding, like `f32`
    |
751 |         let mut score: f32 = 0.0;
    |                      +++++

error[E0277]: the `?` operator can only be applied to values that implement `Try`
   --> src\security_vault\masking.rs:202:9
    |
202 |         engine.init_default_substitution_tables()?;
    |         ^^^^^^^^^^^^^^^^^^^^^^^^^^^^^^^^^^^^^^^^^^ the `?` operator cannot be applied to type `()`
    |
    = help: the trait `Try` is not implemented for `()`

error[E0308]: mismatched types
   --> src\security_vault\keystore.rs:398:37
    |
398 |         let cipher = Aes256Gcm::new(GenericArray::from_slice(&mek.key_material));
    |                      -------------- ^^^^^^^^^^^^^^^^^^^^^^^^^^^^^^^^^^^^^^^^^^^ expected `&GenericArray<u8, UInt<..., ...>>`, found `&GenericArray<u8, _>`
    |                      |
    |                      arguments to this function are incorrect
    |
note: two different versions of crate `generic_array` are being used; two types coming from two different versions of the same crate are different types even if they look the same
   --> C:\Users\JustinSaadein\.cargo\registry\src\index.crates.io-1949cf8c6b5b557f\generic-array-0.14.7\src\lib.rs:179:1
    |
179 | pub struct GenericArray<T, U: ArrayLength<T>> {
    | ^^^^^^^^^^^^^^^^^^^^^^^^^^^^^^^^^^^^^^^^^^^^^ this is the expected type `aes_gcm::aead::generic_array::GenericArray`
    |
   ::: C:\Users\JustinSaadein\.cargo\registry\src\index.crates.io-1949cf8c6b5b557f\generic-array-1.3.5\src\lib.rs:532:1
    |
532 | pub struct GenericArray<T, N: ArrayLength> {
    | ^^^^^^^^^^^^^^^^^^^^^^^^^^^^^^^^^^^^^^^^^^ this is the found type `generic_array::GenericArray`
    |
   ::: src\security\encryption_engine.rs:23:5
    |
 23 | use aes_gcm::{
    |     ------- one version of crate `generic_array` used here, as a dependency of crate `crypto_common`
    |
   ::: src\security_vault\keystore.rs:44:5
    |
 44 | use generic_array::GenericArray;
    |     ------------- one version of crate `generic_array` used here, as a direct dependency of the current crate
    = help: you can use `cargo tree` to explore your dependency tree
note: associated function defined here
   --> C:\Users\JustinSaadein\.cargo\registry\src\index.crates.io-1949cf8c6b5b557f\crypto-common-0.1.7\src\lib.rs:126:8
    |
126 |     fn new(key: &Key<Self>) -> Self;
    |        ^^^

error[E0308]: mismatched types
   --> src\security_vault\keystore.rs:421:37
    |
421 |         let cipher = Aes256Gcm::new(GenericArray::from_slice(&mek.key_material));
    |                      -------------- ^^^^^^^^^^^^^^^^^^^^^^^^^^^^^^^^^^^^^^^^^^^ expected `&GenericArray<u8, UInt<..., ...>>`, found `&GenericArray<u8, _>`
    |                      |
    |                      arguments to this function are incorrect
    |
note: two different versions of crate `generic_array` are being used; two types coming from two different versions of the same crate are different types even if they look the same
   --> C:\Users\JustinSaadein\.cargo\registry\src\index.crates.io-1949cf8c6b5b557f\generic-array-0.14.7\src\lib.rs:179:1
    |
179 | pub struct GenericArray<T, U: ArrayLength<T>> {
    | ^^^^^^^^^^^^^^^^^^^^^^^^^^^^^^^^^^^^^^^^^^^^^ this is the expected type `aes_gcm::aead::generic_array::GenericArray`
    |
   ::: C:\Users\JustinSaadein\.cargo\registry\src\index.crates.io-1949cf8c6b5b557f\generic-array-1.3.5\src\lib.rs:532:1
    |
532 | pub struct GenericArray<T, N: ArrayLength> {
    | ^^^^^^^^^^^^^^^^^^^^^^^^^^^^^^^^^^^^^^^^^^ this is the found type `generic_array::GenericArray`
    |
   ::: src\security\encryption_engine.rs:23:5
    |
 23 | use aes_gcm::{
    |     ------- one version of crate `generic_array` used here, as a dependency of crate `crypto_common`
    |
   ::: src\security_vault\keystore.rs:44:5
    |
 44 | use generic_array::GenericArray;
    |     ------------- one version of crate `generic_array` used here, as a direct dependency of the current crate
    = help: you can use `cargo tree` to explore your dependency tree
note: associated function defined here
   --> C:\Users\JustinSaadein\.cargo\registry\src\index.crates.io-1949cf8c6b5b557f\crypto-common-0.1.7\src\lib.rs:126:8
    |
126 |     fn new(key: &Key<Self>) -> Self;
    |        ^^^

error[E0063]: missing fields `max_concurrent_queries`, `max_cpu_percent` and `max_memory_mb` in initializer of `monitoring::resource_manager::ResourceGroup`
   --> src\monitoring\resource_manager.rs:119:9
    |
119 |         Self {
    |         ^^^^ missing `max_concurrent_queries`, `max_cpu_percent` and `max_memory_mb`

error[E0599]: no method named `write_all` found for struct `std::fs::File` in the current scope
    --> src\backup\cloud.rs:497:18
     |
 497 |             file.write_all(&data)
     |                  ^^^^^^^^^
     |
    ::: C:\Users\JustinSaadein\.rustup\toolchains\stable-x86_64-pc-windows-msvc\lib/rustlib/src/rust\library\std\src\io\mod.rs:1835:8
     |
1835 |     fn write_all(&mut self, mut buf: &[u8]) -> Result<()> {
     |        --------- the method is available for `std::fs::File` here
     |
     = help: items from traits can only be used if the trait is in scope
help: trait `Write` which provides `write_all` is implemented but not in scope; perhaps you want to import it
     |
   4 + use std::io::Write;
     |
help: there is a method `write_fmt` with a similar name
     |
 497 -             file.write_all(&data)
 497 +             file.write_fmt(&data)
     |

error[E0308]: mismatched types
   --> src\analytics\manager.rs:191:49
    |
191 |             self.cache.put(String::from(query), result, 0);
    |                        ---                      ^^^^^^ expected `Vec<Vec<String>>`, found `CachedResult`
    |                        |
    |                        arguments to this method are incorrect
    |
    = note: expected struct `Vec<Vec<std::string::String>>`
               found struct `query_cache::CachedResult`
note: method defined here
   --> src\analytics\query_cache.rs:155:12
    |
155 |     pub fn put(&self, query: String, result: Vec<Vec<String>>, ttl_seconds: u64) {
    |            ^^^                       ------------------------

error[E0599]: no method named `estimate` found for struct `std::sync::Arc<analytics::cost_model::CostModel>` in the current scope
   --> src\analytics\manager.rs:243:25
    |
243 |         self.cost_model.estimate(query, &self.column_stats.read())
    |                         ^^^^^^^^ method not found in `std::sync::Arc<analytics::cost_model::CostModel>`

error[E0599]: no method named `estimate` found for struct `std::sync::Arc<analytics::cost_model::CardinalityEstimator>` in the current scope
   --> src\analytics\manager.rs:248:36
    |
248 |         self.cardinality_estimator.estimate(table, &self.column_stats.read())
    |                                    ^^^^^^^^
    |
help: there is a method `estimate_join` with a similar name, but with different arguments
   --> src\analytics\cost_model.rs:59:5
    |
 59 |     pub fn estimate_join(&self, left_card: u64, right_card: u64, join_type: JoinType) -> u64 {
    |     ^^^^^^^^^^^^^^^^^^^^^^^^^^^^^^^^^^^^^^^^^^^^^^^^^^^^^^^^^^^^^^^^^^^^^^^^^^^^^^^^^^^^^^^^

error[E0599]: no method named `stats` found for struct `std::sync::Arc<query_cache::QueryCache>` in the current scope
   --> src\analytics\manager.rs:366:37
    |
366 |             cache_stats: self.cache.stats(),
    |                                     ^^^^^
    |
    = help: items from traits can only be used if the trait is implemented and in scope
    = note: the following traits define an item `stats`, perhaps you need to implement one of them:
            candidate #1: `SpatialIndex`
            candidate #2: `compression::Compressor`
            candidate #3: `eviction::EvictionPolicy`
help: there is a method `get_stats` with a similar name
    |
366 |             cache_stats: self.cache.get_stats(),
    |                                     ++++

error[E0308]: mismatched types
   --> src\analytics\aggregates.rs:246:13
    |
122 |   ) -> Result<String> {
    |        -------------- expected `std::result::Result<std::string::String, error::DbError>` because of return type
...
246 | /             counts
247 | |                 .into_iter()
248 | |                 .max_by_key(|(_, count)| *count)
249 | |                 .map(|(value, _)| value)
    | |________________________________________^ expected `Result<String, DbError>`, found `Option<String>`
    |
    = note: expected enum `std::result::Result<std::string::String, error::DbError>`
               found enum `std::option::Option<std::string::String>`

error[E0308]: mismatched types
   --> src\analytics\aggregates.rs:263:13
    |
122 |   ) -> Result<String> {
    |        -------------- expected `std::result::Result<std::string::String, error::DbError>` because of return type
...
263 | /             data.first()
264 | |                 .and_then(|row| row.get(column_index))
265 | |                 .cloned()
    | |_________________________^ expected `Result<String, DbError>`, found `Option<String>`
    |
    = note: expected enum `std::result::Result<std::string::String, error::DbError>`
               found enum `std::option::Option<std::string::String>`

error[E0308]: mismatched types
   --> src\analytics\aggregates.rs:269:13
    |
122 |   ) -> Result<String> {
    |        -------------- expected `std::result::Result<std::string::String, error::DbError>` because of return type
...
269 | /             data.last()
270 | |                 .and_then(|row| row.get(column_index))
271 | |                 .cloned()
    | |_________________________^ expected `Result<String, DbError>`, found `Option<String>`
    |
    = note: expected enum `std::result::Result<std::string::String, error::DbError>`
               found enum `std::option::Option<std::string::String>`

error[E0599]: the method `entry` exists for struct `std::collections::HashMap<InferredType, usize>`, but its trait bounds were not satisfied
   --> src\analytics\data_profiler.rs:416:34
    |
 37 | pub enum InferredType {
    | --------------------- doesn't satisfy `InferredType: std::hash::Hash`
...
416 |                     *type_counts.entry(inferred).or_insert(0) += 1;
    |                                  ^^^^^ method cannot be called on `std::collections::HashMap<InferredType, usize>` due to unsatisfied trait bounds
    |
    = note: the following trait bounds were not satisfied:
            `InferredType: std::hash::Hash`
help: consider annotating `InferredType` with `#[derive(Hash)]`
    |
 37 + #[derive(Hash)]
 38 | pub enum InferredType {
    |

error[E0277]: the trait bound `InferredType: std::hash::Hash` is not satisfied
    --> src\analytics\data_profiler.rs:466:14
     |
 466 |             .collect();
     |              ^^^^^^^ the trait `std::hash::Hash` is not implemented for `InferredType`
     |
     = help: the trait `FromIterator<(K, V)>` is implemented for `std::collections::HashMap<K, V, S>`
     = note: required for `std::collections::HashMap<InferredType, usize>` to implement `FromIterator<(InferredType, usize)>`
note: required by a bound in `std::iter::Iterator::collect`
    --> C:\Users\JustinSaadein\.rustup\toolchains\stable-x86_64-pc-windows-msvc\lib/rustlib/src/rust\library\core\src\iter\traits\iterator.rs:2014:19
     |
2014 |     fn collect<B: FromIterator<Self::Item>>(self) -> B
     |                   ^^^^^^^^^^^^^^^^^^^^^^^^ required by this bound in `Iterator::collect`
help: consider annotating `InferredType` with `#[derive(Hash)]`
     |
  37 + #[derive(Hash)]
  38 | pub enum InferredType {
     |

error[E0308]: mismatched types
  --> src\inmemory\column_store.rs:65:40
   |
65 |             ColumnDataType::Integer => {}
   |                                        ^^ expected `usize`, found `()`

error[E0599]: no method named `pop` found for enum `std::result::Result<T, E>` in the current scope
   --> src\inmemory\population.rs:310:23
    |
310 |                 queue.pop()
    |                       ^^^ method not found in `Result<MutexGuard<'_, BinaryHeap<PopulationTask>>, PoisonError<...>>`
    |
note: the method `pop` exists on the type `std::sync::MutexGuard<'_, BinaryHeap<PopulationTask>>`
   --> C:\Users\JustinSaadein\.rustup\toolchains\stable-x86_64-pc-windows-msvc\lib/rustlib/src/rust\library\alloc\src\collections\binary_heap\mod.rs:639:5
    |
639 |     pub fn pop(&mut self) -> Option<T> {
    |     ^^^^^^^^^^^^^^^^^^^^^^^^^^^^^^^^^^
    = note: the full name for the type has been written to 'F:\temp\rusty-db\target\debug\deps\rusty_db-70cc870f80bba485.long-type-1822326549153550734.txt'
    = note: consider using `--verbose` to print the full type name to the console
help: consider using `Result::expect` to unwrap the `std::sync::MutexGuard<'_, BinaryHeap<PopulationTask>>` value, panicking if the value is a `Result::Err`
    |
310 |                 queue.expect("REASON").pop()
    |                      +++++++++++++++++

error[E0624]: method `get_snapshot_data_path` is private
   --> src\replication\snapshots\manager_impl.rs:37:30
    |
 37 |         let data_path = self.get_snapshot_data_path(&snapshot_id);
    |                              ^^^^^^^^^^^^^^^^^^^^^^ private method
    |
   ::: src\replication\snapshots\manager.rs:218:5
    |
218 |     fn get_snapshot_data_path(&self, snapshot_id: &SnapshotId) -> PathBuf {
    |     --------------------------------------------------------------------- private method defined here

error[E0624]: method `save_snapshot_metadata` is private
   --> src\replication\snapshots\manager_impl.rs:68:14
    |
 68 |         self.save_snapshot_metadata(&metadata).await?;
    |              ^^^^^^^^^^^^^^^^^^^^^^ private method
    |
   ::: src\replication\snapshots\manager.rs:202:5
    |
202 |     async fn save_snapshot_metadata(&self, metadata: &SnapshotMetadata) -> Result<(), SnapshotError> {
    |     ------------------------------------------------------------------------------------------------ private method defined here

error[E0624]: method `update_statistics` is private
   --> src\replication\snapshots\manager_impl.rs:77:14
    |
 77 |         self.update_statistics().await;
    |              ^^^^^^^^^^^^^^^^^ private method
    |
   ::: src\replication\snapshots\manager.rs:243:5
    |
243 |     async fn update_statistics(&self) {
    |     --------------------------------- private method defined here

error[E0624]: method `update_statistics` is private
   --> src\replication\snapshots\manager_impl.rs:134:14
    |
134 |         self.update_statistics().await;
    |              ^^^^^^^^^^^^^^^^^ private method
    |
   ::: src\replication\snapshots\manager.rs:243:5
    |
243 |     async fn update_statistics(&self) {
    |     --------------------------------- private method defined here

error[E0308]: mismatched types
   --> src\replication\slots\manager.rs:253:21
    |
250 | /                 if duration > Duration::from_secs(3600) {
251 | |                     issues.push("Slot has been inactive for over 1 hour".to_string());
252 | |                     recommendations.push("Consider dropping unused slot".to_string());
253 | |                     SlotHealthStatus::Unhealthy
    | |                     ^^^^^^^^^^^^^^^^^^^^^^^^^^^ expected `()`, found `SlotHealthStatus`
254 | |                 }
    | |_________________- expected this to be `()`

error[E0599]: no method named `finish` found for struct `DefaultHasher` in the current scope
   --> src\clustering\geo_replication.rs:166:16
    |
166 |         hasher.finish() == self.checksum
    |                ^^^^^^ method not found in `DefaultHasher`
    |
   ::: C:\Users\JustinSaadein\.rustup\toolchains\stable-x86_64-pc-windows-msvc\lib/rustlib/src/rust\library\core\src\hash\mod.rs:335:8
    |
335 |     fn finish(&self) -> u64;
    |        ------ the method is available for `DefaultHasher` here
    |
    = help: items from traits can only be used if the trait is in scope
help: trait `Hasher` which provides `finish` is implemented but not in scope; perhaps you want to import it
    |
  1 + use std::hash::Hasher;
    |

error[E0599]: no method named `pop_front` found for enum `std::result::Result<T, E>` in the current scope
    --> src\streams\publisher.rs:193:40
     |
 193 |             if let Some(event) = queue.pop_front() {
     |                                        ^^^^^^^^^ method not found in `Result<MutexGuard<'_, VecDeque<PublishedEvent>>, PoisonError<...>>`
     |
note: the method `pop_front` exists on the type `std::sync::MutexGuard<'_, std::collections::VecDeque<PublishedEvent>>`
    --> C:\Users\JustinSaadein\.rustup\toolchains\stable-x86_64-pc-windows-msvc\lib/rustlib/src/rust\library\alloc\src\collections\vec_deque\mod.rs:1794:5
     |
1794 |     pub fn pop_front(&mut self) -> Option<T> {
     |     ^^^^^^^^^^^^^^^^^^^^^^^^^^^^^^^^^^^^^^^^
     = note: the full name for the type has been written to 'F:\temp\rusty-db\target\debug\deps\rusty_db-70cc870f80bba485.long-type-15093993690378093500.txt'
     = note: consider using `--verbose` to print the full type name to the console
help: consider using `Result::expect` to unwrap the `std::sync::MutexGuard<'_, std::collections::VecDeque<PublishedEvent>>` value, panicking if the value is a `Result::Err`
     |
 193 |             if let Some(event) = queue.expect("REASON").pop_front() {
     |                                       +++++++++++++++++

error[E0599]: no method named `pop_front` found for enum `std::result::Result<T, E>` in the current scope
    --> src\streams\replication.rs:628:60
     |
 628 |                 if let Some(mut conflict) = conflicts_lock.pop_front() {
     |                                                            ^^^^^^^^^ method not found in `Result<MutexGuard<'_, VecDeque<ReplicationConflict>>, ...>`
     |
note: the method `pop_front` exists on the type `std::sync::MutexGuard<'_, std::collections::VecDeque<streams::replication::ReplicationConflict>>`
    --> C:\Users\JustinSaadein\.rustup\toolchains\stable-x86_64-pc-windows-msvc\lib/rustlib/src/rust\library\alloc\src\collections\vec_deque\mod.rs:1794:5
     |
1794 |     pub fn pop_front(&mut self) -> Option<T> {
     |     ^^^^^^^^^^^^^^^^^^^^^^^^^^^^^^^^^^^^^^^^
     = note: the full name for the type has been written to 'F:\temp\rusty-db\target\debug\deps\rusty_db-70cc870f80bba485.long-type-1793142634282888154.txt'
     = note: consider using `--verbose` to print the full type name to the console
help: consider using `Result::expect` to unwrap the `std::sync::MutexGuard<'_, std::collections::VecDeque<streams::replication::ReplicationConflict>>` value, panicking if the value is a `Result::Err`
     |
 628 |                 if let Some(mut conflict) = conflicts_lock.expect("REASON").pop_front() {
     |                                                           +++++++++++++++++

error[E0599]: no method named `pop_front` found for enum `std::result::Result<T, E>` in the current scope
    --> src\streams\integration.rs:171:53
     |
 171 |                         if let Some(entry) = outbox.pop_front() {
     |                                                     ^^^^^^^^^ method not found in `Result<MutexGuard<'_, VecDeque<OutboxEntry>>, PoisonError<...>>`
     |
note: the method `pop_front` exists on the type `std::sync::MutexGuard<'_, std::collections::VecDeque<OutboxEntry>>`
    --> C:\Users\JustinSaadein\.rustup\toolchains\stable-x86_64-pc-windows-msvc\lib/rustlib/src/rust\library\alloc\src\collections\vec_deque\mod.rs:1794:5
     |
1794 |     pub fn pop_front(&mut self) -> Option<T> {
     |     ^^^^^^^^^^^^^^^^^^^^^^^^^^^^^^^^^^^^^^^^
     = note: the full name for the type has been written to 'F:\temp\rusty-db\target\debug\deps\rusty_db-70cc870f80bba485.long-type-13683991094052643701.txt'
     = note: consider using `--verbose` to print the full type name to the console
help: consider using `Result::expect` to unwrap the `std::sync::MutexGuard<'_, std::collections::VecDeque<OutboxEntry>>` value, panicking if the value is a `Result::Err`
     |
 171 |                         if let Some(entry) = outbox.expect("REASON").pop_front() {
     |                                                    +++++++++++++++++

error[E0308]: mismatched types
   --> src\event_processing\connectors.rs:474:51
    |
474 |                         crate::error::DbError::Io(format!("Failed to write: {}", e))
    |                                                   ^^^^^^^^^^^^^^^^^^^^^^^^^^^^^^^^^ expected `Error`, found `String`
    |
    = note: this error originates in the macro `format` (in Nightly builds, run with -Z macro-backtrace for more info)

error[E0308]: mismatched types
   --> src\event_processing\connectors.rs:502:43
    |
502 |                 crate::error::DbError::Io(format!("Failed to flush: {}", e))
    |                                           ^^^^^^^^^^^^^^^^^^^^^^^^^^^^^^^^^ expected `Error`, found `String`
    |
    = note: this error originates in the macro `format` (in Nightly builds, run with -Z macro-backtrace for more info)

error[E0308]: mismatched types
   --> src\event_processing\connectors.rs:514:39
    |
514 |             crate::error::DbError::Io(format!("Failed to rename file: {}", e))
    |                                       ^^^^^^^^^^^^^^^^^^^^^^^^^^^^^^^^^^^^^^^ expected `Error`, found `String`
    |
    = note: this error originates in the macro `format` (in Nightly builds, run with -Z macro-backtrace for more info)

error[E0308]: mismatched types
   --> src\event_processing\connectors.rs:536:43
    |
536 |                 crate::error::DbError::Io(format!("Failed to flush: {}", e))
    |                                           ^^^^^^^^^^^^^^^^^^^^^^^^^^^^^^^^^ expected `Error`, found `String`
    |
    = note: this error originates in the macro `format` (in Nightly builds, run with -Z macro-backtrace for more info)

error[E0308]: mismatched types
   --> src\event_processing\connectors.rs:574:43
    |
574 |                 crate::error::DbError::Io(format!("Failed to flush: {}", e))
    |                                           ^^^^^^^^^^^^^^^^^^^^^^^^^^^^^^^^^ expected `Error`, found `String`
    |
    = note: this error originates in the macro `format` (in Nightly builds, run with -Z macro-backtrace for more info)

error[E0038]: the trait `Aggregate` is not dyn compatible
   --> src\event_processing\sourcing.rs:342:43
    |
342 |         let mut aggregate: Option<Box<dyn Aggregate>> = None;
    |                                           ^^^^^^^^^ `Aggregate` is not dyn compatible
    |
note: for a trait to be dyn compatible it needs to allow building a vtable
      for more information, visit <https://doc.rust-lang.org/reference/items/traits.html#dyn-compatibility>
   --> src\event_processing\sourcing.rs:269:36
    |
269 | pub trait Aggregate: Send + Sync + Clone {
    |           ---------                ^^^^^ ...because it requires `Self: Sized`
    |           |
    |           this trait is not dyn compatible...
    = help: only type `event_processing::sourcing::ExampleAggregate` implements `Aggregate` within this crate; consider using it directly instead.
    = note: `Aggregate` may be implemented in other crates; if you want to support your users passing their own types here, you can't refer to a specific type

error[E0282]: type annotations needed
   --> src\event_processing\sourcing.rs:352:21
    |
352 |                 agg.apply_event(&envelope.event)?;
    |                     ^^^^^^^^^^^ cannot infer type

error[E0271]: expected `new` to return `Vec<DocumentId>`, but it returns `HashSet<_>`
   --> src\document_store\indexing.rs:299:33
    |
299 |                 .or_insert_with(HashSet::new)
    |                  -------------- ^^^^^^^^^^^^ expected `Vec<DocumentId>`, found `HashSet<_>`
    |                  |
    |                  required by a bound introduced by this call
    |
    = note: expected struct `Vec<document_store::document::DocumentId>`
               found struct `HashSet<_>`
note: required by a bound in `std::collections::btree_map::Entry::<'a, K, V, A>::or_insert_with`
   --> C:\Users\JustinSaadein\.rustup\toolchains\stable-x86_64-pc-windows-msvc\lib/rustlib/src/rust\library\alloc\src\collections\btree\map\entry.rs:179:42
    |
179 |     pub fn or_insert_with<F: FnOnce() -> V>(self, default: F) -> &'a mut V {
    |                                          ^ required by this bound in `Entry::<'a, K, V, A>::or_insert_with`

error[E0277]: the trait bound `document_store::document::DocumentId: std::cmp::Ord` is not satisfied
    --> src\document_store\indexing.rs:664:18
     |
 664 |                 .entry((doc_id))
     |                  ^^^^^ the trait `std::cmp::Ord` is not implemented for `document_store::document::DocumentId`
     |
note: required by a bound in `std::collections::BTreeMap::<K, V, A>::entry`
    --> C:\Users\JustinSaadein\.rustup\toolchains\stable-x86_64-pc-windows-msvc\lib/rustlib/src/rust\library\alloc\src\collections\btree\map.rs:1334:12
     |
1332 |     pub fn entry(&mut self, key: K) -> Entry<'_, K, V, A>
     |            ----- required by a bound in this associated function
1333 |     where
1334 |         K: Ord,
     |            ^^^ required by this bound in `BTreeMap::<K, V, A>::entry`
help: consider annotating `document_store::document::DocumentId` with `#[derive(Ord)]`
    -->  src\document_store\document.rs:16:1
     |
  16 + #[derive(Ord)]
  17 | pub enum DocumentId {
     |

error[E0599]: the method `or_insert_with` exists for enum `std::collections::btree_map::Entry<'_, document_store::document::DocumentId, u64>`, but its trait bounds were not satisfied
   --> src\document_store\indexing.rs:665:18
    |
663 | /             self.expiration_times
664 | |                 .entry((doc_id))
665 | |                 .or_insert_with(HashSet::new)
    | |                 -^^^^^^^^^^^^^^ method cannot be called due to unsatisfied trait bounds
    | |_________________|
    |
    |
   ::: src\document_store\document.rs:16:1
    |
 16 |   pub enum DocumentId {
    |   ------------------- doesn't satisfy `_: Ord`
    |
    = note: the following trait bounds were not satisfied:
            `document_store::document::DocumentId: std::cmp::Ord`
help: consider annotating `document_store::document::DocumentId` with `#[derive(Eq, Ord, PartialEq, PartialOrd)]`
   --> src\document_store\document.rs:16:1
    |
 16 + #[derive(Eq, Ord, PartialEq, PartialOrd)]
 17 | pub enum DocumentId {
    |

error[E0599]: no method named `remove` found for mutable reference `&mut u64` in the current scope
   --> src\document_store\indexing.rs:677:21
    |
677 |             doc_ids.remove(doc_id);
    |                     ^^^^^^
    |
    = help: items from traits can only be used if the trait is implemented and in scope
note: `SpatialIndex` defines an item `remove`, perhaps you need to implement it
   --> src\spatial\indexes.rs:17:1
    |
 17 | pub trait SpatialIndex: Send + Sync {
    | ^^^^^^^^^^^^^^^^^^^^^^^^^^^^^^^^^^^
help: there is a method `rem` with a similar name
    |
677 -             doc_ids.remove(doc_id);
677 +             doc_ids.rem(doc_id);
    |

error[E0599]: the method `is_empty` exists for mutable reference `&mut u64`, but its trait bounds were not satisfied
   --> src\document_store\indexing.rs:678:24
    |
678 |             if doc_ids.is_empty() {
    |                        ^^^^^^^^ method cannot be called on `&mut u64` due to unsatisfied trait bounds
    |
    = note: the following trait bounds were not satisfied:
            `u64: ExactSizeIterator`
            which is required by `&mut u64: ExactSizeIterator`

error[E0277]: the trait bound `document_store::document::DocumentId: std::cmp::Ord` is not satisfied
    --> src\document_store\indexing.rs:684:35
     |
 684 |             self.expiration_times.remove(&time);
     |                                   ^^^^^^ the trait `std::cmp::Ord` is not implemented for `document_store::document::DocumentId`
     |
note: required by a bound in `std::collections::BTreeMap::<K, V, A>::remove`
    --> C:\Users\JustinSaadein\.rustup\toolchains\stable-x86_64-pc-windows-msvc\lib/rustlib/src/rust\library\alloc\src\collections\btree\map.rs:1104:24
     |
1102 |     pub fn remove<Q: ?Sized>(&mut self, key: &Q) -> Option<V>
     |            ------ required by a bound in this associated function
1103 |     where
1104 |         K: Borrow<Q> + Ord,
     |                        ^^^ required by this bound in `BTreeMap::<K, V, A>::remove`
help: consider annotating `document_store::document::DocumentId` with `#[derive(Ord)]`
    -->  src\document_store\document.rs:16:1
     |
  16 + #[derive(Ord)]
  17 | pub enum DocumentId {
     |

error[E0277]: the trait bound `document_store::document::DocumentId: std::cmp::Ord` is not satisfied
    --> src\document_store\indexing.rs:684:42
     |
 684 |             self.expiration_times.remove(&time);
     |                                   ------ ^^^^^ the trait `std::cmp::Ord` is not implemented for `document_store::document::DocumentId`
     |                                   |
     |                                   required by a bound introduced by this call
     |
note: required by a bound in `std::collections::BTreeMap::<K, V, A>::remove`
    --> C:\Users\JustinSaadein\.rustup\toolchains\stable-x86_64-pc-windows-msvc\lib/rustlib/src/rust\library\alloc\src\collections\btree\map.rs:1105:12
     |
1102 |     pub fn remove<Q: ?Sized>(&mut self, key: &Q) -> Option<V>
     |            ------ required by a bound in this associated function
...
1105 |         Q: Ord,
     |            ^^^ required by this bound in `BTreeMap::<K, V, A>::remove`
help: consider annotating `document_store::document::DocumentId` with `#[derive(Ord)]`
    -->  src\document_store\document.rs:16:1
     |
  16 + #[derive(Ord)]
  17 | pub enum DocumentId {
     |

error[E0369]: binary operation `<=` cannot be applied to type `document_store::document::DocumentId`
   --> src\document_store\indexing.rs:698:22
    |
698 |             if *time <= now {
    |                ----- ^^ --- u64
    |                |
    |                document_store::document::DocumentId
    |
note: an implementation of `PartialOrd<u64>` might be missing for `document_store::document::DocumentId`
   --> src\document_store\document.rs:16:1
    |
 16 | pub enum DocumentId {
    | ^^^^^^^^^^^^^^^^^^^ must implement `PartialOrd<u64>`

error[E0599]: no method named `iter` found for reference `&u64` in the current scope
   --> src\document_store\indexing.rs:699:40
    |
699 |                 expired.extend(doc_ids.iter().cloned());
    |                                        ^^^^ method not found in `&u64`

error[E0308]: mismatched types
   --> src\pool\session\auth.rs:328:33
    |
328 |     tokens.get(token).and_then(|(username, expiry)| {
    |                                 ^^^^^^^^^^^^^^^^^^
    |                                 |
    |                                 expected `String`, found `(_, _)`
    |                                 expected due to this
    |
    = note: expected struct `std::string::String`
                found tuple `(_, _)`

error[E0599]: no method named `unwrap` found for struct `parking_lot::lock_api::MutexGuard<'_, parking_lot::RawMutex, CompletionPortStats>` in the current scope
   --> src\io\async_io.rs:449:39
    |
449 |                     self.stats.lock().unwrap().queue_overflows += 1;
    |                                       ^^^^^^ method not found in `parking_lot::lock_api::MutexGuard<'_, parking_lot::RawMutex, CompletionPortStats>`

error[E0599]: no method named `unwrap` found for struct `parking_lot::lock_api::MutexGuard<'_, parking_lot::RawMutex, CompletionPortStats>` in the current scope
   --> src\io\async_io.rs:505:27
    |
505 |         self.stats.lock().unwrap().clone()
    |                           ^^^^^^ method not found in `parking_lot::lock_api::MutexGuard<'_, parking_lot::RawMutex, CompletionPortStats>`

error[E0282]: type annotations needed for `std::option::Option<_>`
   --> src\concurrent\queue.rs:317:13
    |
317 |         let mut last = None;
    |             ^^^^^^^^
...
326 |                     last_ptr.as_ref().unwrap().next.store(node_ptr, Ordering::Relaxed);
    |                     -------- type must be known at this point
    |
help: consider giving `last` an explicit type, where the placeholders `_` are specified
    |
317 |         let mut last: std::option::Option<T> = None;
    |                     ++++++++++++++++++++++++

error[E0599]: no method named `unwrap` found for opaque type `impl futures_util::Future<Output = std::result::Result<RestApiServer, error::DbError>>` in the current scope
   --> src\api\rest\server.rs:194:45
    |
194 |             Self::new(ApiConfig::default()).unwrap()
    |                                             ^^^^^^ method not found in `impl futures_util::Future<Output = std::result::Result<RestApiServer, error::DbError>>`
    |
help: consider `await`ing on the `Future` and calling the method on its `Output`
    |
194 |             Self::new(ApiConfig::default()).await.unwrap()
    |                                             ++++++

error[E0271]: expected `new` to return `Vec<String>`, but it returns `VecDeque<_>`
   --> src\api\enterprise\resources.rs:297:29
    |
297 |             .or_insert_with(VecDeque::new)
    |              -------------- ^^^^^^^^^^^^^ expected `Vec<String>`, found `VecDeque<_>`
    |              |
    |              required by a bound introduced by this call
    |
    = note: expected struct `Vec<std::string::String>`
               found struct `std::collections::VecDeque<_>`
note: required by a bound in `std::collections::btree_map::Entry::<'a, K, V, A>::or_insert_with`
   --> C:\Users\JustinSaadein\.rustup\toolchains\stable-x86_64-pc-windows-msvc\lib/rustlib/src/rust\library\alloc\src\collections\btree\map\entry.rs:179:42
    |
179 |     pub fn or_insert_with<F: FnOnce() -> V>(self, default: F) -> &'a mut V {
    |                                          ^ required by this bound in `Entry::<'a, K, V, A>::or_insert_with`

error[E0599]: no method named `push_back` found for mutable reference `&mut Vec<std::string::String>` in the current scope
   --> src\api\enterprise\resources.rs:298:14
    |
296 | /         queues.entry(priority)
297 | |             .or_insert_with(VecDeque::new)
298 | |             .push_back(task_id.to_string());
    | |             -^^^^^^^^^ method not found in `&mut Vec<std::string::String>`
    | |_____________|
    |

error[E0599]: no method named `pop_front` found for mutable reference `&mut Vec<std::string::String>` in the current scope
   --> src\api\enterprise\resources.rs:306:19
    |
306 |             queue.pop_front()
    |                   ^^^^^^^^^ method not found in `&mut Vec<std::string::String>`

warning: unused import: `async_graphql::ResultExt`
  --> src\buffer\page_cache.rs:19:5
   |
19 | use async_graphql::ResultExt;
   |     ^^^^^^^^^^^^^^^^^^^^^^^^

warning: unused import: `Digest`
  --> src\api\gateway\audit.rs:11:20
   |
11 | use sha2::{Sha256, Digest};
   |                    ^^^^^^

warning: unused import: `Digest`
  --> src\api\gateway\security.rs:11:20
   |
11 | use sha2::{Sha256, Digest};
   |                    ^^^^^^

warning: unused import: `Digest`
  --> src\api\gateway\ratelimit.rs:11:20
   |
11 | use sha2::{Sha256, Digest};
   |                    ^^^^^^

warning: unused import: `Digest`
  --> src\api\gateway\authz.rs:11:20
   |
11 | use sha2::{Sha256, Digest};
   |                    ^^^^^^

warning: unused import: `Digest`
  --> src\api\gateway\core.rs:11:20
   |
11 | use sha2::{Sha256, Digest};
   |                    ^^^^^^

warning: unused import: `Digest`
  --> src\api\gateway\types.rs:42:20
   |
42 | use sha2::{Sha256, Digest};
   |                    ^^^^^^

warning: unused import: `ErrorExtensions`
 --> src\api\graphql\complexity.rs:6:12
  |
6 |     Error, ErrorExtensions,
  |            ^^^^^^^^^^^^^^^

warning: unused import: `Aead`
  --> src\security\encryption_engine.rs:28:12
   |
28 |     aead::{Aead as ChaChaAead, KeyInit as ChaChaKeyInit},
   |            ^^^^

warning: unused import: `Digest`
  --> src\security_vault\tde.rs:33:12
   |
33 | use sha2::{Digest, Sha256};
   |            ^^^^^^

warning: unused import: `rand::RngCore`
  --> src\security_vault\tde.rs:34:5
   |
34 | use rand::RngCore;
   |     ^^^^^^^^^^^^^

warning: unused import: `Digest`
  --> src\security_vault\keystore.rs:49:12
   |
49 | use sha2::{Digest, Sha256};
   |            ^^^^^^

warning: unused import: `Read`
  --> src\backup\pitr.rs:10:15
   |
10 | use std::io::{Read};
   |               ^^^^

warning: unused import: `StreamExt`
  --> src\api\graphql\types.rs:41:36
   |
41 | use futures_util::stream::{Stream, StreamExt};
   |                                    ^^^^^^^^^

warning: unused import: `ServiceExt`
  --> src\api\rest\server.rs:15:29
   |
15 | use tower::{ServiceBuilder, ServiceExt};
   |                             ^^^^^^^^^^

warning: unused import: `std::os::windows::io::AsRawHandle`
  --> src\io\file_manager.rs:25:5
   |
25 | use std::os::windows::io::AsRawHandle;
   |     ^^^^^^^^^^^^^^^^^^^^^^^^^^^^^^^^^

warning: unused variable: `p0`
   --> src\error.rs:181:32
    |
181 |     pub(crate) fn NotSupported(p0: String) -> DbError {
    |                                ^^ help: if this is intentional, prefix it with an underscore: `_p0`

warning: unused variable: `txn_id`
   --> src\common.rs:285:30
    |
285 |     pub fn is_visible(&self, txn_id: TransactionId, snapshot: &Snapshot) -> bool {
    |                              ^^^^^^
    |
help: if this is intentional, prefix it with an underscore
    |
285 |     pub fn is_visible(&self, _txn_id: TransactionId, snapshot: &Snapshot) -> bool {
    |                              +
help: you might have meant to pattern match on the similarly named constant `PRIME2`
    |
285 -     pub fn is_visible(&self, txn_id: TransactionId, snapshot: &Snapshot) -> bool {
285 +     pub fn is_visible(&self, simd::hash::wyhash::PRIME2: TransactionId, snapshot: &Snapshot) -> bool {
    |

warning: unused variable: `page_id`
   --> src\storage\disk.rs:676:34
    |
676 |     fn trigger_read_ahead(&self, page_id: PageId) -> Result<()> {
    |                                  ^^^^^^^
    |
help: if this is intentional, prefix it with an underscore
    |
676 |     fn trigger_read_ahead(&self, _page_id: PageId) -> Result<()> {
    |                                  +
help: you might have meant to pattern match on the similarly named constant `PRIME2`
    |
676 -     fn trigger_read_ahead(&self, page_id: PageId) -> Result<()> {
676 +     fn trigger_read_ahead(&self, simd::hash::wyhash::PRIME2: PageId) -> Result<()> {
    |

warning: variable does not need to be mutable
   --> src\storage\lsm.rs:298:13
    |
298 |         let mut merged = BTreeMap::new();
    |             ----^^^^^^
    |             |
    |             help: remove this `mut`

warning: variable `writes_count` is assigned to, but never used
   --> src\buffer\manager.rs:847:21
    |
847 |             let mut writes_count = 0u64;
    |                     ^^^^^^^^^^^^
    |
    = note: consider using `_writes_count` instead
help: you might have meant to pattern match on the similarly named constant `PRIME2`
    |
847 -             let mut writes_count = 0u64;
847 +             let mut simd::hash::wyhash::PRIME2 = 0u64;
    |

warning: variable `flush_count` is assigned to, but never used
   --> src\buffer\manager.rs:848:21
    |
848 |             let mut flush_count = 0u64;
    |                     ^^^^^^^^^^^
    |
    = note: consider using `_flush_count` instead
help: you might have meant to pattern match on the similarly named constant `PRIME2`
    |
848 -             let mut flush_count = 0u64;
848 +             let mut simd::hash::wyhash::PRIME2 = 0u64;
    |

warning: variable does not need to be mutable
   --> src\buffer\hugepages.rs:490:9
    |
490 |     let mut info = HugePageSystemInfo::default();
    |         ----^^^^
    |         |
    |         help: remove this `mut`

warning: unused variable: `pool_type`
   --> src\memory\buffer_pool\multi_tier.rs:115:34
    |
115 |     pub fn allocate_frame(&self, pool_type: PoolType) -> Option<Arc<BufferFrame>> {
    |                                  ^^^^^^^^^ help: if this is intentional, prefix it with an underscore: `_pool_type`

warning: variable does not need to be mutable
   --> src\memory\buffer_pool\multi_tier.rs:224:13
    |
224 |         let mut keep_frames = self.keep_frames.lock();
    |             ----^^^^^^^^^^^
    |             |
    |             help: remove this `mut`

warning: variable does not need to be mutable
   --> src\memory\buffer_pool\multi_tier.rs:235:13
    |
235 |         let mut recycle_frames = self.recycle_frames.lock();
    |             ----^^^^^^^^^^^^^^
    |             |
    |             help: remove this `mut`

warning: unused variable: `numa_node`
   --> src\memory\buffer_pool\multi_tier.rs:270:39
    |
270 |     pub fn allocate_numa_frame(&self, numa_node: u32) -> Option<Arc<BufferFrame>> {
    |                                       ^^^^^^^^^
    |
help: if this is intentional, prefix it with an underscore
    |
270 |     pub fn allocate_numa_frame(&self, _numa_node: u32) -> Option<Arc<BufferFrame>> {
    |                                       +
help: you might have meant to pattern match on the similarly named constant `SPIN_COUNT`
    |
270 -     pub fn allocate_numa_frame(&self, numa_node: u32) -> Option<Arc<BufferFrame>> {
270 +     pub fn allocate_numa_frame(&self, concurrent::rwlock_wp::SPIN_COUNT: u32) -> Option<Arc<BufferFrame>> {
    |

warning: unused variable: `config`
   --> src\memory\buffer_pool\multi_tier.rs:288:13
    |
288 |         let config = self.config.clone();
    |             ^^^^^^ help: if this is intentional, prefix it with an underscore: `_config`

warning: unused variable: `pool_ref`
   --> src\memory\buffer_pool\multi_tier.rs:289:13
    |
289 |         let pool_ref = Arc::new(self.stats.clone());
    |             ^^^^^^^^ help: if this is intentional, prefix it with an underscore: `_pool_ref`

warning: unused variable: `page_id`
   --> src\memory\buffer_pool\multi_tier.rs:297:22
    |
297 |                 for (page_id, _frame) in table.iter() {
    |                      ^^^^^^^ help: if this is intentional, prefix it with an underscore: `_page_id`

warning: unused variable: `page_size`
  --> src\memory\buffer_pool\arc.rs:92:40
   |
92 |     pub fn get(&self, page_id: PageId, page_size: usize) -> Option<Arc<BufferFrame>> {
   |                                        ^^^^^^^^^
   |
help: if this is intentional, prefix it with an underscore
   |
92 |     pub fn get(&self, page_id: PageId, _page_size: usize) -> Option<Arc<BufferFrame>> {
   |                                        +
help: you might have meant to pattern match on the similarly named constant `CACHE_LINE_SIZE`
   |
92 -     pub fn get(&self, page_id: PageId, page_size: usize) -> Option<Arc<BufferFrame>> {
92 +     pub fn get(&self, page_id: PageId, concurrent::CACHE_LINE_SIZE: usize) -> Option<Arc<BufferFrame>> {
   |

warning: unused variable: `page_id`
   --> src\memory\buffer_pool\arc.rs:174:23
    |
174 |     fn replace(&self, page_id: PageId, hit_location: CacheLocation) {
    |                       ^^^^^^^ help: if this is intentional, prefix it with an underscore: `_page_id`

warning: unused variable: `stats`
   --> src\memory\buffer_pool\checkpoint.rs:187:13
    |
187 |         let stats = Arc::new(Mutex::new(AtomicU64::new(self.stats.incremental_checkpoints.load(Ordering::Relaxed))));
    |             ^^^^^ help: if this is intentional, prefix it with an underscore: `_stats`

warning: unused variable: `pages_to_flush`
   --> src\memory\buffer_pool\checkpoint.rs:196:25
    |
196 |                     let pages_to_flush = std::cmp::min(dirty_count, batch_size);
    |                         ^^^^^^^^^^^^^^
    |
help: if this is intentional, prefix it with an underscore
    |
196 |                     let _pages_to_flush = std::cmp::min(dirty_count, batch_size);
    |                         +
help: you might have meant to pattern match on the similarly named constant `CACHE_LINE_SIZE`
    |
196 -                     let pages_to_flush = std::cmp::min(dirty_count, batch_size);
196 +                     let concurrent::CACHE_LINE_SIZE = std::cmp::min(dirty_count, batch_size);
    |

warning: unused variable: `use_huge_pages`
  --> src\memory\allocator\large_object_allocator.rs:25:37
   |
25 |     unsafe fn allocate(size: usize, use_huge_pages: bool, cow: bool) -> Result<Self> {
   |                                     ^^^^^^^^^^^^^^
   |
help: if this is intentional, prefix it with an underscore
   |
25 |     unsafe fn allocate(size: usize, _use_huge_pages: bool, cow: bool) -> Result<Self> {
   |                                     +
help: you might have meant to pattern match on the similarly named constant `ML_FEATURES`
   |
25 -     unsafe fn allocate(size: usize, use_huge_pages: bool, cow: bool) -> Result<Self> {
25 +     unsafe fn allocate(size: usize, graph::features::ML_FEATURES: bool, cow: bool) -> Result<Self> {
   |

warning: unused variable: `column`
   --> src\index\advisor.rs:335:35
    |
335 |     fn estimate_index_cost(&self, column: &str) -> f64 {
    |                                   ^^^^^^ help: if this is intentional, prefix it with an underscore: `_column`

warning: unused variable: `start`
   --> src\compression\dedup.rs:134:13
    |
134 |         let start = Instant::now();
    |             ^^^^^ help: if this is intentional, prefix it with an underscore: `_start`

warning: unused variable: `is_new`
   --> src\compression\dedup.rs:163:28
    |
163 |             let (chunk_id, is_new) = if self.is_duplicate(chunk_hash) {
    |                            ^^^^^^
    |
help: if this is intentional, prefix it with an underscore
    |
163 |             let (chunk_id, _is_new) = if self.is_duplicate(chunk_hash) {
    |                            +
help: you might have meant to pattern match on the similarly named constant `ML_FEATURES`
    |
163 -             let (chunk_id, is_new) = if self.is_duplicate(chunk_hash) {
163 +             let (chunk_id, graph::features::ML_FEATURES) = if self.is_duplicate(chunk_hash) {
    |

warning: unused variable: `txn_id`
   --> src\transaction\recovery_manager.rs:185:9
    |
185 |         txn_id: TransactionId,
    |         ^^^^^^
    |
help: if this is intentional, prefix it with an underscore
    |
185 |         _txn_id: TransactionId,
    |         +
help: you might have meant to pattern match on the similarly named constant `PRIME2`
    |
185 -         txn_id: TransactionId,
185 +         simd::hash::wyhash::PRIME2: TransactionId,
    |

warning: unused variable: `other_snapshot`
   --> src\transaction\mvcc.rs:625:25
    |
625 |         for (other_txn, other_snapshot) in txns.iter() {
    |                         ^^^^^^^^^^^^^^ help: if this is intentional, prefix it with an underscore: `_other_snapshot`

warning: unused variable: `up_to_lsn`
   --> src\transaction\wal.rs:661:28
    |
661 |     pub fn truncate(&self, up_to_lsn: LSN) -> Result<()> {
    |                            ^^^^^^^^^
    |
help: if this is intentional, prefix it with an underscore
    |
661 |     pub fn truncate(&self, _up_to_lsn: LSN) -> Result<()> {
    |                            +
help: you might have meant to pattern match on the similarly named constant `PRIME2`
    |
661 -     pub fn truncate(&self, up_to_lsn: LSN) -> Result<()> {
661 +     pub fn truncate(&self, simd::hash::wyhash::PRIME2: LSN) -> Result<()> {
    |

warning: unreachable pattern
  --> src\transaction\locks.rs:84:13
   |
74 |             (IX, IS) | (S, IS) | (SIX, IS) | (U, IS) |
   |                                  --------- matches all the relevant values
...
84 |             (SIX, IS) |
   |             ^^^^^^^^^ no value can reach this
   |
   = note: `#[warn(unreachable_patterns)]` (part of `#[warn(unused)]`) on by default

warning: unused variable: `page_id`
   --> src\transaction\recovery.rs:411:37
    |
411 |                 LogRecord::Delete { page_id, offset, deleted_data, .. } => {
    |                                     ^^^^^^^-
    |                                     |
    |                                     help: try removing the field

warning: unused variable: `offset`
   --> src\transaction\recovery.rs:411:46
    |
411 |                 LogRecord::Delete { page_id, offset, deleted_data, .. } => {
    |                                              ^^^^^^-
    |                                              |
    |                                              help: try removing the field

warning: unused variable: `deleted_data`
   --> src\transaction\recovery.rs:411:54
    |
411 |                 LogRecord::Delete { page_id, offset, deleted_data, .. } => {
    |                                                      ^^^^^^^^^^^^-
    |                                                      |
    |                                                      help: try removing the field

warning: unused variable: `limit`
  --> src\execution\executor.rs:36:78
   |
36 |             SqlStatement::Select { table, columns, join, group_by, order_by, limit, .. } => {
   |                                                                              ^^^^^-
   |                                                                              |
   |                                                                              help: try removing the field

warning: unused variable: `total_rows`
  --> src\execution\optimizer\cost_model.rs:86:49
   |
86 |     pub fn estimate_equality_selectivity(&self, total_rows: usize) -> f64 {
   |                                                 ^^^^^^^^^^
   |
help: if this is intentional, prefix it with an underscore
   |
86 |     pub fn estimate_equality_selectivity(&self, _total_rows: usize) -> f64 {
   |                                                 +
help: you might have meant to pattern match on the similarly named constant `CACHE_LINE_SIZE`
   |
86 -     pub fn estimate_equality_selectivity(&self, total_rows: usize) -> f64 {
86 +     pub fn estimate_equality_selectivity(&self, concurrent::CACHE_LINE_SIZE: usize) -> f64 {
   |

warning: unused variable: `hist`
  --> src\execution\optimizer\cost_model.rs:95:21
   |
95 |         if let Some(hist) = &self.histogram {
   |                     ^^^^ help: if this is intentional, prefix it with an underscore: `_hist`

warning: unused variable: `total_rows`
  --> src\execution\optimizer\cost_model.rs:94:70
   |
94 |     pub fn estimate_range_selectivity(&self, _min: &str, _max: &str, total_rows: usize) -> f64 {
   |                                                                      ^^^^^^^^^^
   |
help: if this is intentional, prefix it with an underscore
   |
94 |     pub fn estimate_range_selectivity(&self, _min: &str, _max: &str, _total_rows: usize) -> f64 {
   |                                                                      +
help: you might have meant to pattern match on the similarly named constant `CACHE_LINE_SIZE`
   |
94 -     pub fn estimate_range_selectivity(&self, _min: &str, _max: &str, total_rows: usize) -> f64 {
94 +     pub fn estimate_range_selectivity(&self, _min: &str, _max: &str, concurrent::CACHE_LINE_SIZE: usize) -> f64 {
   |

warning: unused variable: `left_col`
   --> src\execution\optimizer\cost_model.rs:259:9
    |
259 |         left_col: &str,
    |         ^^^^^^^^ help: if this is intentional, prefix it with an underscore: `_left_col`

warning: unused variable: `right_col`
   --> src\execution\optimizer\cost_model.rs:260:9
    |
260 |         right_col: &str,
    |         ^^^^^^^^^ help: if this is intentional, prefix it with an underscore: `_right_col`

warning: unused variable: `left_card`
   --> src\execution\optimizer\rules.rs:208:21
    |
208 |                 let left_card = self.estimate_cardinality(&left);
    |                     ^^^^^^^^^
    |
help: if this is intentional, prefix it with an underscore
    |
208 |                 let _left_card = self.estimate_cardinality(&left);
    |                     +
help: you might have meant to pattern match on the similarly named constant `EARTH_RADIUS_METERS`
    |
208 -                 let left_card = self.estimate_cardinality(&left);
208 +                 let document_store::qbe::GeoQuery::haversine_distance::EARTH_RADIUS_METERS = self.estimate_cardinality(&left);
    |

warning: unused variable: `right_card`
   --> src\execution\optimizer\rules.rs:209:21
    |
209 |                 let right_card = self.estimate_cardinality(&right);
    |                     ^^^^^^^^^^
    |
help: if this is intentional, prefix it with an underscore
    |
209 |                 let _right_card = self.estimate_cardinality(&right);
    |                     +
help: you might have meant to pattern match on the similarly named constant `EARTH_RADIUS_METERS`
    |
209 -                 let right_card = self.estimate_cardinality(&right);
209 +                 let document_store::qbe::GeoQuery::haversine_distance::EARTH_RADIUS_METERS = self.estimate_cardinality(&right);
    |

warning: unused variable: `table_stats`
   --> src\execution\optimizer\rules.rs:253:29
    |
253 |                 if let Some(table_stats) = stats.tables.get(&table) {
    |                             ^^^^^^^^^^^ help: if this is intentional, prefix it with an underscore: `_table_stats`

warning: unused variable: `predicate`
   --> src\execution\optimizer\rules.rs:374:43
    |
374 |     fn estimate_filter_selectivity(&self, predicate: &str) -> f64 {
    |                                           ^^^^^^^^^ help: if this is intentional, prefix it with an underscore: `_predicate`

warning: unused variable: `subquery`
   --> src\execution\subquery.rs:257:9
    |
257 |         subquery: &SubqueryExpr,
    |         ^^^^^^^^ help: if this is intentional, prefix it with an underscore: `_subquery`

warning: unused variable: `subquery`
   --> src\execution\subquery.rs:296:27
    |
296 |     fn decorrelate_exists(subquery: &SubqueryExpr) -> Option<PlanNode> {
    |                           ^^^^^^^^ help: if this is intentional, prefix it with an underscore: `_subquery`

warning: unused variable: `subquery`
   --> src\execution\subquery.rs:310:23
    |
310 |     fn decorrelate_in(subquery: &SubqueryExpr) -> Option<PlanNode> {
    |                       ^^^^^^^^ help: if this is intentional, prefix it with an underscore: `_subquery`

warning: unused variable: `subquery`
   --> src\execution\subquery.rs:316:27
    |
316 |     fn decorrelate_scalar(subquery: &SubqueryExpr) -> Option<PlanNode> {
    |                           ^^^^^^^^ help: if this is intentional, prefix it with an underscore: `_subquery`

warning: unused variable: `plan`
   --> src\execution\subquery.rs:334:31
    |
334 |     fn has_simple_aggregation(plan: &PlanNode) -> bool {
    |                               ^^^^ help: if this is intentional, prefix it with an underscore: `_plan`

warning: unused variable: `table_stats`
   --> src\execution\optimization.rs:199:25
    |
199 |             if let Some(table_stats) = self.get_table_stats(table) {
    |                         ^^^^^^^^^^^ help: if this is intentional, prefix it with an underscore: `_table_stats`

warning: unused variable: `predicate`
   --> src\execution\optimization.rs:471:43
    |
471 |     fn estimate_filter_selectivity(&self, predicate: &str) -> f64 {
    |                                           ^^^^^^^^^ help: if this is intentional, prefix it with an underscore: `_predicate`

warning: unused variable: `condition`
   --> src\execution\adaptive.rs:374:9
    |
374 |         condition: String,
    |         ^^^^^^^^^ help: if this is intentional, prefix it with an underscore: `_condition`

warning: unused variable: `aggregates`
   --> src\execution\adaptive.rs:548:9
    |
548 |         aggregates: Vec<crate::execution::planner::AggregateExpr>,
    |         ^^^^^^^^^^ help: if this is intentional, prefix it with an underscore: `_aggregates`

warning: unused variable: `table`
   --> src\execution\adaptive.rs:607:9
    |
607 |         table: String,
    |         ^^^^^ help: if this is intentional, prefix it with an underscore: `_table`

warning: unused variable: `partition_budget`
   --> src\execution\hash_join.rs:237:13
    |
237 |         let partition_budget = self.config.memory_budget / self.config.num_partitions;
    |             ^^^^^^^^^^^^^^^^
    |
help: if this is intentional, prefix it with an underscore
    |
237 |         let _partition_budget = self.config.memory_budget / self.config.num_partitions;
    |             +
help: you might have meant to pattern match on the similarly named constant `CACHE_LINE_SIZE`
    |
237 -         let partition_budget = self.config.memory_budget / self.config.num_partitions;
237 +         let concurrent::CACHE_LINE_SIZE = self.config.memory_budget / self.config.num_partitions;
    |

warning: value assigned to `in_memory_partition` is never read
   --> src\execution\hash_join.rs:240:17
    |
240 |         let mut in_memory_partition: Option<HashMap<String, Vec<Vec<String>>>> = None;
    |                 ^^^^^^^^^^^^^^^^^^^
    |
    = help: maybe it is overwritten before being read?

warning: value assigned to `hot_partition_id` is never read
   --> src\execution\hash_join.rs:243:17
    |
243 |         let mut hot_partition_id = 0;
    |                 ^^^^^^^^^^^^^^^^
    |
    = help: maybe it is overwritten before being read?

warning: unused variable: `buf`
   --> src\execution\hash_join.rs:400:13
    |
400 |         let buf = String::new();
    |             ^^^ help: if this is intentional, prefix it with an underscore: `_buf`

warning: variable does not need to be mutable
   --> src\execution\hash_join.rs:401:13
    |
401 |         let mut reader = reader;
    |             ----^^^^^^
    |             |
    |             help: remove this `mut`

warning: unused variable: `columns`
   --> src\execution\hash_join.rs:419:9
    |
419 |         columns: &[String],
    |         ^^^^^^^ help: if this is intentional, prefix it with an underscore: `_columns`

warning: unused variable: `p0`
  --> src\network\advanced_protocol\mod.rs:68:27
   |
68 |         pub(crate) fn new(p0: &&MessageType, p1: Bytes) -> &'a &'a Packet {
   |                           ^^ help: if this is intentional, prefix it with an underscore: `_p0`

warning: unused variable: `p1`
  --> src\network\advanced_protocol\mod.rs:68:46
   |
68 |         pub(crate) fn new(p0: &&MessageType, p1: Bytes) -> &'a &'a Packet {
   |                                              ^^ help: if this is intentional, prefix it with an underscore: `_p1`

warning: unused variable: `user_id`
   --> src\security\rbac.rs:678:9
    |
678 |         user_id: &UserId,
    |         ^^^^^^^ help: if this is intentional, prefix it with an underscore: `_user_id`

warning: unused variable: `start_hour`
   --> src\security\rbac.rs:737:51
    |
737 |                 ActivationCondition::TimeWindow { start_hour, end_hour } => {
    |                                                   ^^^^^^^^^^ help: try ignoring the field: `start_hour: _`

warning: unused variable: `end_hour`
   --> src\security\rbac.rs:737:63
    |
737 |                 ActivationCondition::TimeWindow { start_hour, end_hour } => {
    |                                                               ^^^^^^^^ help: try ignoring the field: `end_hour: _`

warning: unused variable: `allowed_days`
   --> src\security\rbac.rs:742:50
    |
742 |                 ActivationCondition::DayOfWeek { allowed_days } => {
    |                                                  ^^^^^^^^^^^^ help: try ignoring the field: `allowed_days: _`

warning: variable `previous_hash` is assigned to, but never used
   --> src\security\audit.rs:506:17
    |
506 |         let mut previous_hash: Option<String> = None;
    |                 ^^^^^^^^^^^^^
    |
    = note: consider using `_previous_hash` instead

warning: value assigned to `previous_hash` is never read
   --> src\security\audit.rs:519:13
    |
519 |             previous_hash = record.integrity_hash.clone();
    |             ^^^^^^^^^^^^^
    |
    = help: maybe it is overwritten before being read?

warning: unused variable: `grant`
   --> src\security\privileges.rs:341:13
    |
341 |         let grant = {
    |             ^^^^^ help: if this is intentional, prefix it with an underscore: `_grant`

warning: unused variable: `object_id`
   --> src\security\privileges.rs:472:25
    |
472 |                         ref object_id,
    |                         ^^^^^^^^^^^^^ help: try ignoring the field: `object_id: _`

warning: unused variable: `base`
    --> src\security\bounds_protection.rs:1017:5
     |
1017 |     base: *const T,
     |     ^^^^ help: if this is intentional, prefix it with an underscore: `_base`

warning: unused variable: `identifier_regex`
   --> src\security\injection_prevention.rs:630:13
    |
630 |         let identifier_regex = Regex::new(r"\b[a-zA-Z_][a-zA-Z0-9_]*\b").unwrap();
    |             ^^^^^^^^^^^^^^^^ help: if this is intentional, prefix it with an underscore: `_identifier_regex`

warning: unused variable: `sql`
   --> src\security\injection_prevention.rs:627:36
    |
627 |     fn validate_identifiers(&self, sql: &str) -> Result<()> {
    |                                    ^^^ help: if this is intentional, prefix it with an underscore: `_sql`

warning: variable does not need to be mutable
   --> src\security\network_hardening\firewall_rules.rs:280:13
    |
280 |         let mut connections = self.connections.write();
    |             ----^^^^^^^^^^^
    |             |
    |             help: remove this `mut`

warning: unused variable: `total`
   --> src\security\network_hardening\rate_limiting.rs:280:13
    |
280 |         let total = self.requests.len() as f64;
    |             ^^^^^
    |
help: if this is intentional, prefix it with an underscore
    |
280 |         let _total = self.requests.len() as f64;
    |             +
help: you might have meant to pattern match on the similarly named constant `EARTH_RADIUS_METERS`
    |
280 -         let total = self.requests.len() as f64;
280 +         let document_store::qbe::GeoQuery::haversine_distance::EARTH_RADIUS_METERS = self.requests.len() as f64;
    |

warning: unused variable: `reason`
   --> src\security\network_hardening\rate_limiting.rs:413:70
    |
413 |     fn detect_attack(&self, ip: IpAddr, attack_type: DDoSAttackType, reason: String) {
    |                                                                      ^^^^^^ help: if this is intentional, prefix it with an underscore: `_reason`

warning: unused variable: `datetime`
   --> src\security\insider_threat.rs:420:13
    |
420 |         let datetime = SystemTime::UNIX_EPOCH + Duration::from_secs(timestamp as u64);
    |             ^^^^^^^^ help: if this is intentional, prefix it with an underscore: `_datetime`

warning: unused variable: `duration`
   --> src\security\insider_threat.rs:422:13
    |
422 |         let duration = now.duration_since(SystemTime::UNIX_EPOCH).unwrap();
    |             ^^^^^^^^
    |
help: if this is intentional, prefix it with an underscore
    |
422 |         let _duration = now.duration_since(SystemTime::UNIX_EPOCH).unwrap();
    |             +
help: you might have meant to pattern match on the similarly named constant `WORKER_TIMEOUT`
    |
422 -         let duration = now.duration_since(SystemTime::UNIX_EPOCH).unwrap();
422 +         let rac::parallel_query::WORKER_TIMEOUT = now.duration_since(SystemTime::UNIX_EPOCH).unwrap();
    |

warning: unused variable: `session_durations`
   --> src\security\insider_threat.rs:671:13
    |
671 |         let session_durations: Vec<f64> = Vec::new();
    |             ^^^^^^^^^^^^^^^^^ help: if this is intentional, prefix it with an underscore: `_session_durations`

warning: variable does not need to be mutable
    --> src\security\insider_threat.rs:1152:17
     |
1152 |             let mut assessment = QueryRiskAssessment {
     |                 ----^^^^^^^^^^
     |                 |
     |                 help: remove this `mut`

warning: variable does not need to be mutable
   --> src\security\memory_hardening.rs:748:17
    |
748 |             let mut allocations = self.allocations.write();
    |                 ----^^^^^^^^^^^
    |                 |
    |                 help: remove this `mut`

warning: unused variable: `patterns`
   --> src\security\security_core\threat_detection.rs:179:13
    |
179 |         let patterns = self.attack_patterns.read();
    |             ^^^^^^^^ help: if this is intentional, prefix it with an underscore: `_patterns`

warning: unused variable: `user_id`
   --> src\security\security_core\threat_detection.rs:391:60
    |
391 |     pub fn calculate_threat_score(&self, ip: Option<&str>, user_id: &str) -> f64 {
    |                                                            ^^^^^^^ help: if this is intentional, prefix it with an underscore: `_user_id`

warning: variable does not need to be mutable
   --> src\monitoring\resource_manager.rs:274:13
    |
274 |         let mut manager = Self {
    |             ----^^^^^^^
    |             |
    |             help: remove this `mut`

warning: unused variable: `commit_scn`
   --> src\backup\pitr.rs:337:60
    |
337 |     pub fn commit_transaction(&self, transaction_id: &str, commit_scn: u64) -> Result<()> {
    |                                                            ^^^^^^^^^^
    |
help: if this is intentional, prefix it with an underscore
    |
337 |     pub fn commit_transaction(&self, transaction_id: &str, _commit_scn: u64) -> Result<()> {
    |                                                            +
help: you might have meant to pattern match on the similarly named constant `PRIME2`
    |
337 -     pub fn commit_transaction(&self, transaction_id: &str, commit_scn: u64) -> Result<()> {
337 +     pub fn commit_transaction(&self, transaction_id: &str, simd::hash::wyhash::PRIME2: u64) -> Result<()> {
    |

warning: unused variable: `scn`
   --> src\backup\pitr.rs:359:14
    |
359 |         for (scn, entry) in entries.range(start_scn..=end_scn) {
    |              ^^^ help: if this is intentional, prefix it with an underscore: `_scn`

warning: unused variable: `total_entries`
   --> src\backup\pitr.rs:509:13
    |
509 |         let total_entries = entries.len();
    |             ^^^^^^^^^^^^^
    |
help: if this is intentional, prefix it with an underscore
    |
509 |         let _total_entries = entries.len();
    |             +
help: you might have meant to pattern match on the similarly named constant `CACHE_LINE_SIZE`
    |
509 -         let total_entries = entries.len();
509 +         let concurrent::CACHE_LINE_SIZE = entries.len();
    |

warning: unused variable: `parent`
   --> src\backup\snapshots.rs:364:13
    |
364 |         let parent = self.snapshots.read().get(parent_snapshot_id).cloned()
    |             ^^^^^^ help: if this is intentional, prefix it with an underscore: `_parent`

warning: unused variable: `data`
   --> src\backup\cloud.rs:459:38
    |
459 |     fn upload_part_with_retry(&self, data: &[u8], multipart_id: &str, part_num: u32) -> Result<String> {
    |                                      ^^^^ help: if this is intentional, prefix it with an underscore: `_data`

warning: unused variable: `cloud_key`
   --> src\backup\cloud.rs:464:41
    |
464 |     fn initiate_multipart_upload(&self, cloud_key: &str) -> Result<String> {
    |                                         ^^^^^^^^^ help: if this is intentional, prefix it with an underscore: `_cloud_key`

warning: unused variable: `multipart_id`
   --> src\backup\cloud.rs:469:41
    |
469 |     fn complete_multipart_upload(&self, multipart_id: &str, parts: &[UploadPart]) -> Result<()> {
    |                                         ^^^^^^^^^^^^ help: if this is intentional, prefix it with an underscore: `_multipart_id`

warning: unused variable: `parts`
   --> src\backup\cloud.rs:469:61
    |
469 |     fn complete_multipart_upload(&self, multipart_id: &str, parts: &[UploadPart]) -> Result<()> {
    |                                                             ^^^^^ help: if this is intentional, prefix it with an underscore: `_parts`

warning: unused variable: `backup`
   --> src\backup\cloud.rs:541:13
    |
541 |         let backup = self.backups.write().remove(backup_id)
    |             ^^^^^^ help: if this is intentional, prefix it with an underscore: `_backup`

warning: unused variable: `path`
   --> src\backup\cloud.rs:568:34
    |
568 |     fn calculate_checksum(&self, path: &Path) -> Result<String> {
    |                                  ^^^^ help: if this is intentional, prefix it with an underscore: `_path`

warning: unused variable: `iterations`
   --> src\backup\backup_encryption.rs:117:56
    |
117 |             KeyDerivationFunction::Argon2 { memory_kb, iterations, parallelism } => {
    |                                                        ^^^^^^^^^^ help: try ignoring the field: `iterations: _`

warning: unused variable: `parallelism`
   --> src\backup\backup_encryption.rs:117:68
    |
117 |             KeyDerivationFunction::Argon2 { memory_kb, iterations, parallelism } => {
    |                                                                    ^^^^^^^^^^^ help: try ignoring the field: `parallelism: _`

warning: unused variable: `r`
   --> src\backup\backup_encryption.rs:125:48
    |
125 |             KeyDerivationFunction::Scrypt { n, r, p } => {
    |                                                ^ help: try ignoring the field: `r: _`

warning: unused variable: `p`
   --> src\backup\backup_encryption.rs:125:51
    |
125 |             KeyDerivationFunction::Scrypt { n, r, p } => {
    |                                                   ^ help: try ignoring the field: `p: _`

warning: unused variable: `iv`
   --> src\backup\backup_encryption.rs:527:9
    |
527 |         iv: &[u8],
    |         ^^ help: if this is intentional, prefix it with an underscore: `_iv`

warning: unused variable: `iv`
   --> src\backup\backup_encryption.rs:554:9
    |
554 |         iv: &[u8],
    |         ^^ help: if this is intentional, prefix it with an underscore: `_iv`

warning: unused variable: `algorithm`
   --> src\backup\backup_encryption.rs:555:9
    |
555 |         algorithm: &EncryptionAlgorithm,
    |         ^^^^^^^^^ help: if this is intentional, prefix it with an underscore: `_algorithm`

warning: unused variable: `old_lsn`
   --> src\backup\disaster_recovery.rs:326:13
    |
326 |         let old_lsn = standby.last_applied_lsn;
    |             ^^^^^^^
    |
help: if this is intentional, prefix it with an underscore
    |
326 |         let _old_lsn = standby.last_applied_lsn;
    |             +
help: you might have meant to pattern match on the similarly named constant `PRIME2`
    |
326 -         let old_lsn = standby.last_applied_lsn;
326 +         let simd::hash::wyhash::PRIME2 = standby.last_applied_lsn;
    |

warning: unused variable: `standby_name`
   --> src\backup\disaster_recovery.rs:472:32
    |
472 |     fn stop_replication(&self, standby_name: &str) -> Result<()> {
    |                                ^^^^^^^^^^^^ help: if this is intentional, prefix it with an underscore: `_standby_name`

warning: unused variable: `new_primary`
   --> src\backup\disaster_recovery.rs:489:35
    |
489 |     fn reconfigure_clients(&self, new_primary: &str) -> Result<()> {
    |                                   ^^^^^^^^^^^ help: if this is intentional, prefix it with an underscore: `_new_primary`

warning: unused variable: `now`
   --> src\flashback\versions.rs:666:13
    |
666 |         let now = current_timestamp();
    |             ^^^ help: if this is intentional, prefix it with an underscore: `_now`

warning: unused variable: `table_id`
   --> src\flashback\table_restore.rs:275:34
    |
275 |     fn validate_flashback(&self, table_id: TableId, target_scn: SCN) -> Result<()> {
    |                                  ^^^^^^^^
    |
help: if this is intentional, prefix it with an underscore
    |
275 |     fn validate_flashback(&self, _table_id: TableId, target_scn: SCN) -> Result<()> {
    |                                  +
help: you might have meant to pattern match on the similarly named constant `SPIN_COUNT`
    |
275 -     fn validate_flashback(&self, table_id: TableId, target_scn: SCN) -> Result<()> {
275 +     fn validate_flashback(&self, concurrent::rwlock_wp::SPIN_COUNT: TableId, target_scn: SCN) -> Result<()> {
    |

warning: unused variable: `value`
   --> src\constraints\mod.rs:106:33
    |
106 |                     if let Some(value) = values.get(col) {
    |                                 ^^^^^ help: if this is intentional, prefix it with an underscore: `_value`

warning: unused variable: `constraint`
   --> src\constraints\mod.rs:191:17
    |
191 |             for constraint in unique_constraints {
    |                 ^^^^^^^^^^ help: if this is intentional, prefix it with an underscore: `_constraint`

warning: unused variable: `values`
   --> src\constraints\mod.rs:187:48
    |
187 |     pub fn validate_unique(&self, table: &str, values: &HashMap<String, String>) -> Result<()> {
    |                                                ^^^^^^ help: if this is intentional, prefix it with an underscore: `_values`

warning: unused variable: `constraint`
   --> src\constraints\mod.rs:204:17
    |
204 |             for constraint in check_constraints {
    |                 ^^^^^^^^^^ help: if this is intentional, prefix it with an underscore: `_constraint`

warning: unused variable: `values`
   --> src\constraints\mod.rs:200:47
    |
200 |     pub fn validate_check(&self, table: &str, values: &HashMap<String, String>) -> Result<()> {
    |                                               ^^^^^^ help: if this is intentional, prefix it with an underscore: `_values`

warning: unused variable: `dimension`
   --> src\analytics\olap.rs:137:30
    |
137 |     pub fn drill_down(&self, dimension: &str) -> Result<OlapCube> {
    |                              ^^^^^^^^^ help: if this is intentional, prefix it with an underscore: `_dimension`

warning: unused variable: `dimension`
   --> src\analytics\olap.rs:149:27
    |
149 |     pub fn roll_up(&self, dimension: &str) -> Result<OlapCube> {
    |                           ^^^^^^^^^ help: if this is intentional, prefix it with an underscore: `_dimension`

warning: unused variable: `query`
   --> src\analytics\caching.rs:772:37
    |
772 |     fn cache_partial_results(&self, query: &str, result: &QueryResult) -> Result<()> {
    |                                     ^^^^^ help: if this is intentional, prefix it with an underscore: `_query`

warning: unused variable: `result`
   --> src\analytics\caching.rs:772:50
    |
772 |     fn cache_partial_results(&self, query: &str, result: &QueryResult) -> Result<()> {
    |                                                  ^^^^^^ help: if this is intentional, prefix it with an underscore: `_result`

warning: unused variable: `view`
   --> src\analytics\materialized_views.rs:275:32
    |
275 |     fn complete_refresh(&self, view: &MaterializedView) -> Result<RefreshResult> {
    |                                ^^^^ help: if this is intentional, prefix it with an underscore: `_view`

warning: unused variable: `query`
   --> src\analytics\materialized_views.rs:644:29
    |
644 |     fn apply_rewrite(&self, query: &str, view_name: &str) -> Result<String> {
    |                             ^^^^^ help: if this is intentional, prefix it with an underscore: `_query`

warning: unused variable: `spec`
   --> src\analytics\window.rs:475:9
    |
475 |         spec: &WindowSpec,
    |         ^^^^ help: if this is intentional, prefix it with an underscore: `_spec`

warning: unused variable: `value`
   --> src\analytics\cube.rs:441:9
    |
441 |         value: &str,
    |         ^^^^^ help: if this is intentional, prefix it with an underscore: `_value`

warning: unused variable: `secondary`
   --> src\analytics\warehouse.rs:553:56
    |
553 |             PartitioningStrategy::Composite { primary, secondary } => {
    |                                                        ^^^^^^^^^ help: try ignoring the field: `secondary: _`

warning: unused variable: `elapsed`
   --> src\inmemory\compression.rs:765:13
    |
765 |         let elapsed = start.elapsed();
    |             ^^^^^^^
    |
help: if this is intentional, prefix it with an underscore
    |
765 |         let _elapsed = start.elapsed();
    |             +
help: you might have meant to pattern match on the similarly named constant `WORKER_TIMEOUT`
    |
765 -         let elapsed = start.elapsed();
765 +         let rac::parallel_query::WORKER_TIMEOUT = start.elapsed();
    |

warning: unused variable: `remainder`
   --> src\inmemory\vectorized_ops.rs:177:13
    |
177 |         let remainder = values.len() % VECTOR_WIDTH_I64;
    |             ^^^^^^^^^
    |
help: if this is intentional, prefix it with an underscore
    |
177 |         let _remainder = values.len() % VECTOR_WIDTH_I64;
    |             +
help: you might have meant to pattern match on the similarly named constant `CACHE_LINE_SIZE`
    |
177 -         let remainder = values.len() % VECTOR_WIDTH_I64;
177 +         let concurrent::CACHE_LINE_SIZE = values.len() % VECTOR_WIDTH_I64;
    |

warning: unused variable: `profile`
   --> src\multitenancy\consolidation.rs:359:9
    |
359 |         profile: &WorkloadProfile,
    |         ^^^^^^^ help: if this is intentional, prefix it with an underscore: `_profile`

warning: unused variable: `vertex`
   --> src\graph\storage.rs:572:17
    |
572 |             let vertex = Vertex::with_properties(
    |                 ^^^^^^ help: if this is intentional, prefix it with an underscore: `_vertex`

warning: unused variable: `properties`
   --> src\graph\storage.rs:601:17
    |
601 |             let properties = csr.vertex_properties.get(idx)
    |                 ^^^^^^^^^^ help: if this is intentional, prefix it with an underscore: `_properties`

warning: variable does not need to be mutable
   --> src\procedures\parser\lexer.rs:100:9
    |
100 |     let mut chars: Vec<char> = source.chars().collect();
    |         ----^^^^^
    |         |
    |         help: remove this `mut`

warning: unused variable: `values`
   --> src\procedures\runtime.rs:574:49
    |
574 |             Statement::Insert { table, columns, values } => {
    |                                                 ^^^^^^ help: try ignoring the field: `values: _`

warning: unused variable: `assignments`
   --> src\procedures\runtime.rs:585:40
    |
585 |             Statement::Update { table, assignments, where_clause } => {
    |                                        ^^^^^^^^^^^ help: try ignoring the field: `assignments: _`

warning: unused variable: `arguments`
   --> src\procedures\runtime.rs:607:45
    |
607 |             Statement::OpenCursor { cursor, arguments } => {
    |                                             ^^^^^^^^^ help: try ignoring the field: `arguments: _`

warning: unused variable: `result`
   --> src\procedures\functions.rs:291:21
    |
291 |                 let result = self.runtime.execute(&func.initialize_body)?;
    |                     ^^^^^^ help: if this is intentional, prefix it with an underscore: `_result`

warning: unused variable: `result`
   --> src\procedures\functions.rs:312:21
    |
312 |                 let result = self.runtime.execute(&func.accumulate_body)?;
    |                     ^^^^^^ help: if this is intentional, prefix it with an underscore: `_result`

warning: unused variable: `state`
   --> src\procedures\functions.rs:304:9
    |
304 |         state: &mut AggregateState,
    |         ^^^^^ help: if this is intentional, prefix it with an underscore: `_state`

warning: unused variable: `value`
   --> src\procedures\functions.rs:305:9
    |
305 |         value: RuntimeValue,
    |         ^^^^^ help: if this is intentional, prefix it with an underscore: `_value`

warning: unused variable: `state`
   --> src\procedures\functions.rs:325:9
    |
325 |         state: &AggregateState,
    |         ^^^^^ help: if this is intentional, prefix it with an underscore: `_state`

warning: unused variable: `context`
   --> src\procedures\triggers.rs:116:38
    |
116 |     pub fn evaluate_condition(&self, context: &TriggerRowContext) -> Result<bool> {
    |                                      ^^^^^^^ help: if this is intentional, prefix it with an underscore: `_context`

warning: unused variable: `i`
   --> src\procedures\cursors.rs:257:13
    |
257 |         for i in self.lower_bound..=self.upper_bound {
    |             ^ help: if this is intentional, prefix it with an underscore: `_i`

warning: variable does not need to be mutable
   --> src\procedures\cursors.rs:255:13
    |
255 |         let mut exceptions = Vec::new();
    |             ----^^^^^^^^^^
    |             |
    |             help: remove this `mut`

warning: unused variable: `columns`
   --> src\procedures\compiler.rs:276:37
    |
276 |             Statement::SelectInto { columns, into_vars, from, where_clause } => {
    |                                     ^^^^^^^ help: try ignoring the field: `columns: _`

warning: unused variable: `symbol_table`
   --> src\procedures\compiler.rs:384:13
    |
384 |         let symbol_table = self.symbol_table.read();
    |             ^^^^^^^^^^^^ help: if this is intentional, prefix it with an underscore: `_symbol_table`

warning: unused variable: `init_val`
   --> src\procedures\compiler.rs:390:29
    |
390 |             if let Some(ref init_val) = decl.initial_value {
    |                             ^^^^^^^^ help: if this is intentional, prefix it with an underscore: `_init_val`

warning: unused variable: `result`
   --> src\procedures\compiler.rs:383:47
    |
383 |     fn check_types(&self, block: &PlSqlBlock, result: &mut CompilationResult) -> Result<()> {
    |                                               ^^^^^^ help: if this is intentional, prefix it with an underscore: `_result`

warning: unused variable: `block`
   --> src\procedures\compiler.rs:400:36
    |
400 |     fn analyze_dependencies(&self, block: &PlSqlBlock, result: &mut CompilationResult) -> Result<()> {
    |                                    ^^^^^ help: if this is intentional, prefix it with an underscore: `_block`

warning: unused variable: `procedure`
   --> src\procedures\mod.rs:153:9
    |
153 |         procedure: &StoredProcedure,
    |         ^^^^^^^^^ help: if this is intentional, prefix it with an underscore: `_procedure`

warning: unused variable: `condition`
   --> src\triggers\mod.rs:127:34
    |
127 |     fn evaluate_condition(&self, condition: &str, _context: &TriggerContext) -> Result<bool> {
    |                                  ^^^^^^^^^ help: if this is intentional, prefix it with an underscore: `_condition`

warning: unused variable: `action`
   --> src\triggers\mod.rs:134:30
    |
134 |     fn execute_action(&self, action: &str, _context: &TriggerContext) -> Result<()> {
    |                              ^^^^^^ help: if this is intentional, prefix it with an underscore: `_action`

warning: variable does not need to be mutable
   --> src\replication\snapshots\manager_impl.rs:193:25
    |
193 |             if let Some(mut metadata) = cache.get_mut(snapshot_id) {
    |                         ----^^^^^^^^
    |                         |
    |                         help: remove this `mut`

warning: unused variable: `replica_id`
   --> src\replication\monitor\monitor.rs:112:42
    |
112 |     pub(crate) fn collect_metrics(&self, replica_id: &ReplicaId) -> Result<HealthMetrics, HealthMonitorError> {
    |                                          ^^^^^^^^^^ help: if this is intentional, prefix it with an underscore: `_replica_id`

warning: unused variable: `op`
   --> src\advanced_replication\multi_master.rs:371:42
    |
371 |     fn find_conflicting_operation(&self, op: &ReplicationOp) -> Option<ReplicationOp> {
    |                                          ^^ help: if this is intentional, prefix it with an underscore: `_op`

warning: unused variable: `weights`
   --> src\advanced_replication\gds.rs:511:9
    |
511 |         weights: &HashMap<String, u32>,
    |         ^^^^^^^ help: if this is intentional, prefix it with an underscore: `_weights`

warning: unused variable: `node_id`
   --> src\clustering\transactions.rs:169:13
    |
169 |         for node_id in &participants {
    |             ^^^^^^^ help: if this is intentional, prefix it with an underscore: `_node_id`

warning: unused variable: `node_id`
   --> src\clustering\transactions.rs:207:13
    |
207 |         for node_id in &participants {
    |             ^^^^^^^ help: if this is intentional, prefix it with an underscore: `_node_id`

warning: unused variable: `snapshot_data`
   --> src\clustering\raft.rs:810:9
    |
810 |         snapshot_data: Vec<u8>,
    |         ^^^^^^^^^^^^^ help: if this is intentional, prefix it with an underscore: `_snapshot_data`

warning: unused variable: `node_id`
   --> src\clustering\dht.rs:312:13
    |
312 |         let node_id = metadata.id.clone();
    |             ^^^^^^^ help: if this is intentional, prefix it with an underscore: `_node_id`

warning: unused variable: `benchmark`
    --> src\performance\mod.rs:1860:13
     |
1860 |         let benchmark = benchmarks.get(benchmark_id)
     |             ^^^^^^^^^ help: if this is intentional, prefix it with an underscore: `_benchmark`

error: future cannot be sent between threads safely
   --> src\orchestration\actor.rs:382:27
    |
382 |           let join_handle = tokio::spawn(async move {
    |  ___________________________^
383 | |             let mut shutdown_rx = {
384 | |                 let guard = system.shutdown_tx.lock().unwrap();
385 | |                 guard.as_ref().map(|tx| tx.subscribe())
...   |
450 | |             system.unregister_actor(id).await;
451 | |         });
    | |__________^ future created by async block is not `Send`
    |
    = help: within `{async block@src\orchestration\actor.rs:382:40: 382:50}`, the trait `std::marker::Send` is not implemented for `std::sync::MutexGuard<'_, SupervisorConfig>`
note: future is not `Send` as this value is used across an await
   --> src\orchestration\actor.rs:526:61
    |
519 |         let config = self.supervisor_config.lock().unwrap();
    |             ------ has type `std::sync::MutexGuard<'_, SupervisorConfig>` which is not `Send`
...
526 |                 if let Some(actor_ref) = self.get_actor(id).await {
    |                                                             ^^^^^ await occurs here, with `config` maybe used later
note: required by a bound in `tokio::spawn`
   --> C:\Users\JustinSaadein\.cargo\registry\src\index.crates.io-1949cf8c6b5b557f\tokio-1.48.0\src\task\spawn.rs:171:21
    |
169 |     pub fn spawn<F>(future: F) -> JoinHandle<F::Output>
    |            ----- required by a bound in this function
170 |     where
171 |         F: Future + Send + 'static,
    |                     ^^^^ required by this bound in `spawn`

warning: variable does not need to be mutable
   --> src\orchestration\registry.rs:428:13
    |
428 |         let mut errors: Vec<String> = Vec::new();
    |             ----^^^^^^
    |             |
    |             help: remove this `mut`

warning: unused variable: `events`
   --> src\streams\integration.rs:447:50
    |
447 |     fn handle_command(&self, _command: &Command, events: &[DomainEvent]) -> Result<Vec<DomainEvent>> {
    |                                                  ^^^^^^ help: if this is intentional, prefix it with an underscore: `_events`

warning: unused variable: `payload`
   --> src\streams\integration.rs:550:13
    |
550 |         let payload = serde_json::to_string(event)
    |             ^^^^^^^ help: if this is intentional, prefix it with an underscore: `_payload`

warning: unused variable: `old_schema`
   --> src\streams\integration.rs:710:55
    |
710 |     fn is_compatible(&self, new_schema: &EventSchema, old_schema: &EventSchema) -> bool {
    |                                                       ^^^^^^^^^^ help: if this is intentional, prefix it with an underscore: `_old_schema`

warning: unused variable: `timestamp`
   --> src\event_processing\analytics.rs:377:18
    |
377 |         for (i, (timestamp, value)) in self.history.iter().enumerate() {
    |                  ^^^^^^^^^ help: if this is intentional, prefix it with an underscore: `_timestamp`

warning: variable does not need to be mutable
   --> src\event_processing\streams.rs:490:29
    |
490 |                 if let Some(mut events) = self.events.remove(&oldest_time) {
    |                             ----^^^^^^
    |                             |
    |                             help: remove this `mut`

warning: unused variable: `interval`
   --> src\event_processing\streams.rs:640:41
    |
640 |             WatermarkStrategy::Periodic(interval) => {
    |                                         ^^^^^^^^
    |
help: if this is intentional, prefix it with an underscore
    |
640 |             WatermarkStrategy::Periodic(_interval) => {
    |                                         +
help: you might have meant to pattern match on the similarly named constant `WORKER_TIMEOUT`
    |
640 -             WatermarkStrategy::Periodic(interval) => {
640 +             WatermarkStrategy::Periodic(rac::parallel_query::WORKER_TIMEOUT) => {
    |

warning: unused variable: `timeout`
    --> src\event_processing\streams.rs:1033:24
     |
1033 |     pub fn poll(&self, timeout: Duration) -> Result<Vec<EventBatch>> {
     |                        ^^^^^^^
     |
help: if this is intentional, prefix it with an underscore
     |
1033 |     pub fn poll(&self, _timeout: Duration) -> Result<Vec<EventBatch>> {
     |                        +
help: you might have meant to pattern match on the similarly named constant `WORKER_TIMEOUT`
     |
1033 -     pub fn poll(&self, timeout: Duration) -> Result<Vec<EventBatch>> {
1033 +     pub fn poll(&self, rac::parallel_query::WORKER_TIMEOUT: Duration) -> Result<Vec<EventBatch>> {
     |

warning: unused variable: `window_id`
   --> src\event_processing\windows.rs:159:33
    |
159 |     fn window_start_time(&self, window_id: WindowId, event_time: SystemTime) -> SystemTime {
    |                                 ^^^^^^^^^ help: if this is intentional, prefix it with an underscore: `_window_id`

warning: unused variable: `pane_id`
   --> src\event_processing\windows.rs:911:15
    |
911 |         for (&pane_id, pane) in self.panes.range(start_pane_id..=end_pane_id) {
    |               ^^^^^^^
    |
help: if this is intentional, prefix it with an underscore
    |
911 |         for (&_pane_id, pane) in self.panes.range(start_pane_id..=end_pane_id) {
    |               +
help: you might have meant to pattern match on the similarly named constant `PRIME2`
    |
911 -         for (&pane_id, pane) in self.panes.range(start_pane_id..=end_pane_id) {
911 +         for (&simd::hash::wyhash::PRIME2, pane) in self.panes.range(start_pane_id..=end_pane_id) {
    |

warning: unused variable: `hyperparameters`
   --> src\ml\sql_integration.rs:454:13
    |
454 |         let hyperparameters = stmt.get_hyperparameters();
    |             ^^^^^^^^^^^^^^^ help: if this is intentional, prefix it with an underscore: `_hyperparameters`

warning: unused variable: `dim`
   --> src\autonomous\workload_ml.rs:154:55
    |
154 |     fn initialize_centroids(&self, data: &[Vec<f64>], dim: usize) -> Vec<Vec<f64>> {
    |                                                       ^^^
    |
help: if this is intentional, prefix it with an underscore
    |
154 |     fn initialize_centroids(&self, data: &[Vec<f64>], _dim: usize) -> Vec<Vec<f64>> {
    |                                                       +
help: you might have meant to pattern match on the similarly named constant `CACHE_LINE_SIZE`
    |
154 -     fn initialize_centroids(&self, data: &[Vec<f64>], dim: usize) -> Vec<Vec<f64>> {
154 +     fn initialize_centroids(&self, data: &[Vec<f64>], concurrent::CACHE_LINE_SIZE: usize) -> Vec<Vec<f64>> {
    |

warning: unused variable: `sum_y2`
   --> src\autonomous\workload_ml.rs:596:13
    |
596 |         let sum_y2: f64 = points.iter().map(|(_, y)| y * y).sum();
    |             ^^^^^^
    |
help: if this is intentional, prefix it with an underscore
    |
596 |         let _sum_y2: f64 = points.iter().map(|(_, y)| y * y).sum();
    |             +
help: you might have meant to pattern match on the similarly named constant `EARTH_RADIUS_METERS`
    |
596 -         let sum_y2: f64 = points.iter().map(|(_, y)| y * y).sum();
596 +         let document_store::qbe::GeoQuery::haversine_distance::EARTH_RADIUS_METERS: f64 = points.iter().map(|(_, y)| y * y).sum();
    |

warning: unused variable: `key`
   --> src\autonomous\auto_indexing.rs:200:14
    |
200 |         for (key, pattern) in patterns.iter() {
    |              ^^^ help: if this is intentional, prefix it with an underscore: `_key`

warning: unused variable: `maintenance_window_start`
   --> src\autonomous\auto_indexing.rs:530:37
    |
530 |     pub fn optimize_schedule(&self, maintenance_window_start: u8, maintenance_window_end: u8) {
    |                                     ^^^^^^^^^^^^^^^^^^^^^^^^
    |
help: if this is intentional, prefix it with an underscore
    |
530 |     pub fn optimize_schedule(&self, _maintenance_window_start: u8, maintenance_window_end: u8) {
    |                                     +
help: you might have meant to pattern match on the similarly named constant `POISON_PATTERN`
    |
530 -     pub fn optimize_schedule(&self, maintenance_window_start: u8, maintenance_window_end: u8) {
530 +     pub fn optimize_schedule(&self, security::memory_hardening::POISON_PATTERN: u8, maintenance_window_end: u8) {
    |

warning: unused variable: `maintenance_window_end`
   --> src\autonomous\auto_indexing.rs:530:67
    |
530 |     pub fn optimize_schedule(&self, maintenance_window_start: u8, maintenance_window_end: u8) {
    |                                                                   ^^^^^^^^^^^^^^^^^^^^^^
    |
help: if this is intentional, prefix it with an underscore
    |
530 |     pub fn optimize_schedule(&self, maintenance_window_start: u8, _maintenance_window_end: u8) {
    |                                                                   +
help: you might have meant to pattern match on the similarly named constant `POISON_PATTERN`
    |
530 -     pub fn optimize_schedule(&self, maintenance_window_start: u8, maintenance_window_end: u8) {
530 +     pub fn optimize_schedule(&self, maintenance_window_start: u8, security::memory_hardening::POISON_PATTERN: u8) {
    |

warning: unused variable: `end_hour`
   --> src\autonomous\predictive.rs:441:17
    |
441 |             let end_hour = (start_hour + duration_hours as u8) % 24;
    |                 ^^^^^^^^
    |
help: if this is intentional, prefix it with an underscore
    |
441 |             let _end_hour = (start_hour + duration_hours as u8) % 24;
    |                 +
help: you might have meant to pattern match on the similarly named constant `POISON_PATTERN`
    |
441 -             let end_hour = (start_hour + duration_hours as u8) % 24;
441 +             let security::memory_hardening::POISON_PATTERN = (start_hour + duration_hours as u8) % 24;
    |

warning: variable does not need to be mutable
   --> src\autonomous\mod.rs:120:13
    |
120 |         let mut auto_tuner = AutoTuner::new(config.tuning_aggressiveness);
    |             ----^^^^^^^^^^
    |             |
    |             help: remove this `mut`

warning: variable does not need to be mutable
   --> src\autonomous\mod.rs:121:13
    |
121 |         let mut healing_engine = SelfHealingEngine::new();
    |             ----^^^^^^^^^^^^^^
    |             |
    |             help: remove this `mut`

warning: variable does not need to be mutable
   --> src\autonomous\mod.rs:123:13
    |
123 |         let mut auto_indexing = AutoIndexingEngine::new();
    |             ----^^^^^^^^^^^^^
    |             |
    |             help: remove this `mut`

warning: value assigned to `public_key` is never read
   --> src\blockchain\crypto.rs:474:17
    |
474 |         let mut public_key = [0u8; 32];
    |                 ^^^^^^^^^^
    |
    = help: maybe it is overwritten before being read?

warning: unused variable: `public_key`
   --> src\blockchain\crypto.rs:512:25
    |
512 | pub fn verify_signature(public_key: &PublicKey, message: &[u8], signature: &Signature) -> bool {
    |                         ^^^^^^^^^^ help: if this is intentional, prefix it with an underscore: `_public_key`

warning: unused variable: `rng`
   --> src\blockchain\crypto.rs:743:13
    |
743 |     let mut rng = thread_rng();
    |             ^^^ help: if this is intentional, prefix it with an underscore: `_rng`

warning: variable does not need to be mutable
   --> src\blockchain\crypto.rs:743:9
    |
743 |     let mut rng = thread_rng();
    |         ----^^^
    |         |
    |         help: remove this `mut`

warning: unused variable: `sql_text`
   --> src\workload\sql_tuning.rs:610:31
    |
610 |     fn recommend_index(&self, sql_text: &str, rec_id: u32) -> Result<TuningRecommendation> {
    |                               ^^^^^^^^ help: if this is intentional, prefix it with an underscore: `_sql_text`

warning: unused variable: `start_time`
   --> src\workload\performance_hub.rs:635:43
    |
635 |     pub fn get_wait_event_analysis(&self, start_time: SystemTime, end_time: SystemTime) -> Vec<WaitEventMetrics> {
    |                                           ^^^^^^^^^^ help: if this is intentional, prefix it with an underscore: `_start_time`

warning: unused variable: `end_time`
   --> src\workload\performance_hub.rs:635:67
    |
635 |     pub fn get_wait_event_analysis(&self, start_time: SystemTime, end_time: SystemTime) -> Vec<WaitEventMetrics> {
    |                                                                   ^^^^^^^^ help: if this is intentional, prefix it with an underscore: `_end_time`

warning: unused variable: `start_time`
   --> src\workload\performance_hub.rs:641:35
    |
641 |     pub fn get_io_analysis(&self, start_time: SystemTime, end_time: SystemTime) -> Vec<FileIoStats> {
    |                                   ^^^^^^^^^^ help: if this is intentional, prefix it with an underscore: `_start_time`

warning: unused variable: `end_time`
   --> src\workload\performance_hub.rs:641:59
    |
641 |     pub fn get_io_analysis(&self, start_time: SystemTime, end_time: SystemTime) -> Vec<FileIoStats> {
    |                                                           ^^^^^^^^ help: if this is intentional, prefix it with an underscore: `_end_time`

warning: value assigned to `finding_id` is never read
   --> src\workload\advisor.rs:475:13
    |
475 |             finding_id += sql_findings.len() as u32;
    |             ^^^^^^^^^^
    |
    = help: maybe it is overwritten before being read?

warning: unused variable: `analysis_id`
   --> src\workload\advisor.rs:352:35
    |
352 |     fn analyze_performance(&self, analysis_id: AnalysisId) -> Result<Vec<Finding>> {
    |                                   ^^^^^^^^^^^
    |
help: if this is intentional, prefix it with an underscore
    |
352 |     fn analyze_performance(&self, _analysis_id: AnalysisId) -> Result<Vec<Finding>> {
    |                                   +
help: you might have meant to pattern match on the similarly named constant `PRIME2`
    |
352 -     fn analyze_performance(&self, analysis_id: AnalysisId) -> Result<Vec<Finding>> {
352 +     fn analyze_performance(&self, simd::hash::wyhash::PRIME2: AnalysisId) -> Result<Vec<Finding>> {
    |

warning: unused variable: `seed_coord`
   --> src\spatial\analysis.rs:174:9
    |
174 |         seed_coord: Coordinate,
    |         ^^^^^^^^^^ help: if this is intentional, prefix it with an underscore: `_seed_coord`

warning: unused variable: `coord`
   --> src\spatial\analysis.rs:731:22
    |
731 |         for (i, (id, coord, _)) in self.points.iter().enumerate() {
    |                      ^^^^^ help: if this is intentional, prefix it with an underscore: `_coord`

warning: unused variable: `p0`
   --> src\spatial\operators.rs:260:27
    |
260 |     fn polygon_intersects(p0: &Polygon, p1: &Polygon) -> bool {
    |                           ^^ help: if this is intentional, prefix it with an underscore: `_p0`

warning: unused variable: `p1`
   --> src\spatial\operators.rs:260:41
    |
260 |     fn polygon_intersects(p0: &Polygon, p1: &Polygon) -> bool {
    |                                         ^^ help: if this is intentional, prefix it with an underscore: `_p1`

warning: unused variable: `p0`
   --> src\spatial\operators.rs:264:30
    |
264 |     fn linestring_intersects(p0: &LineString, p1: &LineString) -> bool {
    |                              ^^ help: if this is intentional, prefix it with an underscore: `_p0`

warning: unused variable: `p1`
   --> src\spatial\operators.rs:264:47
    |
264 |     fn linestring_intersects(p0: &LineString, p1: &LineString) -> bool {
    |                                               ^^ help: if this is intentional, prefix it with an underscore: `_p1`

warning: unused variable: `p0`
   --> src\spatial\operators.rs:353:31
    |
353 |     fn point_polygon_distance(p0: &Coordinate, p1: &Polygon) -> f64 {
    |                               ^^ help: if this is intentional, prefix it with an underscore: `_p0`

warning: unused variable: `p1`
   --> src\spatial\operators.rs:353:48
    |
353 |     fn point_polygon_distance(p0: &Coordinate, p1: &Polygon) -> f64 {
    |                                                ^^ help: if this is intentional, prefix it with an underscore: `_p1`

warning: unused variable: `p0`
   --> src\spatial\operators.rs:357:34
    |
357 |     fn point_linestring_distance(p0: &Coordinate, p1: &LineString) -> f64 {
    |                                  ^^ help: if this is intentional, prefix it with an underscore: `_p0`

warning: unused variable: `p1`
   --> src\spatial\operators.rs:357:51
    |
357 |     fn point_linestring_distance(p0: &Coordinate, p1: &LineString) -> f64 {
    |                                                   ^^ help: if this is intentional, prefix it with an underscore: `_p1`

warning: unused variable: `p0`
   --> src\spatial\operators.rs:361:23
    |
361 |     fn point_distance(p0: &Coordinate, p1: &Coordinate) -> f64 {
    |                       ^^ help: if this is intentional, prefix it with an underscore: `_p0`

warning: unused variable: `p1`
   --> src\spatial\operators.rs:361:40
    |
361 |     fn point_distance(p0: &Coordinate, p1: &Coordinate) -> f64 {
    |                                        ^^ help: if this is intentional, prefix it with an underscore: `_p1`

warning: value assigned to `cos_sq_alpha` is never read
   --> src\spatial\srs.rs:434:17
    |
434 |         let mut cos_sq_alpha = 0.0;
    |                 ^^^^^^^^^^^^
    |
    = help: maybe it is overwritten before being read?

warning: value assigned to `sin_sigma` is never read
   --> src\spatial\srs.rs:435:17
    |
435 |         let mut sin_sigma = 0.0;
    |                 ^^^^^^^^^
    |
    = help: maybe it is overwritten before being read?

warning: value assigned to `cos_sigma` is never read
   --> src\spatial\srs.rs:436:17
    |
436 |         let mut cos_sigma = 1.0;
    |                 ^^^^^^^^^
    |
    = help: maybe it is overwritten before being read?

warning: value assigned to `sigma` is never read
   --> src\spatial\srs.rs:437:17
    |
437 |         let mut sigma = 0.0;
    |                 ^^^^^
    |
    = help: maybe it is overwritten before being read?

warning: value assigned to `cos_2_sigma_m` is never read
   --> src\spatial\srs.rs:438:17
    |
438 |         let mut cos_2_sigma_m = 0.0;
    |                 ^^^^^^^^^^^^^
    |
    = help: maybe it is overwritten before being read?

warning: variable does not need to be mutable
   --> src\document_store\aggregation.rs:241:34
    |
241 |             if let Value::Object(mut obj) = doc.clone() {
    |                                  ----^^^
    |                                  |
    |                                  help: remove this `mut`

warning: unused variable: `index_stats`
   --> src\optimizer_pro\cost_model.rs:301:17
    |
301 |             let index_stats = self.get_index_stats(*index_id)?;
    |                 ^^^^^^^^^^^ help: if this is intentional, prefix it with an underscore: `_index_stats`

warning: unused variable: `condition`
   --> src\optimizer_pro\cost_model.rs:905:13
    |
905 |         for condition in key_conditions {
    |             ^^^^^^^^^ help: if this is intentional, prefix it with an underscore: `_condition`

warning: unused variable: `query`
   --> src\optimizer_pro\plan_generator.rs:627:27
    |
627 |     fn parse_query(&self, query: &Query) -> Result<LogicalPlan> {
    |                           ^^^^^ help: if this is intentional, prefix it with an underscore: `_query`

warning: unused variable: `left_rows`
   --> src\optimizer_pro\adaptive.rs:250:13
    |
250 |         let left_rows = self.execute_with_monitoring(left, execution_id, &mut vec![])?;
    |             ^^^^^^^^^ help: if this is intentional, prefix it with an underscore: `_left_rows`

warning: unused variable: `left_rows`
   --> src\optimizer_pro\adaptive.rs:273:13
    |
273 |         let left_rows = self.execute_with_monitoring(left, execution_id, &mut vec![])?;
    |             ^^^^^^^^^ help: if this is intentional, prefix it with an underscore: `_left_rows`

warning: unused variable: `query`
   --> src\optimizer_pro\transformations.rs:450:36
    |
450 |     pub fn build_join_graph(&self, query: &Query) -> Result<()> {
    |                                    ^^^^^ help: if this is intentional, prefix it with an underscore: `_query`

warning: unused variable: `start_hour`
   --> src\resource_manager\consumer_groups.rs:235:40
    |
235 |             RuleCondition::TimeOfDay { start_hour, end_hour } => {
    |                                        ^^^^^^^^^^ help: try ignoring the field: `start_hour: _`

warning: unused variable: `end_hour`
   --> src\resource_manager\consumer_groups.rs:235:52
    |
235 |             RuleCondition::TimeOfDay { start_hour, end_hour } => {
    |                                                    ^^^^^^^^ help: try ignoring the field: `end_hour: _`

warning: unused variable: `now`
   --> src\resource_manager\consumer_groups.rs:236:21
    |
236 |                 let now = SystemTime::now();
    |                     ^^^ help: if this is intentional, prefix it with an underscore: `_now`

warning: unused variable: `days`
   --> src\resource_manager\consumer_groups.rs:240:38
    |
240 |             RuleCondition::DayOfWeek(days) => {
    |                                      ^^^^ help: if this is intentional, prefix it with an underscore: `_days`

warning: unused variable: `estimated_rows`
   --> src\resource_manager\parallel_control.rs:205:9
    |
205 |         estimated_rows: Option<u64>,
    |         ^^^^^^^^^^^^^^ help: if this is intentional, prefix it with an underscore: `_estimated_rows`

warning: unused variable: `reason`
   --> src\resource_manager\session_control.rs:514:60
    |
514 |     pub fn terminate_session(&self, session_id: SessionId, reason: &str) -> Result<()> {
    |                                                            ^^^^^^ help: if this is intentional, prefix it with an underscore: `_reason`

warning: unused variable: `expiry`
   --> src\pool\session\auth.rs:314:9
    |
314 |     let expiry = SystemTime::now() + validity;
    |         ^^^^^^ help: if this is intentional, prefix it with an underscore: `_expiry`

warning: unused variable: `size`
   --> src\io\buffer_pool.rs:417:43
    |
417 |     fn return_buffer(&self, ptr: *mut u8, size: usize, _layout: Layout) {
    |                                           ^^^^
    |
help: if this is intentional, prefix it with an underscore
    |
417 |     fn return_buffer(&self, ptr: *mut u8, _size: usize, _layout: Layout) {
    |                                           +
help: you might have meant to pattern match on the similarly named constant `CACHE_LINE_SIZE`
    |
417 -     fn return_buffer(&self, ptr: *mut u8, size: usize, _layout: Layout) {
417 +     fn return_buffer(&self, ptr: *mut u8, concurrent::CACHE_LINE_SIZE: usize, _layout: Layout) {
    |

warning: unused variable: `offset`
   --> src\io\windows_iocp.rs:430:21
    |
430 |                 let offset = overlapped_ptr as usize - overlapped_ptr as usize;
    |                     ^^^^^^
    |
help: if this is intentional, prefix it with an underscore
    |
430 |                 let _offset = overlapped_ptr as usize - overlapped_ptr as usize;
    |                     +
help: you might have meant to pattern match on the similarly named constant `CACHE_LINE_SIZE`
    |
430 -                 let offset = overlapped_ptr as usize - overlapped_ptr as usize;
430 +                 let concurrent::CACHE_LINE_SIZE = overlapped_ptr as usize - overlapped_ptr as usize;
    |

warning: unused variable: `guard`
  --> src\concurrent\queue.rs:91:13
   |
91 |         let guard = Epoch::pin();
   |             ^^^^^ help: if this is intentional, prefix it with an underscore: `_guard`

warning: unnecessary `unsafe` block
   --> src\concurrent\queue.rs:116:24
    |
116 |             let next = unsafe { tail.as_ref().unwrap().next.load(Ordering::Acquire, &guard) };
    |                        ^^^^^^ unnecessary `unsafe` block
    |
    = note: `#[warn(unused_unsafe)]` (part of `#[warn(unused)]`) on by default

warning: unnecessary `unsafe` block
   --> src\concurrent\queue.rs:127:23
    |
127 |                 match unsafe {
    |                       ^^^^^^ unnecessary `unsafe` block

warning: unnecessary `unsafe` block
   --> src\concurrent\queue.rs:189:24
    |
189 |             let next = unsafe { head.as_ref().unwrap().next.load(Ordering::Acquire, &guard) };
    |                        ^^^^^^ unnecessary `unsafe` block

warning: unnecessary `unsafe` block
   --> src\concurrent\queue.rs:265:24
    |
265 |             let next = unsafe { head.as_ref().unwrap().next.load(Ordering::Acquire, &guard) };
    |                        ^^^^^^ unnecessary `unsafe` block

warning: unnecessary `unsafe` block
   --> src\concurrent\queue.rs:277:28
    |
277 |             let next_ref = unsafe { next.as_ref().unwrap() };
    |                            ^^^^^^ unnecessary `unsafe` block

warning: unnecessary `unsafe` block
   --> src\concurrent\queue.rs:286:20
    |
286 |         let next = unsafe { head.as_ref().unwrap().next.load(Ordering::Acquire, &guard) };
    |                    ^^^^^^ unnecessary `unsafe` block

warning: unnecessary `unsafe` block
  --> src\concurrent\stack.rs:96:13
   |
96 |             unsafe {
   |             ^^^^^^ unnecessary `unsafe` block

warning: unnecessary `unsafe` block
   --> src\concurrent\stack.rs:142:24
    |
142 |             let next = unsafe { head.as_ref().unwrap().next.load(Ordering::Acquire, &guard) };
    |                        ^^^^^^ unnecessary `unsafe` block

warning: unnecessary `unsafe` block
   --> src\concurrent\stack.rs:184:18
    |
184 |             Some(unsafe { &head.as_ref().unwrap().data })
    |                  ^^^^^^ unnecessary `unsafe` block

warning: unnecessary `unsafe` block
   --> src\concurrent\stack.rs:227:17
    |
227 |                 unsafe {
    |                 ^^^^^^ unnecessary `unsafe` block

warning: unnecessary `unsafe` block
   --> src\concurrent\stack.rs:242:24
    |
242 |             let next = unsafe { chain_tail.as_ref().unwrap().next.load(Ordering::Relaxed, &guard) };
    |                        ^^^^^^ unnecessary `unsafe` block

warning: unnecessary `unsafe` block
   --> src\concurrent\stack.rs:254:13
    |
254 |             unsafe {
    |             ^^^^^^ unnecessary `unsafe` block

warning: unused variable: `guard`
   --> src\concurrent\stack.rs:421:25
    |
421 |                     let guard = Epoch::pin();
    |                         ^^^^^ help: if this is intentional, prefix it with an underscore: `_guard`

warning: unused variable: `value`
   --> src\bench\mod.rs:578:20
    |
578 |         for (_key, value) in btree.range(start_key..end_key) {
    |                    ^^^^^ help: if this is intentional, prefix it with an underscore: `_value`

warning: unused variable: `headers`
   --> src\api\rest\middleware.rs:127:34
    |
127 |     async fn extract_user(&self, headers: &HeaderMap) -> Result<Option<UserInfo>, DbError> {
    |                                  ^^^^^^^ help: if this is intentional, prefix it with an underscore: `_headers`

warning: unused variable: `field`
  --> src\api\graphql\complexity.rs:79:42
   |
79 |     fn calculate_field_complexity(&self, field: &async_graphql::parser::types::Field) -> usize {
   |                                          ^^^^^ help: if this is intentional, prefix it with an underscore: `_field`

warning: unused variable: `elapsed`
   --> src\api\graphql\complexity.rs:412:13
    |
412 |         let elapsed = start.elapsed();
    |             ^^^^^^^
    |
help: if this is intentional, prefix it with an underscore
    |
412 |         let _elapsed = start.elapsed();
    |             +
help: you might have meant to pattern match on the similarly named constant `WORKER_TIMEOUT`
    |
412 -         let elapsed = start.elapsed();
412 +         let rac::parallel_query::WORKER_TIMEOUT = start.elapsed();
    |

warning: unused variable: `header`
   --> src\api\gateway\auth.rs:409:13
    |
409 |         let header: serde_json::Value = serde_json::from_slice(&header_data)
    |             ^^^^^^ help: if this is intentional, prefix it with an underscore: `_header`

warning: unused variable: `message`
   --> src\api\gateway\auth.rs:432:32
    |
432 |     fn verify_signature(&self, message: &str, signature: &[u8]) -> Result<(), DbError> {
    |                                ^^^^^^^ help: if this is intentional, prefix it with an underscore: `_message`

warning: unused variable: `cert`
   --> src\api\gateway\auth.rs:580:40
    |
580 |     pub fn validate_certificate(&self, cert: &[u8]) -> Result<bool, DbError> {
    |                                        ^^^^ help: if this is intentional, prefix it with an underscore: `_cert`

warning: unused variable: `user_id`
   --> src\api\gateway\auth.rs:608:31
    |
608 |     pub fn verify_totp(&self, user_id: &str, code: &str) -> bool {
    |                               ^^^^^^^ help: if this is intentional, prefix it with an underscore: `_user_id`

warning: unused variable: `code`
   --> src\api\gateway\auth.rs:608:46
    |
608 |     pub fn verify_totp(&self, user_id: &str, code: &str) -> bool {
    |                                              ^^^^ help: if this is intentional, prefix it with an underscore: `_code`

warning: unused variable: `action`
   --> src\api\gateway\authz.rs:268:59
    |
268 |     pub fn evaluate(&self, subject: &str, resource: &str, action: &str, conditions: &[PolicyCondition]) -> bool {
    |                                                           ^^^^^^ help: if this is intentional, prefix it with an underscore: `_action`

warning: unused variable: `option`
   --> src\api\enterprise\api_facade.rs:338:47
    |
338 |     pub fn check_rate_limit(&self, key: &str, option: Option<&RateLimitConfig>) -> Result<(), DbError> {
    |                                               ^^^^^^ help: if this is intentional, prefix it with an underscore: `_option`

Some errors have detailed explanations: E0034, E0038, E0063, E0204, E0271, E0277, E0282, E0308, E0367...
For more information about an error, try `rustc --explain E0034`.
warning: `rusty-db` (lib) generated 674 warnings
error: could not compile `rusty-db` (lib) due to 78 previous errors; 674 warnings emitted
